0: 
0: Lmod is automatically replacing "cce/20.0.0" with "rocmcc/7.2.1-magic".
0: 
0: 
0: Due to MODULEPATH changes, the following have been reloaded:
0:   1) cray-libsci/25.09.0
0: 
0: The following have been reloaded with a version change:
0:   1) cray-mpich/9.0.1 => cray-mpich/9.1.0
0: 
0: jobid: f2WKNhew
0: 0.109s: flux-shell[2]: mpibind: 
0: mpibind: task   0 nths 21 gpus 0 cpus 1-7,9-15,17-23
0: mpibind: task   1 nths 21 gpus 1 cpus 25-31,33-39,41-47
0: mpibind: task   2 nths 21 gpus 2 cpus 49-55,57-63,65-71
0: mpibind: task   3 nths 21 gpus 3 cpus 73-79,81-87,89-95
0: 0.109s: flux-shell[3]: mpibind: 
0: mpibind: task   0 nths 21 gpus 0 cpus 1-7,9-15,17-23
0: mpibind: task   1 nths 21 gpus 1 cpus 25-31,33-39,41-47
0: mpibind: task   2 nths 21 gpus 2 cpus 49-55,57-63,65-71
0: mpibind: task   3 nths 21 gpus 3 cpus 73-79,81-87,89-95
0: 0.107s: flux-shell[1]: mpibind: 
0: mpibind: task   0 nths 21 gpus 0 cpus 1-7,9-15,17-23
0: mpibind: task   1 nths 21 gpus 1 cpus 25-31,33-39,41-47
0: mpibind: task   2 nths 21 gpus 2 cpus 49-55,57-63,65-71
0: mpibind: task   3 nths 21 gpus 3 cpus 73-79,81-87,89-95
0: 0.098s: flux-shell[0]: mpibind: 
0: mpibind: task   0 nths 21 gpus 0 cpus 1-7,9-15,17-23
0: mpibind: task   1 nths 21 gpus 1 cpus 25-31,33-39,41-47
0: mpibind: task   2 nths 21 gpus 2 cpus 49-55,57-63,65-71
0: mpibind: task   3 nths 21 gpus 3 cpus 73-79,81-87,89-95
