0: Testing Size 1
0: PMPI Allreduce Time: 1.999864e-05
0: MPIL GPU-Aware Recursive Doubling Time: 1.958809e-05
0: MPIL GPU-Aware Node-Aware Dissemination Time: 4.500751e-05
0: MPIL GPU-Aware NUMA-Aware Dissemination Time: 5.948353e-05
0: CopyToCPU PMPI Allreduce Time: 1.952075e-05
0: MPIL CopyToCPU Recursive Doubling Time: 2.017031e-05
0: MPIL CopyToCPU Node-Aware Dissemination Time: 2.510793e-05
0: MPIL CopyToCPU NUMA-Aware Dissemination Time: 2.094176e-05
0: MPIL CopyToCPU RADIX-3 Dissemination Time: 2.490803e-05
0: MPIL CopyToCPU RADIX-4 Dissemination Time: 1.778771e-05
0: MPIL CopyToCPU RADIX-5 Dissemination Time: 2.441189e-05
0: MPIL CopyToCPU RADIX-6 Dissemination Time: 2.275734e-05
0: MPIL CopyToCPU RADIX-7 Dissemination Time: 2.434613e-05
0: MPIL CopyToCPU RADIX-8 Dissemination Time: 1.932416e-05
0: MPIL CopyToCPU RADIX-9 Dissemination Time: 2.210685e-05
0: MPIL CopyToCPU RADIX-10 Dissemination Time: 2.525822e-05
0: MPIL CopyToCPU RADIX-11 Dissemination Time: 2.682142e-05
0: MPIL CopyToCPU RADIX-12 Dissemination Time: 2.609957e-05
0: MPIL CopyToCPU RADIX-13 Dissemination Time: 2.755626e-05
0: MPIL CopyToCPU RADIX-14 Dissemination Time: 2.752711e-05
0: Testing Size 2
0: PMPI Allreduce Time: 1.967047e-05
0: MPIL GPU-Aware Recursive Doubling Time: 1.965697e-05
0: MPIL GPU-Aware Node-Aware Dissemination Time: 4.185068e-05
0: MPIL GPU-Aware NUMA-Aware Dissemination Time: 5.900468e-05
0: CopyToCPU PMPI Allreduce Time: 1.952826e-05
0: MPIL CopyToCPU Recursive Doubling Time: 2.022939e-05
0: MPIL CopyToCPU Node-Aware Dissemination Time: 2.525755e-05
0: MPIL CopyToCPU NUMA-Aware Dissemination Time: 2.109205e-05
0: MPIL CopyToCPU RADIX-3 Dissemination Time: 2.531821e-05
0: MPIL CopyToCPU RADIX-4 Dissemination Time: 1.802848e-05
0: MPIL CopyToCPU RADIX-5 Dissemination Time: 2.447360e-05
0: MPIL CopyToCPU RADIX-6 Dissemination Time: 2.282408e-05
0: MPIL CopyToCPU RADIX-7 Dissemination Time: 2.447995e-05
0: MPIL CopyToCPU RADIX-8 Dissemination Time: 1.933810e-05
0: MPIL CopyToCPU RADIX-9 Dissemination Time: 2.218449e-05
0: MPIL CopyToCPU RADIX-10 Dissemination Time: 2.490274e-05
0: MPIL CopyToCPU RADIX-11 Dissemination Time: 2.582201e-05
0: MPIL CopyToCPU RADIX-12 Dissemination Time: 2.565522e-05
0: MPIL CopyToCPU RADIX-13 Dissemination Time: 2.693299e-05
0: MPIL CopyToCPU RADIX-14 Dissemination Time: 2.719607e-05
0: Testing Size 4
0: PMPI Allreduce Time: 1.984990e-05
0: MPIL GPU-Aware Recursive Doubling Time: 1.979779e-05
0: MPIL GPU-Aware Node-Aware Dissemination Time: 4.184301e-05
0: MPIL GPU-Aware NUMA-Aware Dissemination Time: 5.882178e-05
0: CopyToCPU PMPI Allreduce Time: 1.961481e-05
0: MPIL CopyToCPU Recursive Doubling Time: 2.000816e-05
0: MPIL CopyToCPU Node-Aware Dissemination Time: 2.527852e-05
0: MPIL CopyToCPU NUMA-Aware Dissemination Time: 2.089958e-05
0: MPIL CopyToCPU RADIX-3 Dissemination Time: 2.501982e-05
0: MPIL CopyToCPU RADIX-4 Dissemination Time: 1.795513e-05
0: MPIL CopyToCPU RADIX-5 Dissemination Time: 2.465845e-05
0: MPIL CopyToCPU RADIX-6 Dissemination Time: 2.293094e-05
0: MPIL CopyToCPU RADIX-7 Dissemination Time: 2.435849e-05
0: MPIL CopyToCPU RADIX-8 Dissemination Time: 1.949486e-05
0: MPIL CopyToCPU RADIX-9 Dissemination Time: 2.211312e-05
0: MPIL CopyToCPU RADIX-10 Dissemination Time: 2.547325e-05
0: MPIL CopyToCPU RADIX-11 Dissemination Time: 2.581160e-05
0: MPIL CopyToCPU RADIX-12 Dissemination Time: 2.614028e-05
0: MPIL CopyToCPU RADIX-13 Dissemination Time: 2.698302e-05
0: MPIL CopyToCPU RADIX-14 Dissemination Time: 2.739564e-05
0: Testing Size 8
0: PMPI Allreduce Time: 1.956813e-05
0: MPIL GPU-Aware Recursive Doubling Time: 1.955661e-05
0: MPIL GPU-Aware Node-Aware Dissemination Time: 4.193218e-05
0: MPIL GPU-Aware NUMA-Aware Dissemination Time: 5.938129e-05
0: CopyToCPU PMPI Allreduce Time: 1.951551e-05
0: MPIL CopyToCPU Recursive Doubling Time: 2.179774e-05
0: MPIL CopyToCPU Node-Aware Dissemination Time: 2.529767e-05
0: MPIL CopyToCPU NUMA-Aware Dissemination Time: 2.198006e-05
0: MPIL CopyToCPU RADIX-3 Dissemination Time: 2.555021e-05
0: MPIL CopyToCPU RADIX-4 Dissemination Time: 1.889849e-05
0: MPIL CopyToCPU RADIX-5 Dissemination Time: 2.507571e-05
0: MPIL CopyToCPU RADIX-6 Dissemination Time: 2.352006e-05
0: MPIL CopyToCPU RADIX-7 Dissemination Time: 2.511404e-05
0: MPIL CopyToCPU RADIX-8 Dissemination Time: 2.028589e-05
0: MPIL CopyToCPU RADIX-9 Dissemination Time: 2.255667e-05
0: MPIL CopyToCPU RADIX-10 Dissemination Time: 2.607900e-05
0: MPIL CopyToCPU RADIX-11 Dissemination Time: 2.664421e-05
0: MPIL CopyToCPU RADIX-12 Dissemination Time: 2.734068e-05
0: MPIL CopyToCPU RADIX-13 Dissemination Time: 2.767714e-05
0: MPIL CopyToCPU RADIX-14 Dissemination Time: 2.842232e-05
0: Testing Size 16
0: PMPI Allreduce Time: 2.123851e-05
0: MPIL GPU-Aware Recursive Doubling Time: 2.126421e-05
0: MPIL GPU-Aware Node-Aware Dissemination Time: 4.397310e-05
0: MPIL GPU-Aware NUMA-Aware Dissemination Time: 6.089126e-05
0: CopyToCPU PMPI Allreduce Time: 2.080693e-05
0: MPIL CopyToCPU Recursive Doubling Time: 2.354174e-05
0: MPIL CopyToCPU Node-Aware Dissemination Time: 2.704752e-05
0: MPIL CopyToCPU NUMA-Aware Dissemination Time: 2.356903e-05
0: MPIL CopyToCPU RADIX-3 Dissemination Time: 2.747037e-05
0: MPIL CopyToCPU RADIX-4 Dissemination Time: 1.962612e-05
0: MPIL CopyToCPU RADIX-5 Dissemination Time: 2.692275e-05
0: MPIL CopyToCPU RADIX-6 Dissemination Time: 2.501301e-05
0: MPIL CopyToCPU RADIX-7 Dissemination Time: 2.639095e-05
0: MPIL CopyToCPU RADIX-8 Dissemination Time: 2.102780e-05
0: MPIL CopyToCPU RADIX-9 Dissemination Time: 2.362578e-05
0: MPIL CopyToCPU RADIX-10 Dissemination Time: 2.688429e-05
0: MPIL CopyToCPU RADIX-11 Dissemination Time: 2.745293e-05
0: MPIL CopyToCPU RADIX-12 Dissemination Time: 2.802442e-05
0: MPIL CopyToCPU RADIX-13 Dissemination Time: 2.892732e-05
0: MPIL CopyToCPU RADIX-14 Dissemination Time: 2.917278e-05
0: Testing Size 32
0: PMPI Allreduce Time: 3.018201e-05
0: MPIL GPU-Aware Recursive Doubling Time: 3.004381e-05
0: MPIL GPU-Aware Node-Aware Dissemination Time: 5.638452e-05
0: MPIL GPU-Aware NUMA-Aware Dissemination Time: 7.202748e-05
0: CopyToCPU PMPI Allreduce Time: 2.855957e-05
0: MPIL CopyToCPU Recursive Doubling Time: 3.002160e-05
0: MPIL CopyToCPU Node-Aware Dissemination Time: 3.626121e-05
0: MPIL CopyToCPU NUMA-Aware Dissemination Time: 3.811593e-05
0: MPIL CopyToCPU RADIX-3 Dissemination Time: 3.744043e-05
0: MPIL CopyToCPU RADIX-4 Dissemination Time: 2.662444e-05
0: MPIL CopyToCPU RADIX-5 Dissemination Time: 3.491348e-05
0: MPIL CopyToCPU RADIX-6 Dissemination Time: 3.042497e-05
0: MPIL CopyToCPU RADIX-7 Dissemination Time: 3.226028e-05
0: MPIL CopyToCPU RADIX-8 Dissemination Time: 2.557430e-05
0: MPIL CopyToCPU RADIX-9 Dissemination Time: 3.097644e-05
0: MPIL CopyToCPU RADIX-10 Dissemination Time: 3.369379e-05
0: MPIL CopyToCPU RADIX-11 Dissemination Time: 3.413389e-05
0: MPIL CopyToCPU RADIX-12 Dissemination Time: 3.473479e-05
0: MPIL CopyToCPU RADIX-13 Dissemination Time: 3.473153e-05
0: MPIL CopyToCPU RADIX-14 Dissemination Time: 3.544818e-05
0: Testing Size 64
0: PMPI Allreduce Time: 3.036065e-05
0: MPIL GPU-Aware Recursive Doubling Time: 3.040230e-05
0: MPIL GPU-Aware Node-Aware Dissemination Time: 5.878480e-05
0: MPIL GPU-Aware NUMA-Aware Dissemination Time: 7.308038e-05
0: CopyToCPU PMPI Allreduce Time: 2.965013e-05
0: MPIL CopyToCPU Recursive Doubling Time: 3.063929e-05
0: MPIL CopyToCPU Node-Aware Dissemination Time: 3.897560e-05
0: MPIL CopyToCPU NUMA-Aware Dissemination Time: 3.839339e-05
0: MPIL CopyToCPU RADIX-3 Dissemination Time: 3.834675e-05
0: MPIL CopyToCPU RADIX-4 Dissemination Time: 2.755781e-05
0: MPIL CopyToCPU RADIX-5 Dissemination Time: 3.541211e-05
0: MPIL CopyToCPU RADIX-6 Dissemination Time: 3.102278e-05
0: MPIL CopyToCPU RADIX-7 Dissemination Time: 3.274317e-05
0: MPIL CopyToCPU RADIX-8 Dissemination Time: 2.596528e-05
0: MPIL CopyToCPU RADIX-9 Dissemination Time: 3.104672e-05
0: MPIL CopyToCPU RADIX-10 Dissemination Time: 3.399054e-05
0: MPIL CopyToCPU RADIX-11 Dissemination Time: 3.422425e-05
0: MPIL CopyToCPU RADIX-12 Dissemination Time: 3.479478e-05
0: MPIL CopyToCPU RADIX-13 Dissemination Time: 3.500808e-05
0: MPIL CopyToCPU RADIX-14 Dissemination Time: 3.579219e-05
0: Testing Size 128
0: PMPI Allreduce Time: 3.771712e-05
0: MPIL GPU-Aware Recursive Doubling Time: 3.776384e-05
0: MPIL GPU-Aware Node-Aware Dissemination Time: 8.263483e-05
0: MPIL GPU-Aware NUMA-Aware Dissemination Time: 8.070896e-05
0: CopyToCPU PMPI Allreduce Time: 3.802335e-05
0: MPIL CopyToCPU Recursive Doubling Time: 4.093836e-05
0: MPIL CopyToCPU Node-Aware Dissemination Time: 6.437266e-05
0: MPIL CopyToCPU NUMA-Aware Dissemination Time: 4.198394e-05
0: MPIL CopyToCPU RADIX-3 Dissemination Time: 4.313394e-05
0: MPIL CopyToCPU RADIX-4 Dissemination Time: 3.243205e-05
0: MPIL CopyToCPU RADIX-5 Dissemination Time: 4.085536e-05
0: MPIL CopyToCPU RADIX-6 Dissemination Time: 3.525227e-05
0: MPIL CopyToCPU RADIX-7 Dissemination Time: 3.778479e-05
0: MPIL CopyToCPU RADIX-8 Dissemination Time: 3.181416e-05
0: MPIL CopyToCPU RADIX-9 Dissemination Time: 3.650955e-05
0: MPIL CopyToCPU RADIX-10 Dissemination Time: 3.919601e-05
0: MPIL CopyToCPU RADIX-11 Dissemination Time: 3.997434e-05
0: MPIL CopyToCPU RADIX-12 Dissemination Time: 4.005692e-05
0: MPIL CopyToCPU RADIX-13 Dissemination Time: 4.221013e-05
0: MPIL CopyToCPU RADIX-14 Dissemination Time: 4.385214e-05
0: Testing Size 256
0: PMPI Allreduce Time: 4.266895e-05
0: MPIL GPU-Aware Recursive Doubling Time: 4.263306e-05
0: MPIL GPU-Aware Node-Aware Dissemination Time: 1.046757e-04
0: MPIL GPU-Aware NUMA-Aware Dissemination Time: 8.775625e-05
0: CopyToCPU PMPI Allreduce Time: 4.736750e-05
0: MPIL CopyToCPU Recursive Doubling Time: 4.927061e-05
0: MPIL CopyToCPU Node-Aware Dissemination Time: 9.197952e-05
0: MPIL CopyToCPU NUMA-Aware Dissemination Time: 4.918819e-05
0: MPIL CopyToCPU RADIX-3 Dissemination Time: 4.855557e-05
0: MPIL CopyToCPU RADIX-4 Dissemination Time: 3.580299e-05
0: MPIL CopyToCPU RADIX-5 Dissemination Time: 4.456496e-05
0: MPIL CopyToCPU RADIX-6 Dissemination Time: 3.891240e-05
0: MPIL CopyToCPU RADIX-7 Dissemination Time: 4.097301e-05
0: MPIL CopyToCPU RADIX-8 Dissemination Time: 3.550915e-05
0: MPIL CopyToCPU RADIX-9 Dissemination Time: 3.963845e-05
0: MPIL CopyToCPU RADIX-10 Dissemination Time: 4.462914e-05
0: MPIL CopyToCPU RADIX-11 Dissemination Time: 4.503311e-05
0: MPIL CopyToCPU RADIX-12 Dissemination Time: 4.552438e-05
0: MPIL CopyToCPU RADIX-13 Dissemination Time: 4.653790e-05
0: MPIL CopyToCPU RADIX-14 Dissemination Time: 5.146961e-05
0: Testing Size 512
0: PMPI Allreduce Time: 5.130728e-05
0: MPIL GPU-Aware Recursive Doubling Time: 5.130094e-05
0: MPIL GPU-Aware Node-Aware Dissemination Time: 1.122036e-04
0: MPIL GPU-Aware NUMA-Aware Dissemination Time: 9.782983e-05
0: CopyToCPU PMPI Allreduce Time: 5.187219e-05
0: MPIL CopyToCPU Recursive Doubling Time: 5.473170e-05
0: MPIL CopyToCPU Node-Aware Dissemination Time: 9.192018e-05
0: MPIL CopyToCPU NUMA-Aware Dissemination Time: 5.711972e-05
0: MPIL CopyToCPU RADIX-3 Dissemination Time: 5.705705e-05
0: MPIL CopyToCPU RADIX-4 Dissemination Time: 4.132900e-05
0: MPIL CopyToCPU RADIX-5 Dissemination Time: 5.027208e-05
0: MPIL CopyToCPU RADIX-6 Dissemination Time: 4.549159e-05
0: MPIL CopyToCPU RADIX-7 Dissemination Time: 4.846507e-05
0: MPIL CopyToCPU RADIX-8 Dissemination Time: 4.117017e-05
0: MPIL CopyToCPU RADIX-9 Dissemination Time: 4.403827e-05
0: MPIL CopyToCPU RADIX-10 Dissemination Time: 5.098244e-05
0: MPIL CopyToCPU RADIX-11 Dissemination Time: 5.173539e-05
0: MPIL CopyToCPU RADIX-12 Dissemination Time: 5.263981e-05
0: MPIL CopyToCPU RADIX-13 Dissemination Time: 5.309901e-05
0: MPIL CopyToCPU RADIX-14 Dissemination Time: 5.458541e-05
0: Testing Size 1024
0: PMPI Allreduce Time: 8.914603e-05
0: MPIL GPU-Aware Recursive Doubling Time: 8.899127e-05
0: MPIL GPU-Aware Node-Aware Dissemination Time: 1.045738e-03
0: MPIL GPU-Aware NUMA-Aware Dissemination Time: 1.878421e-03
0: CopyToCPU PMPI Allreduce Time: 6.801393e-05
0: MPIL CopyToCPU Recursive Doubling Time: 7.198798e-05
0: MPIL CopyToCPU Node-Aware Dissemination Time: 1.391569e-04
0: MPIL CopyToCPU NUMA-Aware Dissemination Time: 7.504463e-05
0: MPIL CopyToCPU RADIX-3 Dissemination Time: 7.484912e-05
0: MPIL CopyToCPU RADIX-4 Dissemination Time: 5.352915e-05
0: MPIL CopyToCPU RADIX-5 Dissemination Time: 6.380550e-05
0: MPIL CopyToCPU RADIX-6 Dissemination Time: 5.839033e-05
0: MPIL CopyToCPU RADIX-7 Dissemination Time: 6.086037e-05
0: MPIL CopyToCPU RADIX-8 Dissemination Time: 5.442841e-05
0: MPIL CopyToCPU RADIX-9 Dissemination Time: 5.695843e-05
0: MPIL CopyToCPU RADIX-10 Dissemination Time: 6.525122e-05
0: MPIL CopyToCPU RADIX-11 Dissemination Time: 6.597410e-05
0: MPIL CopyToCPU RADIX-12 Dissemination Time: 6.701603e-05
0: MPIL CopyToCPU RADIX-13 Dissemination Time: 6.957726e-05
0: MPIL CopyToCPU RADIX-14 Dissemination Time: 7.122788e-05
0: Testing Size 2048
0: PMPI Allreduce Time: 1.960136e-04
0: MPIL GPU-Aware Recursive Doubling Time: 1.960526e-04
0: MPIL GPU-Aware Node-Aware Dissemination Time: 1.169074e-03
0: MPIL GPU-Aware NUMA-Aware Dissemination Time: 3.308591e-03
0: CopyToCPU PMPI Allreduce Time: 1.220189e-04
0: MPIL CopyToCPU Recursive Doubling Time: 1.023821e-04
0: MPIL CopyToCPU Node-Aware Dissemination Time: 2.165685e-04
0: MPIL CopyToCPU NUMA-Aware Dissemination Time: 1.109444e-04
0: MPIL CopyToCPU RADIX-3 Dissemination Time: 1.087968e-04
0: MPIL CopyToCPU RADIX-4 Dissemination Time: 7.546743e-05
0: MPIL CopyToCPU RADIX-5 Dissemination Time: 8.640298e-05
0: MPIL CopyToCPU RADIX-6 Dissemination Time: 8.575918e-05
0: MPIL CopyToCPU RADIX-7 Dissemination Time: 8.912293e-05
0: MPIL CopyToCPU RADIX-8 Dissemination Time: 8.162020e-05
0: MPIL CopyToCPU RADIX-9 Dissemination Time: 8.831233e-05
0: MPIL CopyToCPU RADIX-10 Dissemination Time: 9.197840e-05
0: MPIL CopyToCPU RADIX-11 Dissemination Time: 9.452152e-05
0: MPIL CopyToCPU RADIX-12 Dissemination Time: 9.738176e-05
0: MPIL CopyToCPU RADIX-13 Dissemination Time: 9.862471e-05
0: MPIL CopyToCPU RADIX-14 Dissemination Time: 1.011228e-04
0: Testing Size 4096
0: PMPI Allreduce Time: 1.996222e-04
0: MPIL GPU-Aware Recursive Doubling Time: 1.987455e-04
0: MPIL GPU-Aware Node-Aware Dissemination Time: 1.724928e-03
0: MPIL GPU-Aware NUMA-Aware Dissemination Time: 5.008070e-03
0: CopyToCPU PMPI Allreduce Time: 1.747844e-04
0: MPIL CopyToCPU Recursive Doubling Time: 1.892782e-04
0: MPIL CopyToCPU Node-Aware Dissemination Time: 3.725544e-04
0: MPIL CopyToCPU NUMA-Aware Dissemination Time: 2.029723e-04
0: MPIL CopyToCPU RADIX-3 Dissemination Time: 2.087802e-04
0: MPIL CopyToCPU RADIX-4 Dissemination Time: 1.406746e-04
0: MPIL CopyToCPU RADIX-5 Dissemination Time: 1.650737e-04
0: MPIL CopyToCPU RADIX-6 Dissemination Time: 1.588396e-04
0: MPIL CopyToCPU RADIX-7 Dissemination Time: 1.661241e-04
0: MPIL CopyToCPU RADIX-8 Dissemination Time: 1.504010e-04
0: MPIL CopyToCPU RADIX-9 Dissemination Time: 1.635243e-04
0: MPIL CopyToCPU RADIX-10 Dissemination Time: 1.775768e-04
0: MPIL CopyToCPU RADIX-11 Dissemination Time: 1.744182e-04
0: MPIL CopyToCPU RADIX-12 Dissemination Time: 1.778537e-04
0: MPIL CopyToCPU RADIX-13 Dissemination Time: 1.829506e-04
0: MPIL CopyToCPU RADIX-14 Dissemination Time: 1.887318e-04
0: Testing Size 8192
0: PMPI Allreduce Time: 2.065840e-04
0: MPIL GPU-Aware Recursive Doubling Time: 2.071316e-04
0: MPIL GPU-Aware Node-Aware Dissemination Time: 2.430508e-03
0: MPIL GPU-Aware NUMA-Aware Dissemination Time: 7.199469e-03
0: CopyToCPU PMPI Allreduce Time: 2.774435e-04
0: MPIL CopyToCPU Recursive Doubling Time: 3.130224e-04
0: MPIL CopyToCPU Node-Aware Dissemination Time: 6.393566e-04
0: MPIL CopyToCPU NUMA-Aware Dissemination Time: 3.349536e-04
0: MPIL CopyToCPU RADIX-3 Dissemination Time: 3.423055e-04
0: MPIL CopyToCPU RADIX-4 Dissemination Time: 2.316329e-04
0: MPIL CopyToCPU RADIX-5 Dissemination Time: 2.611454e-04
0: MPIL CopyToCPU RADIX-6 Dissemination Time: 2.627604e-04
0: MPIL CopyToCPU RADIX-7 Dissemination Time: 2.772669e-04
0: MPIL CopyToCPU RADIX-8 Dissemination Time: 2.638146e-04
0: MPIL CopyToCPU RADIX-9 Dissemination Time: 2.769431e-04
0: MPIL CopyToCPU RADIX-10 Dissemination Time: 2.965786e-04
0: MPIL CopyToCPU RADIX-11 Dissemination Time: 2.931741e-04
0: MPIL CopyToCPU RADIX-12 Dissemination Time: 2.821355e-04
0: MPIL CopyToCPU RADIX-13 Dissemination Time: 3.030078e-04
0: MPIL CopyToCPU RADIX-14 Dissemination Time: 3.057136e-04
0: Testing Size 16384
0: PMPI Allreduce Time: 2.137809e-04
0: MPIL GPU-Aware Recursive Doubling Time: 2.147932e-04
0: MPIL GPU-Aware Node-Aware Dissemination Time: 2.644176e-03
0: MPIL GPU-Aware NUMA-Aware Dissemination Time: 6.271077e-03
0: CopyToCPU PMPI Allreduce Time: 4.907375e-04
0: MPIL CopyToCPU Recursive Doubling Time: 5.538438e-04
0: MPIL CopyToCPU Node-Aware Dissemination Time: 1.211532e-03
0: MPIL CopyToCPU NUMA-Aware Dissemination Time: 5.980706e-04
0: MPIL CopyToCPU RADIX-3 Dissemination Time: 6.153236e-04
0: MPIL CopyToCPU RADIX-4 Dissemination Time: 4.144812e-04
0: MPIL CopyToCPU RADIX-5 Dissemination Time: 4.551936e-04
0: MPIL CopyToCPU RADIX-6 Dissemination Time: 4.616822e-04
0: MPIL CopyToCPU RADIX-7 Dissemination Time: 4.914571e-04
0: MPIL CopyToCPU RADIX-8 Dissemination Time: 4.895945e-04
0: MPIL CopyToCPU RADIX-9 Dissemination Time: 5.054850e-04
0: MPIL CopyToCPU RADIX-10 Dissemination Time: 5.372105e-04
0: MPIL CopyToCPU RADIX-11 Dissemination Time: 5.294784e-04
0: MPIL CopyToCPU RADIX-12 Dissemination Time: 5.023298e-04
0: MPIL CopyToCPU RADIX-13 Dissemination Time: 5.311598e-04
0: MPIL CopyToCPU RADIX-14 Dissemination Time: 5.486942e-04
0: Testing Size 32768
0: PMPI Allreduce Time: 2.303140e-04
0: MPIL GPU-Aware Recursive Doubling Time: 2.282546e-04
0: MPIL GPU-Aware Node-Aware Dissemination Time: 1.238372e-02
0: MPIL GPU-Aware NUMA-Aware Dissemination Time: 5.808692e-03
0: CopyToCPU PMPI Allreduce Time: 8.622835e-04
0: MPIL CopyToCPU Recursive Doubling Time: 1.046580e-03
0: MPIL CopyToCPU Node-Aware Dissemination Time: 2.125858e-03
0: MPIL CopyToCPU NUMA-Aware Dissemination Time: 1.109772e-03
0: MPIL CopyToCPU RADIX-3 Dissemination Time: 1.143203e-03
0: MPIL CopyToCPU RADIX-4 Dissemination Time: 7.943400e-04
0: MPIL CopyToCPU RADIX-5 Dissemination Time: 8.492050e-04
0: MPIL CopyToCPU RADIX-6 Dissemination Time: 8.853789e-04
0: MPIL CopyToCPU RADIX-7 Dissemination Time: 9.657876e-04
0: MPIL CopyToCPU RADIX-8 Dissemination Time: 9.419710e-04
0: MPIL CopyToCPU RADIX-9 Dissemination Time: 1.011770e-03
0: MPIL CopyToCPU RADIX-10 Dissemination Time: 9.885669e-04
0: MPIL CopyToCPU RADIX-11 Dissemination Time: 9.685571e-04
0: MPIL CopyToCPU RADIX-12 Dissemination Time: 9.452329e-04
0: MPIL CopyToCPU RADIX-13 Dissemination Time: 1.004256e-03
0: MPIL CopyToCPU RADIX-14 Dissemination Time: 1.055833e-03
0: Testing Size 65536
0: PMPI Allreduce Time: 2.698030e-04
0: MPIL GPU-Aware Recursive Doubling Time: 2.696624e-04
0: MPIL GPU-Aware Node-Aware Dissemination Time: 1.531624e-02
0: MPIL GPU-Aware NUMA-Aware Dissemination Time: 5.801300e-03
0: CopyToCPU PMPI Allreduce Time: 1.627074e-03
0: MPIL CopyToCPU Recursive Doubling Time: 1.946631e-03
0: MPIL CopyToCPU Node-Aware Dissemination Time: 4.060627e-03
0: MPIL CopyToCPU NUMA-Aware Dissemination Time: 2.229199e-03
0: MPIL CopyToCPU RADIX-3 Dissemination Time: 2.192533e-03
0: MPIL CopyToCPU RADIX-4 Dissemination Time: 1.548934e-03
0: MPIL CopyToCPU RADIX-5 Dissemination Time: 1.593446e-03
0: MPIL CopyToCPU RADIX-6 Dissemination Time: 1.634478e-03
0: MPIL CopyToCPU RADIX-7 Dissemination Time: 1.702025e-03
0: MPIL CopyToCPU RADIX-8 Dissemination Time: 1.753722e-03
0: MPIL CopyToCPU RADIX-9 Dissemination Time: 1.768089e-03
0: MPIL CopyToCPU RADIX-10 Dissemination Time: 1.813175e-03
0: MPIL CopyToCPU RADIX-11 Dissemination Time: 1.804441e-03
0: MPIL CopyToCPU RADIX-12 Dissemination Time: 1.788079e-03
0: MPIL CopyToCPU RADIX-13 Dissemination Time: 1.899911e-03
0: MPIL CopyToCPU RADIX-14 Dissemination Time: 1.948655e-03
0: Testing Size 131072
0: PMPI Allreduce Time: 3.269982e-04
0: MPIL GPU-Aware Recursive Doubling Time: 3.276954e-04
0: MPIL GPU-Aware Node-Aware Dissemination Time: 2.011162e-02
0: MPIL GPU-Aware NUMA-Aware Dissemination Time: 9.345561e-03
0: CopyToCPU PMPI Allreduce Time: 3.326387e-03
0: MPIL CopyToCPU Recursive Doubling Time: 3.525283e-03
0: MPIL CopyToCPU Node-Aware Dissemination Time: 6.528785e-03
0: MPIL CopyToCPU NUMA-Aware Dissemination Time: 4.077598e-03
0: MPIL CopyToCPU RADIX-3 Dissemination Time: 4.224748e-03
0: MPIL CopyToCPU RADIX-4 Dissemination Time: 2.795897e-03
0: MPIL CopyToCPU RADIX-5 Dissemination Time: 2.872131e-03
0: MPIL CopyToCPU RADIX-6 Dissemination Time: 3.033314e-03
0: MPIL CopyToCPU RADIX-7 Dissemination Time: 3.179100e-03
0: MPIL CopyToCPU RADIX-8 Dissemination Time: 3.291981e-03
0: MPIL CopyToCPU RADIX-9 Dissemination Time: 3.295842e-03
0: MPIL CopyToCPU RADIX-10 Dissemination Time: 3.322041e-03
0: MPIL CopyToCPU RADIX-11 Dissemination Time: 3.369114e-03
0: MPIL CopyToCPU RADIX-12 Dissemination Time: 3.362347e-03
0: MPIL CopyToCPU RADIX-13 Dissemination Time: 3.490606e-03
0: MPIL CopyToCPU RADIX-14 Dissemination Time: 3.583874e-03
0: Testing Size 262144
0: PMPI Allreduce Time: 3.862693e-04
0: MPIL GPU-Aware Recursive Doubling Time: 3.870946e-04
0: MPIL GPU-Aware Node-Aware Dissemination Time: 2.551677e-02
0: MPIL GPU-Aware NUMA-Aware Dissemination Time: 1.571194e-02
0: CopyToCPU PMPI Allreduce Time: 6.744694e-03
0: MPIL CopyToCPU Recursive Doubling Time: 7.134069e-03
0: MPIL CopyToCPU Node-Aware Dissemination Time: 9.947041e-03
0: MPIL CopyToCPU NUMA-Aware Dissemination Time: 7.876368e-03
0: MPIL CopyToCPU RADIX-3 Dissemination Time: 7.949493e-03
0: MPIL CopyToCPU RADIX-4 Dissemination Time: 5.548881e-03
0: MPIL CopyToCPU RADIX-5 Dissemination Time: 5.631117e-03
0: MPIL CopyToCPU RADIX-6 Dissemination Time: 5.982314e-03
0: MPIL CopyToCPU RADIX-7 Dissemination Time: 6.232723e-03
0: MPIL CopyToCPU RADIX-8 Dissemination Time: 6.760283e-03
0: MPIL CopyToCPU RADIX-9 Dissemination Time: 6.533034e-03
0: MPIL CopyToCPU RADIX-10 Dissemination Time: 6.573640e-03
0: MPIL CopyToCPU RADIX-11 Dissemination Time: 6.653851e-03
0: MPIL CopyToCPU RADIX-12 Dissemination Time: 6.845576e-03
0: MPIL CopyToCPU RADIX-13 Dissemination Time: 6.960350e-03
0: MPIL CopyToCPU RADIX-14 Dissemination Time: 7.138291e-03
0: Testing Size 524288
0: PMPI Allreduce Time: 4.866758e-04
0: MPIL GPU-Aware Recursive Doubling Time: 4.871568e-04
0: MPIL GPU-Aware Node-Aware Dissemination Time: 3.903700e-02
0: MPIL GPU-Aware NUMA-Aware Dissemination Time: 3.033962e-02
0: CopyToCPU PMPI Allreduce Time: 1.352177e-02
0: MPIL CopyToCPU Recursive Doubling Time: 1.424965e-02
0: MPIL CopyToCPU Node-Aware Dissemination Time: 2.498431e-02
0: MPIL CopyToCPU NUMA-Aware Dissemination Time: 1.520222e-02
0: MPIL CopyToCPU RADIX-3 Dissemination Time: 1.564769e-02
0: MPIL CopyToCPU RADIX-4 Dissemination Time: 1.095780e-02
0: MPIL CopyToCPU RADIX-5 Dissemination Time: 1.119592e-02
0: MPIL CopyToCPU RADIX-6 Dissemination Time: 1.196014e-02
0: MPIL CopyToCPU RADIX-7 Dissemination Time: 1.259044e-02
0: MPIL CopyToCPU RADIX-8 Dissemination Time: 1.477524e-02
0: MPIL CopyToCPU RADIX-9 Dissemination Time: 1.488953e-02
0: MPIL CopyToCPU RADIX-10 Dissemination Time: 1.618044e-02
0: MPIL CopyToCPU RADIX-11 Dissemination Time: 1.714690e-02
0: MPIL CopyToCPU RADIX-12 Dissemination Time: 1.768506e-02
0: MPIL CopyToCPU RADIX-13 Dissemination Time: 1.921090e-02
0: MPIL CopyToCPU RADIX-14 Dissemination Time: 2.033573e-02
