0: 
0: Lmod is automatically replacing "cce/20.0.0" with "rocmcc/7.2.1-magic".
0: 
0: 
0: Due to MODULEPATH changes, the following have been reloaded:
0:   1) cray-libsci/25.09.0
0: 
0: The following have been reloaded with a version change:
0:   1) cray-mpich/9.0.1 => cray-mpich/9.1.0
0: 
0: jobid: f2WxSPhZ
0: 0.104s: flux-shell[1]: mpibind: 
0: mpibind: task   0 nths 21 gpus 0 cpus 1-7,9-15,17-23
0: mpibind: task   1 nths 21 gpus 1 cpus 25-31,33-39,41-47
0: mpibind: task   2 nths 21 gpus 2 cpus 49-55,57-63,65-71
0: mpibind: task   3 nths 21 gpus 3 cpus 73-79,81-87,89-95
0: 0.097s: flux-shell[0]: mpibind: 
0: mpibind: task   0 nths 21 gpus 0 cpus 1-7,9-15,17-23
0: mpibind: task   1 nths 21 gpus 1 cpus 25-31,33-39,41-47
0: mpibind: task   2 nths 21 gpus 2 cpus 49-55,57-63,65-71
0: mpibind: task   3 nths 21 gpus 3 cpus 73-79,81-87,89-95
0: MPICH ERROR [Rank 3] [job id 57730400256] [Tue Sep 15 07:31:12 2026] [tuolumne1917] - Abort(940209668) (rank 3 in comm 0): Fatal error in internal_Sendrecv: Invalid tag, error stack:
0: MPICH ERROR [Rank 2] [job id 57730400256] [Tue Sep 15 07:31:12 2026] [tuolumne1917] - Abort(671774212) (rank 2 in comm 0): Fatal error in internal_Sendrecv: Invalid tag, error stack:
0: MPICH ERROR [Rank 0] [job id 57730400256] [Tue Sep 15 07:31:12 2026] [tuolumne1917] - Abort(940209668) (rank 0 in comm 0): Fatal error in internal_Sendrecv: Invalid tag, error stack:
0: internal_Sendrecv(126): MPI_Sendrecv(sendbuf=0x97e000, sendcount=64, MPI_DOUBLE, 3, 8388608, recvbuf=0x9837c0, recvcount=64, MPI_DOUBLE, 3, 8388608, MPI_COMM_WORLD, status=0x1) failed
0: internal_Sendrecv(126): MPI_Sendrecv(sendbuf=0xa0d830, sendcount=64, MPI_DOUBLE, 2, 8388608, recvbuf=0x983490, recvcount=64, MPI_DOUBLE, 2, 8388608, MPI_COMM_WORLD, status=0x1) failed
0: MPICH ERROR [Rank 1] [job id 57730400256] [Tue Sep 15 07:31:12 2026] [tuolumne1917] - Abort(685572) (rank 1 in comm 0): Fatal error in internal_Sendrecv: Invalid tag, error stack:
0: internal_Sendrecv(126): MPI_Sendrecv(sendbuf=0x989ce0, sendcount=64, MPI_DOUBLE, 0, 8388608, recvbuf=0x98a500, recvcount=64, MPI_DOUBLE, 0, 8388608, MPI_COMM_WORLD, status=0x1) failed
0: MPICH ERROR [Rank 5] [job id 57730400256] [Tue Sep 15 07:31:12 2026] [tuolumne2010] - Abort(671774212) (rank 5 in comm 0): Fatal error in internal_Sendrecv: Invalid tag, error stack:
0: internal_Sendrecv(82).: Invalid tag, value is 8388608
0: internal_Sendrecv(82).: Invalid tag, value is 8388608
0: internal_Sendrecv(126): MPI_Sendrecv(sendbuf=0x97dd60, sendcount=64, MPI_DOUBLE, 1, 8388608, recvbuf=0x983520, recvcount=64, MPI_DOUBLE, 1, 8388608, MPI_COMM_WORLD, status=0x1) failed
0: internal_Sendrecv(82).: Invalid tag, value is 8388608
0: MPICH ERROR [Rank 4] [job id 57730400256] [Tue Sep 15 07:31:12 2026] [tuolumne2010] - Abort(134903300) (rank 4 in comm 0): Fatal error in internal_Sendrecv: Invalid tag, error stack:
0: 
0: 
0: internal_Sendrecv(82).: Invalid tag, value is 8388608
0: 
0: MPICH ERROR [Rank 7] [job id 57730400256] [Tue Sep 15 07:31:12 2026] [tuolumne2010] - Abort(134903300) (rank 7 in comm 0): Fatal error in internal_Sendrecv: Invalid tag, error stack:
0: aborting job:
0: aborting job:
0: 
0: aborting job:
0: MPICH ERROR [Rank 6] [job id 57730400256] [Tue Sep 15 07:31:12 2026] [tuolumne2010] - Abort(67794436) (rank 6 in comm 0): Fatal error in internal_Sendrecv: Invalid tag, error stack:
0: Fatal error in internal_Sendrecv: Invalid tag, error stack:
0: Fatal error in internal_Sendrecv: Invalid tag, error stack:
0: aborting job:
0: Fatal error in internal_Sendrecv: Invalid tag, error stack:
0: internal_Sendrecv(126): MPI_Sendrecv(sendbuf=0x98a5d0, sendcount=64, MPI_DOUBLE, 5, 8388608, recvbuf=0x9836f0, recvcount=64, MPI_DOUBLE, 5, 8388608, MPI_COMM_WORLD, status=0x1) failed
0: internal_Sendrecv(126): MPI_Sendrecv(sendbuf=0x97e000, sendcount=64, MPI_DOUBLE, 3, 8388608, recvbuf=0x9837c0, recvcount=64, MPI_DOUBLE, 3, 8388608, MPI_COMM_WORLD, status=0x1) failed
0: internal_Sendrecv(126): MPI_Sendrecv(sendbuf=0xa0d830, sendcount=64, MPI_DOUBLE, 2, 8388608, recvbuf=0x983490, recvcount=64, MPI_DOUBLE, 2, 8388608, MPI_COMM_WORLD, status=0x1) failed
0: Fatal error in internal_Sendrecv: Invalid tag, error stack:
0: internal_Sendrecv(126): MPI_Sendrecv(sendbuf=0x989ce0, sendcount=64, MPI_DOUBLE, 0, 8388608, recvbuf=0x98a500, recvcount=64, MPI_DOUBLE, 0, 8388608, MPI_COMM_WORLD, status=0x1) failed
0: internal_Sendrecv(126): MPI_Sendrecv(sendbuf=0x98a830, sendcount=64, MPI_DOUBLE, 4, 8388608, recvbuf=0x98b050, recvcount=64, MPI_DOUBLE, 4, 8388608, MPI_COMM_WORLD, status=0x1) failed
0: internal_Sendrecv(82).: Invalid tag, value is 8388608
0: internal_Sendrecv(82).: Invalid tag, value is 8388608
0: internal_Sendrecv(126): MPI_Sendrecv(sendbuf=0x97dd60, sendcount=64, MPI_DOUBLE, 1, 8388608, recvbuf=0x983520, recvcount=64, MPI_DOUBLE, 1, 8388608, MPI_COMM_WORLD, status=0x1) failed
0: internal_Sendrecv(82).: Invalid tag, value is 8388608
0: internal_Sendrecv(126): MPI_Sendrecv(sendbuf=0x98f370, sendcount=64, MPI_DOUBLE, 7, 8388608, recvbuf=0x9837c0, recvcount=64, MPI_DOUBLE, 7, 8388608, MPI_COMM_WORLD, status=0x1) failed
0: internal_Sendrecv(82).: Invalid tag, value is 8388608
0: internal_Sendrecv(126): MPI_Sendrecv(sendbuf=0x998430, sendcount=64, MPI_DOUBLE, 6, 8388608, recvbuf=0x983740, recvcount=64, MPI_DOUBLE, 6, 8388608, MPI_COMM_WORLD, status=0x1) failed
0: internal_Sendrecv(82).: Invalid tag, value is 8388608
0: internal_Sendrecv(82).: Invalid tag, value is 8388608
0: internal_Sendrecv(82).: Invalid tag, value is 8388608
0: internal_Sendrecv(82).: Invalid tag, value is 8388608
0: 
0: 
0: 
0: 
0: aborting job:
0: aborting job:
0: aborting job:
0: aborting job:
0: Fatal error in internal_Sendrecv: Invalid tag, error stack:
0: Fatal error in internal_Sendrecv: Invalid tag, error stack:
0: Fatal error in internal_Sendrecv: Invalid tag, error stack:
0: Fatal error in internal_Sendrecv: Invalid tag, error stack:
0: internal_Sendrecv(126): MPI_Sendrecv(sendbuf=0x98a5d0, sendcount=64, MPI_DOUBLE, 5, 8388608, recvbuf=0x9836f0, recvcount=64, MPI_DOUBLE, 5, 8388608, MPI_COMM_WORLD, status=0x1) failed
0: internal_Sendrecv(126): MPI_Sendrecv(sendbuf=0x98a830, sendcount=64, MPI_DOUBLE, 4, 8388608, recvbuf=0x98b050, recvcount=64, MPI_DOUBLE, 4, 8388608, MPI_COMM_WORLD, status=0x1) failed
0: internal_Sendrecv(126): MPI_Sendrecv(sendbuf=0x98f370, sendcount=64, MPI_DOUBLE, 7, 8388608, recvbuf=0x9837c0, recvcount=64, MPI_DOUBLE, 7, 8388608, MPI_COMM_WORLD, status=0x1) failed
0: internal_Sendrecv(126): MPI_Sendrecv(sendbuf=0x998430, sendcount=64, MPI_DOUBLE, 6, 8388608, recvbuf=0x983740, recvcount=64, MPI_DOUBLE, 6, 8388608, MPI_COMM_WORLD, status=0x1) failed
0: internal_Sendrecv(82).: Invalid tag, value is 8388608
0: internal_Sendrecv(82).: Invalid tag, value is 8388608
0: internal_Sendrecv(82).: Invalid tag, value is 8388608
0: internal_Sendrecv(82).: Invalid tag, value is 8388608
0: flux-job: task(s) Unknown signal 127
0: Sep 15 07:31:12.829389 PDT 2026 broker.err[0]: rc2.0: /var/tmp/adams112/jobtmp-0-f3YRfG5yKMjV/script Exited (rc=255) 128.5s
