0: Testing Size 1
0: PMPI Allreduce Time: 1.731122e-05
0: MPIL GPU-Aware Recursive Doubling Time: 1.718132e-05
0: MPIL GPU-Aware Node-Aware Dissemination Time: 3.299339e-05
0: MPIL GPU-Aware NUMA-Aware Dissemination Time: 4.933299e-05
0: CopyToCPU PMPI Allreduce Time: 1.686295e-05
0: MPIL CopyToCPU Recursive Doubling Time: 1.733931e-05
0: MPIL CopyToCPU Node-Aware Dissemination Time: 2.072915e-05
0: MPIL CopyToCPU NUMA-Aware Dissemination Time: 1.784648e-05
0: MPIL CopyToCPU RADIX-3 Dissemination Time: 2.042953e-05
0: MPIL CopyToCPU RADIX-4 Dissemination Time: 1.631370e-05
0: MPIL CopyToCPU RADIX-5 Dissemination Time: 2.091376e-05
0: MPIL CopyToCPU RADIX-6 Dissemination Time: 1.861679e-05
0: MPIL CopyToCPU RADIX-7 Dissemination Time: 2.060547e-05
0: MPIL CopyToCPU RADIX-8 Dissemination Time: 1.651951e-05
0: MPIL CopyToCPU RADIX-9 Dissemination Time: 2.214015e-05
0: MPIL CopyToCPU RADIX-10 Dissemination Time: 2.041222e-05
0: MPIL CopyToCPU RADIX-11 Dissemination Time: 2.330901e-05
0: MPIL CopyToCPU RADIX-12 Dissemination Time: 2.396823e-05
0: MPIL CopyToCPU RADIX-13 Dissemination Time: 2.425407e-05
0: MPIL CopyToCPU RADIX-14 Dissemination Time: 2.512315e-05
0: Testing Size 2
0: PMPI Allreduce Time: 1.708637e-05
0: MPIL GPU-Aware Recursive Doubling Time: 1.701905e-05
0: MPIL GPU-Aware Node-Aware Dissemination Time: 3.289517e-05
0: MPIL GPU-Aware NUMA-Aware Dissemination Time: 4.906276e-05
0: CopyToCPU PMPI Allreduce Time: 1.693819e-05
0: MPIL CopyToCPU Recursive Doubling Time: 1.728101e-05
0: MPIL CopyToCPU Node-Aware Dissemination Time: 2.104448e-05
0: MPIL CopyToCPU NUMA-Aware Dissemination Time: 1.786131e-05
0: MPIL CopyToCPU RADIX-3 Dissemination Time: 2.058204e-05
0: MPIL CopyToCPU RADIX-4 Dissemination Time: 1.645623e-05
0: MPIL CopyToCPU RADIX-5 Dissemination Time: 2.109514e-05
0: MPIL CopyToCPU RADIX-6 Dissemination Time: 1.876609e-05
0: MPIL CopyToCPU RADIX-7 Dissemination Time: 2.070927e-05
0: MPIL CopyToCPU RADIX-8 Dissemination Time: 1.663103e-05
0: MPIL CopyToCPU RADIX-9 Dissemination Time: 2.208065e-05
0: MPIL CopyToCPU RADIX-10 Dissemination Time: 2.062025e-05
0: MPIL CopyToCPU RADIX-11 Dissemination Time: 2.322742e-05
0: MPIL CopyToCPU RADIX-12 Dissemination Time: 2.388007e-05
0: MPIL CopyToCPU RADIX-13 Dissemination Time: 2.415390e-05
0: MPIL CopyToCPU RADIX-14 Dissemination Time: 2.516095e-05
0: Testing Size 4
0: PMPI Allreduce Time: 1.706710e-05
0: MPIL GPU-Aware Recursive Doubling Time: 1.716282e-05
0: MPIL GPU-Aware Node-Aware Dissemination Time: 3.299852e-05
0: MPIL GPU-Aware NUMA-Aware Dissemination Time: 4.913493e-05
0: CopyToCPU PMPI Allreduce Time: 1.693550e-05
0: MPIL CopyToCPU Recursive Doubling Time: 1.730998e-05
0: MPIL CopyToCPU Node-Aware Dissemination Time: 2.081129e-05
0: MPIL CopyToCPU NUMA-Aware Dissemination Time: 1.788224e-05
0: MPIL CopyToCPU RADIX-3 Dissemination Time: 2.055827e-05
0: MPIL CopyToCPU RADIX-4 Dissemination Time: 1.646959e-05
0: MPIL CopyToCPU RADIX-5 Dissemination Time: 2.117128e-05
0: MPIL CopyToCPU RADIX-6 Dissemination Time: 1.896099e-05
0: MPIL CopyToCPU RADIX-7 Dissemination Time: 2.108745e-05
0: MPIL CopyToCPU RADIX-8 Dissemination Time: 1.676690e-05
0: MPIL CopyToCPU RADIX-9 Dissemination Time: 2.195734e-05
0: MPIL CopyToCPU RADIX-10 Dissemination Time: 2.069190e-05
0: MPIL CopyToCPU RADIX-11 Dissemination Time: 2.328647e-05
0: MPIL CopyToCPU RADIX-12 Dissemination Time: 2.393686e-05
0: MPIL CopyToCPU RADIX-13 Dissemination Time: 2.438615e-05
0: MPIL CopyToCPU RADIX-14 Dissemination Time: 2.529935e-05
0: Testing Size 8
0: PMPI Allreduce Time: 1.723104e-05
0: MPIL GPU-Aware Recursive Doubling Time: 1.720264e-05
0: MPIL GPU-Aware Node-Aware Dissemination Time: 3.288871e-05
0: MPIL GPU-Aware NUMA-Aware Dissemination Time: 4.979365e-05
0: CopyToCPU PMPI Allreduce Time: 1.690651e-05
0: MPIL CopyToCPU Recursive Doubling Time: 1.897922e-05
0: MPIL CopyToCPU Node-Aware Dissemination Time: 2.103984e-05
0: MPIL CopyToCPU NUMA-Aware Dissemination Time: 1.909270e-05
0: MPIL CopyToCPU RADIX-3 Dissemination Time: 2.109857e-05
0: MPIL CopyToCPU RADIX-4 Dissemination Time: 1.739436e-05
0: MPIL CopyToCPU RADIX-5 Dissemination Time: 2.190246e-05
0: MPIL CopyToCPU RADIX-6 Dissemination Time: 1.956455e-05
0: MPIL CopyToCPU RADIX-7 Dissemination Time: 2.153599e-05
0: MPIL CopyToCPU RADIX-8 Dissemination Time: 1.751462e-05
0: MPIL CopyToCPU RADIX-9 Dissemination Time: 2.260439e-05
0: MPIL CopyToCPU RADIX-10 Dissemination Time: 2.151574e-05
0: MPIL CopyToCPU RADIX-11 Dissemination Time: 2.389997e-05
0: MPIL CopyToCPU RADIX-12 Dissemination Time: 2.477932e-05
0: MPIL CopyToCPU RADIX-13 Dissemination Time: 2.558415e-05
0: MPIL CopyToCPU RADIX-14 Dissemination Time: 2.653578e-05
0: Testing Size 16
0: PMPI Allreduce Time: 1.831577e-05
0: MPIL GPU-Aware Recursive Doubling Time: 1.832968e-05
0: MPIL GPU-Aware Node-Aware Dissemination Time: 3.487185e-05
0: MPIL GPU-Aware NUMA-Aware Dissemination Time: 5.081718e-05
0: CopyToCPU PMPI Allreduce Time: 1.817510e-05
0: MPIL CopyToCPU Recursive Doubling Time: 2.029989e-05
0: MPIL CopyToCPU Node-Aware Dissemination Time: 2.291187e-05
0: MPIL CopyToCPU NUMA-Aware Dissemination Time: 2.002811e-05
0: MPIL CopyToCPU RADIX-3 Dissemination Time: 2.224301e-05
0: MPIL CopyToCPU RADIX-4 Dissemination Time: 1.798300e-05
0: MPIL CopyToCPU RADIX-5 Dissemination Time: 2.284282e-05
0: MPIL CopyToCPU RADIX-6 Dissemination Time: 2.051958e-05
0: MPIL CopyToCPU RADIX-7 Dissemination Time: 2.239860e-05
0: MPIL CopyToCPU RADIX-8 Dissemination Time: 1.806230e-05
0: MPIL CopyToCPU RADIX-9 Dissemination Time: 2.383280e-05
0: MPIL CopyToCPU RADIX-10 Dissemination Time: 2.281557e-05
0: MPIL CopyToCPU RADIX-11 Dissemination Time: 2.527943e-05
0: MPIL CopyToCPU RADIX-12 Dissemination Time: 2.606283e-05
0: MPIL CopyToCPU RADIX-13 Dissemination Time: 2.652669e-05
0: MPIL CopyToCPU RADIX-14 Dissemination Time: 2.751180e-05
0: Testing Size 32
0: PMPI Allreduce Time: 2.603050e-05
0: MPIL GPU-Aware Recursive Doubling Time: 2.581466e-05
0: MPIL GPU-Aware Node-Aware Dissemination Time: 4.038488e-05
0: MPIL GPU-Aware NUMA-Aware Dissemination Time: 6.089510e-05
0: CopyToCPU PMPI Allreduce Time: 2.465735e-05
0: MPIL CopyToCPU Recursive Doubling Time: 2.592060e-05
0: MPIL CopyToCPU Node-Aware Dissemination Time: 2.628693e-05
0: MPIL CopyToCPU NUMA-Aware Dissemination Time: 3.176528e-05
0: MPIL CopyToCPU RADIX-3 Dissemination Time: 3.216414e-05
0: MPIL CopyToCPU RADIX-4 Dissemination Time: 2.479984e-05
0: MPIL CopyToCPU RADIX-5 Dissemination Time: 2.869878e-05
0: MPIL CopyToCPU RADIX-6 Dissemination Time: 2.914419e-05
0: MPIL CopyToCPU RADIX-7 Dissemination Time: 2.988737e-05
0: MPIL CopyToCPU RADIX-8 Dissemination Time: 2.279412e-05
0: MPIL CopyToCPU RADIX-9 Dissemination Time: 3.042343e-05
0: MPIL CopyToCPU RADIX-10 Dissemination Time: 3.062525e-05
0: MPIL CopyToCPU RADIX-11 Dissemination Time: 3.077390e-05
0: MPIL CopyToCPU RADIX-12 Dissemination Time: 3.154676e-05
0: MPIL CopyToCPU RADIX-13 Dissemination Time: 3.229951e-05
0: MPIL CopyToCPU RADIX-14 Dissemination Time: 3.312698e-05
0: Testing Size 64
0: PMPI Allreduce Time: 2.614517e-05
0: MPIL GPU-Aware Recursive Doubling Time: 2.614700e-05
0: MPIL GPU-Aware Node-Aware Dissemination Time: 4.122116e-05
0: MPIL GPU-Aware NUMA-Aware Dissemination Time: 6.064768e-05
0: CopyToCPU PMPI Allreduce Time: 2.545992e-05
0: MPIL CopyToCPU Recursive Doubling Time: 2.637996e-05
0: MPIL CopyToCPU Node-Aware Dissemination Time: 2.708689e-05
0: MPIL CopyToCPU NUMA-Aware Dissemination Time: 3.240771e-05
0: MPIL CopyToCPU RADIX-3 Dissemination Time: 3.285773e-05
0: MPIL CopyToCPU RADIX-4 Dissemination Time: 2.537026e-05
0: MPIL CopyToCPU RADIX-5 Dissemination Time: 2.923314e-05
0: MPIL CopyToCPU RADIX-6 Dissemination Time: 2.902911e-05
0: MPIL CopyToCPU RADIX-7 Dissemination Time: 3.001108e-05
0: MPIL CopyToCPU RADIX-8 Dissemination Time: 2.315125e-05
0: MPIL CopyToCPU RADIX-9 Dissemination Time: 3.094670e-05
0: MPIL CopyToCPU RADIX-10 Dissemination Time: 3.068890e-05
0: MPIL CopyToCPU RADIX-11 Dissemination Time: 3.123050e-05
0: MPIL CopyToCPU RADIX-12 Dissemination Time: 3.205251e-05
0: MPIL CopyToCPU RADIX-13 Dissemination Time: 3.296019e-05
0: MPIL CopyToCPU RADIX-14 Dissemination Time: 3.363688e-05
0: Testing Size 128
0: PMPI Allreduce Time: 3.347993e-05
0: MPIL GPU-Aware Recursive Doubling Time: 3.349572e-05
0: MPIL GPU-Aware Node-Aware Dissemination Time: 5.913647e-05
0: MPIL GPU-Aware NUMA-Aware Dissemination Time: 7.034716e-05
0: CopyToCPU PMPI Allreduce Time: 3.371392e-05
0: MPIL CopyToCPU Recursive Doubling Time: 3.666096e-05
0: MPIL CopyToCPU Node-Aware Dissemination Time: 4.374628e-05
0: MPIL CopyToCPU NUMA-Aware Dissemination Time: 3.577404e-05
0: MPIL CopyToCPU RADIX-3 Dissemination Time: 3.655898e-05
0: MPIL CopyToCPU RADIX-4 Dissemination Time: 3.055673e-05
0: MPIL CopyToCPU RADIX-5 Dissemination Time: 3.518814e-05
0: MPIL CopyToCPU RADIX-6 Dissemination Time: 3.395998e-05
0: MPIL CopyToCPU RADIX-7 Dissemination Time: 3.531794e-05
0: MPIL CopyToCPU RADIX-8 Dissemination Time: 2.866703e-05
0: MPIL CopyToCPU RADIX-9 Dissemination Time: 3.692729e-05
0: MPIL CopyToCPU RADIX-10 Dissemination Time: 3.583703e-05
0: MPIL CopyToCPU RADIX-11 Dissemination Time: 3.733222e-05
0: MPIL CopyToCPU RADIX-12 Dissemination Time: 3.850794e-05
0: MPIL CopyToCPU RADIX-13 Dissemination Time: 3.993822e-05
0: MPIL CopyToCPU RADIX-14 Dissemination Time: 4.131046e-05
0: Testing Size 256
0: PMPI Allreduce Time: 3.815631e-05
0: MPIL GPU-Aware Recursive Doubling Time: 3.811651e-05
0: MPIL GPU-Aware Node-Aware Dissemination Time: 7.056288e-05
0: MPIL GPU-Aware NUMA-Aware Dissemination Time: 7.857477e-05
0: CopyToCPU PMPI Allreduce Time: 4.316323e-05
0: MPIL CopyToCPU Recursive Doubling Time: 4.538420e-05
0: MPIL CopyToCPU Node-Aware Dissemination Time: 6.150506e-05
0: MPIL CopyToCPU NUMA-Aware Dissemination Time: 4.236764e-05
0: MPIL CopyToCPU RADIX-3 Dissemination Time: 4.159308e-05
0: MPIL CopyToCPU RADIX-4 Dissemination Time: 3.392639e-05
0: MPIL CopyToCPU RADIX-5 Dissemination Time: 3.736748e-05
0: MPIL CopyToCPU RADIX-6 Dissemination Time: 3.776952e-05
0: MPIL CopyToCPU RADIX-7 Dissemination Time: 3.782052e-05
0: MPIL CopyToCPU RADIX-8 Dissemination Time: 3.208540e-05
0: MPIL CopyToCPU RADIX-9 Dissemination Time: 4.017644e-05
0: MPIL CopyToCPU RADIX-10 Dissemination Time: 3.982223e-05
0: MPIL CopyToCPU RADIX-11 Dissemination Time: 4.226772e-05
0: MPIL CopyToCPU RADIX-12 Dissemination Time: 4.357814e-05
0: MPIL CopyToCPU RADIX-13 Dissemination Time: 4.564351e-05
0: MPIL CopyToCPU RADIX-14 Dissemination Time: 4.884230e-05
0: Testing Size 512
0: PMPI Allreduce Time: 4.667801e-05
0: MPIL GPU-Aware Recursive Doubling Time: 4.669414e-05
0: MPIL GPU-Aware Node-Aware Dissemination Time: 7.804284e-05
0: MPIL GPU-Aware NUMA-Aware Dissemination Time: 8.587882e-05
0: CopyToCPU PMPI Allreduce Time: 4.740573e-05
0: MPIL CopyToCPU Recursive Doubling Time: 5.009043e-05
0: MPIL CopyToCPU Node-Aware Dissemination Time: 6.592879e-05
0: MPIL CopyToCPU NUMA-Aware Dissemination Time: 4.976761e-05
0: MPIL CopyToCPU RADIX-3 Dissemination Time: 5.031975e-05
0: MPIL CopyToCPU RADIX-4 Dissemination Time: 3.880857e-05
0: MPIL CopyToCPU RADIX-5 Dissemination Time: 4.351655e-05
0: MPIL CopyToCPU RADIX-6 Dissemination Time: 4.265782e-05
0: MPIL CopyToCPU RADIX-7 Dissemination Time: 4.463198e-05
0: MPIL CopyToCPU RADIX-8 Dissemination Time: 3.760092e-05
0: MPIL CopyToCPU RADIX-9 Dissemination Time: 4.743512e-05
0: MPIL CopyToCPU RADIX-10 Dissemination Time: 4.608276e-05
0: MPIL CopyToCPU RADIX-11 Dissemination Time: 4.839264e-05
0: MPIL CopyToCPU RADIX-12 Dissemination Time: 4.946457e-05
0: MPIL CopyToCPU RADIX-13 Dissemination Time: 5.127743e-05
0: MPIL CopyToCPU RADIX-14 Dissemination Time: 5.291545e-05
0: Testing Size 1024
0: PMPI Allreduce Time: 8.393450e-05
0: MPIL GPU-Aware Recursive Doubling Time: 8.373831e-05
0: MPIL GPU-Aware Node-Aware Dissemination Time: 7.298631e-04
0: MPIL GPU-Aware NUMA-Aware Dissemination Time: 1.562730e-03
0: CopyToCPU PMPI Allreduce Time: 6.276456e-05
0: MPIL CopyToCPU Recursive Doubling Time: 6.640070e-05
0: MPIL CopyToCPU Node-Aware Dissemination Time: 9.289574e-05
0: MPIL CopyToCPU NUMA-Aware Dissemination Time: 6.846858e-05
0: MPIL CopyToCPU RADIX-3 Dissemination Time: 6.696680e-05
0: MPIL CopyToCPU RADIX-4 Dissemination Time: 5.022751e-05
0: MPIL CopyToCPU RADIX-5 Dissemination Time: 5.468816e-05
0: MPIL CopyToCPU RADIX-6 Dissemination Time: 5.672152e-05
0: MPIL CopyToCPU RADIX-7 Dissemination Time: 5.650512e-05
0: MPIL CopyToCPU RADIX-8 Dissemination Time: 4.942704e-05
0: MPIL CopyToCPU RADIX-9 Dissemination Time: 5.962201e-05
0: MPIL CopyToCPU RADIX-10 Dissemination Time: 6.100423e-05
0: MPIL CopyToCPU RADIX-11 Dissemination Time: 6.303016e-05
0: MPIL CopyToCPU RADIX-12 Dissemination Time: 6.416530e-05
0: MPIL CopyToCPU RADIX-13 Dissemination Time: 6.562010e-05
0: MPIL CopyToCPU RADIX-14 Dissemination Time: 6.735655e-05
0: Testing Size 2048
0: PMPI Allreduce Time: 1.692852e-04
0: MPIL GPU-Aware Recursive Doubling Time: 1.695531e-04
0: MPIL GPU-Aware Node-Aware Dissemination Time: 9.276279e-04
0: MPIL GPU-Aware NUMA-Aware Dissemination Time: 2.734620e-03
0: CopyToCPU PMPI Allreduce Time: 1.125640e-04
0: MPIL CopyToCPU Recursive Doubling Time: 9.555112e-05
0: MPIL CopyToCPU Node-Aware Dissemination Time: 1.506299e-04
0: MPIL CopyToCPU NUMA-Aware Dissemination Time: 1.013722e-04
0: MPIL CopyToCPU RADIX-3 Dissemination Time: 1.011064e-04
0: MPIL CopyToCPU RADIX-4 Dissemination Time: 6.964758e-05
0: MPIL CopyToCPU RADIX-5 Dissemination Time: 7.709058e-05
0: MPIL CopyToCPU RADIX-6 Dissemination Time: 7.764993e-05
0: MPIL CopyToCPU RADIX-7 Dissemination Time: 8.032046e-05
0: MPIL CopyToCPU RADIX-8 Dissemination Time: 7.215321e-05
0: MPIL CopyToCPU RADIX-9 Dissemination Time: 8.412634e-05
0: MPIL CopyToCPU RADIX-10 Dissemination Time: 8.345355e-05
0: MPIL CopyToCPU RADIX-11 Dissemination Time: 8.773228e-05
0: MPIL CopyToCPU RADIX-12 Dissemination Time: 9.207830e-05
0: MPIL CopyToCPU RADIX-13 Dissemination Time: 9.104236e-05
0: MPIL CopyToCPU RADIX-14 Dissemination Time: 9.760823e-05
0: Testing Size 4096
0: PMPI Allreduce Time: 1.731075e-04
0: MPIL GPU-Aware Recursive Doubling Time: 1.726983e-04
0: MPIL GPU-Aware Node-Aware Dissemination Time: 1.481064e-03
0: MPIL GPU-Aware NUMA-Aware Dissemination Time: 5.360756e-03
0: CopyToCPU PMPI Allreduce Time: 1.683815e-04
0: MPIL CopyToCPU Recursive Doubling Time: 1.790763e-04
0: MPIL CopyToCPU Node-Aware Dissemination Time: 2.594423e-04
0: MPIL CopyToCPU NUMA-Aware Dissemination Time: 1.851283e-04
0: MPIL CopyToCPU RADIX-3 Dissemination Time: 1.915292e-04
0: MPIL CopyToCPU RADIX-4 Dissemination Time: 1.315979e-04
0: MPIL CopyToCPU RADIX-5 Dissemination Time: 1.491886e-04
0: MPIL CopyToCPU RADIX-6 Dissemination Time: 1.499993e-04
0: MPIL CopyToCPU RADIX-7 Dissemination Time: 1.542147e-04
0: MPIL CopyToCPU RADIX-8 Dissemination Time: 1.348392e-04
0: MPIL CopyToCPU RADIX-9 Dissemination Time: 1.588452e-04
0: MPIL CopyToCPU RADIX-10 Dissemination Time: 1.589548e-04
0: MPIL CopyToCPU RADIX-11 Dissemination Time: 1.670512e-04
0: MPIL CopyToCPU RADIX-12 Dissemination Time: 1.677052e-04
0: MPIL CopyToCPU RADIX-13 Dissemination Time: 1.742351e-04
0: MPIL CopyToCPU RADIX-14 Dissemination Time: 1.787660e-04
0: Testing Size 8192
0: PMPI Allreduce Time: 1.770829e-04
0: MPIL GPU-Aware Recursive Doubling Time: 1.788339e-04
0: MPIL GPU-Aware Node-Aware Dissemination Time: 1.985381e-03
0: MPIL GPU-Aware NUMA-Aware Dissemination Time: 6.901494e-03
0: CopyToCPU PMPI Allreduce Time: 2.694635e-04
0: MPIL CopyToCPU Recursive Doubling Time: 2.998587e-04
0: MPIL CopyToCPU Node-Aware Dissemination Time: 4.380476e-04
0: MPIL CopyToCPU NUMA-Aware Dissemination Time: 3.124307e-04
0: MPIL CopyToCPU RADIX-3 Dissemination Time: 3.189795e-04
0: MPIL CopyToCPU RADIX-4 Dissemination Time: 2.137372e-04
0: MPIL CopyToCPU RADIX-5 Dissemination Time: 2.412258e-04
0: MPIL CopyToCPU RADIX-6 Dissemination Time: 2.475485e-04
0: MPIL CopyToCPU RADIX-7 Dissemination Time: 2.564213e-04
0: MPIL CopyToCPU RADIX-8 Dissemination Time: 2.301798e-04
0: MPIL CopyToCPU RADIX-9 Dissemination Time: 2.625456e-04
0: MPIL CopyToCPU RADIX-10 Dissemination Time: 2.594595e-04
0: MPIL CopyToCPU RADIX-11 Dissemination Time: 2.736657e-04
0: MPIL CopyToCPU RADIX-12 Dissemination Time: 2.593916e-04
0: MPIL CopyToCPU RADIX-13 Dissemination Time: 2.781072e-04
0: MPIL CopyToCPU RADIX-14 Dissemination Time: 2.896248e-04
0: Testing Size 16384
0: PMPI Allreduce Time: 1.845621e-04
0: MPIL GPU-Aware Recursive Doubling Time: 1.844035e-04
0: MPIL GPU-Aware Node-Aware Dissemination Time: 1.946442e-03
0: MPIL GPU-Aware NUMA-Aware Dissemination Time: 5.169913e-03
0: CopyToCPU PMPI Allreduce Time: 4.650588e-04
0: MPIL CopyToCPU Recursive Doubling Time: 5.350546e-04
0: MPIL CopyToCPU Node-Aware Dissemination Time: 7.685837e-04
0: MPIL CopyToCPU NUMA-Aware Dissemination Time: 5.685123e-04
0: MPIL CopyToCPU RADIX-3 Dissemination Time: 5.870201e-04
0: MPIL CopyToCPU RADIX-4 Dissemination Time: 3.711974e-04
0: MPIL CopyToCPU RADIX-5 Dissemination Time: 4.274350e-04
0: MPIL CopyToCPU RADIX-6 Dissemination Time: 4.328796e-04
0: MPIL CopyToCPU RADIX-7 Dissemination Time: 4.415800e-04
0: MPIL CopyToCPU RADIX-8 Dissemination Time: 3.966824e-04
0: MPIL CopyToCPU RADIX-9 Dissemination Time: 4.528890e-04
0: MPIL CopyToCPU RADIX-10 Dissemination Time: 4.463772e-04
0: MPIL CopyToCPU RADIX-11 Dissemination Time: 4.763148e-04
0: MPIL CopyToCPU RADIX-12 Dissemination Time: 4.604914e-04
0: MPIL CopyToCPU RADIX-13 Dissemination Time: 4.935269e-04
0: MPIL CopyToCPU RADIX-14 Dissemination Time: 5.235349e-04
0: Testing Size 32768
0: PMPI Allreduce Time: 2.070533e-04
0: MPIL GPU-Aware Recursive Doubling Time: 2.081634e-04
0: MPIL GPU-Aware Node-Aware Dissemination Time: 8.540449e-03
0: MPIL GPU-Aware NUMA-Aware Dissemination Time: 4.161340e-03
0: CopyToCPU PMPI Allreduce Time: 8.512367e-04
0: MPIL CopyToCPU Recursive Doubling Time: 9.883246e-04
0: MPIL CopyToCPU Node-Aware Dissemination Time: 1.439619e-03
0: MPIL CopyToCPU NUMA-Aware Dissemination Time: 1.052165e-03
0: MPIL CopyToCPU RADIX-3 Dissemination Time: 1.088554e-03
0: MPIL CopyToCPU RADIX-4 Dissemination Time: 7.138566e-04
0: MPIL CopyToCPU RADIX-5 Dissemination Time: 7.857262e-04
0: MPIL CopyToCPU RADIX-6 Dissemination Time: 7.800241e-04
0: MPIL CopyToCPU RADIX-7 Dissemination Time: 7.917202e-04
0: MPIL CopyToCPU RADIX-8 Dissemination Time: 7.668256e-04
0: MPIL CopyToCPU RADIX-9 Dissemination Time: 8.317253e-04
0: MPIL CopyToCPU RADIX-10 Dissemination Time: 8.443920e-04
0: MPIL CopyToCPU RADIX-11 Dissemination Time: 8.655295e-04
0: MPIL CopyToCPU RADIX-12 Dissemination Time: 8.978268e-04
0: MPIL CopyToCPU RADIX-13 Dissemination Time: 9.334702e-04
0: MPIL CopyToCPU RADIX-14 Dissemination Time: 9.848505e-04
0: Testing Size 65536
0: PMPI Allreduce Time: 2.437926e-04
0: MPIL GPU-Aware Recursive Doubling Time: 2.430359e-04
0: MPIL GPU-Aware Node-Aware Dissemination Time: 1.033752e-02
0: MPIL GPU-Aware NUMA-Aware Dissemination Time: 4.627499e-03
0: CopyToCPU PMPI Allreduce Time: 1.617082e-03
0: MPIL CopyToCPU Recursive Doubling Time: 1.965410e-03
0: MPIL CopyToCPU Node-Aware Dissemination Time: 2.786210e-03
0: MPIL CopyToCPU NUMA-Aware Dissemination Time: 2.033672e-03
0: MPIL CopyToCPU RADIX-3 Dissemination Time: 2.156590e-03
0: MPIL CopyToCPU RADIX-4 Dissemination Time: 1.426228e-03
0: MPIL CopyToCPU RADIX-5 Dissemination Time: 1.520683e-03
0: MPIL CopyToCPU RADIX-6 Dissemination Time: 1.506777e-03
0: MPIL CopyToCPU RADIX-7 Dissemination Time: 1.519214e-03
0: MPIL CopyToCPU RADIX-8 Dissemination Time: 1.495213e-03
0: MPIL CopyToCPU RADIX-9 Dissemination Time: 1.580871e-03
0: MPIL CopyToCPU RADIX-10 Dissemination Time: 1.615102e-03
0: MPIL CopyToCPU RADIX-11 Dissemination Time: 1.667989e-03
0: MPIL CopyToCPU RADIX-12 Dissemination Time: 1.705883e-03
0: MPIL CopyToCPU RADIX-13 Dissemination Time: 1.770571e-03
0: MPIL CopyToCPU RADIX-14 Dissemination Time: 1.894459e-03
0: Testing Size 131072
0: PMPI Allreduce Time: 2.970821e-04
0: MPIL GPU-Aware Recursive Doubling Time: 2.966102e-04
0: MPIL GPU-Aware Node-Aware Dissemination Time: 1.255921e-02
0: MPIL GPU-Aware NUMA-Aware Dissemination Time: 7.394631e-03
0: CopyToCPU PMPI Allreduce Time: 3.286721e-03
0: MPIL CopyToCPU Recursive Doubling Time: 3.422358e-03
0: MPIL CopyToCPU Node-Aware Dissemination Time: 5.038384e-03
0: MPIL CopyToCPU NUMA-Aware Dissemination Time: 3.941730e-03
0: MPIL CopyToCPU RADIX-3 Dissemination Time: 4.002423e-03
0: MPIL CopyToCPU RADIX-4 Dissemination Time: 2.565072e-03
0: MPIL CopyToCPU RADIX-5 Dissemination Time: 2.724865e-03
0: MPIL CopyToCPU RADIX-6 Dissemination Time: 2.831744e-03
0: MPIL CopyToCPU RADIX-7 Dissemination Time: 2.851552e-03
0: MPIL CopyToCPU RADIX-8 Dissemination Time: 2.879948e-03
0: MPIL CopyToCPU RADIX-9 Dissemination Time: 2.922281e-03
0: MPIL CopyToCPU RADIX-10 Dissemination Time: 3.020469e-03
0: MPIL CopyToCPU RADIX-11 Dissemination Time: 3.066101e-03
0: MPIL CopyToCPU RADIX-12 Dissemination Time: 3.105336e-03
0: MPIL CopyToCPU RADIX-13 Dissemination Time: 3.249974e-03
0: MPIL CopyToCPU RADIX-14 Dissemination Time: 3.353730e-03
0: Testing Size 262144
0: PMPI Allreduce Time: 3.439945e-04
0: MPIL GPU-Aware Recursive Doubling Time: 3.426846e-04
0: MPIL GPU-Aware Node-Aware Dissemination Time: 1.670835e-02
0: MPIL GPU-Aware NUMA-Aware Dissemination Time: 1.357883e-02
0: CopyToCPU PMPI Allreduce Time: 6.469353e-03
0: MPIL CopyToCPU Recursive Doubling Time: 7.145094e-03
0: MPIL CopyToCPU Node-Aware Dissemination Time: 9.177145e-03
0: MPIL CopyToCPU NUMA-Aware Dissemination Time: 7.768149e-03
0: MPIL CopyToCPU RADIX-3 Dissemination Time: 7.543546e-03
0: MPIL CopyToCPU RADIX-4 Dissemination Time: 5.345765e-03
0: MPIL CopyToCPU RADIX-5 Dissemination Time: 5.417770e-03
0: MPIL CopyToCPU RADIX-6 Dissemination Time: 5.515211e-03
0: MPIL CopyToCPU RADIX-7 Dissemination Time: 5.581239e-03
0: MPIL CopyToCPU RADIX-8 Dissemination Time: 5.586772e-03
0: MPIL CopyToCPU RADIX-9 Dissemination Time: 5.860482e-03
0: MPIL CopyToCPU RADIX-10 Dissemination Time: 5.929852e-03
0: MPIL CopyToCPU RADIX-11 Dissemination Time: 6.138984e-03
0: MPIL CopyToCPU RADIX-12 Dissemination Time: 6.174282e-03
0: MPIL CopyToCPU RADIX-13 Dissemination Time: 6.370710e-03
0: MPIL CopyToCPU RADIX-14 Dissemination Time: 6.603970e-03
0: Testing Size 524288
0: PMPI Allreduce Time: 4.428470e-04
0: MPIL GPU-Aware Recursive Doubling Time: 4.440279e-04
0: MPIL GPU-Aware Node-Aware Dissemination Time: 2.632125e-02
0: MPIL GPU-Aware NUMA-Aware Dissemination Time: 2.518567e-02
0: CopyToCPU PMPI Allreduce Time: 1.316627e-02
0: MPIL CopyToCPU Recursive Doubling Time: 1.409281e-02
0: MPIL CopyToCPU Node-Aware Dissemination Time: 1.815567e-02
0: MPIL CopyToCPU NUMA-Aware Dissemination Time: 1.480702e-02
0: MPIL CopyToCPU RADIX-3 Dissemination Time: 1.406673e-02
0: MPIL CopyToCPU RADIX-4 Dissemination Time: 1.004609e-02
0: MPIL CopyToCPU RADIX-5 Dissemination Time: 1.086443e-02
0: MPIL CopyToCPU RADIX-6 Dissemination Time: 1.125893e-02
0: MPIL CopyToCPU RADIX-7 Dissemination Time: 1.144000e-02
0: MPIL CopyToCPU RADIX-8 Dissemination Time: 1.229382e-02
0: MPIL CopyToCPU RADIX-9 Dissemination Time: 1.307897e-02
0: MPIL CopyToCPU RADIX-10 Dissemination Time: 1.405844e-02
0: MPIL CopyToCPU RADIX-11 Dissemination Time: 1.482398e-02
0: MPIL CopyToCPU RADIX-12 Dissemination Time: 1.573604e-02
0: MPIL CopyToCPU RADIX-13 Dissemination Time: 1.722213e-02
0: MPIL CopyToCPU RADIX-14 Dissemination Time: 1.876519e-02
