0: Testing Size 1
0: PMPI Allreduce Time: 2.844947e-05
0: MPIL GPU-Aware Recursive Doubling Time: 2.772164e-05
0: MPIL GPU-Aware Node-Aware Dissemination Time: 6.223305e-05
0: MPIL GPU-Aware NUMA-Aware Dissemination Time: 7.916744e-05
0: CopyToCPU PMPI Allreduce Time: 2.747723e-05
0: MPIL CopyToCPU Recursive Doubling Time: 2.841908e-05
0: MPIL CopyToCPU Node-Aware Dissemination Time: 3.651054e-05
0: MPIL CopyToCPU NUMA-Aware Dissemination Time: 2.830893e-05
0: MPIL CopyToCPU RADIX-3 Dissemination Time: 3.030300e-05
0: MPIL CopyToCPU RADIX-4 Dissemination Time: 2.321847e-05
0: MPIL CopyToCPU RADIX-5 Dissemination Time: 2.894167e-05
0: MPIL CopyToCPU RADIX-6 Dissemination Time: 2.951203e-05
0: MPIL CopyToCPU RADIX-7 Dissemination Time: 3.027637e-05
0: MPIL CopyToCPU RADIX-8 Dissemination Time: 2.521743e-05
0: MPIL CopyToCPU RADIX-9 Dissemination Time: 3.342803e-05
0: MPIL CopyToCPU RADIX-10 Dissemination Time: 3.502120e-05
0: MPIL CopyToCPU RADIX-11 Dissemination Time: 3.983147e-05
0: MPIL CopyToCPU RADIX-12 Dissemination Time: 3.537213e-05
0: MPIL CopyToCPU RADIX-13 Dissemination Time: 3.708480e-05
0: MPIL CopyToCPU RADIX-14 Dissemination Time: 3.851592e-05
0: Testing Size 2
0: PMPI Allreduce Time: 2.793104e-05
0: MPIL GPU-Aware Recursive Doubling Time: 2.792671e-05
0: MPIL GPU-Aware Node-Aware Dissemination Time: 6.221512e-05
0: MPIL GPU-Aware NUMA-Aware Dissemination Time: 7.922080e-05
0: CopyToCPU PMPI Allreduce Time: 2.795994e-05
0: MPIL CopyToCPU Recursive Doubling Time: 2.872015e-05
0: MPIL CopyToCPU Node-Aware Dissemination Time: 3.685902e-05
0: MPIL CopyToCPU NUMA-Aware Dissemination Time: 2.881630e-05
0: MPIL CopyToCPU RADIX-3 Dissemination Time: 3.241426e-05
0: MPIL CopyToCPU RADIX-4 Dissemination Time: 2.395158e-05
0: MPIL CopyToCPU RADIX-5 Dissemination Time: 2.937459e-05
0: MPIL CopyToCPU RADIX-6 Dissemination Time: 2.955121e-05
0: MPIL CopyToCPU RADIX-7 Dissemination Time: 3.052081e-05
0: MPIL CopyToCPU RADIX-8 Dissemination Time: 2.499338e-05
0: MPIL CopyToCPU RADIX-9 Dissemination Time: 3.196973e-05
0: MPIL CopyToCPU RADIX-10 Dissemination Time: 3.260312e-05
0: MPIL CopyToCPU RADIX-11 Dissemination Time: 3.391378e-05
0: MPIL CopyToCPU RADIX-12 Dissemination Time: 3.306151e-05
0: MPIL CopyToCPU RADIX-13 Dissemination Time: 3.487494e-05
0: MPIL CopyToCPU RADIX-14 Dissemination Time: 3.632111e-05
0: Testing Size 4
0: PMPI Allreduce Time: 2.763815e-05
0: MPIL GPU-Aware Recursive Doubling Time: 2.770713e-05
0: MPIL GPU-Aware Node-Aware Dissemination Time: 6.145541e-05
0: MPIL GPU-Aware NUMA-Aware Dissemination Time: 7.776465e-05
0: CopyToCPU PMPI Allreduce Time: 2.743612e-05
0: MPIL CopyToCPU Recursive Doubling Time: 2.815308e-05
0: MPIL CopyToCPU Node-Aware Dissemination Time: 3.630740e-05
0: MPIL CopyToCPU NUMA-Aware Dissemination Time: 2.840199e-05
0: MPIL CopyToCPU RADIX-3 Dissemination Time: 3.087782e-05
0: MPIL CopyToCPU RADIX-4 Dissemination Time: 2.392252e-05
0: MPIL CopyToCPU RADIX-5 Dissemination Time: 2.915174e-05
0: MPIL CopyToCPU RADIX-6 Dissemination Time: 2.979447e-05
0: MPIL CopyToCPU RADIX-7 Dissemination Time: 3.033536e-05
0: MPIL CopyToCPU RADIX-8 Dissemination Time: 2.528952e-05
0: MPIL CopyToCPU RADIX-9 Dissemination Time: 3.214381e-05
0: MPIL CopyToCPU RADIX-10 Dissemination Time: 3.284009e-05
0: MPIL CopyToCPU RADIX-11 Dissemination Time: 3.423724e-05
0: MPIL CopyToCPU RADIX-12 Dissemination Time: 3.331086e-05
0: MPIL CopyToCPU RADIX-13 Dissemination Time: 3.528528e-05
0: MPIL CopyToCPU RADIX-14 Dissemination Time: 3.688095e-05
0: Testing Size 8
0: PMPI Allreduce Time: 2.776517e-05
0: MPIL GPU-Aware Recursive Doubling Time: 2.773296e-05
0: MPIL GPU-Aware Node-Aware Dissemination Time: 6.147324e-05
0: MPIL GPU-Aware NUMA-Aware Dissemination Time: 7.859955e-05
0: CopyToCPU PMPI Allreduce Time: 2.736484e-05
0: MPIL CopyToCPU Recursive Doubling Time: 2.985880e-05
0: MPIL CopyToCPU Node-Aware Dissemination Time: 3.630911e-05
0: MPIL CopyToCPU NUMA-Aware Dissemination Time: 2.929089e-05
0: MPIL CopyToCPU RADIX-3 Dissemination Time: 3.103952e-05
0: MPIL CopyToCPU RADIX-4 Dissemination Time: 2.526940e-05
0: MPIL CopyToCPU RADIX-5 Dissemination Time: 2.975937e-05
0: MPIL CopyToCPU RADIX-6 Dissemination Time: 3.054696e-05
0: MPIL CopyToCPU RADIX-7 Dissemination Time: 3.105608e-05
0: MPIL CopyToCPU RADIX-8 Dissemination Time: 2.638604e-05
0: MPIL CopyToCPU RADIX-9 Dissemination Time: 3.280101e-05
0: MPIL CopyToCPU RADIX-10 Dissemination Time: 3.379729e-05
0: MPIL CopyToCPU RADIX-11 Dissemination Time: 3.521263e-05
0: MPIL CopyToCPU RADIX-12 Dissemination Time: 3.478195e-05
0: MPIL CopyToCPU RADIX-13 Dissemination Time: 3.656234e-05
0: MPIL CopyToCPU RADIX-14 Dissemination Time: 3.816065e-05
0: Testing Size 16
0: PMPI Allreduce Time: 3.009120e-05
0: MPIL GPU-Aware Recursive Doubling Time: 3.010127e-05
0: MPIL GPU-Aware Node-Aware Dissemination Time: 6.446018e-05
0: MPIL GPU-Aware NUMA-Aware Dissemination Time: 8.019761e-05
0: CopyToCPU PMPI Allreduce Time: 2.954441e-05
0: MPIL CopyToCPU Recursive Doubling Time: 3.279558e-05
0: MPIL CopyToCPU Node-Aware Dissemination Time: 3.997231e-05
0: MPIL CopyToCPU NUMA-Aware Dissemination Time: 3.160636e-05
0: MPIL CopyToCPU RADIX-3 Dissemination Time: 3.268587e-05
0: MPIL CopyToCPU RADIX-4 Dissemination Time: 2.544452e-05
0: MPIL CopyToCPU RADIX-5 Dissemination Time: 3.110651e-05
0: MPIL CopyToCPU RADIX-6 Dissemination Time: 3.188719e-05
0: MPIL CopyToCPU RADIX-7 Dissemination Time: 3.244111e-05
0: MPIL CopyToCPU RADIX-8 Dissemination Time: 2.696967e-05
0: MPIL CopyToCPU RADIX-9 Dissemination Time: 3.423033e-05
0: MPIL CopyToCPU RADIX-10 Dissemination Time: 3.551536e-05
0: MPIL CopyToCPU RADIX-11 Dissemination Time: 3.690593e-05
0: MPIL CopyToCPU RADIX-12 Dissemination Time: 3.607582e-05
0: MPIL CopyToCPU RADIX-13 Dissemination Time: 3.762549e-05
0: MPIL CopyToCPU RADIX-14 Dissemination Time: 3.930330e-05
0: Testing Size 32
0: PMPI Allreduce Time: 4.572406e-05
0: MPIL GPU-Aware Recursive Doubling Time: 4.562851e-05
0: MPIL GPU-Aware Node-Aware Dissemination Time: 7.284326e-05
0: MPIL GPU-Aware NUMA-Aware Dissemination Time: 1.004452e-04
0: CopyToCPU PMPI Allreduce Time: 4.215238e-05
0: MPIL CopyToCPU Recursive Doubling Time: 4.573159e-05
0: MPIL CopyToCPU Node-Aware Dissemination Time: 4.868202e-05
0: MPIL CopyToCPU NUMA-Aware Dissemination Time: 5.233348e-05
0: MPIL CopyToCPU RADIX-3 Dissemination Time: 4.703742e-05
0: MPIL CopyToCPU RADIX-4 Dissemination Time: 3.477625e-05
0: MPIL CopyToCPU RADIX-5 Dissemination Time: 4.361528e-05
0: MPIL CopyToCPU RADIX-6 Dissemination Time: 3.943307e-05
0: MPIL CopyToCPU RADIX-7 Dissemination Time: 4.021746e-05
0: MPIL CopyToCPU RADIX-8 Dissemination Time: 3.378484e-05
0: MPIL CopyToCPU RADIX-9 Dissemination Time: 4.294976e-05
0: MPIL CopyToCPU RADIX-10 Dissemination Time: 4.322602e-05
0: MPIL CopyToCPU RADIX-11 Dissemination Time: 4.480966e-05
0: MPIL CopyToCPU RADIX-12 Dissemination Time: 3.972202e-05
0: MPIL CopyToCPU RADIX-13 Dissemination Time: 4.137827e-05
0: MPIL CopyToCPU RADIX-14 Dissemination Time: 4.245532e-05
0: Testing Size 64
0: PMPI Allreduce Time: 4.597426e-05
0: MPIL GPU-Aware Recursive Doubling Time: 4.599513e-05
0: MPIL GPU-Aware Node-Aware Dissemination Time: 7.673793e-05
0: MPIL GPU-Aware NUMA-Aware Dissemination Time: 1.011179e-04
0: CopyToCPU PMPI Allreduce Time: 4.500346e-05
0: MPIL CopyToCPU Recursive Doubling Time: 4.614669e-05
0: MPIL CopyToCPU Node-Aware Dissemination Time: 5.203406e-05
0: MPIL CopyToCPU NUMA-Aware Dissemination Time: 5.252544e-05
0: MPIL CopyToCPU RADIX-3 Dissemination Time: 4.791158e-05
0: MPIL CopyToCPU RADIX-4 Dissemination Time: 3.587864e-05
0: MPIL CopyToCPU RADIX-5 Dissemination Time: 4.433700e-05
0: MPIL CopyToCPU RADIX-6 Dissemination Time: 4.015179e-05
0: MPIL CopyToCPU RADIX-7 Dissemination Time: 4.104300e-05
0: MPIL CopyToCPU RADIX-8 Dissemination Time: 3.444822e-05
0: MPIL CopyToCPU RADIX-9 Dissemination Time: 4.369860e-05
0: MPIL CopyToCPU RADIX-10 Dissemination Time: 4.405727e-05
0: MPIL CopyToCPU RADIX-11 Dissemination Time: 4.569564e-05
0: MPIL CopyToCPU RADIX-12 Dissemination Time: 4.054711e-05
0: MPIL CopyToCPU RADIX-13 Dissemination Time: 4.245290e-05
0: MPIL CopyToCPU RADIX-14 Dissemination Time: 4.365703e-05
0: Testing Size 128
0: PMPI Allreduce Time: 5.549777e-05
0: MPIL GPU-Aware Recursive Doubling Time: 5.549292e-05
0: MPIL GPU-Aware Node-Aware Dissemination Time: 1.216539e-04
0: MPIL GPU-Aware NUMA-Aware Dissemination Time: 1.129120e-04
0: CopyToCPU PMPI Allreduce Time: 5.612845e-05
0: MPIL CopyToCPU Recursive Doubling Time: 5.792243e-05
0: MPIL CopyToCPU Node-Aware Dissemination Time: 9.492377e-05
0: MPIL CopyToCPU NUMA-Aware Dissemination Time: 5.753951e-05
0: MPIL CopyToCPU RADIX-3 Dissemination Time: 5.410837e-05
0: MPIL CopyToCPU RADIX-4 Dissemination Time: 4.237168e-05
0: MPIL CopyToCPU RADIX-5 Dissemination Time: 5.200014e-05
0: MPIL CopyToCPU RADIX-6 Dissemination Time: 4.801558e-05
0: MPIL CopyToCPU RADIX-7 Dissemination Time: 4.909277e-05
0: MPIL CopyToCPU RADIX-8 Dissemination Time: 4.231265e-05
0: MPIL CopyToCPU RADIX-9 Dissemination Time: 5.168134e-05
0: MPIL CopyToCPU RADIX-10 Dissemination Time: 5.380603e-05
0: MPIL CopyToCPU RADIX-11 Dissemination Time: 5.359788e-05
0: MPIL CopyToCPU RADIX-12 Dissemination Time: 5.086079e-05
0: MPIL CopyToCPU RADIX-13 Dissemination Time: 5.387213e-05
0: MPIL CopyToCPU RADIX-14 Dissemination Time: 5.529998e-05
0: Testing Size 256
0: PMPI Allreduce Time: 5.972587e-05
0: MPIL GPU-Aware Recursive Doubling Time: 5.980755e-05
0: MPIL GPU-Aware Node-Aware Dissemination Time: 1.442058e-04
0: MPIL GPU-Aware NUMA-Aware Dissemination Time: 1.195350e-04
0: CopyToCPU PMPI Allreduce Time: 6.287267e-05
0: MPIL CopyToCPU Recursive Doubling Time: 6.415442e-05
0: MPIL CopyToCPU Node-Aware Dissemination Time: 1.239337e-04
0: MPIL CopyToCPU NUMA-Aware Dissemination Time: 6.317102e-05
0: MPIL CopyToCPU RADIX-3 Dissemination Time: 5.906378e-05
0: MPIL CopyToCPU RADIX-4 Dissemination Time: 4.633119e-05
0: MPIL CopyToCPU RADIX-5 Dissemination Time: 5.370062e-05
0: MPIL CopyToCPU RADIX-6 Dissemination Time: 5.080931e-05
0: MPIL CopyToCPU RADIX-7 Dissemination Time: 5.164075e-05
0: MPIL CopyToCPU RADIX-8 Dissemination Time: 4.620510e-05
0: MPIL CopyToCPU RADIX-9 Dissemination Time: 5.540598e-05
0: MPIL CopyToCPU RADIX-10 Dissemination Time: 5.918485e-05
0: MPIL CopyToCPU RADIX-11 Dissemination Time: 6.196183e-05
0: MPIL CopyToCPU RADIX-12 Dissemination Time: 5.786558e-05
0: MPIL CopyToCPU RADIX-13 Dissemination Time: 6.218235e-05
0: MPIL CopyToCPU RADIX-14 Dissemination Time: 6.609277e-05
0: Testing Size 512
0: PMPI Allreduce Time: 6.785447e-05
0: MPIL GPU-Aware Recursive Doubling Time: 6.777245e-05
0: MPIL GPU-Aware Node-Aware Dissemination Time: 1.586324e-04
0: MPIL GPU-Aware NUMA-Aware Dissemination Time: 1.307458e-04
0: CopyToCPU PMPI Allreduce Time: 6.866735e-05
0: MPIL CopyToCPU Recursive Doubling Time: 7.131054e-05
0: MPIL CopyToCPU Node-Aware Dissemination Time: 1.399090e-04
0: MPIL CopyToCPU NUMA-Aware Dissemination Time: 7.209853e-05
0: MPIL CopyToCPU RADIX-3 Dissemination Time: 6.593026e-05
0: MPIL CopyToCPU RADIX-4 Dissemination Time: 5.159633e-05
0: MPIL CopyToCPU RADIX-5 Dissemination Time: 5.993576e-05
0: MPIL CopyToCPU RADIX-6 Dissemination Time: 5.678358e-05
0: MPIL CopyToCPU RADIX-7 Dissemination Time: 5.849979e-05
0: MPIL CopyToCPU RADIX-8 Dissemination Time: 5.224244e-05
0: MPIL CopyToCPU RADIX-9 Dissemination Time: 6.169867e-05
0: MPIL CopyToCPU RADIX-10 Dissemination Time: 6.341190e-05
0: MPIL CopyToCPU RADIX-11 Dissemination Time: 6.532362e-05
0: MPIL CopyToCPU RADIX-12 Dissemination Time: 6.341042e-05
0: MPIL CopyToCPU RADIX-13 Dissemination Time: 6.636067e-05
0: MPIL CopyToCPU RADIX-14 Dissemination Time: 6.923796e-05
0: Testing Size 1024
0: PMPI Allreduce Time: 1.062289e-04
0: MPIL GPU-Aware Recursive Doubling Time: 1.059341e-04
0: MPIL GPU-Aware Node-Aware Dissemination Time: 1.463128e-03
0: MPIL GPU-Aware NUMA-Aware Dissemination Time: 3.363948e-03
0: CopyToCPU PMPI Allreduce Time: 8.353662e-05
0: MPIL CopyToCPU Recursive Doubling Time: 8.896039e-05
0: MPIL CopyToCPU Node-Aware Dissemination Time: 1.835185e-04
0: MPIL CopyToCPU NUMA-Aware Dissemination Time: 9.045069e-05
0: MPIL CopyToCPU RADIX-3 Dissemination Time: 8.436930e-05
0: MPIL CopyToCPU RADIX-4 Dissemination Time: 6.438141e-05
0: MPIL CopyToCPU RADIX-5 Dissemination Time: 7.326422e-05
0: MPIL CopyToCPU RADIX-6 Dissemination Time: 7.043089e-05
0: MPIL CopyToCPU RADIX-7 Dissemination Time: 7.194019e-05
0: MPIL CopyToCPU RADIX-8 Dissemination Time: 6.679753e-05
0: MPIL CopyToCPU RADIX-9 Dissemination Time: 7.729203e-05
0: MPIL CopyToCPU RADIX-10 Dissemination Time: 8.018750e-05
0: MPIL CopyToCPU RADIX-11 Dissemination Time: 8.294735e-05
0: MPIL CopyToCPU RADIX-12 Dissemination Time: 8.303114e-05
0: MPIL CopyToCPU RADIX-13 Dissemination Time: 8.615341e-05
0: MPIL CopyToCPU RADIX-14 Dissemination Time: 9.115202e-05
0: Testing Size 2048
0: PMPI Allreduce Time: 2.331473e-04
0: MPIL GPU-Aware Recursive Doubling Time: 2.318664e-04
0: MPIL GPU-Aware Node-Aware Dissemination Time: 2.138890e-03
0: MPIL GPU-Aware NUMA-Aware Dissemination Time: 5.357413e-03
0: CopyToCPU PMPI Allreduce Time: 1.487206e-04
0: MPIL CopyToCPU Recursive Doubling Time: 1.225346e-04
0: MPIL CopyToCPU Node-Aware Dissemination Time: 2.970433e-04
0: MPIL CopyToCPU NUMA-Aware Dissemination Time: 1.290736e-04
0: MPIL CopyToCPU RADIX-3 Dissemination Time: 1.230811e-04
0: MPIL CopyToCPU RADIX-4 Dissemination Time: 9.029081e-05
0: MPIL CopyToCPU RADIX-5 Dissemination Time: 9.844492e-05
0: MPIL CopyToCPU RADIX-6 Dissemination Time: 1.023842e-04
0: MPIL CopyToCPU RADIX-7 Dissemination Time: 1.030542e-04
0: MPIL CopyToCPU RADIX-8 Dissemination Time: 9.698093e-05
0: MPIL CopyToCPU RADIX-9 Dissemination Time: 1.077228e-04
0: MPIL CopyToCPU RADIX-10 Dissemination Time: 1.158151e-04
0: MPIL CopyToCPU RADIX-11 Dissemination Time: 1.177152e-04
0: MPIL CopyToCPU RADIX-12 Dissemination Time: 1.171692e-04
0: MPIL CopyToCPU RADIX-13 Dissemination Time: 1.230772e-04
0: MPIL CopyToCPU RADIX-14 Dissemination Time: 1.290643e-04
0: Testing Size 4096
0: PMPI Allreduce Time: 2.308412e-04
0: MPIL GPU-Aware Recursive Doubling Time: 2.305405e-04
0: MPIL GPU-Aware Node-Aware Dissemination Time: 3.460943e-03
0: MPIL GPU-Aware NUMA-Aware Dissemination Time: 8.717847e-03
0: CopyToCPU PMPI Allreduce Time: 2.003333e-04
0: MPIL CopyToCPU Recursive Doubling Time: 2.298234e-04
0: MPIL CopyToCPU Node-Aware Dissemination Time: 5.047014e-04
0: MPIL CopyToCPU NUMA-Aware Dissemination Time: 2.384486e-04
0: MPIL CopyToCPU RADIX-3 Dissemination Time: 2.353161e-04
0: MPIL CopyToCPU RADIX-4 Dissemination Time: 1.660250e-04
0: MPIL CopyToCPU RADIX-5 Dissemination Time: 1.948387e-04
0: MPIL CopyToCPU RADIX-6 Dissemination Time: 1.896649e-04
0: MPIL CopyToCPU RADIX-7 Dissemination Time: 1.893199e-04
0: MPIL CopyToCPU RADIX-8 Dissemination Time: 1.755811e-04
0: MPIL CopyToCPU RADIX-9 Dissemination Time: 2.039520e-04
0: MPIL CopyToCPU RADIX-10 Dissemination Time: 2.104739e-04
0: MPIL CopyToCPU RADIX-11 Dissemination Time: 2.159471e-04
0: MPIL CopyToCPU RADIX-12 Dissemination Time: 2.127861e-04
0: MPIL CopyToCPU RADIX-13 Dissemination Time: 2.219161e-04
0: MPIL CopyToCPU RADIX-14 Dissemination Time: 2.310210e-04
0: Testing Size 8192
0: PMPI Allreduce Time: 2.379545e-04
0: MPIL GPU-Aware Recursive Doubling Time: 2.378658e-04
0: MPIL GPU-Aware Node-Aware Dissemination Time: 4.926321e-03
0: MPIL GPU-Aware NUMA-Aware Dissemination Time: 1.174939e-02
0: CopyToCPU PMPI Allreduce Time: 3.057226e-04
0: MPIL CopyToCPU Recursive Doubling Time: 3.570050e-04
0: MPIL CopyToCPU Node-Aware Dissemination Time: 8.722871e-04
0: MPIL CopyToCPU NUMA-Aware Dissemination Time: 3.773019e-04
0: MPIL CopyToCPU RADIX-3 Dissemination Time: 3.787418e-04
0: MPIL CopyToCPU RADIX-4 Dissemination Time: 2.668019e-04
0: MPIL CopyToCPU RADIX-5 Dissemination Time: 3.023709e-04
0: MPIL CopyToCPU RADIX-6 Dissemination Time: 3.150365e-04
0: MPIL CopyToCPU RADIX-7 Dissemination Time: 3.186798e-04
0: MPIL CopyToCPU RADIX-8 Dissemination Time: 3.003028e-04
0: MPIL CopyToCPU RADIX-9 Dissemination Time: 3.355851e-04
0: MPIL CopyToCPU RADIX-10 Dissemination Time: 3.480500e-04
0: MPIL CopyToCPU RADIX-11 Dissemination Time: 3.634734e-04
0: MPIL CopyToCPU RADIX-12 Dissemination Time: 3.641547e-04
0: MPIL CopyToCPU RADIX-13 Dissemination Time: 3.831759e-04
0: MPIL CopyToCPU RADIX-14 Dissemination Time: 3.976232e-04
0: Testing Size 16384
0: PMPI Allreduce Time: 2.443088e-04
0: MPIL GPU-Aware Recursive Doubling Time: 2.437318e-04
0: MPIL GPU-Aware Node-Aware Dissemination Time: 4.623805e-03
0: MPIL GPU-Aware NUMA-Aware Dissemination Time: 8.014012e-03
0: CopyToCPU PMPI Allreduce Time: 5.111705e-04
0: MPIL CopyToCPU Recursive Doubling Time: 6.265467e-04
0: MPIL CopyToCPU Node-Aware Dissemination Time: 1.521690e-03
0: MPIL CopyToCPU NUMA-Aware Dissemination Time: 6.587745e-04
0: MPIL CopyToCPU RADIX-3 Dissemination Time: 6.752873e-04
0: MPIL CopyToCPU RADIX-4 Dissemination Time: 4.720473e-04
0: MPIL CopyToCPU RADIX-5 Dissemination Time: 5.278316e-04
0: MPIL CopyToCPU RADIX-6 Dissemination Time: 5.503754e-04
0: MPIL CopyToCPU RADIX-7 Dissemination Time: 5.642819e-04
0: MPIL CopyToCPU RADIX-8 Dissemination Time: 5.502623e-04
0: MPIL CopyToCPU RADIX-9 Dissemination Time: 5.995535e-04
0: MPIL CopyToCPU RADIX-10 Dissemination Time: 6.364313e-04
0: MPIL CopyToCPU RADIX-11 Dissemination Time: 6.749669e-04
0: MPIL CopyToCPU RADIX-12 Dissemination Time: 6.519660e-04
0: MPIL CopyToCPU RADIX-13 Dissemination Time: 6.962583e-04
0: MPIL CopyToCPU RADIX-14 Dissemination Time: 7.319008e-04
0: Testing Size 32768
0: PMPI Allreduce Time: 2.694744e-04
0: MPIL GPU-Aware Recursive Doubling Time: 2.684195e-04
0: MPIL GPU-Aware Node-Aware Dissemination Time: 1.976007e-02
0: MPIL GPU-Aware NUMA-Aware Dissemination Time: 9.681036e-03
0: CopyToCPU PMPI Allreduce Time: 9.001140e-04
0: MPIL CopyToCPU Recursive Doubling Time: 1.117505e-03
0: MPIL CopyToCPU Node-Aware Dissemination Time: 2.871857e-03
0: MPIL CopyToCPU NUMA-Aware Dissemination Time: 1.191217e-03
0: MPIL CopyToCPU RADIX-3 Dissemination Time: 1.254743e-03
0: MPIL CopyToCPU RADIX-4 Dissemination Time: 8.903780e-04
0: MPIL CopyToCPU RADIX-5 Dissemination Time: 9.705272e-04
0: MPIL CopyToCPU RADIX-6 Dissemination Time: 1.042887e-03
0: MPIL CopyToCPU RADIX-7 Dissemination Time: 1.061227e-03
0: MPIL CopyToCPU RADIX-8 Dissemination Time: 1.057914e-03
0: MPIL CopyToCPU RADIX-9 Dissemination Time: 1.123461e-03
0: MPIL CopyToCPU RADIX-10 Dissemination Time: 1.241730e-03
0: MPIL CopyToCPU RADIX-11 Dissemination Time: 1.250193e-03
0: MPIL CopyToCPU RADIX-12 Dissemination Time: 1.252470e-03
0: MPIL CopyToCPU RADIX-13 Dissemination Time: 1.321054e-03
0: MPIL CopyToCPU RADIX-14 Dissemination Time: 1.380231e-03
0: Testing Size 65536
0: PMPI Allreduce Time: 3.018238e-04
0: MPIL GPU-Aware Recursive Doubling Time: 3.007072e-04
0: MPIL GPU-Aware Node-Aware Dissemination Time: 2.294517e-02
0: MPIL GPU-Aware NUMA-Aware Dissemination Time: 9.278753e-03
0: CopyToCPU PMPI Allreduce Time: 1.681683e-03
0: MPIL CopyToCPU Recursive Doubling Time: 2.159958e-03
0: MPIL CopyToCPU Node-Aware Dissemination Time: 5.225675e-03
0: MPIL CopyToCPU NUMA-Aware Dissemination Time: 2.293978e-03
0: MPIL CopyToCPU RADIX-3 Dissemination Time: 2.425955e-03
0: MPIL CopyToCPU RADIX-4 Dissemination Time: 1.826031e-03
0: MPIL CopyToCPU RADIX-5 Dissemination Time: 1.863955e-03
0: MPIL CopyToCPU RADIX-6 Dissemination Time: 1.923832e-03
0: MPIL CopyToCPU RADIX-7 Dissemination Time: 1.975601e-03
0: MPIL CopyToCPU RADIX-8 Dissemination Time: 1.929706e-03
0: MPIL CopyToCPU RADIX-9 Dissemination Time: 2.072131e-03
0: MPIL CopyToCPU RADIX-10 Dissemination Time: 2.152556e-03
0: MPIL CopyToCPU RADIX-11 Dissemination Time: 2.263759e-03
0: MPIL CopyToCPU RADIX-12 Dissemination Time: 2.333812e-03
0: MPIL CopyToCPU RADIX-13 Dissemination Time: 2.472619e-03
0: MPIL CopyToCPU RADIX-14 Dissemination Time: 2.567197e-03
0: Testing Size 131072
0: PMPI Allreduce Time: 3.592823e-04
0: MPIL GPU-Aware Recursive Doubling Time: 3.578121e-04
0: MPIL GPU-Aware Node-Aware Dissemination Time: 2.741514e-02
0: MPIL GPU-Aware NUMA-Aware Dissemination Time: 1.452252e-02
0: CopyToCPU PMPI Allreduce Time: 3.737854e-03
0: MPIL CopyToCPU Recursive Doubling Time: 3.817161e-03
0: MPIL CopyToCPU Node-Aware Dissemination Time: 8.142685e-03
0: MPIL CopyToCPU NUMA-Aware Dissemination Time: 4.345555e-03
0: MPIL CopyToCPU RADIX-3 Dissemination Time: 4.641956e-03
0: MPIL CopyToCPU RADIX-4 Dissemination Time: 3.154261e-03
0: MPIL CopyToCPU RADIX-5 Dissemination Time: 3.308914e-03
0: MPIL CopyToCPU RADIX-6 Dissemination Time: 3.538144e-03
0: MPIL CopyToCPU RADIX-7 Dissemination Time: 3.615457e-03
0: MPIL CopyToCPU RADIX-8 Dissemination Time: 3.678372e-03
0: MPIL CopyToCPU RADIX-9 Dissemination Time: 3.791894e-03
0: MPIL CopyToCPU RADIX-10 Dissemination Time: 3.973528e-03
0: MPIL CopyToCPU RADIX-11 Dissemination Time: 4.151992e-03
0: MPIL CopyToCPU RADIX-12 Dissemination Time: 4.410073e-03
0: MPIL CopyToCPU RADIX-13 Dissemination Time: 4.567803e-03
0: MPIL CopyToCPU RADIX-14 Dissemination Time: 4.746838e-03
0: Testing Size 262144
0: PMPI Allreduce Time: 4.136057e-04
0: MPIL GPU-Aware Recursive Doubling Time: 4.131866e-04
0: MPIL GPU-Aware Node-Aware Dissemination Time: 3.584603e-02
0: MPIL GPU-Aware NUMA-Aware Dissemination Time: 2.276009e-02
0: CopyToCPU PMPI Allreduce Time: 6.636001e-03
0: MPIL CopyToCPU Recursive Doubling Time: 7.725362e-03
0: MPIL CopyToCPU Node-Aware Dissemination Time: 1.268537e-02
0: MPIL CopyToCPU NUMA-Aware Dissemination Time: 8.553567e-03
0: MPIL CopyToCPU RADIX-3 Dissemination Time: 8.688234e-03
0: MPIL CopyToCPU RADIX-4 Dissemination Time: 6.267668e-03
0: MPIL CopyToCPU RADIX-5 Dissemination Time: 6.484734e-03
0: MPIL CopyToCPU RADIX-6 Dissemination Time: 7.157613e-03
0: MPIL CopyToCPU RADIX-7 Dissemination Time: 7.096772e-03
0: MPIL CopyToCPU RADIX-8 Dissemination Time: 7.294276e-03
0: MPIL CopyToCPU RADIX-9 Dissemination Time: 7.526044e-03
0: MPIL CopyToCPU RADIX-10 Dissemination Time: 7.830408e-03
0: MPIL CopyToCPU RADIX-11 Dissemination Time: 8.238355e-03
0: MPIL CopyToCPU RADIX-12 Dissemination Time: 8.759458e-03
0: MPIL CopyToCPU RADIX-13 Dissemination Time: 9.129315e-03
0: MPIL CopyToCPU RADIX-14 Dissemination Time: 9.478425e-03
0: Testing Size 524288
0: PMPI Allreduce Time: 5.298820e-04
0: MPIL GPU-Aware Recursive Doubling Time: 5.295816e-04
0: MPIL GPU-Aware Node-Aware Dissemination Time: 5.580729e-02
0: MPIL GPU-Aware NUMA-Aware Dissemination Time: 4.175577e-02
0: CopyToCPU PMPI Allreduce Time: 1.387803e-02
0: MPIL CopyToCPU Recursive Doubling Time: 1.553745e-02
0: MPIL CopyToCPU Node-Aware Dissemination Time: 3.042284e-02
0: MPIL CopyToCPU NUMA-Aware Dissemination Time: 1.624398e-02
0: MPIL CopyToCPU RADIX-3 Dissemination Time: 1.692216e-02
0: MPIL CopyToCPU RADIX-4 Dissemination Time: 1.234541e-02
0: MPIL CopyToCPU RADIX-5 Dissemination Time: 1.286219e-02
0: MPIL CopyToCPU RADIX-6 Dissemination Time: 1.409050e-02
0: MPIL CopyToCPU RADIX-7 Dissemination Time: 1.429324e-02
0: MPIL CopyToCPU RADIX-8 Dissemination Time: 1.678444e-02
0: MPIL CopyToCPU RADIX-9 Dissemination Time: 1.757667e-02
0: MPIL CopyToCPU RADIX-10 Dissemination Time: 1.939373e-02
0: MPIL CopyToCPU RADIX-11 Dissemination Time: 2.052043e-02
0: MPIL CopyToCPU RADIX-12 Dissemination Time: 2.200431e-02
0: MPIL CopyToCPU RADIX-13 Dissemination Time: 2.363407e-02
0: MPIL CopyToCPU RADIX-14 Dissemination Time: 2.521021e-02
