0: Testing Size 1
0: PMPI Allreduce Time: 8.495309e-06
0: MPIL GPU-Aware Recursive Doubling Time: 8.489265e-06
0: MPIL GPU-Aware Node-Aware Dissemination Time: 1.654112e-05
0: MPIL GPU-Aware NUMA-Aware Dissemination Time: 2.816284e-05
0: CopyToCPU PMPI Allreduce Time: 8.626041e-06
0: MPIL CopyToCPU Recursive Doubling Time: 9.018645e-06
0: MPIL CopyToCPU Node-Aware Dissemination Time: 1.068252e-05
0: MPIL CopyToCPU NUMA-Aware Dissemination Time: 9.877622e-06
0: MPIL CopyToCPU RADIX-3 Dissemination Time: 1.345111e-05
0: MPIL CopyToCPU RADIX-4 Dissemination Time: 1.063107e-05
0: MPIL CopyToCPU RADIX-5 Dissemination Time: 1.419914e-05
0: MPIL CopyToCPU RADIX-6 Dissemination Time: 1.414477e-05
0: MPIL CopyToCPU RADIX-7 Dissemination Time: 1.450130e-05
0: MPIL CopyToCPU RADIX-8 Dissemination Time: 1.071958e-05
0: MPIL CopyToCPU RADIX-9 Dissemination Time: 1.072244e-05
0: MPIL CopyToCPU RADIX-10 Dissemination Time: 1.074168e-05
0: MPIL CopyToCPU RADIX-11 Dissemination Time: 1.074895e-05
0: MPIL CopyToCPU RADIX-12 Dissemination Time: 1.074446e-05
0: MPIL CopyToCPU RADIX-13 Dissemination Time: 1.078741e-05
0: MPIL CopyToCPU RADIX-14 Dissemination Time: 1.080401e-05
0: Testing Size 2
0: PMPI Allreduce Time: 9.145609e-06
0: MPIL GPU-Aware Recursive Doubling Time: 9.112216e-06
0: MPIL GPU-Aware Node-Aware Dissemination Time: 1.675361e-05
0: MPIL GPU-Aware NUMA-Aware Dissemination Time: 2.802473e-05
0: CopyToCPU PMPI Allreduce Time: 8.615906e-06
0: MPIL CopyToCPU Recursive Doubling Time: 8.976374e-06
0: MPIL CopyToCPU Node-Aware Dissemination Time: 1.056976e-05
0: MPIL CopyToCPU NUMA-Aware Dissemination Time: 9.807901e-06
0: MPIL CopyToCPU RADIX-3 Dissemination Time: 1.349592e-05
0: MPIL CopyToCPU RADIX-4 Dissemination Time: 1.065889e-05
0: MPIL CopyToCPU RADIX-5 Dissemination Time: 1.409082e-05
0: MPIL CopyToCPU RADIX-6 Dissemination Time: 1.435621e-05
0: MPIL CopyToCPU RADIX-7 Dissemination Time: 1.469454e-05
0: MPIL CopyToCPU RADIX-8 Dissemination Time: 1.084548e-05
0: MPIL CopyToCPU RADIX-9 Dissemination Time: 1.084404e-05
0: MPIL CopyToCPU RADIX-10 Dissemination Time: 1.084212e-05
0: MPIL CopyToCPU RADIX-11 Dissemination Time: 1.080705e-05
0: MPIL CopyToCPU RADIX-12 Dissemination Time: 1.086000e-05
0: MPIL CopyToCPU RADIX-13 Dissemination Time: 1.086738e-05
0: MPIL CopyToCPU RADIX-14 Dissemination Time: 1.088465e-05
0: Testing Size 4
0: PMPI Allreduce Time: 8.723729e-06
0: MPIL GPU-Aware Recursive Doubling Time: 8.705545e-06
0: MPIL GPU-Aware Node-Aware Dissemination Time: 1.660119e-05
0: MPIL GPU-Aware NUMA-Aware Dissemination Time: 2.816672e-05
0: CopyToCPU PMPI Allreduce Time: 8.722558e-06
0: MPIL CopyToCPU Recursive Doubling Time: 9.017993e-06
0: MPIL CopyToCPU Node-Aware Dissemination Time: 1.081819e-05
0: MPIL CopyToCPU NUMA-Aware Dissemination Time: 9.963585e-06
0: MPIL CopyToCPU RADIX-3 Dissemination Time: 1.371456e-05
0: MPIL CopyToCPU RADIX-4 Dissemination Time: 1.082472e-05
0: MPIL CopyToCPU RADIX-5 Dissemination Time: 1.407918e-05
0: MPIL CopyToCPU RADIX-6 Dissemination Time: 1.436189e-05
0: MPIL CopyToCPU RADIX-7 Dissemination Time: 1.480474e-05
0: MPIL CopyToCPU RADIX-8 Dissemination Time: 1.084894e-05
0: MPIL CopyToCPU RADIX-9 Dissemination Time: 1.090650e-05
0: MPIL CopyToCPU RADIX-10 Dissemination Time: 1.094364e-05
0: MPIL CopyToCPU RADIX-11 Dissemination Time: 1.091042e-05
0: MPIL CopyToCPU RADIX-12 Dissemination Time: 1.093896e-05
0: MPIL CopyToCPU RADIX-13 Dissemination Time: 1.098033e-05
0: MPIL CopyToCPU RADIX-14 Dissemination Time: 1.100275e-05
0: Testing Size 8
0: PMPI Allreduce Time: 8.857859e-06
0: MPIL GPU-Aware Recursive Doubling Time: 8.798680e-06
0: MPIL GPU-Aware Node-Aware Dissemination Time: 1.699761e-05
0: MPIL GPU-Aware NUMA-Aware Dissemination Time: 2.899953e-05
0: CopyToCPU PMPI Allreduce Time: 8.726361e-06
0: MPIL CopyToCPU Recursive Doubling Time: 1.061032e-05
0: MPIL CopyToCPU Node-Aware Dissemination Time: 1.091177e-05
0: MPIL CopyToCPU NUMA-Aware Dissemination Time: 1.112658e-05
0: MPIL CopyToCPU RADIX-3 Dissemination Time: 1.408032e-05
0: MPIL CopyToCPU RADIX-4 Dissemination Time: 1.162846e-05
0: MPIL CopyToCPU RADIX-5 Dissemination Time: 1.548805e-05
0: MPIL CopyToCPU RADIX-6 Dissemination Time: 1.550593e-05
0: MPIL CopyToCPU RADIX-7 Dissemination Time: 1.557062e-05
0: MPIL CopyToCPU RADIX-8 Dissemination Time: 1.238793e-05
0: MPIL CopyToCPU RADIX-9 Dissemination Time: 1.252932e-05
0: MPIL CopyToCPU RADIX-10 Dissemination Time: 1.246978e-05
0: MPIL CopyToCPU RADIX-11 Dissemination Time: 1.251979e-05
0: MPIL CopyToCPU RADIX-12 Dissemination Time: 1.252484e-05
0: MPIL CopyToCPU RADIX-13 Dissemination Time: 1.253907e-05
0: MPIL CopyToCPU RADIX-14 Dissemination Time: 1.257291e-05
0: Testing Size 16
0: PMPI Allreduce Time: 9.429371e-06
0: MPIL GPU-Aware Recursive Doubling Time: 9.469924e-06
0: MPIL GPU-Aware Node-Aware Dissemination Time: 1.781782e-05
0: MPIL GPU-Aware NUMA-Aware Dissemination Time: 2.955642e-05
0: CopyToCPU PMPI Allreduce Time: 9.243072e-06
0: MPIL CopyToCPU Recursive Doubling Time: 1.124876e-05
0: MPIL CopyToCPU Node-Aware Dissemination Time: 1.165745e-05
0: MPIL CopyToCPU NUMA-Aware Dissemination Time: 1.125992e-05
0: MPIL CopyToCPU RADIX-3 Dissemination Time: 1.510647e-05
0: MPIL CopyToCPU RADIX-4 Dissemination Time: 1.218927e-05
0: MPIL CopyToCPU RADIX-5 Dissemination Time: 1.644539e-05
0: MPIL CopyToCPU RADIX-6 Dissemination Time: 1.643937e-05
0: MPIL CopyToCPU RADIX-7 Dissemination Time: 1.642253e-05
0: MPIL CopyToCPU RADIX-8 Dissemination Time: 1.256949e-05
0: MPIL CopyToCPU RADIX-9 Dissemination Time: 1.271538e-05
0: MPIL CopyToCPU RADIX-10 Dissemination Time: 1.277383e-05
0: MPIL CopyToCPU RADIX-11 Dissemination Time: 1.278386e-05
0: MPIL CopyToCPU RADIX-12 Dissemination Time: 1.281102e-05
0: MPIL CopyToCPU RADIX-13 Dissemination Time: 1.281306e-05
0: MPIL CopyToCPU RADIX-14 Dissemination Time: 1.281161e-05
0: Testing Size 32
0: PMPI Allreduce Time: 1.268348e-05
0: MPIL GPU-Aware Recursive Doubling Time: 1.258018e-05
0: MPIL GPU-Aware Node-Aware Dissemination Time: 2.351751e-05
0: MPIL GPU-Aware NUMA-Aware Dissemination Time: 3.501120e-05
0: CopyToCPU PMPI Allreduce Time: 1.197198e-05
0: MPIL CopyToCPU Recursive Doubling Time: 1.283749e-05
0: MPIL CopyToCPU Node-Aware Dissemination Time: 1.436225e-05
0: MPIL CopyToCPU NUMA-Aware Dissemination Time: 1.851861e-05
0: MPIL CopyToCPU RADIX-3 Dissemination Time: 2.227909e-05
0: MPIL CopyToCPU RADIX-4 Dissemination Time: 1.624917e-05
0: MPIL CopyToCPU RADIX-5 Dissemination Time: 1.976887e-05
0: MPIL CopyToCPU RADIX-6 Dissemination Time: 1.742877e-05
0: MPIL CopyToCPU RADIX-7 Dissemination Time: 1.731991e-05
0: MPIL CopyToCPU RADIX-8 Dissemination Time: 1.613071e-05
0: MPIL CopyToCPU RADIX-9 Dissemination Time: 1.612340e-05
0: MPIL CopyToCPU RADIX-10 Dissemination Time: 1.611210e-05
0: MPIL CopyToCPU RADIX-11 Dissemination Time: 1.611578e-05
0: MPIL CopyToCPU RADIX-12 Dissemination Time: 1.612057e-05
0: MPIL CopyToCPU RADIX-13 Dissemination Time: 1.609364e-05
0: MPIL CopyToCPU RADIX-14 Dissemination Time: 1.612833e-05
0: Testing Size 64
0: PMPI Allreduce Time: 1.275190e-05
0: MPIL GPU-Aware Recursive Doubling Time: 1.275093e-05
0: MPIL GPU-Aware Node-Aware Dissemination Time: 2.392592e-05
0: MPIL GPU-Aware NUMA-Aware Dissemination Time: 3.526232e-05
0: CopyToCPU PMPI Allreduce Time: 1.213891e-05
0: MPIL CopyToCPU Recursive Doubling Time: 1.310151e-05
0: MPIL CopyToCPU Node-Aware Dissemination Time: 1.746048e-05
0: MPIL CopyToCPU NUMA-Aware Dissemination Time: 1.882983e-05
0: MPIL CopyToCPU RADIX-3 Dissemination Time: 2.263424e-05
0: MPIL CopyToCPU RADIX-4 Dissemination Time: 1.688393e-05
0: MPIL CopyToCPU RADIX-5 Dissemination Time: 1.996241e-05
0: MPIL CopyToCPU RADIX-6 Dissemination Time: 1.762651e-05
0: MPIL CopyToCPU RADIX-7 Dissemination Time: 1.757614e-05
0: MPIL CopyToCPU RADIX-8 Dissemination Time: 1.646941e-05
0: MPIL CopyToCPU RADIX-9 Dissemination Time: 1.648569e-05
0: MPIL CopyToCPU RADIX-10 Dissemination Time: 1.647844e-05
0: MPIL CopyToCPU RADIX-11 Dissemination Time: 1.647439e-05
0: MPIL CopyToCPU RADIX-12 Dissemination Time: 1.648454e-05
0: MPIL CopyToCPU RADIX-13 Dissemination Time: 1.657326e-05
0: MPIL CopyToCPU RADIX-14 Dissemination Time: 1.654735e-05
0: Testing Size 128
0: PMPI Allreduce Time: 1.948465e-05
0: MPIL GPU-Aware Recursive Doubling Time: 1.946607e-05
0: MPIL GPU-Aware Node-Aware Dissemination Time: 4.107551e-05
0: MPIL GPU-Aware NUMA-Aware Dissemination Time: 4.387563e-05
0: CopyToCPU PMPI Allreduce Time: 2.030953e-05
