0: Testing Size 1
0: PMPI Allreduce Time: 1.250884e-05
0: MPIL GPU-Aware Recursive Doubling Time: 1.241371e-05
0: MPIL GPU-Aware Node-Aware Dissemination Time: 2.003439e-05
0: MPIL GPU-Aware NUMA-Aware Dissemination Time: 3.924674e-05
0: CopyToCPU PMPI Allreduce Time: 1.280888e-05
0: MPIL CopyToCPU Recursive Doubling Time: 1.308097e-05
0: MPIL CopyToCPU Node-Aware Dissemination Time: 1.383567e-05
0: MPIL CopyToCPU NUMA-Aware Dissemination Time: 1.404075e-05
0: MPIL CopyToCPU RADIX-3 Dissemination Time: 1.645575e-05
0: MPIL CopyToCPU RADIX-4 Dissemination Time: 1.242980e-05
0: MPIL CopyToCPU RADIX-5 Dissemination Time: 1.541163e-05
0: MPIL CopyToCPU RADIX-6 Dissemination Time: 1.809737e-05
0: MPIL CopyToCPU RADIX-7 Dissemination Time: 1.710829e-05
0: MPIL CopyToCPU RADIX-8 Dissemination Time: 1.471451e-05
0: MPIL CopyToCPU RADIX-9 Dissemination Time: 1.828520e-05
0: MPIL CopyToCPU RADIX-10 Dissemination Time: 1.908479e-05
0: MPIL CopyToCPU RADIX-11 Dissemination Time: 1.985038e-05
0: MPIL CopyToCPU RADIX-12 Dissemination Time: 2.079401e-05
0: MPIL CopyToCPU RADIX-13 Dissemination Time: 2.127584e-05
0: MPIL CopyToCPU RADIX-14 Dissemination Time: 2.112792e-05
0: Testing Size 2
0: PMPI Allreduce Time: 1.274324e-05
0: MPIL GPU-Aware Recursive Doubling Time: 1.270422e-05
0: MPIL GPU-Aware Node-Aware Dissemination Time: 1.964511e-05
0: MPIL GPU-Aware NUMA-Aware Dissemination Time: 3.914534e-05
0: CopyToCPU PMPI Allreduce Time: 1.262126e-05
0: MPIL CopyToCPU Recursive Doubling Time: 1.290897e-05
0: MPIL CopyToCPU Node-Aware Dissemination Time: 1.358461e-05
0: MPIL CopyToCPU NUMA-Aware Dissemination Time: 1.404401e-05
0: MPIL CopyToCPU RADIX-3 Dissemination Time: 1.664974e-05
0: MPIL CopyToCPU RADIX-4 Dissemination Time: 1.248815e-05
0: MPIL CopyToCPU RADIX-5 Dissemination Time: 1.551931e-05
0: MPIL CopyToCPU RADIX-6 Dissemination Time: 1.807887e-05
0: MPIL CopyToCPU RADIX-7 Dissemination Time: 1.721238e-05
0: MPIL CopyToCPU RADIX-8 Dissemination Time: 1.473438e-05
0: MPIL CopyToCPU RADIX-9 Dissemination Time: 1.844292e-05
0: MPIL CopyToCPU RADIX-10 Dissemination Time: 1.911659e-05
0: MPIL CopyToCPU RADIX-11 Dissemination Time: 2.003994e-05
0: MPIL CopyToCPU RADIX-12 Dissemination Time: 2.100461e-05
0: MPIL CopyToCPU RADIX-13 Dissemination Time: 2.147434e-05
0: MPIL CopyToCPU RADIX-14 Dissemination Time: 2.129293e-05
0: Testing Size 4
0: PMPI Allreduce Time: 1.302613e-05
0: MPIL GPU-Aware Recursive Doubling Time: 1.293810e-05
0: MPIL GPU-Aware Node-Aware Dissemination Time: 1.994599e-05
0: MPIL GPU-Aware NUMA-Aware Dissemination Time: 3.906372e-05
0: CopyToCPU PMPI Allreduce Time: 1.260092e-05
0: MPIL CopyToCPU Recursive Doubling Time: 1.295412e-05
0: MPIL CopyToCPU Node-Aware Dissemination Time: 1.381961e-05
0: MPIL CopyToCPU NUMA-Aware Dissemination Time: 1.400684e-05
0: MPIL CopyToCPU RADIX-3 Dissemination Time: 1.660324e-05
0: MPIL CopyToCPU RADIX-4 Dissemination Time: 1.256782e-05
0: MPIL CopyToCPU RADIX-5 Dissemination Time: 1.567230e-05
0: MPIL CopyToCPU RADIX-6 Dissemination Time: 1.813175e-05
0: MPIL CopyToCPU RADIX-7 Dissemination Time: 1.716028e-05
0: MPIL CopyToCPU RADIX-8 Dissemination Time: 1.482116e-05
0: MPIL CopyToCPU RADIX-9 Dissemination Time: 1.839232e-05
0: MPIL CopyToCPU RADIX-10 Dissemination Time: 1.927877e-05
0: MPIL CopyToCPU RADIX-11 Dissemination Time: 2.021375e-05
0: MPIL CopyToCPU RADIX-12 Dissemination Time: 2.095713e-05
0: MPIL CopyToCPU RADIX-13 Dissemination Time: 2.169602e-05
0: MPIL CopyToCPU RADIX-14 Dissemination Time: 2.132748e-05
0: Testing Size 8
0: PMPI Allreduce Time: 1.295673e-05
0: MPIL GPU-Aware Recursive Doubling Time: 1.296410e-05
0: MPIL GPU-Aware Node-Aware Dissemination Time: 1.986577e-05
0: MPIL GPU-Aware NUMA-Aware Dissemination Time: 3.997656e-05
0: CopyToCPU PMPI Allreduce Time: 1.261266e-05
0: MPIL CopyToCPU Recursive Doubling Time: 1.473953e-05
0: MPIL CopyToCPU Node-Aware Dissemination Time: 1.371361e-05
0: MPIL CopyToCPU NUMA-Aware Dissemination Time: 1.512380e-05
0: MPIL CopyToCPU RADIX-3 Dissemination Time: 1.738646e-05
0: MPIL CopyToCPU RADIX-4 Dissemination Time: 1.356512e-05
0: MPIL CopyToCPU RADIX-5 Dissemination Time: 1.632100e-05
0: MPIL CopyToCPU RADIX-6 Dissemination Time: 1.900368e-05
0: MPIL CopyToCPU RADIX-7 Dissemination Time: 1.779992e-05
0: MPIL CopyToCPU RADIX-8 Dissemination Time: 1.559684e-05
0: MPIL CopyToCPU RADIX-9 Dissemination Time: 1.963485e-05
0: MPIL CopyToCPU RADIX-10 Dissemination Time: 2.073342e-05
0: MPIL CopyToCPU RADIX-11 Dissemination Time: 2.166370e-05
0: MPIL CopyToCPU RADIX-12 Dissemination Time: 2.237893e-05
0: MPIL CopyToCPU RADIX-13 Dissemination Time: 2.340976e-05
0: MPIL CopyToCPU RADIX-14 Dissemination Time: 2.340005e-05
0: Testing Size 16
0: PMPI Allreduce Time: 1.362615e-05
0: MPIL GPU-Aware Recursive Doubling Time: 1.357124e-05
0: MPIL GPU-Aware Node-Aware Dissemination Time: 2.040263e-05
0: MPIL GPU-Aware NUMA-Aware Dissemination Time: 4.056458e-05
0: CopyToCPU PMPI Allreduce Time: 1.338021e-05
0: MPIL CopyToCPU Recursive Doubling Time: 1.561884e-05
0: MPIL CopyToCPU Node-Aware Dissemination Time: 1.457927e-05
0: MPIL CopyToCPU NUMA-Aware Dissemination Time: 1.560590e-05
0: MPIL CopyToCPU RADIX-3 Dissemination Time: 1.855187e-05
0: MPIL CopyToCPU RADIX-4 Dissemination Time: 1.394855e-05
0: MPIL CopyToCPU RADIX-5 Dissemination Time: 1.676182e-05
0: MPIL CopyToCPU RADIX-6 Dissemination Time: 1.978896e-05
0: MPIL CopyToCPU RADIX-7 Dissemination Time: 1.871626e-05
0: MPIL CopyToCPU RADIX-8 Dissemination Time: 1.627103e-05
0: MPIL CopyToCPU RADIX-9 Dissemination Time: 2.105059e-05
0: MPIL CopyToCPU RADIX-10 Dissemination Time: 2.202432e-05
0: MPIL CopyToCPU RADIX-11 Dissemination Time: 2.286928e-05
0: MPIL CopyToCPU RADIX-12 Dissemination Time: 2.376884e-05
0: MPIL CopyToCPU RADIX-13 Dissemination Time: 2.433613e-05
0: MPIL CopyToCPU RADIX-14 Dissemination Time: 2.428726e-05
0: Testing Size 32
0: PMPI Allreduce Time: 1.940205e-05
0: MPIL GPU-Aware Recursive Doubling Time: 1.929719e-05
0: MPIL GPU-Aware Node-Aware Dissemination Time: 2.490302e-05
0: MPIL GPU-Aware NUMA-Aware Dissemination Time: 4.790373e-05
0: CopyToCPU PMPI Allreduce Time: 1.778608e-05
0: MPIL CopyToCPU Recursive Doubling Time: 1.944748e-05
0: MPIL CopyToCPU Node-Aware Dissemination Time: 1.711320e-05
0: MPIL CopyToCPU NUMA-Aware Dissemination Time: 2.555263e-05
0: MPIL CopyToCPU RADIX-3 Dissemination Time: 2.232284e-05
0: MPIL CopyToCPU RADIX-4 Dissemination Time: 1.885579e-05
0: MPIL CopyToCPU RADIX-5 Dissemination Time: 2.371391e-05
0: MPIL CopyToCPU RADIX-6 Dissemination Time: 2.712129e-05
0: MPIL CopyToCPU RADIX-7 Dissemination Time: 2.684153e-05
0: MPIL CopyToCPU RADIX-8 Dissemination Time: 2.049210e-05
0: MPIL CopyToCPU RADIX-9 Dissemination Time: 2.268959e-05
0: MPIL CopyToCPU RADIX-10 Dissemination Time: 2.404544e-05
0: MPIL CopyToCPU RADIX-11 Dissemination Time: 2.462305e-05
0: MPIL CopyToCPU RADIX-12 Dissemination Time: 2.506100e-05
0: MPIL CopyToCPU RADIX-13 Dissemination Time: 2.566574e-05
0: MPIL CopyToCPU RADIX-14 Dissemination Time: 2.488834e-05
0: Testing Size 64
0: PMPI Allreduce Time: 1.956876e-05
0: MPIL GPU-Aware Recursive Doubling Time: 1.960290e-05
0: MPIL GPU-Aware Node-Aware Dissemination Time: 2.564679e-05
0: MPIL GPU-Aware NUMA-Aware Dissemination Time: 4.848015e-05
0: CopyToCPU PMPI Allreduce Time: 1.887027e-05
0: MPIL CopyToCPU Recursive Doubling Time: 1.981516e-05
0: MPIL CopyToCPU Node-Aware Dissemination Time: 1.893352e-05
0: MPIL CopyToCPU NUMA-Aware Dissemination Time: 2.599154e-05
0: MPIL CopyToCPU RADIX-3 Dissemination Time: 2.292193e-05
0: MPIL CopyToCPU RADIX-4 Dissemination Time: 1.940199e-05
0: MPIL CopyToCPU RADIX-5 Dissemination Time: 2.354785e-05
0: MPIL CopyToCPU RADIX-6 Dissemination Time: 2.700697e-05
0: MPIL CopyToCPU RADIX-7 Dissemination Time: 2.705142e-05
0: MPIL CopyToCPU RADIX-8 Dissemination Time: 2.102278e-05
0: MPIL CopyToCPU RADIX-9 Dissemination Time: 2.422918e-05
0: MPIL CopyToCPU RADIX-10 Dissemination Time: 2.404586e-05
0: MPIL CopyToCPU RADIX-11 Dissemination Time: 2.456742e-05
0: MPIL CopyToCPU RADIX-12 Dissemination Time: 2.542958e-05
0: MPIL CopyToCPU RADIX-13 Dissemination Time: 2.636025e-05
0: MPIL CopyToCPU RADIX-14 Dissemination Time: 2.557841e-05
0: Testing Size 128
0: PMPI Allreduce Time: 2.614042e-05
0: MPIL GPU-Aware Recursive Doubling Time: 2.612943e-05
0: MPIL GPU-Aware Node-Aware Dissemination Time: 3.993285e-05
0: MPIL GPU-Aware NUMA-Aware Dissemination Time: 5.754546e-05
0: CopyToCPU PMPI Allreduce Time: 2.770058e-05
0: MPIL CopyToCPU Recursive Doubling Time: 3.022753e-05
0: MPIL CopyToCPU Node-Aware Dissemination Time: 3.314037e-05
0: MPIL CopyToCPU NUMA-Aware Dissemination Time: 2.880799e-05
0: MPIL CopyToCPU RADIX-3 Dissemination Time: 2.890508e-05
0: MPIL CopyToCPU RADIX-4 Dissemination Time: 2.394718e-05
0: MPIL CopyToCPU RADIX-5 Dissemination Time: 2.884806e-05
0: MPIL CopyToCPU RADIX-6 Dissemination Time: 3.131055e-05
0: MPIL CopyToCPU RADIX-7 Dissemination Time: 3.304269e-05
0: MPIL CopyToCPU RADIX-8 Dissemination Time: 2.648528e-05
0: MPIL CopyToCPU RADIX-9 Dissemination Time: 3.101911e-05
0: MPIL CopyToCPU RADIX-10 Dissemination Time: 3.236075e-05
0: MPIL CopyToCPU RADIX-11 Dissemination Time: 3.361441e-05
0: MPIL CopyToCPU RADIX-12 Dissemination Time: 3.489989e-05
0: MPIL CopyToCPU RADIX-13 Dissemination Time: 3.510184e-05
0: MPIL CopyToCPU RADIX-14 Dissemination Time: 3.540201e-05
0: Testing Size 256
0: PMPI Allreduce Time: 3.037456e-05
0: MPIL GPU-Aware Recursive Doubling Time: 3.035952e-05
0: MPIL GPU-Aware Node-Aware Dissemination Time: 5.209710e-05
0: MPIL GPU-Aware NUMA-Aware Dissemination Time: 6.229196e-05
0: CopyToCPU PMPI Allreduce Time: 3.499060e-05
0: MPIL CopyToCPU Recursive Doubling Time: 3.716516e-05
0: MPIL CopyToCPU Node-Aware Dissemination Time: 4.673607e-05
0: MPIL CopyToCPU NUMA-Aware Dissemination Time: 3.476835e-05
0: MPIL CopyToCPU RADIX-3 Dissemination Time: 3.203423e-05
0: MPIL CopyToCPU RADIX-4 Dissemination Time: 2.725210e-05
0: MPIL CopyToCPU RADIX-5 Dissemination Time: 3.082091e-05
0: MPIL CopyToCPU RADIX-6 Dissemination Time: 3.563416e-05
0: MPIL CopyToCPU RADIX-7 Dissemination Time: 3.461146e-05
0: MPIL CopyToCPU RADIX-8 Dissemination Time: 3.010568e-05
0: MPIL CopyToCPU RADIX-9 Dissemination Time: 3.964442e-05
0: MPIL CopyToCPU RADIX-10 Dissemination Time: 3.879483e-05
0: MPIL CopyToCPU RADIX-11 Dissemination Time: 4.059676e-05
0: MPIL CopyToCPU RADIX-12 Dissemination Time: 3.976879e-05
0: MPIL CopyToCPU RADIX-13 Dissemination Time: 4.184130e-05
0: MPIL CopyToCPU RADIX-14 Dissemination Time: 3.986071e-05
0: Testing Size 512
0: PMPI Allreduce Time: 3.682241e-05
0: MPIL GPU-Aware Recursive Doubling Time: 3.677676e-05
0: MPIL GPU-Aware Node-Aware Dissemination Time: 6.077283e-05
0: MPIL GPU-Aware NUMA-Aware Dissemination Time: 6.995185e-05
0: CopyToCPU PMPI Allreduce Time: 3.809469e-05
0: MPIL CopyToCPU Recursive Doubling Time: 4.116628e-05
0: MPIL CopyToCPU Node-Aware Dissemination Time: 5.421784e-05
0: MPIL CopyToCPU NUMA-Aware Dissemination Time: 4.100858e-05
0: MPIL CopyToCPU RADIX-3 Dissemination Time: 3.938554e-05
0: MPIL CopyToCPU RADIX-4 Dissemination Time: 3.143314e-05
0: MPIL CopyToCPU RADIX-5 Dissemination Time: 3.399410e-05
0: MPIL CopyToCPU RADIX-6 Dissemination Time: 3.906442e-05
0: MPIL CopyToCPU RADIX-7 Dissemination Time: 3.889584e-05
0: MPIL CopyToCPU RADIX-8 Dissemination Time: 3.514887e-05
0: MPIL CopyToCPU RADIX-9 Dissemination Time: 4.122109e-05
0: MPIL CopyToCPU RADIX-10 Dissemination Time: 4.271771e-05
0: MPIL CopyToCPU RADIX-11 Dissemination Time: 4.408252e-05
0: MPIL CopyToCPU RADIX-12 Dissemination Time: 4.624110e-05
0: MPIL CopyToCPU RADIX-13 Dissemination Time: 4.861631e-05
0: MPIL CopyToCPU RADIX-14 Dissemination Time: 4.988490e-05
0: Testing Size 1024
0: PMPI Allreduce Time: 7.579723e-05
0: MPIL GPU-Aware Recursive Doubling Time: 7.566074e-05
0: MPIL GPU-Aware Node-Aware Dissemination Time: 3.995281e-04
0: MPIL GPU-Aware NUMA-Aware Dissemination Time: 1.234034e-03
0: CopyToCPU PMPI Allreduce Time: 5.344266e-05
0: MPIL CopyToCPU Recursive Doubling Time: 5.725195e-05
0: MPIL CopyToCPU Node-Aware Dissemination Time: 8.195658e-05
0: MPIL CopyToCPU NUMA-Aware Dissemination Time: 6.052715e-05
0: MPIL CopyToCPU RADIX-3 Dissemination Time: 5.733501e-05
0: MPIL CopyToCPU RADIX-4 Dissemination Time: 4.223435e-05
0: MPIL CopyToCPU RADIX-5 Dissemination Time: 4.474288e-05
0: MPIL CopyToCPU RADIX-6 Dissemination Time: 5.332654e-05
0: MPIL CopyToCPU RADIX-7 Dissemination Time: 5.041321e-05
0: MPIL CopyToCPU RADIX-8 Dissemination Time: 4.673809e-05
0: MPIL CopyToCPU RADIX-9 Dissemination Time: 5.607852e-05
0: MPIL CopyToCPU RADIX-10 Dissemination Time: 5.846126e-05
0: MPIL CopyToCPU RADIX-11 Dissemination Time: 6.084531e-05
0: MPIL CopyToCPU RADIX-12 Dissemination Time: 6.295158e-05
0: MPIL CopyToCPU RADIX-13 Dissemination Time: 6.441818e-05
0: MPIL CopyToCPU RADIX-14 Dissemination Time: 6.454936e-05
0: Testing Size 2048
0: PMPI Allreduce Time: 1.367947e-04
0: MPIL GPU-Aware Recursive Doubling Time: 1.364214e-04
0: MPIL GPU-Aware Node-Aware Dissemination Time: 6.236761e-04
0: MPIL GPU-Aware NUMA-Aware Dissemination Time: 1.736952e-03
0: CopyToCPU PMPI Allreduce Time: 9.954457e-05
0: MPIL CopyToCPU Recursive Doubling Time: 8.688118e-05
0: MPIL CopyToCPU Node-Aware Dissemination Time: 1.383609e-04
0: MPIL CopyToCPU NUMA-Aware Dissemination Time: 9.287531e-05
0: MPIL CopyToCPU RADIX-3 Dissemination Time: 8.987985e-05
0: MPIL CopyToCPU RADIX-4 Dissemination Time: 6.150621e-05
0: MPIL CopyToCPU RADIX-5 Dissemination Time: 6.739775e-05
0: MPIL CopyToCPU RADIX-6 Dissemination Time: 7.411506e-05
0: MPIL CopyToCPU RADIX-7 Dissemination Time: 7.304942e-05
0: MPIL CopyToCPU RADIX-8 Dissemination Time: 6.793511e-05
0: MPIL CopyToCPU RADIX-9 Dissemination Time: 8.147709e-05
0: MPIL CopyToCPU RADIX-10 Dissemination Time: 8.463513e-05
0: MPIL CopyToCPU RADIX-11 Dissemination Time: 8.916698e-05
0: MPIL CopyToCPU RADIX-12 Dissemination Time: 9.238741e-05
0: MPIL CopyToCPU RADIX-13 Dissemination Time: 9.351984e-05
0: MPIL CopyToCPU RADIX-14 Dissemination Time: 9.431436e-05
0: Testing Size 4096
0: PMPI Allreduce Time: 1.403262e-04
0: MPIL GPU-Aware Recursive Doubling Time: 1.397685e-04
0: MPIL GPU-Aware Node-Aware Dissemination Time: 8.692127e-04
0: MPIL GPU-Aware NUMA-Aware Dissemination Time: 2.868919e-03
0: CopyToCPU PMPI Allreduce Time: 1.512051e-04
0: MPIL CopyToCPU Recursive Doubling Time: 1.608127e-04
0: MPIL CopyToCPU Node-Aware Dissemination Time: 2.290889e-04
0: MPIL CopyToCPU NUMA-Aware Dissemination Time: 1.681746e-04
0: MPIL CopyToCPU RADIX-3 Dissemination Time: 1.682284e-04
0: MPIL CopyToCPU RADIX-4 Dissemination Time: 1.149491e-04
0: MPIL CopyToCPU RADIX-5 Dissemination Time: 1.284819e-04
0: MPIL CopyToCPU RADIX-6 Dissemination Time: 1.426048e-04
0: MPIL CopyToCPU RADIX-7 Dissemination Time: 1.406899e-04
0: MPIL CopyToCPU RADIX-8 Dissemination Time: 1.260133e-04
0: MPIL CopyToCPU RADIX-9 Dissemination Time: 1.421924e-04
0: MPIL CopyToCPU RADIX-10 Dissemination Time: 1.487339e-04
0: MPIL CopyToCPU RADIX-11 Dissemination Time: 1.544971e-04
0: MPIL CopyToCPU RADIX-12 Dissemination Time: 1.566095e-04
0: MPIL CopyToCPU RADIX-13 Dissemination Time: 1.605373e-04
0: MPIL CopyToCPU RADIX-14 Dissemination Time: 1.645992e-04
0: Testing Size 8192
0: PMPI Allreduce Time: 1.430476e-04
0: MPIL GPU-Aware Recursive Doubling Time: 1.421450e-04
0: MPIL GPU-Aware Node-Aware Dissemination Time: 1.629942e-03
0: MPIL GPU-Aware NUMA-Aware Dissemination Time: 5.468299e-03
0: CopyToCPU PMPI Allreduce Time: 2.562747e-04
0: MPIL CopyToCPU Recursive Doubling Time: 2.756916e-04
0: MPIL CopyToCPU Node-Aware Dissemination Time: 4.063167e-04
0: MPIL CopyToCPU NUMA-Aware Dissemination Time: 2.920930e-04
0: MPIL CopyToCPU RADIX-3 Dissemination Time: 2.935842e-04
0: MPIL CopyToCPU RADIX-4 Dissemination Time: 1.933061e-04
0: MPIL CopyToCPU RADIX-5 Dissemination Time: 2.131414e-04
0: MPIL CopyToCPU RADIX-6 Dissemination Time: 2.263018e-04
0: MPIL CopyToCPU RADIX-7 Dissemination Time: 2.179468e-04
0: MPIL CopyToCPU RADIX-8 Dissemination Time: 2.193476e-04
0: MPIL CopyToCPU RADIX-9 Dissemination Time: 2.390917e-04
0: MPIL CopyToCPU RADIX-10 Dissemination Time: 2.469441e-04
0: MPIL CopyToCPU RADIX-11 Dissemination Time: 2.556906e-04
0: MPIL CopyToCPU RADIX-12 Dissemination Time: 2.626423e-04
0: MPIL CopyToCPU RADIX-13 Dissemination Time: 2.681020e-04
0: MPIL CopyToCPU RADIX-14 Dissemination Time: 2.739089e-04
0: Testing Size 16384
0: PMPI Allreduce Time: 1.498269e-04
0: MPIL GPU-Aware Recursive Doubling Time: 1.496611e-04
0: MPIL GPU-Aware Node-Aware Dissemination Time: 1.463556e-03
0: MPIL GPU-Aware NUMA-Aware Dissemination Time: 4.254643e-03
0: CopyToCPU PMPI Allreduce Time: 4.467379e-04
0: MPIL CopyToCPU Recursive Doubling Time: 5.057278e-04
0: MPIL CopyToCPU Node-Aware Dissemination Time: 7.258035e-04
0: MPIL CopyToCPU NUMA-Aware Dissemination Time: 5.376584e-04
0: MPIL CopyToCPU RADIX-3 Dissemination Time: 5.444796e-04
0: MPIL CopyToCPU RADIX-4 Dissemination Time: 3.432703e-04
0: MPIL CopyToCPU RADIX-5 Dissemination Time: 3.761472e-04
0: MPIL CopyToCPU RADIX-6 Dissemination Time: 4.007857e-04
0: MPIL CopyToCPU RADIX-7 Dissemination Time: 3.842214e-04
0: MPIL CopyToCPU RADIX-8 Dissemination Time: 3.692478e-04
0: MPIL CopyToCPU RADIX-9 Dissemination Time: 4.151799e-04
0: MPIL CopyToCPU RADIX-10 Dissemination Time: 4.230108e-04
0: MPIL CopyToCPU RADIX-11 Dissemination Time: 4.607135e-04
0: MPIL CopyToCPU RADIX-12 Dissemination Time: 4.568147e-04
0: MPIL CopyToCPU RADIX-13 Dissemination Time: 4.716965e-04
0: MPIL CopyToCPU RADIX-14 Dissemination Time: 4.822621e-04
0: Testing Size 32768
0: PMPI Allreduce Time: 1.698705e-04
0: MPIL GPU-Aware Recursive Doubling Time: 1.696643e-04
0: MPIL GPU-Aware Node-Aware Dissemination Time: 5.453940e-03
0: MPIL GPU-Aware NUMA-Aware Dissemination Time: 4.895001e-03
0: CopyToCPU PMPI Allreduce Time: 8.418943e-04
0: MPIL CopyToCPU Recursive Doubling Time: 9.482940e-04
0: MPIL CopyToCPU Node-Aware Dissemination Time: 1.382871e-03
0: MPIL CopyToCPU NUMA-Aware Dissemination Time: 1.007825e-03
0: MPIL CopyToCPU RADIX-3 Dissemination Time: 1.036570e-03
0: MPIL CopyToCPU RADIX-4 Dissemination Time: 6.406208e-04
0: MPIL CopyToCPU RADIX-5 Dissemination Time: 6.998690e-04
0: MPIL CopyToCPU RADIX-6 Dissemination Time: 7.181673e-04
0: MPIL CopyToCPU RADIX-7 Dissemination Time: 6.904719e-04
0: MPIL CopyToCPU RADIX-8 Dissemination Time: 6.874365e-04
0: MPIL CopyToCPU RADIX-9 Dissemination Time: 7.542107e-04
0: MPIL CopyToCPU RADIX-10 Dissemination Time: 7.891081e-04
0: MPIL CopyToCPU RADIX-11 Dissemination Time: 8.295164e-04
0: MPIL CopyToCPU RADIX-12 Dissemination Time: 8.583352e-04
0: MPIL CopyToCPU RADIX-13 Dissemination Time: 8.960230e-04
0: MPIL CopyToCPU RADIX-14 Dissemination Time: 9.171204e-04
0: Testing Size 65536
0: PMPI Allreduce Time: 1.974107e-04
0: MPIL GPU-Aware Recursive Doubling Time: 1.977441e-04
0: MPIL GPU-Aware Node-Aware Dissemination Time: 6.308830e-03
0: MPIL GPU-Aware NUMA-Aware Dissemination Time: 4.359917e-03
0: CopyToCPU PMPI Allreduce Time: 1.569859e-03
0: MPIL CopyToCPU Recursive Doubling Time: 1.880298e-03
0: MPIL CopyToCPU Node-Aware Dissemination Time: 2.629044e-03
0: MPIL CopyToCPU NUMA-Aware Dissemination Time: 1.913862e-03
0: MPIL CopyToCPU RADIX-3 Dissemination Time: 1.998727e-03
0: MPIL CopyToCPU RADIX-4 Dissemination Time: 1.300934e-03
0: MPIL CopyToCPU RADIX-5 Dissemination Time: 1.277848e-03
0: MPIL CopyToCPU RADIX-6 Dissemination Time: 1.318980e-03
0: MPIL CopyToCPU RADIX-7 Dissemination Time: 1.314841e-03
0: MPIL CopyToCPU RADIX-8 Dissemination Time: 1.346957e-03
0: MPIL CopyToCPU RADIX-9 Dissemination Time: 1.483652e-03
0: MPIL CopyToCPU RADIX-10 Dissemination Time: 1.554908e-03
0: MPIL CopyToCPU RADIX-11 Dissemination Time: 1.607010e-03
0: MPIL CopyToCPU RADIX-12 Dissemination Time: 1.580091e-03
0: MPIL CopyToCPU RADIX-13 Dissemination Time: 1.643749e-03
0: MPIL CopyToCPU RADIX-14 Dissemination Time: 1.722872e-03
0: Testing Size 131072
0: PMPI Allreduce Time: 2.403779e-04
0: MPIL GPU-Aware Recursive Doubling Time: 2.417297e-04
0: MPIL GPU-Aware Node-Aware Dissemination Time: 7.559492e-03
0: MPIL GPU-Aware NUMA-Aware Dissemination Time: 6.088745e-03
0: CopyToCPU PMPI Allreduce Time: 3.201566e-03
0: MPIL CopyToCPU Recursive Doubling Time: 3.296071e-03
0: MPIL CopyToCPU Node-Aware Dissemination Time: 5.296032e-03
0: MPIL CopyToCPU NUMA-Aware Dissemination Time: 3.743933e-03
0: MPIL CopyToCPU RADIX-3 Dissemination Time: 3.806171e-03
0: MPIL CopyToCPU RADIX-4 Dissemination Time: 2.380606e-03
0: MPIL CopyToCPU RADIX-5 Dissemination Time: 2.350514e-03
0: MPIL CopyToCPU RADIX-6 Dissemination Time: 2.550885e-03
0: MPIL CopyToCPU RADIX-7 Dissemination Time: 2.535013e-03
0: MPIL CopyToCPU RADIX-8 Dissemination Time: 2.641934e-03
0: MPIL CopyToCPU RADIX-9 Dissemination Time: 2.822081e-03
0: MPIL CopyToCPU RADIX-10 Dissemination Time: 2.934150e-03
0: MPIL CopyToCPU RADIX-11 Dissemination Time: 3.100162e-03
0: MPIL CopyToCPU RADIX-12 Dissemination Time: 3.077457e-03
0: MPIL CopyToCPU RADIX-13 Dissemination Time: 3.173844e-03
0: MPIL CopyToCPU RADIX-14 Dissemination Time: 3.329238e-03
0: Testing Size 262144
0: PMPI Allreduce Time: 2.833914e-04
0: MPIL GPU-Aware Recursive Doubling Time: 2.836754e-04
0: MPIL GPU-Aware Node-Aware Dissemination Time: 1.021326e-02
0: MPIL GPU-Aware NUMA-Aware Dissemination Time: 1.048918e-02
0: CopyToCPU PMPI Allreduce Time: 6.306969e-03
0: MPIL CopyToCPU Recursive Doubling Time: 6.292717e-03
0: MPIL CopyToCPU Node-Aware Dissemination Time: 9.344990e-03
0: MPIL CopyToCPU NUMA-Aware Dissemination Time: 7.321833e-03
0: MPIL CopyToCPU RADIX-3 Dissemination Time: 5.890057e-03
0: MPIL CopyToCPU RADIX-4 Dissemination Time: 4.832218e-03
0: MPIL CopyToCPU RADIX-5 Dissemination Time: 4.909749e-03
0: MPIL CopyToCPU RADIX-6 Dissemination Time: 5.039419e-03
0: MPIL CopyToCPU RADIX-7 Dissemination Time: 4.997651e-03
0: MPIL CopyToCPU RADIX-8 Dissemination Time: 5.174802e-03
0: MPIL CopyToCPU RADIX-9 Dissemination Time: 5.511394e-03
0: MPIL CopyToCPU RADIX-10 Dissemination Time: 5.665668e-03
0: MPIL CopyToCPU RADIX-11 Dissemination Time: 5.872576e-03
0: MPIL CopyToCPU RADIX-12 Dissemination Time: 6.018564e-03
0: MPIL CopyToCPU RADIX-13 Dissemination Time: 6.280179e-03
0: MPIL CopyToCPU RADIX-14 Dissemination Time: 6.447977e-03
0: Testing Size 524288
0: PMPI Allreduce Time: 3.786742e-04
0: MPIL GPU-Aware Recursive Doubling Time: 3.791208e-04
0: MPIL GPU-Aware Node-Aware Dissemination Time: 1.626590e-02
0: MPIL GPU-Aware NUMA-Aware Dissemination Time: 1.960066e-02
0: CopyToCPU PMPI Allreduce Time: 1.257212e-02
0: MPIL CopyToCPU Recursive Doubling Time: 1.332499e-02
0: MPIL CopyToCPU Node-Aware Dissemination Time: 2.084765e-02
0: MPIL CopyToCPU NUMA-Aware Dissemination Time: 1.428229e-02
0: MPIL CopyToCPU RADIX-3 Dissemination Time: 1.252120e-02
0: MPIL CopyToCPU RADIX-4 Dissemination Time: 9.679054e-03
0: MPIL CopyToCPU RADIX-5 Dissemination Time: 9.962761e-03
0: MPIL CopyToCPU RADIX-6 Dissemination Time: 1.020534e-02
0: MPIL CopyToCPU RADIX-7 Dissemination Time: 1.017691e-02
0: MPIL CopyToCPU RADIX-8 Dissemination Time: 1.120206e-02
0: MPIL CopyToCPU RADIX-9 Dissemination Time: 1.317711e-02
0: MPIL CopyToCPU RADIX-10 Dissemination Time: 1.360120e-02
0: MPIL CopyToCPU RADIX-11 Dissemination Time: 1.452189e-02
0: MPIL CopyToCPU RADIX-12 Dissemination Time: 1.597850e-02
0: MPIL CopyToCPU RADIX-13 Dissemination Time: 1.674166e-02
0: MPIL CopyToCPU RADIX-14 Dissemination Time: 1.734902e-02
