0: Testing Size 1
0: PMPI Allreduce Time: 2.466609e-05
0: MPIL GPU-Aware Recursive Doubling Time: 2.437990e-05
0: MPIL GPU-Aware Node-Aware Dissemination Time: 4.977821e-05
0: MPIL GPU-Aware NUMA-Aware Dissemination Time: 6.904531e-05
0: CopyToCPU PMPI Allreduce Time: 2.439202e-05
0: MPIL CopyToCPU Recursive Doubling Time: 2.501939e-05
0: MPIL CopyToCPU Node-Aware Dissemination Time: 3.056903e-05
0: MPIL CopyToCPU NUMA-Aware Dissemination Time: 2.508334e-05
0: MPIL CopyToCPU RADIX-3 Dissemination Time: 2.668687e-05
0: MPIL CopyToCPU RADIX-4 Dissemination Time: 2.185142e-05
0: MPIL CopyToCPU RADIX-5 Dissemination Time: 2.428030e-05
0: MPIL CopyToCPU RADIX-6 Dissemination Time: 2.738121e-05
0: MPIL CopyToCPU RADIX-7 Dissemination Time: 2.787864e-05
0: MPIL CopyToCPU RADIX-8 Dissemination Time: 2.343903e-05
0: MPIL CopyToCPU RADIX-9 Dissemination Time: 2.827396e-05
0: MPIL CopyToCPU RADIX-10 Dissemination Time: 3.069301e-05
0: MPIL CopyToCPU RADIX-11 Dissemination Time: 3.177537e-05
0: MPIL CopyToCPU RADIX-12 Dissemination Time: 3.204258e-05
0: MPIL CopyToCPU RADIX-13 Dissemination Time: 3.165088e-05
0: MPIL CopyToCPU RADIX-14 Dissemination Time: 3.081896e-05
0: Testing Size 2
0: PMPI Allreduce Time: 2.471529e-05
0: MPIL GPU-Aware Recursive Doubling Time: 2.479135e-05
0: MPIL GPU-Aware Node-Aware Dissemination Time: 4.935595e-05
0: MPIL GPU-Aware NUMA-Aware Dissemination Time: 6.902299e-05
0: CopyToCPU PMPI Allreduce Time: 2.466392e-05
0: MPIL CopyToCPU Recursive Doubling Time: 2.513971e-05
0: MPIL CopyToCPU Node-Aware Dissemination Time: 3.044212e-05
0: MPIL CopyToCPU NUMA-Aware Dissemination Time: 2.524255e-05
0: MPIL CopyToCPU RADIX-3 Dissemination Time: 2.695319e-05
0: MPIL CopyToCPU RADIX-4 Dissemination Time: 2.214974e-05
0: MPIL CopyToCPU RADIX-5 Dissemination Time: 2.502739e-05
0: MPIL CopyToCPU RADIX-6 Dissemination Time: 2.762399e-05
0: MPIL CopyToCPU RADIX-7 Dissemination Time: 2.847140e-05
0: MPIL CopyToCPU RADIX-8 Dissemination Time: 2.342966e-05
0: MPIL CopyToCPU RADIX-9 Dissemination Time: 2.808768e-05
0: MPIL CopyToCPU RADIX-10 Dissemination Time: 2.975324e-05
0: MPIL CopyToCPU RADIX-11 Dissemination Time: 3.055235e-05
0: MPIL CopyToCPU RADIX-12 Dissemination Time: 3.065608e-05
0: MPIL CopyToCPU RADIX-13 Dissemination Time: 3.078100e-05
0: MPIL CopyToCPU RADIX-14 Dissemination Time: 2.943500e-05
0: Testing Size 4
0: PMPI Allreduce Time: 2.466157e-05
0: MPIL GPU-Aware Recursive Doubling Time: 2.483116e-05
0: MPIL GPU-Aware Node-Aware Dissemination Time: 4.942011e-05
0: MPIL GPU-Aware NUMA-Aware Dissemination Time: 6.839396e-05
0: CopyToCPU PMPI Allreduce Time: 2.436149e-05
0: MPIL CopyToCPU Recursive Doubling Time: 2.482274e-05
0: MPIL CopyToCPU Node-Aware Dissemination Time: 3.061556e-05
0: MPIL CopyToCPU NUMA-Aware Dissemination Time: 2.508065e-05
0: MPIL CopyToCPU RADIX-3 Dissemination Time: 2.687769e-05
0: MPIL CopyToCPU RADIX-4 Dissemination Time: 2.205449e-05
0: MPIL CopyToCPU RADIX-5 Dissemination Time: 2.453952e-05
0: MPIL CopyToCPU RADIX-6 Dissemination Time: 2.791252e-05
0: MPIL CopyToCPU RADIX-7 Dissemination Time: 2.820122e-05
0: MPIL CopyToCPU RADIX-8 Dissemination Time: 2.360805e-05
0: MPIL CopyToCPU RADIX-9 Dissemination Time: 2.819717e-05
0: MPIL CopyToCPU RADIX-10 Dissemination Time: 2.993371e-05
0: MPIL CopyToCPU RADIX-11 Dissemination Time: 3.057755e-05
0: MPIL CopyToCPU RADIX-12 Dissemination Time: 3.104485e-05
0: MPIL CopyToCPU RADIX-13 Dissemination Time: 3.102341e-05
0: MPIL CopyToCPU RADIX-14 Dissemination Time: 2.977715e-05
0: Testing Size 8
0: PMPI Allreduce Time: 2.451214e-05
0: MPIL GPU-Aware Recursive Doubling Time: 2.450903e-05
0: MPIL GPU-Aware Node-Aware Dissemination Time: 4.977156e-05
0: MPIL GPU-Aware NUMA-Aware Dissemination Time: 6.931798e-05
0: CopyToCPU PMPI Allreduce Time: 2.432938e-05
0: MPIL CopyToCPU Recursive Doubling Time: 2.649368e-05
0: MPIL CopyToCPU Node-Aware Dissemination Time: 3.065369e-05
0: MPIL CopyToCPU NUMA-Aware Dissemination Time: 2.603676e-05
0: MPIL CopyToCPU RADIX-3 Dissemination Time: 2.772224e-05
0: MPIL CopyToCPU RADIX-4 Dissemination Time: 2.282307e-05
0: MPIL CopyToCPU RADIX-5 Dissemination Time: 2.523561e-05
0: MPIL CopyToCPU RADIX-6 Dissemination Time: 2.837616e-05
0: MPIL CopyToCPU RADIX-7 Dissemination Time: 2.899364e-05
0: MPIL CopyToCPU RADIX-8 Dissemination Time: 2.448426e-05
0: MPIL CopyToCPU RADIX-9 Dissemination Time: 2.909870e-05
0: MPIL CopyToCPU RADIX-10 Dissemination Time: 3.090309e-05
0: MPIL CopyToCPU RADIX-11 Dissemination Time: 3.220685e-05
0: MPIL CopyToCPU RADIX-12 Dissemination Time: 3.241966e-05
0: MPIL CopyToCPU RADIX-13 Dissemination Time: 3.233724e-05
0: MPIL CopyToCPU RADIX-14 Dissemination Time: 3.078139e-05
0: Testing Size 16
0: PMPI Allreduce Time: 2.683639e-05
0: MPIL GPU-Aware Recursive Doubling Time: 2.669944e-05
0: MPIL GPU-Aware Node-Aware Dissemination Time: 5.176209e-05
0: MPIL GPU-Aware NUMA-Aware Dissemination Time: 7.045377e-05
0: CopyToCPU PMPI Allreduce Time: 2.628749e-05
0: MPIL CopyToCPU Recursive Doubling Time: 2.845826e-05
0: MPIL CopyToCPU Node-Aware Dissemination Time: 3.274295e-05
0: MPIL CopyToCPU NUMA-Aware Dissemination Time: 2.788395e-05
0: MPIL CopyToCPU RADIX-3 Dissemination Time: 2.924035e-05
0: MPIL CopyToCPU RADIX-4 Dissemination Time: 2.372001e-05
0: MPIL CopyToCPU RADIX-5 Dissemination Time: 2.628132e-05
0: MPIL CopyToCPU RADIX-6 Dissemination Time: 3.006750e-05
0: MPIL CopyToCPU RADIX-7 Dissemination Time: 3.068225e-05
0: MPIL CopyToCPU RADIX-8 Dissemination Time: 2.537309e-05
0: MPIL CopyToCPU RADIX-9 Dissemination Time: 3.042555e-05
0: MPIL CopyToCPU RADIX-10 Dissemination Time: 3.221812e-05
0: MPIL CopyToCPU RADIX-11 Dissemination Time: 3.299072e-05
0: MPIL CopyToCPU RADIX-12 Dissemination Time: 3.351950e-05
0: MPIL CopyToCPU RADIX-13 Dissemination Time: 3.337848e-05
0: MPIL CopyToCPU RADIX-14 Dissemination Time: 3.184593e-05
0: Testing Size 32
0: PMPI Allreduce Time: 3.869684e-05
0: MPIL GPU-Aware Recursive Doubling Time: 3.848325e-05
0: MPIL GPU-Aware Node-Aware Dissemination Time: 5.909683e-05
0: MPIL GPU-Aware NUMA-Aware Dissemination Time: 8.610523e-05
0: CopyToCPU PMPI Allreduce Time: 3.667486e-05
0: MPIL CopyToCPU Recursive Doubling Time: 3.857027e-05
0: MPIL CopyToCPU Node-Aware Dissemination Time: 3.836493e-05
0: MPIL CopyToCPU NUMA-Aware Dissemination Time: 4.547624e-05
0: MPIL CopyToCPU RADIX-3 Dissemination Time: 3.931028e-05
0: MPIL CopyToCPU RADIX-4 Dissemination Time: 3.267079e-05
0: MPIL CopyToCPU RADIX-5 Dissemination Time: 3.676091e-05
0: MPIL CopyToCPU RADIX-6 Dissemination Time: 3.812844e-05
0: MPIL CopyToCPU RADIX-7 Dissemination Time: 3.835345e-05
0: MPIL CopyToCPU RADIX-8 Dissemination Time: 3.178693e-05
0: MPIL CopyToCPU RADIX-9 Dissemination Time: 3.566365e-05
0: MPIL CopyToCPU RADIX-10 Dissemination Time: 3.706614e-05
0: MPIL CopyToCPU RADIX-11 Dissemination Time: 3.825501e-05
0: MPIL CopyToCPU RADIX-12 Dissemination Time: 3.822040e-05
0: MPIL CopyToCPU RADIX-13 Dissemination Time: 3.835685e-05
0: MPIL CopyToCPU RADIX-14 Dissemination Time: 3.716922e-05
0: Testing Size 64
0: PMPI Allreduce Time: 3.887597e-05
0: MPIL GPU-Aware Recursive Doubling Time: 3.894452e-05
0: MPIL GPU-Aware Node-Aware Dissemination Time: 6.073974e-05
0: MPIL GPU-Aware NUMA-Aware Dissemination Time: 8.727141e-05
0: CopyToCPU PMPI Allreduce Time: 3.813246e-05
0: MPIL CopyToCPU Recursive Doubling Time: 3.909898e-05
0: MPIL CopyToCPU Node-Aware Dissemination Time: 3.987209e-05
0: MPIL CopyToCPU NUMA-Aware Dissemination Time: 4.593079e-05
0: MPIL CopyToCPU RADIX-3 Dissemination Time: 4.014650e-05
0: MPIL CopyToCPU RADIX-4 Dissemination Time: 3.375393e-05
0: MPIL CopyToCPU RADIX-5 Dissemination Time: 3.703186e-05
0: MPIL CopyToCPU RADIX-6 Dissemination Time: 3.892717e-05
0: MPIL CopyToCPU RADIX-7 Dissemination Time: 3.920221e-05
0: MPIL CopyToCPU RADIX-8 Dissemination Time: 3.249071e-05
0: MPIL CopyToCPU RADIX-9 Dissemination Time: 3.636485e-05
0: MPIL CopyToCPU RADIX-10 Dissemination Time: 3.789618e-05
0: MPIL CopyToCPU RADIX-11 Dissemination Time: 3.893236e-05
0: MPIL CopyToCPU RADIX-12 Dissemination Time: 3.899949e-05
0: MPIL CopyToCPU RADIX-13 Dissemination Time: 3.864537e-05
0: MPIL CopyToCPU RADIX-14 Dissemination Time: 3.807999e-05
0: Testing Size 128
0: PMPI Allreduce Time: 4.968871e-05
0: MPIL GPU-Aware Recursive Doubling Time: 4.965463e-05
0: MPIL GPU-Aware Node-Aware Dissemination Time: 8.495641e-05
0: MPIL GPU-Aware NUMA-Aware Dissemination Time: 9.266879e-05
0: CopyToCPU PMPI Allreduce Time: 4.924058e-05
0: MPIL CopyToCPU Recursive Doubling Time: 5.109898e-05
0: MPIL CopyToCPU Node-Aware Dissemination Time: 6.714181e-05
0: MPIL CopyToCPU NUMA-Aware Dissemination Time: 5.005090e-05
0: MPIL CopyToCPU RADIX-3 Dissemination Time: 4.630276e-05
0: MPIL CopyToCPU RADIX-4 Dissemination Time: 3.905541e-05
0: MPIL CopyToCPU RADIX-5 Dissemination Time: 4.230762e-05
0: MPIL CopyToCPU RADIX-6 Dissemination Time: 4.419084e-05
0: MPIL CopyToCPU RADIX-7 Dissemination Time: 4.549861e-05
0: MPIL CopyToCPU RADIX-8 Dissemination Time: 3.904852e-05
0: MPIL CopyToCPU RADIX-9 Dissemination Time: 4.102818e-05
0: MPIL CopyToCPU RADIX-10 Dissemination Time: 4.390291e-05
0: MPIL CopyToCPU RADIX-11 Dissemination Time: 4.530602e-05
0: MPIL CopyToCPU RADIX-12 Dissemination Time: 4.545949e-05
0: MPIL CopyToCPU RADIX-13 Dissemination Time: 4.541475e-05
0: MPIL CopyToCPU RADIX-14 Dissemination Time: 4.417575e-05
0: Testing Size 256
0: PMPI Allreduce Time: 5.358813e-05
0: MPIL GPU-Aware Recursive Doubling Time: 5.360497e-05
0: MPIL GPU-Aware Node-Aware Dissemination Time: 1.085709e-04
0: MPIL GPU-Aware NUMA-Aware Dissemination Time: 9.819707e-05
0: CopyToCPU PMPI Allreduce Time: 5.665208e-05
0: MPIL CopyToCPU Recursive Doubling Time: 5.867208e-05
0: MPIL CopyToCPU Node-Aware Dissemination Time: 9.595355e-05
0: MPIL CopyToCPU NUMA-Aware Dissemination Time: 5.662644e-05
0: MPIL CopyToCPU RADIX-3 Dissemination Time: 5.165549e-05
0: MPIL CopyToCPU RADIX-4 Dissemination Time: 4.304508e-05
0: MPIL CopyToCPU RADIX-5 Dissemination Time: 4.834366e-05
0: MPIL CopyToCPU RADIX-6 Dissemination Time: 4.887784e-05
0: MPIL CopyToCPU RADIX-7 Dissemination Time: 4.979997e-05
0: MPIL CopyToCPU RADIX-8 Dissemination Time: 4.343889e-05
0: MPIL CopyToCPU RADIX-9 Dissemination Time: 4.930607e-05
0: MPIL CopyToCPU RADIX-10 Dissemination Time: 5.253409e-05
0: MPIL CopyToCPU RADIX-11 Dissemination Time: 5.676608e-05
0: MPIL CopyToCPU RADIX-12 Dissemination Time: 5.593145e-05
0: MPIL CopyToCPU RADIX-13 Dissemination Time: 5.826930e-05
0: MPIL CopyToCPU RADIX-14 Dissemination Time: 5.072597e-05
0: Testing Size 512
0: PMPI Allreduce Time: 6.135688e-05
0: MPIL GPU-Aware Recursive Doubling Time: 6.134112e-05
0: MPIL GPU-Aware Node-Aware Dissemination Time: 1.160357e-04
0: MPIL GPU-Aware NUMA-Aware Dissemination Time: 1.080786e-04
0: CopyToCPU PMPI Allreduce Time: 6.170378e-05
0: MPIL CopyToCPU Recursive Doubling Time: 6.427316e-05
0: MPIL CopyToCPU Node-Aware Dissemination Time: 9.786948e-05
0: MPIL CopyToCPU NUMA-Aware Dissemination Time: 6.486757e-05
0: MPIL CopyToCPU RADIX-3 Dissemination Time: 6.018767e-05
0: MPIL CopyToCPU RADIX-4 Dissemination Time: 4.925971e-05
0: MPIL CopyToCPU RADIX-5 Dissemination Time: 5.375019e-05
0: MPIL CopyToCPU RADIX-6 Dissemination Time: 5.436592e-05
0: MPIL CopyToCPU RADIX-7 Dissemination Time: 5.631007e-05
0: MPIL CopyToCPU RADIX-8 Dissemination Time: 4.952652e-05
0: MPIL CopyToCPU RADIX-9 Dissemination Time: 5.478846e-05
0: MPIL CopyToCPU RADIX-10 Dissemination Time: 5.828107e-05
0: MPIL CopyToCPU RADIX-11 Dissemination Time: 5.877588e-05
0: MPIL CopyToCPU RADIX-12 Dissemination Time: 6.066383e-05
0: MPIL CopyToCPU RADIX-13 Dissemination Time: 6.113244e-05
0: MPIL CopyToCPU RADIX-14 Dissemination Time: 5.800418e-05
0: Testing Size 1024
0: PMPI Allreduce Time: 9.937081e-05
0: MPIL GPU-Aware Recursive Doubling Time: 9.924937e-05
0: MPIL GPU-Aware Node-Aware Dissemination Time: 1.060200e-03
0: MPIL GPU-Aware NUMA-Aware Dissemination Time: 2.147793e-03
0: CopyToCPU PMPI Allreduce Time: 7.741431e-05
0: MPIL CopyToCPU Recursive Doubling Time: 8.129326e-05
0: MPIL CopyToCPU Node-Aware Dissemination Time: 1.393658e-04
0: MPIL CopyToCPU NUMA-Aware Dissemination Time: 8.309319e-05
0: MPIL CopyToCPU RADIX-3 Dissemination Time: 7.765699e-05
0: MPIL CopyToCPU RADIX-4 Dissemination Time: 6.124971e-05
0: MPIL CopyToCPU RADIX-5 Dissemination Time: 6.556703e-05
0: MPIL CopyToCPU RADIX-6 Dissemination Time: 6.760143e-05
0: MPIL CopyToCPU RADIX-7 Dissemination Time: 7.006630e-05
0: MPIL CopyToCPU RADIX-8 Dissemination Time: 6.542842e-05
0: MPIL CopyToCPU RADIX-9 Dissemination Time: 7.235808e-05
0: MPIL CopyToCPU RADIX-10 Dissemination Time: 7.729257e-05
0: MPIL CopyToCPU RADIX-11 Dissemination Time: 7.398811e-05
0: MPIL CopyToCPU RADIX-12 Dissemination Time: 7.480220e-05
0: MPIL CopyToCPU RADIX-13 Dissemination Time: 7.586276e-05
0: MPIL CopyToCPU RADIX-14 Dissemination Time: 7.620660e-05
0: Testing Size 2048
0: PMPI Allreduce Time: 2.250516e-04
0: MPIL GPU-Aware Recursive Doubling Time: 2.228165e-04
0: MPIL GPU-Aware Node-Aware Dissemination Time: 1.381157e-03
0: MPIL GPU-Aware NUMA-Aware Dissemination Time: 3.864213e-03
0: CopyToCPU PMPI Allreduce Time: 1.631800e-04
0: MPIL CopyToCPU Recursive Doubling Time: 1.138025e-04
0: MPIL CopyToCPU Node-Aware Dissemination Time: 2.243127e-04
0: MPIL CopyToCPU NUMA-Aware Dissemination Time: 1.200103e-04
0: MPIL CopyToCPU RADIX-3 Dissemination Time: 1.146006e-04
0: MPIL CopyToCPU RADIX-4 Dissemination Time: 8.280810e-05
0: MPIL CopyToCPU RADIX-5 Dissemination Time: 9.044611e-05
0: MPIL CopyToCPU RADIX-6 Dissemination Time: 9.331684e-05
0: MPIL CopyToCPU RADIX-7 Dissemination Time: 9.731708e-05
0: MPIL CopyToCPU RADIX-8 Dissemination Time: 9.101775e-05
0: MPIL CopyToCPU RADIX-9 Dissemination Time: 1.005714e-04
0: MPIL CopyToCPU RADIX-10 Dissemination Time: 1.043516e-04
0: MPIL CopyToCPU RADIX-11 Dissemination Time: 1.074739e-04
0: MPIL CopyToCPU RADIX-12 Dissemination Time: 1.083791e-04
0: MPIL CopyToCPU RADIX-13 Dissemination Time: 1.088874e-04
0: MPIL CopyToCPU RADIX-14 Dissemination Time: 1.076286e-04
0: Testing Size 4096
0: PMPI Allreduce Time: 2.348648e-04
0: MPIL GPU-Aware Recursive Doubling Time: 2.352404e-04
0: MPIL GPU-Aware Node-Aware Dissemination Time: 1.938913e-03
0: MPIL GPU-Aware NUMA-Aware Dissemination Time: 6.642963e-03
0: CopyToCPU PMPI Allreduce Time: 1.932370e-04
0: MPIL CopyToCPU Recursive Doubling Time: 2.147889e-04
0: MPIL CopyToCPU Node-Aware Dissemination Time: 3.742139e-04
0: MPIL CopyToCPU NUMA-Aware Dissemination Time: 2.203673e-04
0: MPIL CopyToCPU RADIX-3 Dissemination Time: 2.160960e-04
0: MPIL CopyToCPU RADIX-4 Dissemination Time: 1.572114e-04
0: MPIL CopyToCPU RADIX-5 Dissemination Time: 1.767640e-04
0: MPIL CopyToCPU RADIX-6 Dissemination Time: 1.784006e-04
0: MPIL CopyToCPU RADIX-7 Dissemination Time: 1.842053e-04
0: MPIL CopyToCPU RADIX-8 Dissemination Time: 1.678024e-04
0: MPIL CopyToCPU RADIX-9 Dissemination Time: 1.889969e-04
0: MPIL CopyToCPU RADIX-10 Dissemination Time: 1.954110e-04
0: MPIL CopyToCPU RADIX-11 Dissemination Time: 2.020787e-04
0: MPIL CopyToCPU RADIX-12 Dissemination Time: 2.032664e-04
0: MPIL CopyToCPU RADIX-13 Dissemination Time: 2.047996e-04
0: MPIL CopyToCPU RADIX-14 Dissemination Time: 2.005729e-04
0: Testing Size 8192
0: PMPI Allreduce Time: 2.434374e-04
0: MPIL GPU-Aware Recursive Doubling Time: 2.429577e-04
0: MPIL GPU-Aware Node-Aware Dissemination Time: 2.997324e-03
0: MPIL GPU-Aware NUMA-Aware Dissemination Time: 9.375528e-03
0: CopyToCPU PMPI Allreduce Time: 4.530450e-04
0: MPIL CopyToCPU Recursive Doubling Time: 3.397830e-04
0: MPIL CopyToCPU Node-Aware Dissemination Time: 6.371263e-04
0: MPIL CopyToCPU NUMA-Aware Dissemination Time: 3.579736e-04
0: MPIL CopyToCPU RADIX-3 Dissemination Time: 3.560307e-04
0: MPIL CopyToCPU RADIX-4 Dissemination Time: 2.576491e-04
0: MPIL CopyToCPU RADIX-5 Dissemination Time: 2.799904e-04
0: MPIL CopyToCPU RADIX-6 Dissemination Time: 2.883480e-04
0: MPIL CopyToCPU RADIX-7 Dissemination Time: 3.016255e-04
0: MPIL CopyToCPU RADIX-8 Dissemination Time: 2.906771e-04
0: MPIL CopyToCPU RADIX-9 Dissemination Time: 3.095165e-04
0: MPIL CopyToCPU RADIX-10 Dissemination Time: 3.318769e-04
0: MPIL CopyToCPU RADIX-11 Dissemination Time: 3.417996e-04
0: MPIL CopyToCPU RADIX-12 Dissemination Time: 3.427054e-04
0: MPIL CopyToCPU RADIX-13 Dissemination Time: 3.434668e-04
0: MPIL CopyToCPU RADIX-14 Dissemination Time: 3.433220e-04
0: Testing Size 16384
0: PMPI Allreduce Time: 2.513225e-04
0: MPIL GPU-Aware Recursive Doubling Time: 2.515149e-04
0: MPIL GPU-Aware Node-Aware Dissemination Time: 3.095766e-03
0: MPIL GPU-Aware NUMA-Aware Dissemination Time: 8.112212e-03
0: CopyToCPU PMPI Allreduce Time: 5.002638e-04
0: MPIL CopyToCPU Recursive Doubling Time: 5.992518e-04
0: MPIL CopyToCPU Node-Aware Dissemination Time: 1.156905e-03
0: MPIL CopyToCPU NUMA-Aware Dissemination Time: 6.257322e-04
0: MPIL CopyToCPU RADIX-3 Dissemination Time: 6.413461e-04
0: MPIL CopyToCPU RADIX-4 Dissemination Time: 4.409617e-04
0: MPIL CopyToCPU RADIX-5 Dissemination Time: 4.975169e-04
0: MPIL CopyToCPU RADIX-6 Dissemination Time: 5.033281e-04
0: MPIL CopyToCPU RADIX-7 Dissemination Time: 5.262214e-04
0: MPIL CopyToCPU RADIX-8 Dissemination Time: 5.192099e-04
0: MPIL CopyToCPU RADIX-9 Dissemination Time: 5.679341e-04
0: MPIL CopyToCPU RADIX-10 Dissemination Time: 6.099828e-04
0: MPIL CopyToCPU RADIX-11 Dissemination Time: 6.285390e-04
0: MPIL CopyToCPU RADIX-12 Dissemination Time: 5.934193e-04
0: MPIL CopyToCPU RADIX-13 Dissemination Time: 6.127831e-04
0: MPIL CopyToCPU RADIX-14 Dissemination Time: 6.086431e-04
0: Testing Size 32768
0: PMPI Allreduce Time: 2.806133e-04
0: MPIL GPU-Aware Recursive Doubling Time: 2.800859e-04
0: MPIL GPU-Aware Node-Aware Dissemination Time: 1.364391e-02
0: MPIL GPU-Aware NUMA-Aware Dissemination Time: 6.920716e-03
0: CopyToCPU PMPI Allreduce Time: 8.815759e-04
0: MPIL CopyToCPU Recursive Doubling Time: 1.077606e-03
0: MPIL CopyToCPU Node-Aware Dissemination Time: 2.115597e-03
0: MPIL CopyToCPU NUMA-Aware Dissemination Time: 1.154839e-03
0: MPIL CopyToCPU RADIX-3 Dissemination Time: 1.198685e-03
0: MPIL CopyToCPU RADIX-4 Dissemination Time: 8.347049e-04
0: MPIL CopyToCPU RADIX-5 Dissemination Time: 9.302733e-04
0: MPIL CopyToCPU RADIX-6 Dissemination Time: 9.506759e-04
0: MPIL CopyToCPU RADIX-7 Dissemination Time: 9.904676e-04
0: MPIL CopyToCPU RADIX-8 Dissemination Time: 1.008282e-03
0: MPIL CopyToCPU RADIX-9 Dissemination Time: 1.074554e-03
0: MPIL CopyToCPU RADIX-10 Dissemination Time: 1.177882e-03
0: MPIL CopyToCPU RADIX-11 Dissemination Time: 1.167677e-03
0: MPIL CopyToCPU RADIX-12 Dissemination Time: 1.138581e-03
0: MPIL CopyToCPU RADIX-13 Dissemination Time: 1.164424e-03
0: MPIL CopyToCPU RADIX-14 Dissemination Time: 1.177146e-03
0: Testing Size 65536
0: PMPI Allreduce Time: 3.168143e-04
0: MPIL GPU-Aware Recursive Doubling Time: 3.140017e-04
0: MPIL GPU-Aware Node-Aware Dissemination Time: 1.520390e-02
0: MPIL GPU-Aware NUMA-Aware Dissemination Time: 7.826041e-03
0: CopyToCPU PMPI Allreduce Time: 1.644705e-03
0: MPIL CopyToCPU Recursive Doubling Time: 2.046187e-03
0: MPIL CopyToCPU Node-Aware Dissemination Time: 3.811429e-03
0: MPIL CopyToCPU NUMA-Aware Dissemination Time: 2.199978e-03
0: MPIL CopyToCPU RADIX-3 Dissemination Time: 2.310651e-03
0: MPIL CopyToCPU RADIX-4 Dissemination Time: 1.612086e-03
0: MPIL CopyToCPU RADIX-5 Dissemination Time: 1.748299e-03
0: MPIL CopyToCPU RADIX-6 Dissemination Time: 1.725697e-03
0: MPIL CopyToCPU RADIX-7 Dissemination Time: 1.791144e-03
0: MPIL CopyToCPU RADIX-8 Dissemination Time: 1.813801e-03
0: MPIL CopyToCPU RADIX-9 Dissemination Time: 1.980530e-03
0: MPIL CopyToCPU RADIX-10 Dissemination Time: 2.082563e-03
0: MPIL CopyToCPU RADIX-11 Dissemination Time: 2.182753e-03
0: MPIL CopyToCPU RADIX-12 Dissemination Time: 2.148373e-03
0: MPIL CopyToCPU RADIX-13 Dissemination Time: 2.174936e-03
0: MPIL CopyToCPU RADIX-14 Dissemination Time: 2.236538e-03
0: Testing Size 131072
0: PMPI Allreduce Time: 3.851074e-04
0: MPIL GPU-Aware Recursive Doubling Time: 3.823809e-04
0: MPIL GPU-Aware Node-Aware Dissemination Time: 1.830546e-02
0: MPIL GPU-Aware NUMA-Aware Dissemination Time: 1.073381e-02
0: CopyToCPU PMPI Allreduce Time: 3.340534e-03
0: MPIL CopyToCPU Recursive Doubling Time: 3.723771e-03
0: MPIL CopyToCPU Node-Aware Dissemination Time: 5.600607e-03
0: MPIL CopyToCPU NUMA-Aware Dissemination Time: 4.230205e-03
0: MPIL CopyToCPU RADIX-3 Dissemination Time: 4.462586e-03
0: MPIL CopyToCPU RADIX-4 Dissemination Time: 2.922578e-03
0: MPIL CopyToCPU RADIX-5 Dissemination Time: 3.188180e-03
0: MPIL CopyToCPU RADIX-6 Dissemination Time: 3.252408e-03
0: MPIL CopyToCPU RADIX-7 Dissemination Time: 3.377528e-03
0: MPIL CopyToCPU RADIX-8 Dissemination Time: 3.430590e-03
0: MPIL CopyToCPU RADIX-9 Dissemination Time: 3.676532e-03
0: MPIL CopyToCPU RADIX-10 Dissemination Time: 3.879918e-03
0: MPIL CopyToCPU RADIX-11 Dissemination Time: 4.090863e-03
0: MPIL CopyToCPU RADIX-12 Dissemination Time: 4.026557e-03
0: MPIL CopyToCPU RADIX-13 Dissemination Time: 4.038333e-03
0: MPIL CopyToCPU RADIX-14 Dissemination Time: 4.175485e-03
0: Testing Size 262144
0: PMPI Allreduce Time: 4.378474e-04
0: MPIL GPU-Aware Recursive Doubling Time: 4.362775e-04
0: MPIL GPU-Aware Node-Aware Dissemination Time: 2.591484e-02
0: MPIL GPU-Aware NUMA-Aware Dissemination Time: 1.898275e-02
0: CopyToCPU PMPI Allreduce Time: 6.599623e-03
0: MPIL CopyToCPU Recursive Doubling Time: 7.590387e-03
0: MPIL CopyToCPU Node-Aware Dissemination Time: 9.589008e-03
0: MPIL CopyToCPU NUMA-Aware Dissemination Time: 8.270082e-03
0: MPIL CopyToCPU RADIX-3 Dissemination Time: 8.380106e-03
0: MPIL CopyToCPU RADIX-4 Dissemination Time: 5.772003e-03
0: MPIL CopyToCPU RADIX-5 Dissemination Time: 6.203766e-03
0: MPIL CopyToCPU RADIX-6 Dissemination Time: 6.297023e-03
0: MPIL CopyToCPU RADIX-7 Dissemination Time: 6.550759e-03
0: MPIL CopyToCPU RADIX-8 Dissemination Time: 6.861456e-03
0: MPIL CopyToCPU RADIX-9 Dissemination Time: 7.328966e-03
0: MPIL CopyToCPU RADIX-10 Dissemination Time: 7.761461e-03
0: MPIL CopyToCPU RADIX-11 Dissemination Time: 8.202344e-03
0: MPIL CopyToCPU RADIX-12 Dissemination Time: 8.165581e-03
0: MPIL CopyToCPU RADIX-13 Dissemination Time: 8.086091e-03
0: MPIL CopyToCPU RADIX-14 Dissemination Time: 8.419881e-03
0: Testing Size 524288
0: PMPI Allreduce Time: 5.489288e-04
0: MPIL GPU-Aware Recursive Doubling Time: 5.496447e-04
0: MPIL GPU-Aware Node-Aware Dissemination Time: 3.788817e-02
0: MPIL GPU-Aware NUMA-Aware Dissemination Time: 3.794212e-02
0: CopyToCPU PMPI Allreduce Time: 1.378602e-02
0: MPIL CopyToCPU Recursive Doubling Time: 1.493538e-02
0: MPIL CopyToCPU Node-Aware Dissemination Time: 2.353434e-02
0: MPIL CopyToCPU NUMA-Aware Dissemination Time: 1.618446e-02
0: MPIL CopyToCPU RADIX-3 Dissemination Time: 1.639311e-02
0: MPIL CopyToCPU RADIX-4 Dissemination Time: 1.144267e-02
0: MPIL CopyToCPU RADIX-5 Dissemination Time: 1.245132e-02
0: MPIL CopyToCPU RADIX-6 Dissemination Time: 1.265330e-02
0: MPIL CopyToCPU RADIX-7 Dissemination Time: 1.311440e-02
0: MPIL CopyToCPU RADIX-8 Dissemination Time: 1.550196e-02
0: MPIL CopyToCPU RADIX-9 Dissemination Time: 1.646948e-02
0: MPIL CopyToCPU RADIX-10 Dissemination Time: 1.855549e-02
0: MPIL CopyToCPU RADIX-11 Dissemination Time: 1.997899e-02
0: MPIL CopyToCPU RADIX-12 Dissemination Time: 1.985849e-02
0: MPIL CopyToCPU RADIX-13 Dissemination Time: 2.088470e-02
0: MPIL CopyToCPU RADIX-14 Dissemination Time: 2.194689e-02
