0: Testing Size 1
0: PMPI Allreduce Time: 2.480820e-05
0: MPIL GPU-Aware Recursive Doubling Time: 2.448676e-05
0: MPIL GPU-Aware Node-Aware Dissemination Time: 4.901282e-05
0: MPIL GPU-Aware NUMA-Aware Dissemination Time: 6.938851e-05
0: CopyToCPU PMPI Allreduce Time: 2.453189e-05
0: MPIL CopyToCPU Recursive Doubling Time: 2.508975e-05
0: MPIL CopyToCPU Node-Aware Dissemination Time: 3.008552e-05
0: MPIL CopyToCPU NUMA-Aware Dissemination Time: 2.438480e-05
0: MPIL CopyToCPU RADIX-3 Dissemination Time: 2.612741e-05
0: MPIL CopyToCPU RADIX-4 Dissemination Time: 2.168843e-05
0: MPIL CopyToCPU RADIX-5 Dissemination Time: 2.413329e-05
0: MPIL CopyToCPU RADIX-6 Dissemination Time: 2.696901e-05
0: MPIL CopyToCPU RADIX-7 Dissemination Time: 2.764675e-05
0: MPIL CopyToCPU RADIX-8 Dissemination Time: 2.332142e-05
0: MPIL CopyToCPU RADIX-9 Dissemination Time: 2.849479e-05
0: MPIL CopyToCPU RADIX-10 Dissemination Time: 3.020212e-05
0: MPIL CopyToCPU RADIX-11 Dissemination Time: 3.246273e-05
0: MPIL CopyToCPU RADIX-12 Dissemination Time: 3.178647e-05
0: MPIL CopyToCPU RADIX-13 Dissemination Time: 3.168390e-05
0: MPIL CopyToCPU RADIX-14 Dissemination Time: 3.106883e-05
0: Testing Size 2
0: PMPI Allreduce Time: 2.485260e-05
0: MPIL GPU-Aware Recursive Doubling Time: 2.481330e-05
0: MPIL GPU-Aware Node-Aware Dissemination Time: 4.898977e-05
0: MPIL GPU-Aware NUMA-Aware Dissemination Time: 6.925736e-05
0: CopyToCPU PMPI Allreduce Time: 2.446827e-05
0: MPIL CopyToCPU Recursive Doubling Time: 2.571343e-05
0: MPIL CopyToCPU Node-Aware Dissemination Time: 3.008271e-05
0: MPIL CopyToCPU NUMA-Aware Dissemination Time: 2.447079e-05
0: MPIL CopyToCPU RADIX-3 Dissemination Time: 2.620210e-05
0: MPIL CopyToCPU RADIX-4 Dissemination Time: 2.223926e-05
0: MPIL CopyToCPU RADIX-5 Dissemination Time: 2.458877e-05
0: MPIL CopyToCPU RADIX-6 Dissemination Time: 2.751350e-05
0: MPIL CopyToCPU RADIX-7 Dissemination Time: 2.793324e-05
0: MPIL CopyToCPU RADIX-8 Dissemination Time: 2.347966e-05
0: MPIL CopyToCPU RADIX-9 Dissemination Time: 2.784435e-05
0: MPIL CopyToCPU RADIX-10 Dissemination Time: 2.953522e-05
0: MPIL CopyToCPU RADIX-11 Dissemination Time: 3.043938e-05
0: MPIL CopyToCPU RADIX-12 Dissemination Time: 3.075643e-05
0: MPIL CopyToCPU RADIX-13 Dissemination Time: 3.074028e-05
0: MPIL CopyToCPU RADIX-14 Dissemination Time: 2.937667e-05
0: Testing Size 4
0: PMPI Allreduce Time: 2.488979e-05
0: MPIL GPU-Aware Recursive Doubling Time: 2.494035e-05
0: MPIL GPU-Aware Node-Aware Dissemination Time: 4.869831e-05
0: MPIL GPU-Aware NUMA-Aware Dissemination Time: 6.860226e-05
0: CopyToCPU PMPI Allreduce Time: 2.468293e-05
0: MPIL CopyToCPU Recursive Doubling Time: 2.488083e-05
0: MPIL CopyToCPU Node-Aware Dissemination Time: 2.998223e-05
0: MPIL CopyToCPU NUMA-Aware Dissemination Time: 2.438610e-05
0: MPIL CopyToCPU RADIX-3 Dissemination Time: 2.625108e-05
0: MPIL CopyToCPU RADIX-4 Dissemination Time: 2.209544e-05
0: MPIL CopyToCPU RADIX-5 Dissemination Time: 2.460598e-05
0: MPIL CopyToCPU RADIX-6 Dissemination Time: 2.746852e-05
0: MPIL CopyToCPU RADIX-7 Dissemination Time: 2.787858e-05
0: MPIL CopyToCPU RADIX-8 Dissemination Time: 2.329979e-05
0: MPIL CopyToCPU RADIX-9 Dissemination Time: 2.774232e-05
0: MPIL CopyToCPU RADIX-10 Dissemination Time: 2.967216e-05
0: MPIL CopyToCPU RADIX-11 Dissemination Time: 3.056278e-05
0: MPIL CopyToCPU RADIX-12 Dissemination Time: 3.107454e-05
0: MPIL CopyToCPU RADIX-13 Dissemination Time: 3.082986e-05
0: MPIL CopyToCPU RADIX-14 Dissemination Time: 2.962557e-05
0: Testing Size 8
0: PMPI Allreduce Time: 2.465839e-05
0: MPIL GPU-Aware Recursive Doubling Time: 2.463624e-05
0: MPIL GPU-Aware Node-Aware Dissemination Time: 4.909123e-05
0: MPIL GPU-Aware NUMA-Aware Dissemination Time: 6.921784e-05
0: CopyToCPU PMPI Allreduce Time: 2.452786e-05
0: MPIL CopyToCPU Recursive Doubling Time: 2.668122e-05
0: MPIL CopyToCPU Node-Aware Dissemination Time: 3.001612e-05
0: MPIL CopyToCPU NUMA-Aware Dissemination Time: 2.545343e-05
0: MPIL CopyToCPU RADIX-3 Dissemination Time: 2.703372e-05
0: MPIL CopyToCPU RADIX-4 Dissemination Time: 2.259678e-05
0: MPIL CopyToCPU RADIX-5 Dissemination Time: 2.510158e-05
0: MPIL CopyToCPU RADIX-6 Dissemination Time: 2.793146e-05
0: MPIL CopyToCPU RADIX-7 Dissemination Time: 2.857106e-05
0: MPIL CopyToCPU RADIX-8 Dissemination Time: 2.420844e-05
0: MPIL CopyToCPU RADIX-9 Dissemination Time: 2.872614e-05
0: MPIL CopyToCPU RADIX-10 Dissemination Time: 3.054716e-05
0: MPIL CopyToCPU RADIX-11 Dissemination Time: 3.207582e-05
0: MPIL CopyToCPU RADIX-12 Dissemination Time: 3.241080e-05
0: MPIL CopyToCPU RADIX-13 Dissemination Time: 3.224841e-05
0: MPIL CopyToCPU RADIX-14 Dissemination Time: 3.078199e-05
0: Testing Size 16
0: PMPI Allreduce Time: 2.686176e-05
0: MPIL GPU-Aware Recursive Doubling Time: 2.694853e-05
0: MPIL GPU-Aware Node-Aware Dissemination Time: 5.111596e-05
0: MPIL GPU-Aware NUMA-Aware Dissemination Time: 7.079250e-05
0: CopyToCPU PMPI Allreduce Time: 2.658393e-05
0: MPIL CopyToCPU Recursive Doubling Time: 2.949686e-05
0: MPIL CopyToCPU Node-Aware Dissemination Time: 3.224071e-05
0: MPIL CopyToCPU NUMA-Aware Dissemination Time: 2.718597e-05
0: MPIL CopyToCPU RADIX-3 Dissemination Time: 2.859520e-05
0: MPIL CopyToCPU RADIX-4 Dissemination Time: 2.356166e-05
0: MPIL CopyToCPU RADIX-5 Dissemination Time: 2.616149e-05
0: MPIL CopyToCPU RADIX-6 Dissemination Time: 2.952626e-05
0: MPIL CopyToCPU RADIX-7 Dissemination Time: 3.036071e-05
0: MPIL CopyToCPU RADIX-8 Dissemination Time: 2.514041e-05
0: MPIL CopyToCPU RADIX-9 Dissemination Time: 3.018256e-05
0: MPIL CopyToCPU RADIX-10 Dissemination Time: 3.196167e-05
0: MPIL CopyToCPU RADIX-11 Dissemination Time: 3.305486e-05
0: MPIL CopyToCPU RADIX-12 Dissemination Time: 3.335549e-05
0: MPIL CopyToCPU RADIX-13 Dissemination Time: 3.304696e-05
0: MPIL CopyToCPU RADIX-14 Dissemination Time: 3.186013e-05
0: Testing Size 32
0: PMPI Allreduce Time: 3.849911e-05
0: MPIL GPU-Aware Recursive Doubling Time: 3.835153e-05
0: MPIL GPU-Aware Node-Aware Dissemination Time: 6.009616e-05
0: MPIL GPU-Aware NUMA-Aware Dissemination Time: 8.877429e-05
0: CopyToCPU PMPI Allreduce Time: 3.674395e-05
0: MPIL CopyToCPU Recursive Doubling Time: 3.833795e-05
0: MPIL CopyToCPU Node-Aware Dissemination Time: 3.829438e-05
0: MPIL CopyToCPU NUMA-Aware Dissemination Time: 4.527773e-05
0: MPIL CopyToCPU RADIX-3 Dissemination Time: 3.918110e-05
0: MPIL CopyToCPU RADIX-4 Dissemination Time: 3.264590e-05
0: MPIL CopyToCPU RADIX-5 Dissemination Time: 3.648539e-05
0: MPIL CopyToCPU RADIX-6 Dissemination Time: 3.788677e-05
0: MPIL CopyToCPU RADIX-7 Dissemination Time: 3.803620e-05
0: MPIL CopyToCPU RADIX-8 Dissemination Time: 3.162333e-05
0: MPIL CopyToCPU RADIX-9 Dissemination Time: 3.486219e-05
0: MPIL CopyToCPU RADIX-10 Dissemination Time: 3.551969e-05
0: MPIL CopyToCPU RADIX-11 Dissemination Time: 3.683608e-05
0: MPIL CopyToCPU RADIX-12 Dissemination Time: 3.728050e-05
0: MPIL CopyToCPU RADIX-13 Dissemination Time: 3.753762e-05
0: MPIL CopyToCPU RADIX-14 Dissemination Time: 3.645962e-05
0: Testing Size 64
0: PMPI Allreduce Time: 3.877353e-05
0: MPIL GPU-Aware Recursive Doubling Time: 3.881821e-05
0: MPIL GPU-Aware Node-Aware Dissemination Time: 6.144226e-05
0: MPIL GPU-Aware NUMA-Aware Dissemination Time: 8.839608e-05
0: CopyToCPU PMPI Allreduce Time: 3.798276e-05
0: MPIL CopyToCPU Recursive Doubling Time: 3.899446e-05
0: MPIL CopyToCPU Node-Aware Dissemination Time: 3.951933e-05
0: MPIL CopyToCPU NUMA-Aware Dissemination Time: 4.557658e-05
0: MPIL CopyToCPU RADIX-3 Dissemination Time: 4.009772e-05
0: MPIL CopyToCPU RADIX-4 Dissemination Time: 3.365047e-05
0: MPIL CopyToCPU RADIX-5 Dissemination Time: 3.698420e-05
0: MPIL CopyToCPU RADIX-6 Dissemination Time: 3.829110e-05
0: MPIL CopyToCPU RADIX-7 Dissemination Time: 3.866861e-05
0: MPIL CopyToCPU RADIX-8 Dissemination Time: 3.231129e-05
0: MPIL CopyToCPU RADIX-9 Dissemination Time: 3.536191e-05
0: MPIL CopyToCPU RADIX-10 Dissemination Time: 3.615910e-05
0: MPIL CopyToCPU RADIX-11 Dissemination Time: 3.760427e-05
0: MPIL CopyToCPU RADIX-12 Dissemination Time: 3.794975e-05
0: MPIL CopyToCPU RADIX-13 Dissemination Time: 3.820136e-05
0: MPIL CopyToCPU RADIX-14 Dissemination Time: 3.735113e-05
0: Testing Size 128
0: PMPI Allreduce Time: 4.911189e-05
0: MPIL GPU-Aware Recursive Doubling Time: 4.924013e-05
0: MPIL GPU-Aware Node-Aware Dissemination Time: 8.548621e-05
0: MPIL GPU-Aware NUMA-Aware Dissemination Time: 9.846563e-05
0: CopyToCPU PMPI Allreduce Time: 4.857416e-05
0: MPIL CopyToCPU Recursive Doubling Time: 5.041073e-05
0: MPIL CopyToCPU Node-Aware Dissemination Time: 6.610351e-05
0: MPIL CopyToCPU NUMA-Aware Dissemination Time: 4.983771e-05
0: MPIL CopyToCPU RADIX-3 Dissemination Time: 4.579545e-05
0: MPIL CopyToCPU RADIX-4 Dissemination Time: 3.876204e-05
0: MPIL CopyToCPU RADIX-5 Dissemination Time: 4.205726e-05
0: MPIL CopyToCPU RADIX-6 Dissemination Time: 4.408457e-05
0: MPIL CopyToCPU RADIX-7 Dissemination Time: 4.509342e-05
0: MPIL CopyToCPU RADIX-8 Dissemination Time: 3.867455e-05
0: MPIL CopyToCPU RADIX-9 Dissemination Time: 4.080650e-05
0: MPIL CopyToCPU RADIX-10 Dissemination Time: 4.275355e-05
0: MPIL CopyToCPU RADIX-11 Dissemination Time: 4.367957e-05
0: MPIL CopyToCPU RADIX-12 Dissemination Time: 4.425861e-05
0: MPIL CopyToCPU RADIX-13 Dissemination Time: 4.448616e-05
0: MPIL CopyToCPU RADIX-14 Dissemination Time: 4.312037e-05
0: Testing Size 256
0: PMPI Allreduce Time: 5.314108e-05
0: MPIL GPU-Aware Recursive Doubling Time: 5.302577e-05
0: MPIL GPU-Aware Node-Aware Dissemination Time: 1.091789e-04
0: MPIL GPU-Aware NUMA-Aware Dissemination Time: 1.043530e-04
0: CopyToCPU PMPI Allreduce Time: 5.577908e-05
0: MPIL CopyToCPU Recursive Doubling Time: 5.782557e-05
0: MPIL CopyToCPU Node-Aware Dissemination Time: 9.087153e-05
0: MPIL CopyToCPU NUMA-Aware Dissemination Time: 5.683860e-05
0: MPIL CopyToCPU RADIX-3 Dissemination Time: 5.020254e-05
0: MPIL CopyToCPU RADIX-4 Dissemination Time: 4.257271e-05
0: MPIL CopyToCPU RADIX-5 Dissemination Time: 4.678068e-05
0: MPIL CopyToCPU RADIX-6 Dissemination Time: 5.158082e-05
0: MPIL CopyToCPU RADIX-7 Dissemination Time: 5.281275e-05
0: MPIL CopyToCPU RADIX-8 Dissemination Time: 4.381895e-05
0: MPIL CopyToCPU RADIX-9 Dissemination Time: 4.920005e-05
0: MPIL CopyToCPU RADIX-10 Dissemination Time: 5.145958e-05
0: MPIL CopyToCPU RADIX-11 Dissemination Time: 4.882118e-05
0: MPIL CopyToCPU RADIX-12 Dissemination Time: 4.907372e-05
0: MPIL CopyToCPU RADIX-13 Dissemination Time: 4.917599e-05
0: MPIL CopyToCPU RADIX-14 Dissemination Time: 4.864280e-05
0: Testing Size 512
0: PMPI Allreduce Time: 6.066675e-05
0: MPIL GPU-Aware Recursive Doubling Time: 6.059334e-05
0: MPIL GPU-Aware Node-Aware Dissemination Time: 1.158459e-04
0: MPIL GPU-Aware NUMA-Aware Dissemination Time: 1.144931e-04
0: CopyToCPU PMPI Allreduce Time: 6.105968e-05
0: MPIL CopyToCPU Recursive Doubling Time: 6.381867e-05
0: MPIL CopyToCPU Node-Aware Dissemination Time: 9.753374e-05
0: MPIL CopyToCPU NUMA-Aware Dissemination Time: 6.455352e-05
0: MPIL CopyToCPU RADIX-3 Dissemination Time: 5.973049e-05
0: MPIL CopyToCPU RADIX-4 Dissemination Time: 4.917646e-05
0: MPIL CopyToCPU RADIX-5 Dissemination Time: 5.290609e-05
0: MPIL CopyToCPU RADIX-6 Dissemination Time: 5.449019e-05
0: MPIL CopyToCPU RADIX-7 Dissemination Time: 5.595533e-05
0: MPIL CopyToCPU RADIX-8 Dissemination Time: 4.944463e-05
0: MPIL CopyToCPU RADIX-9 Dissemination Time: 5.391125e-05
0: MPIL CopyToCPU RADIX-10 Dissemination Time: 5.582108e-05
0: MPIL CopyToCPU RADIX-11 Dissemination Time: 5.666099e-05
0: MPIL CopyToCPU RADIX-12 Dissemination Time: 5.626870e-05
0: MPIL CopyToCPU RADIX-13 Dissemination Time: 5.874737e-05
0: MPIL CopyToCPU RADIX-14 Dissemination Time: 5.792722e-05
0: Testing Size 1024
0: PMPI Allreduce Time: 9.901284e-05
0: MPIL GPU-Aware Recursive Doubling Time: 9.886321e-05
0: MPIL GPU-Aware Node-Aware Dissemination Time: 1.070274e-03
0: MPIL GPU-Aware NUMA-Aware Dissemination Time: 2.168622e-03
0: CopyToCPU PMPI Allreduce Time: 7.666743e-05
0: MPIL CopyToCPU Recursive Doubling Time: 8.032900e-05
0: MPIL CopyToCPU Node-Aware Dissemination Time: 1.382997e-04
0: MPIL CopyToCPU NUMA-Aware Dissemination Time: 8.287963e-05
0: MPIL CopyToCPU RADIX-3 Dissemination Time: 7.745086e-05
0: MPIL CopyToCPU RADIX-4 Dissemination Time: 6.102705e-05
0: MPIL CopyToCPU RADIX-5 Dissemination Time: 6.559150e-05
0: MPIL CopyToCPU RADIX-6 Dissemination Time: 6.676185e-05
0: MPIL CopyToCPU RADIX-7 Dissemination Time: 6.873062e-05
0: MPIL CopyToCPU RADIX-8 Dissemination Time: 6.416614e-05
0: MPIL CopyToCPU RADIX-9 Dissemination Time: 7.061313e-05
0: MPIL CopyToCPU RADIX-10 Dissemination Time: 7.288483e-05
0: MPIL CopyToCPU RADIX-11 Dissemination Time: 7.577270e-05
0: MPIL CopyToCPU RADIX-12 Dissemination Time: 7.779616e-05
0: MPIL CopyToCPU RADIX-13 Dissemination Time: 7.829243e-05
0: MPIL CopyToCPU RADIX-14 Dissemination Time: 7.376841e-05
0: Testing Size 2048
0: PMPI Allreduce Time: 2.248943e-04
0: MPIL GPU-Aware Recursive Doubling Time: 2.239996e-04
0: MPIL GPU-Aware Node-Aware Dissemination Time: 1.383453e-03
0: MPIL GPU-Aware NUMA-Aware Dissemination Time: 3.909115e-03
0: CopyToCPU PMPI Allreduce Time: 1.341251e-04
0: MPIL CopyToCPU Recursive Doubling Time: 1.141314e-04
0: MPIL CopyToCPU Node-Aware Dissemination Time: 2.215502e-04
0: MPIL CopyToCPU NUMA-Aware Dissemination Time: 1.199944e-04
0: MPIL CopyToCPU RADIX-3 Dissemination Time: 1.137507e-04
0: MPIL CopyToCPU RADIX-4 Dissemination Time: 8.478922e-05
0: MPIL CopyToCPU RADIX-5 Dissemination Time: 9.002198e-05
0: MPIL CopyToCPU RADIX-6 Dissemination Time: 9.498142e-05
0: MPIL CopyToCPU RADIX-7 Dissemination Time: 9.645153e-05
0: MPIL CopyToCPU RADIX-8 Dissemination Time: 9.139414e-05
0: MPIL CopyToCPU RADIX-9 Dissemination Time: 1.014435e-04
0: MPIL CopyToCPU RADIX-10 Dissemination Time: 1.041202e-04
0: MPIL CopyToCPU RADIX-11 Dissemination Time: 1.067292e-04
0: MPIL CopyToCPU RADIX-12 Dissemination Time: 1.082716e-04
0: MPIL CopyToCPU RADIX-13 Dissemination Time: 1.089529e-04
0: MPIL CopyToCPU RADIX-14 Dissemination Time: 1.077929e-04
0: Testing Size 4096
0: PMPI Allreduce Time: 2.353636e-04
0: MPIL GPU-Aware Recursive Doubling Time: 2.367890e-04
0: MPIL GPU-Aware Node-Aware Dissemination Time: 2.155407e-03
0: MPIL GPU-Aware NUMA-Aware Dissemination Time: 5.862142e-03
0: CopyToCPU PMPI Allreduce Time: 2.015093e-04
0: MPIL CopyToCPU Recursive Doubling Time: 2.118882e-04
0: MPIL CopyToCPU Node-Aware Dissemination Time: 3.767753e-04
0: MPIL CopyToCPU NUMA-Aware Dissemination Time: 2.183359e-04
0: MPIL CopyToCPU RADIX-3 Dissemination Time: 2.140429e-04
0: MPIL CopyToCPU RADIX-4 Dissemination Time: 1.564811e-04
0: MPIL CopyToCPU RADIX-5 Dissemination Time: 1.763339e-04
0: MPIL CopyToCPU RADIX-6 Dissemination Time: 1.774035e-04
0: MPIL CopyToCPU RADIX-7 Dissemination Time: 1.833479e-04
0: MPIL CopyToCPU RADIX-8 Dissemination Time: 1.668089e-04
0: MPIL CopyToCPU RADIX-9 Dissemination Time: 1.866221e-04
0: MPIL CopyToCPU RADIX-10 Dissemination Time: 1.943347e-04
0: MPIL CopyToCPU RADIX-11 Dissemination Time: 2.002984e-04
0: MPIL CopyToCPU RADIX-12 Dissemination Time: 2.021816e-04
0: MPIL CopyToCPU RADIX-13 Dissemination Time: 2.012505e-04
0: MPIL CopyToCPU RADIX-14 Dissemination Time: 2.034553e-04
0: Testing Size 8192
0: PMPI Allreduce Time: 2.441837e-04
0: MPIL GPU-Aware Recursive Doubling Time: 2.440291e-04
0: MPIL GPU-Aware Node-Aware Dissemination Time: 3.046230e-03
0: MPIL GPU-Aware NUMA-Aware Dissemination Time: 9.656729e-03
0: CopyToCPU PMPI Allreduce Time: 2.966449e-04
0: MPIL CopyToCPU Recursive Doubling Time: 3.413414e-04
0: MPIL CopyToCPU Node-Aware Dissemination Time: 6.410969e-04
0: MPIL CopyToCPU NUMA-Aware Dissemination Time: 3.599686e-04
0: MPIL CopyToCPU RADIX-3 Dissemination Time: 3.564412e-04
0: MPIL CopyToCPU RADIX-4 Dissemination Time: 2.513002e-04
0: MPIL CopyToCPU RADIX-5 Dissemination Time: 2.805757e-04
0: MPIL CopyToCPU RADIX-6 Dissemination Time: 2.894629e-04
0: MPIL CopyToCPU RADIX-7 Dissemination Time: 3.006035e-04
0: MPIL CopyToCPU RADIX-8 Dissemination Time: 2.854052e-04
0: MPIL CopyToCPU RADIX-9 Dissemination Time: 3.140679e-04
0: MPIL CopyToCPU RADIX-10 Dissemination Time: 3.274752e-04
0: MPIL CopyToCPU RADIX-11 Dissemination Time: 3.410796e-04
0: MPIL CopyToCPU RADIX-12 Dissemination Time: 3.396144e-04
0: MPIL CopyToCPU RADIX-13 Dissemination Time: 3.452536e-04
0: MPIL CopyToCPU RADIX-14 Dissemination Time: 3.399209e-04
0: Testing Size 16384
0: PMPI Allreduce Time: 2.511931e-04
0: MPIL GPU-Aware Recursive Doubling Time: 2.519500e-04
0: MPIL GPU-Aware Node-Aware Dissemination Time: 3.259946e-03
0: MPIL GPU-Aware NUMA-Aware Dissemination Time: 9.138319e-03
0: CopyToCPU PMPI Allreduce Time: 4.876535e-04
0: MPIL CopyToCPU Recursive Doubling Time: 5.886552e-04
0: MPIL CopyToCPU Node-Aware Dissemination Time: 1.135656e-03
0: MPIL CopyToCPU NUMA-Aware Dissemination Time: 6.359411e-04
0: MPIL CopyToCPU RADIX-3 Dissemination Time: 6.446134e-04
0: MPIL CopyToCPU RADIX-4 Dissemination Time: 4.383222e-04
0: MPIL CopyToCPU RADIX-5 Dissemination Time: 4.982946e-04
0: MPIL CopyToCPU RADIX-6 Dissemination Time: 5.044181e-04
0: MPIL CopyToCPU RADIX-7 Dissemination Time: 5.274010e-04
0: MPIL CopyToCPU RADIX-8 Dissemination Time: 5.208226e-04
0: MPIL CopyToCPU RADIX-9 Dissemination Time: 5.697411e-04
0: MPIL CopyToCPU RADIX-10 Dissemination Time: 6.005361e-04
0: MPIL CopyToCPU RADIX-11 Dissemination Time: 6.348973e-04
0: MPIL CopyToCPU RADIX-12 Dissemination Time: 6.019519e-04
0: MPIL CopyToCPU RADIX-13 Dissemination Time: 6.146133e-04
0: MPIL CopyToCPU RADIX-14 Dissemination Time: 6.113084e-04
0: Testing Size 32768
0: PMPI Allreduce Time: 2.796507e-04
0: MPIL GPU-Aware Recursive Doubling Time: 2.782728e-04
0: MPIL GPU-Aware Node-Aware Dissemination Time: 1.339313e-02
0: MPIL GPU-Aware NUMA-Aware Dissemination Time: 7.019639e-03
0: CopyToCPU PMPI Allreduce Time: 8.791916e-04
0: MPIL CopyToCPU Recursive Doubling Time: 1.070760e-03
0: MPIL CopyToCPU Node-Aware Dissemination Time: 2.100084e-03
0: MPIL CopyToCPU NUMA-Aware Dissemination Time: 1.151301e-03
0: MPIL CopyToCPU RADIX-3 Dissemination Time: 1.203185e-03
0: MPIL CopyToCPU RADIX-4 Dissemination Time: 8.265849e-04
0: MPIL CopyToCPU RADIX-5 Dissemination Time: 9.261684e-04
0: MPIL CopyToCPU RADIX-6 Dissemination Time: 9.522776e-04
0: MPIL CopyToCPU RADIX-7 Dissemination Time: 9.981140e-04
0: MPIL CopyToCPU RADIX-8 Dissemination Time: 9.998103e-04
0: MPIL CopyToCPU RADIX-9 Dissemination Time: 1.085556e-03
0: MPIL CopyToCPU RADIX-10 Dissemination Time: 1.160300e-03
0: MPIL CopyToCPU RADIX-11 Dissemination Time: 1.162613e-03
0: MPIL CopyToCPU RADIX-12 Dissemination Time: 1.128471e-03
0: MPIL CopyToCPU RADIX-13 Dissemination Time: 1.152803e-03
0: MPIL CopyToCPU RADIX-14 Dissemination Time: 1.180478e-03
0: Testing Size 65536
0: PMPI Allreduce Time: 3.188388e-04
0: MPIL GPU-Aware Recursive Doubling Time: 3.190228e-04
0: MPIL GPU-Aware Node-Aware Dissemination Time: 1.540808e-02
0: MPIL GPU-Aware NUMA-Aware Dissemination Time: 6.937021e-03
0: CopyToCPU PMPI Allreduce Time: 1.649133e-03
0: MPIL CopyToCPU Recursive Doubling Time: 2.025382e-03
0: MPIL CopyToCPU Node-Aware Dissemination Time: 3.875794e-03
0: MPIL CopyToCPU NUMA-Aware Dissemination Time: 2.221148e-03
0: MPIL CopyToCPU RADIX-3 Dissemination Time: 2.275727e-03
0: MPIL CopyToCPU RADIX-4 Dissemination Time: 1.622017e-03
0: MPIL CopyToCPU RADIX-5 Dissemination Time: 1.752698e-03
0: MPIL CopyToCPU RADIX-6 Dissemination Time: 1.744601e-03
0: MPIL CopyToCPU RADIX-7 Dissemination Time: 1.795147e-03
0: MPIL CopyToCPU RADIX-8 Dissemination Time: 1.805061e-03
0: MPIL CopyToCPU RADIX-9 Dissemination Time: 2.001006e-03
0: MPIL CopyToCPU RADIX-10 Dissemination Time: 2.053156e-03
0: MPIL CopyToCPU RADIX-11 Dissemination Time: 2.155843e-03
0: MPIL CopyToCPU RADIX-12 Dissemination Time: 2.113302e-03
0: MPIL CopyToCPU RADIX-13 Dissemination Time: 2.152007e-03
0: MPIL CopyToCPU RADIX-14 Dissemination Time: 2.231448e-03
0: Testing Size 131072
0: PMPI Allreduce Time: 3.787203e-04
0: MPIL GPU-Aware Recursive Doubling Time: 3.797118e-04
0: MPIL GPU-Aware Node-Aware Dissemination Time: 1.940283e-02
0: MPIL GPU-Aware NUMA-Aware Dissemination Time: 1.164577e-02
0: CopyToCPU PMPI Allreduce Time: 3.397788e-03
0: MPIL CopyToCPU Recursive Doubling Time: 3.703846e-03
0: MPIL CopyToCPU Node-Aware Dissemination Time: 6.094292e-03
0: MPIL CopyToCPU NUMA-Aware Dissemination Time: 4.193855e-03
0: MPIL CopyToCPU RADIX-3 Dissemination Time: 4.451185e-03
0: MPIL CopyToCPU RADIX-4 Dissemination Time: 2.923068e-03
0: MPIL CopyToCPU RADIX-5 Dissemination Time: 3.227399e-03
0: MPIL CopyToCPU RADIX-6 Dissemination Time: 3.198698e-03
0: MPIL CopyToCPU RADIX-7 Dissemination Time: 3.375596e-03
0: MPIL CopyToCPU RADIX-8 Dissemination Time: 3.395686e-03
0: MPIL CopyToCPU RADIX-9 Dissemination Time: 3.761168e-03
0: MPIL CopyToCPU RADIX-10 Dissemination Time: 3.891403e-03
0: MPIL CopyToCPU RADIX-11 Dissemination Time: 4.030090e-03
0: MPIL CopyToCPU RADIX-12 Dissemination Time: 3.976640e-03
0: MPIL CopyToCPU RADIX-13 Dissemination Time: 3.974858e-03
0: MPIL CopyToCPU RADIX-14 Dissemination Time: 4.115847e-03
0: Testing Size 262144
0: PMPI Allreduce Time: 4.318221e-04
0: MPIL GPU-Aware Recursive Doubling Time: 4.295402e-04
0: MPIL GPU-Aware Node-Aware Dissemination Time: 2.752244e-02
0: MPIL GPU-Aware NUMA-Aware Dissemination Time: 2.117482e-02
0: CopyToCPU PMPI Allreduce Time: 6.682853e-03
0: MPIL CopyToCPU Recursive Doubling Time: 7.351984e-03
0: MPIL CopyToCPU Node-Aware Dissemination Time: 9.503355e-03
0: MPIL CopyToCPU NUMA-Aware Dissemination Time: 8.292677e-03
0: MPIL CopyToCPU RADIX-3 Dissemination Time: 8.416063e-03
0: MPIL CopyToCPU RADIX-4 Dissemination Time: 5.746194e-03
0: MPIL CopyToCPU RADIX-5 Dissemination Time: 6.185399e-03
0: MPIL CopyToCPU RADIX-6 Dissemination Time: 6.247517e-03
0: MPIL CopyToCPU RADIX-7 Dissemination Time: 6.600650e-03
0: MPIL CopyToCPU RADIX-8 Dissemination Time: 6.863776e-03
0: MPIL CopyToCPU RADIX-9 Dissemination Time: 7.410616e-03
0: MPIL CopyToCPU RADIX-10 Dissemination Time: 7.860255e-03
0: MPIL CopyToCPU RADIX-11 Dissemination Time: 8.030332e-03
0: MPIL CopyToCPU RADIX-12 Dissemination Time: 7.892762e-03
0: MPIL CopyToCPU RADIX-13 Dissemination Time: 7.875622e-03
0: MPIL CopyToCPU RADIX-14 Dissemination Time: 8.235846e-03
0: Testing Size 524288
0: PMPI Allreduce Time: 5.472257e-04
0: MPIL GPU-Aware Recursive Doubling Time: 5.448296e-04
0: MPIL GPU-Aware Node-Aware Dissemination Time: 4.207501e-02
0: MPIL GPU-Aware NUMA-Aware Dissemination Time: 3.714680e-02
0: CopyToCPU PMPI Allreduce Time: 1.355782e-02
0: MPIL CopyToCPU Recursive Doubling Time: 1.459960e-02
0: MPIL CopyToCPU Node-Aware Dissemination Time: 2.369172e-02
0: MPIL CopyToCPU NUMA-Aware Dissemination Time: 1.573396e-02
0: MPIL CopyToCPU RADIX-3 Dissemination Time: 1.648709e-02
0: MPIL CopyToCPU RADIX-4 Dissemination Time: 1.142112e-02
0: MPIL CopyToCPU RADIX-5 Dissemination Time: 1.240093e-02
0: MPIL CopyToCPU RADIX-6 Dissemination Time: 1.258216e-02
0: MPIL CopyToCPU RADIX-7 Dissemination Time: 1.315548e-02
0: MPIL CopyToCPU RADIX-8 Dissemination Time: 1.559068e-02
0: MPIL CopyToCPU RADIX-9 Dissemination Time: 1.646655e-02
0: MPIL CopyToCPU RADIX-10 Dissemination Time: 1.832633e-02
0: MPIL CopyToCPU RADIX-11 Dissemination Time: 2.005441e-02
0: MPIL CopyToCPU RADIX-12 Dissemination Time: 1.984057e-02
0: MPIL CopyToCPU RADIX-13 Dissemination Time: 2.070018e-02
0: MPIL CopyToCPU RADIX-14 Dissemination Time: 2.205361e-02
