0: Testing Size 1
0: PMPI Allreduce Time: 7.740998e-06
0: MPIL GPU-Aware Recursive Doubling Time: 7.703003e-06
0: MPIL GPU-Aware Node-Aware Dissemination Time: 1.572270e-05
0: MPIL GPU-Aware NUMA-Aware Dissemination Time: 2.668191e-05
0: CopyToCPU PMPI Allreduce Time: 7.804876e-06
0: MPIL CopyToCPU Recursive Doubling Time: 8.058114e-06
0: MPIL CopyToCPU Node-Aware Dissemination Time: 1.011412e-05
0: MPIL CopyToCPU NUMA-Aware Dissemination Time: 8.295810e-06
0: MPIL CopyToCPU RADIX-3 Dissemination Time: 1.100057e-05
0: MPIL CopyToCPU RADIX-4 Dissemination Time: 9.495760e-06
0: MPIL CopyToCPU RADIX-5 Dissemination Time: 1.232391e-05
0: MPIL CopyToCPU RADIX-6 Dissemination Time: 1.229241e-05
0: MPIL CopyToCPU RADIX-7 Dissemination Time: 1.276345e-05
0: MPIL CopyToCPU RADIX-8 Dissemination Time: 1.067272e-05
0: MPIL CopyToCPU RADIX-9 Dissemination Time: 1.068372e-05
0: MPIL CopyToCPU RADIX-10 Dissemination Time: 1.072141e-05
0: MPIL CopyToCPU RADIX-11 Dissemination Time: 1.067493e-05
0: MPIL CopyToCPU RADIX-12 Dissemination Time: 1.070367e-05
0: MPIL CopyToCPU RADIX-13 Dissemination Time: 1.080862e-05
0: MPIL CopyToCPU RADIX-14 Dissemination Time: 1.074487e-05
0: Testing Size 2
0: PMPI Allreduce Time: 8.298325e-06
0: MPIL GPU-Aware Recursive Doubling Time: 8.298151e-06
0: MPIL GPU-Aware Node-Aware Dissemination Time: 1.600647e-05
0: MPIL GPU-Aware NUMA-Aware Dissemination Time: 2.630782e-05
0: CopyToCPU PMPI Allreduce Time: 7.846176e-06
0: MPIL CopyToCPU Recursive Doubling Time: 7.977206e-06
0: MPIL CopyToCPU Node-Aware Dissemination Time: 1.003852e-05
0: MPIL CopyToCPU NUMA-Aware Dissemination Time: 8.304363e-06
0: MPIL CopyToCPU RADIX-3 Dissemination Time: 1.112817e-05
0: MPIL CopyToCPU RADIX-4 Dissemination Time: 9.485743e-06
0: MPIL CopyToCPU RADIX-5 Dissemination Time: 1.223055e-05
0: MPIL CopyToCPU RADIX-6 Dissemination Time: 1.237789e-05
0: MPIL CopyToCPU RADIX-7 Dissemination Time: 1.286476e-05
0: MPIL CopyToCPU RADIX-8 Dissemination Time: 1.072998e-05
0: MPIL CopyToCPU RADIX-9 Dissemination Time: 1.079443e-05
0: MPIL CopyToCPU RADIX-10 Dissemination Time: 1.073404e-05
0: MPIL CopyToCPU RADIX-11 Dissemination Time: 1.074035e-05
0: MPIL CopyToCPU RADIX-12 Dissemination Time: 1.073138e-05
0: MPIL CopyToCPU RADIX-13 Dissemination Time: 1.074435e-05
0: MPIL CopyToCPU RADIX-14 Dissemination Time: 1.069219e-05
0: Testing Size 4
0: PMPI Allreduce Time: 8.009980e-06
0: MPIL GPU-Aware Recursive Doubling Time: 8.050460e-06
0: MPIL GPU-Aware Node-Aware Dissemination Time: 1.616889e-05
0: MPIL GPU-Aware NUMA-Aware Dissemination Time: 2.645836e-05
0: CopyToCPU PMPI Allreduce Time: 7.873207e-06
0: MPIL CopyToCPU Recursive Doubling Time: 8.012294e-06
0: MPIL CopyToCPU Node-Aware Dissemination Time: 9.989445e-06
0: MPIL CopyToCPU NUMA-Aware Dissemination Time: 8.341826e-06
0: MPIL CopyToCPU RADIX-3 Dissemination Time: 1.127560e-05
0: MPIL CopyToCPU RADIX-4 Dissemination Time: 9.592508e-06
0: MPIL CopyToCPU RADIX-5 Dissemination Time: 1.253285e-05
0: MPIL CopyToCPU RADIX-6 Dissemination Time: 1.269337e-05
0: MPIL CopyToCPU RADIX-7 Dissemination Time: 1.281652e-05
0: MPIL CopyToCPU RADIX-8 Dissemination Time: 1.082384e-05
0: MPIL CopyToCPU RADIX-9 Dissemination Time: 1.083194e-05
0: MPIL CopyToCPU RADIX-10 Dissemination Time: 1.082677e-05
0: MPIL CopyToCPU RADIX-11 Dissemination Time: 1.085220e-05
0: MPIL CopyToCPU RADIX-12 Dissemination Time: 1.086130e-05
0: MPIL CopyToCPU RADIX-13 Dissemination Time: 1.085837e-05
0: MPIL CopyToCPU RADIX-14 Dissemination Time: 1.091662e-05
0: Testing Size 8
0: PMPI Allreduce Time: 8.074163e-06
0: MPIL GPU-Aware Recursive Doubling Time: 8.086064e-06
0: MPIL GPU-Aware Node-Aware Dissemination Time: 1.623056e-05
0: MPIL GPU-Aware NUMA-Aware Dissemination Time: 2.725081e-05
0: CopyToCPU PMPI Allreduce Time: 7.954283e-06
0: MPIL CopyToCPU Recursive Doubling Time: 9.651141e-06
0: MPIL CopyToCPU Node-Aware Dissemination Time: 1.005320e-05
0: MPIL CopyToCPU NUMA-Aware Dissemination Time: 9.468302e-06
0: MPIL CopyToCPU RADIX-3 Dissemination Time: 1.171032e-05
0: MPIL CopyToCPU RADIX-4 Dissemination Time: 1.040113e-05
0: MPIL CopyToCPU RADIX-5 Dissemination Time: 1.319813e-05
0: MPIL CopyToCPU RADIX-6 Dissemination Time: 1.365328e-05
0: MPIL CopyToCPU RADIX-7 Dissemination Time: 1.367877e-05
0: MPIL CopyToCPU RADIX-8 Dissemination Time: 1.229106e-05
0: MPIL CopyToCPU RADIX-9 Dissemination Time: 1.235500e-05
0: MPIL CopyToCPU RADIX-10 Dissemination Time: 1.236444e-05
0: MPIL CopyToCPU RADIX-11 Dissemination Time: 1.234719e-05
0: MPIL CopyToCPU RADIX-12 Dissemination Time: 1.238055e-05
0: MPIL CopyToCPU RADIX-13 Dissemination Time: 1.239716e-05
0: MPIL CopyToCPU RADIX-14 Dissemination Time: 1.232032e-05
0: Testing Size 16
0: PMPI Allreduce Time: 8.601633e-06
0: MPIL GPU-Aware Recursive Doubling Time: 8.611691e-06
0: MPIL GPU-Aware Node-Aware Dissemination Time: 1.681554e-05
0: MPIL GPU-Aware NUMA-Aware Dissemination Time: 2.756158e-05
0: CopyToCPU PMPI Allreduce Time: 8.416447e-06
0: MPIL CopyToCPU Recursive Doubling Time: 1.032785e-05
0: MPIL CopyToCPU Node-Aware Dissemination Time: 1.070754e-05
0: MPIL CopyToCPU NUMA-Aware Dissemination Time: 9.603594e-06
0: MPIL CopyToCPU RADIX-3 Dissemination Time: 1.262769e-05
0: MPIL CopyToCPU RADIX-4 Dissemination Time: 1.077692e-05
0: MPIL CopyToCPU RADIX-5 Dissemination Time: 1.459856e-05
0: MPIL CopyToCPU RADIX-6 Dissemination Time: 1.453426e-05
0: MPIL CopyToCPU RADIX-7 Dissemination Time: 1.455146e-05
0: MPIL CopyToCPU RADIX-8 Dissemination Time: 1.243806e-05
0: MPIL CopyToCPU RADIX-9 Dissemination Time: 1.261233e-05
0: MPIL CopyToCPU RADIX-10 Dissemination Time: 1.262440e-05
0: MPIL CopyToCPU RADIX-11 Dissemination Time: 1.261632e-05
0: MPIL CopyToCPU RADIX-12 Dissemination Time: 1.264980e-05
0: MPIL CopyToCPU RADIX-13 Dissemination Time: 1.264232e-05
0: MPIL CopyToCPU RADIX-14 Dissemination Time: 1.272795e-05
0: Testing Size 32
0: PMPI Allreduce Time: 1.061664e-05
0: MPIL GPU-Aware Recursive Doubling Time: 1.056857e-05
0: MPIL GPU-Aware Node-Aware Dissemination Time: 2.167247e-05
0: MPIL GPU-Aware NUMA-Aware Dissemination Time: 3.051325e-05
0: CopyToCPU PMPI Allreduce Time: 1.050573e-05
0: MPIL CopyToCPU Recursive Doubling Time: 1.097071e-05
0: MPIL CopyToCPU Node-Aware Dissemination Time: 1.254811e-05
0: MPIL CopyToCPU NUMA-Aware Dissemination Time: 1.343995e-05
0: MPIL CopyToCPU RADIX-3 Dissemination Time: 1.706583e-05
0: MPIL CopyToCPU RADIX-4 Dissemination Time: 1.293316e-05
0: MPIL CopyToCPU RADIX-5 Dissemination Time: 1.526417e-05
0: MPIL CopyToCPU RADIX-6 Dissemination Time: 1.570557e-05
0: MPIL CopyToCPU RADIX-7 Dissemination Time: 1.579364e-05
0: MPIL CopyToCPU RADIX-8 Dissemination Time: 1.325526e-05
0: MPIL CopyToCPU RADIX-9 Dissemination Time: 1.326978e-05
0: MPIL CopyToCPU RADIX-10 Dissemination Time: 1.329981e-05
0: MPIL CopyToCPU RADIX-11 Dissemination Time: 1.333696e-05
0: MPIL CopyToCPU RADIX-12 Dissemination Time: 1.321513e-05
0: MPIL CopyToCPU RADIX-13 Dissemination Time: 1.326172e-05
0: MPIL CopyToCPU RADIX-14 Dissemination Time: 1.328825e-05
0: Testing Size 64
0: PMPI Allreduce Time: 1.082387e-05
0: MPIL GPU-Aware Recursive Doubling Time: 1.083134e-05
0: MPIL GPU-Aware Node-Aware Dissemination Time: 2.285294e-05
0: MPIL GPU-Aware NUMA-Aware Dissemination Time: 3.051288e-05
0: CopyToCPU PMPI Allreduce Time: 1.013708e-05
0: MPIL CopyToCPU Recursive Doubling Time: 1.129832e-05
0: MPIL CopyToCPU Node-Aware Dissemination Time: 1.623693e-05
0: MPIL CopyToCPU NUMA-Aware Dissemination Time: 1.385193e-05
0: MPIL CopyToCPU RADIX-3 Dissemination Time: 1.755170e-05
