0: Testing Size 1
0: PMPI Allreduce Time: 1.636162e-05
0: MPIL GPU-Aware Recursive Doubling Time: 1.621144e-05
0: MPIL GPU-Aware Node-Aware Dissemination Time: 3.191416e-05
0: MPIL GPU-Aware NUMA-Aware Dissemination Time: 4.788661e-05
0: CopyToCPU PMPI Allreduce Time: 1.601768e-05
0: MPIL CopyToCPU Recursive Doubling Time: 1.657932e-05
0: MPIL CopyToCPU Node-Aware Dissemination Time: 2.095300e-05
0: MPIL CopyToCPU NUMA-Aware Dissemination Time: 1.709858e-05
0: MPIL CopyToCPU RADIX-3 Dissemination Time: 2.047829e-05
0: MPIL CopyToCPU RADIX-4 Dissemination Time: 1.591052e-05
0: MPIL CopyToCPU RADIX-5 Dissemination Time: 2.082897e-05
0: MPIL CopyToCPU RADIX-6 Dissemination Time: 1.862922e-05
0: MPIL CopyToCPU RADIX-7 Dissemination Time: 2.054540e-05
0: MPIL CopyToCPU RADIX-8 Dissemination Time: 1.633117e-05
0: MPIL CopyToCPU RADIX-9 Dissemination Time: 2.187697e-05
0: MPIL CopyToCPU RADIX-10 Dissemination Time: 2.054255e-05
0: MPIL CopyToCPU RADIX-11 Dissemination Time: 2.328693e-05
0: MPIL CopyToCPU RADIX-12 Dissemination Time: 2.412958e-05
0: MPIL CopyToCPU RADIX-13 Dissemination Time: 2.434579e-05
0: MPIL CopyToCPU RADIX-14 Dissemination Time: 2.493782e-05
0: Testing Size 2
0: PMPI Allreduce Time: 1.651961e-05
0: MPIL GPU-Aware Recursive Doubling Time: 1.648259e-05
0: MPIL GPU-Aware Node-Aware Dissemination Time: 3.184162e-05
0: MPIL GPU-Aware NUMA-Aware Dissemination Time: 4.759270e-05
0: CopyToCPU PMPI Allreduce Time: 1.614721e-05
0: MPIL CopyToCPU Recursive Doubling Time: 1.656176e-05
0: MPIL CopyToCPU Node-Aware Dissemination Time: 2.080457e-05
0: MPIL CopyToCPU NUMA-Aware Dissemination Time: 1.720456e-05
0: MPIL CopyToCPU RADIX-3 Dissemination Time: 2.052377e-05
0: MPIL CopyToCPU RADIX-4 Dissemination Time: 1.601932e-05
0: MPIL CopyToCPU RADIX-5 Dissemination Time: 2.104228e-05
0: MPIL CopyToCPU RADIX-6 Dissemination Time: 1.879830e-05
0: MPIL CopyToCPU RADIX-7 Dissemination Time: 2.079718e-05
0: MPIL CopyToCPU RADIX-8 Dissemination Time: 1.635831e-05
0: MPIL CopyToCPU RADIX-9 Dissemination Time: 2.186330e-05
0: MPIL CopyToCPU RADIX-10 Dissemination Time: 2.048443e-05
0: MPIL CopyToCPU RADIX-11 Dissemination Time: 2.324903e-05
0: MPIL CopyToCPU RADIX-12 Dissemination Time: 2.398180e-05
0: MPIL CopyToCPU RADIX-13 Dissemination Time: 2.426653e-05
0: MPIL CopyToCPU RADIX-14 Dissemination Time: 2.503872e-05
0: Testing Size 4
0: PMPI Allreduce Time: 1.632652e-05
0: MPIL GPU-Aware Recursive Doubling Time: 1.636868e-05
0: MPIL GPU-Aware Node-Aware Dissemination Time: 3.174495e-05
0: MPIL GPU-Aware NUMA-Aware Dissemination Time: 4.781076e-05
0: CopyToCPU PMPI Allreduce Time: 1.612313e-05
0: MPIL CopyToCPU Recursive Doubling Time: 1.658222e-05
0: MPIL CopyToCPU Node-Aware Dissemination Time: 2.077494e-05
0: MPIL CopyToCPU NUMA-Aware Dissemination Time: 1.712890e-05
0: MPIL CopyToCPU RADIX-3 Dissemination Time: 2.055920e-05
0: MPIL CopyToCPU RADIX-4 Dissemination Time: 1.604245e-05
0: MPIL CopyToCPU RADIX-5 Dissemination Time: 2.097719e-05
0: MPIL CopyToCPU RADIX-6 Dissemination Time: 1.875019e-05
0: MPIL CopyToCPU RADIX-7 Dissemination Time: 2.075286e-05
0: MPIL CopyToCPU RADIX-8 Dissemination Time: 1.654155e-05
0: MPIL CopyToCPU RADIX-9 Dissemination Time: 2.187694e-05
0: MPIL CopyToCPU RADIX-10 Dissemination Time: 2.070378e-05
0: MPIL CopyToCPU RADIX-11 Dissemination Time: 2.332431e-05
0: MPIL CopyToCPU RADIX-12 Dissemination Time: 2.404425e-05
0: MPIL CopyToCPU RADIX-13 Dissemination Time: 2.427727e-05
0: MPIL CopyToCPU RADIX-14 Dissemination Time: 2.520743e-05
0: Testing Size 8
0: PMPI Allreduce Time: 1.630889e-05
0: MPIL GPU-Aware Recursive Doubling Time: 1.627876e-05
0: MPIL GPU-Aware Node-Aware Dissemination Time: 3.189102e-05
0: MPIL GPU-Aware NUMA-Aware Dissemination Time: 4.821766e-05
0: CopyToCPU PMPI Allreduce Time: 1.622179e-05
0: MPIL CopyToCPU Recursive Doubling Time: 1.835943e-05
0: MPIL CopyToCPU Node-Aware Dissemination Time: 2.098859e-05
0: MPIL CopyToCPU NUMA-Aware Dissemination Time: 1.834877e-05
0: MPIL CopyToCPU RADIX-3 Dissemination Time: 2.135435e-05
0: MPIL CopyToCPU RADIX-4 Dissemination Time: 1.711785e-05
0: MPIL CopyToCPU RADIX-5 Dissemination Time: 2.198400e-05
0: MPIL CopyToCPU RADIX-6 Dissemination Time: 1.966345e-05
0: MPIL CopyToCPU RADIX-7 Dissemination Time: 2.156184e-05
0: MPIL CopyToCPU RADIX-8 Dissemination Time: 1.747583e-05
0: MPIL CopyToCPU RADIX-9 Dissemination Time: 2.264071e-05
0: MPIL CopyToCPU RADIX-10 Dissemination Time: 2.138014e-05
0: MPIL CopyToCPU RADIX-11 Dissemination Time: 2.403206e-05
0: MPIL CopyToCPU RADIX-12 Dissemination Time: 2.480478e-05
0: MPIL CopyToCPU RADIX-13 Dissemination Time: 2.572187e-05
0: MPIL CopyToCPU RADIX-14 Dissemination Time: 2.670961e-05
0: Testing Size 16
0: PMPI Allreduce Time: 1.750087e-05
0: MPIL GPU-Aware Recursive Doubling Time: 1.752422e-05
0: MPIL GPU-Aware Node-Aware Dissemination Time: 3.368303e-05
0: MPIL GPU-Aware NUMA-Aware Dissemination Time: 4.932120e-05
0: CopyToCPU PMPI Allreduce Time: 1.717326e-05
0: MPIL CopyToCPU Recursive Doubling Time: 1.960079e-05
0: MPIL CopyToCPU Node-Aware Dissemination Time: 2.274558e-05
0: MPIL CopyToCPU NUMA-Aware Dissemination Time: 1.941527e-05
0: MPIL CopyToCPU RADIX-3 Dissemination Time: 2.235205e-05
0: MPIL CopyToCPU RADIX-4 Dissemination Time: 1.767093e-05
0: MPIL CopyToCPU RADIX-5 Dissemination Time: 2.269698e-05
0: MPIL CopyToCPU RADIX-6 Dissemination Time: 2.037232e-05
0: MPIL CopyToCPU RADIX-7 Dissemination Time: 2.242194e-05
0: MPIL CopyToCPU RADIX-8 Dissemination Time: 1.787824e-05
0: MPIL CopyToCPU RADIX-9 Dissemination Time: 2.377112e-05
0: MPIL CopyToCPU RADIX-10 Dissemination Time: 2.243713e-05
0: MPIL CopyToCPU RADIX-11 Dissemination Time: 2.548762e-05
0: MPIL CopyToCPU RADIX-12 Dissemination Time: 2.622761e-05
0: MPIL CopyToCPU RADIX-13 Dissemination Time: 2.646551e-05
0: MPIL CopyToCPU RADIX-14 Dissemination Time: 2.739378e-05
0: Testing Size 32
0: PMPI Allreduce Time: 2.591421e-05
0: MPIL GPU-Aware Recursive Doubling Time: 2.575848e-05
0: MPIL GPU-Aware Node-Aware Dissemination Time: 4.005873e-05
0: MPIL GPU-Aware NUMA-Aware Dissemination Time: 6.012891e-05
0: CopyToCPU PMPI Allreduce Time: 2.426598e-05
0: MPIL CopyToCPU Recursive Doubling Time: 2.597656e-05
0: MPIL CopyToCPU Node-Aware Dissemination Time: 2.642681e-05
0: MPIL CopyToCPU NUMA-Aware Dissemination Time: 3.152963e-05
0: MPIL CopyToCPU RADIX-3 Dissemination Time: 3.236011e-05
0: MPIL CopyToCPU RADIX-4 Dissemination Time: 2.446732e-05
0: MPIL CopyToCPU RADIX-5 Dissemination Time: 2.870764e-05
0: MPIL CopyToCPU RADIX-6 Dissemination Time: 2.918774e-05
0: MPIL CopyToCPU RADIX-7 Dissemination Time: 2.966191e-05
0: MPIL CopyToCPU RADIX-8 Dissemination Time: 2.270594e-05
0: MPIL CopyToCPU RADIX-9 Dissemination Time: 3.045057e-05
0: MPIL CopyToCPU RADIX-10 Dissemination Time: 3.057354e-05
0: MPIL CopyToCPU RADIX-11 Dissemination Time: 3.090601e-05
0: MPIL CopyToCPU RADIX-12 Dissemination Time: 3.161932e-05
0: MPIL CopyToCPU RADIX-13 Dissemination Time: 3.218229e-05
0: MPIL CopyToCPU RADIX-14 Dissemination Time: 3.306905e-05
0: Testing Size 64
0: PMPI Allreduce Time: 2.610920e-05
0: MPIL GPU-Aware Recursive Doubling Time: 2.610971e-05
0: MPIL GPU-Aware Node-Aware Dissemination Time: 4.080301e-05
0: MPIL GPU-Aware NUMA-Aware Dissemination Time: 5.936193e-05
0: CopyToCPU PMPI Allreduce Time: 2.548275e-05
0: MPIL CopyToCPU Recursive Doubling Time: 2.642030e-05
0: MPIL CopyToCPU Node-Aware Dissemination Time: 2.734377e-05
0: MPIL CopyToCPU NUMA-Aware Dissemination Time: 3.198614e-05
0: MPIL CopyToCPU RADIX-3 Dissemination Time: 3.298291e-05
0: MPIL CopyToCPU RADIX-4 Dissemination Time: 2.499881e-05
0: MPIL CopyToCPU RADIX-5 Dissemination Time: 2.926427e-05
0: MPIL CopyToCPU RADIX-6 Dissemination Time: 2.952960e-05
0: MPIL CopyToCPU RADIX-7 Dissemination Time: 2.993677e-05
0: MPIL CopyToCPU RADIX-8 Dissemination Time: 2.308676e-05
0: MPIL CopyToCPU RADIX-9 Dissemination Time: 3.083131e-05
0: MPIL CopyToCPU RADIX-10 Dissemination Time: 3.108882e-05
0: MPIL CopyToCPU RADIX-11 Dissemination Time: 3.138738e-05
0: MPIL CopyToCPU RADIX-12 Dissemination Time: 3.210749e-05
0: MPIL CopyToCPU RADIX-13 Dissemination Time: 3.285857e-05
0: MPIL CopyToCPU RADIX-14 Dissemination Time: 3.355835e-05
0: Testing Size 128
0: PMPI Allreduce Time: 3.319061e-05
0: MPIL GPU-Aware Recursive Doubling Time: 3.315274e-05
0: MPIL GPU-Aware Node-Aware Dissemination Time: 5.837431e-05
0: MPIL GPU-Aware NUMA-Aware Dissemination Time: 6.831739e-05
0: CopyToCPU PMPI Allreduce Time: 3.312781e-05
0: MPIL CopyToCPU Recursive Doubling Time: 3.599643e-05
0: MPIL CopyToCPU Node-Aware Dissemination Time: 4.466301e-05
0: MPIL CopyToCPU NUMA-Aware Dissemination Time: 3.506640e-05
0: MPIL CopyToCPU RADIX-3 Dissemination Time: 3.699891e-05
0: MPIL CopyToCPU RADIX-4 Dissemination Time: 2.982797e-05
0: MPIL CopyToCPU RADIX-5 Dissemination Time: 3.479524e-05
0: MPIL CopyToCPU RADIX-6 Dissemination Time: 3.421217e-05
0: MPIL CopyToCPU RADIX-7 Dissemination Time: 3.485753e-05
0: MPIL CopyToCPU RADIX-8 Dissemination Time: 2.904536e-05
0: MPIL CopyToCPU RADIX-9 Dissemination Time: 3.610583e-05
0: MPIL CopyToCPU RADIX-10 Dissemination Time: 3.587477e-05
0: MPIL CopyToCPU RADIX-11 Dissemination Time: 3.698987e-05
0: MPIL CopyToCPU RADIX-12 Dissemination Time: 3.809134e-05
0: MPIL CopyToCPU RADIX-13 Dissemination Time: 3.868402e-05
0: MPIL CopyToCPU RADIX-14 Dissemination Time: 3.914441e-05
0: Testing Size 256
0: PMPI Allreduce Time: 3.738163e-05
0: MPIL GPU-Aware Recursive Doubling Time: 3.736559e-05
0: MPIL GPU-Aware Node-Aware Dissemination Time: 6.830057e-05
0: MPIL GPU-Aware NUMA-Aware Dissemination Time: 7.296387e-05
0: CopyToCPU PMPI Allreduce Time: 4.153820e-05
0: MPIL CopyToCPU Recursive Doubling Time: 4.357922e-05
0: MPIL CopyToCPU Node-Aware Dissemination Time: 6.474774e-05
0: MPIL CopyToCPU NUMA-Aware Dissemination Time: 4.085972e-05
0: MPIL CopyToCPU RADIX-3 Dissemination Time: 4.202292e-05
0: MPIL CopyToCPU RADIX-4 Dissemination Time: 3.389306e-05
0: MPIL CopyToCPU RADIX-5 Dissemination Time: 3.726060e-05
0: MPIL CopyToCPU RADIX-6 Dissemination Time: 3.772448e-05
0: MPIL CopyToCPU RADIX-7 Dissemination Time: 3.832169e-05
0: MPIL CopyToCPU RADIX-8 Dissemination Time: 3.294866e-05
0: MPIL CopyToCPU RADIX-9 Dissemination Time: 4.002466e-05
0: MPIL CopyToCPU RADIX-10 Dissemination Time: 3.940013e-05
0: MPIL CopyToCPU RADIX-11 Dissemination Time: 4.124298e-05
0: MPIL CopyToCPU RADIX-12 Dissemination Time: 4.213722e-05
0: MPIL CopyToCPU RADIX-13 Dissemination Time: 4.314939e-05
0: MPIL CopyToCPU RADIX-14 Dissemination Time: 4.837126e-05
0: Testing Size 512
0: PMPI Allreduce Time: 4.595081e-05
0: MPIL GPU-Aware Recursive Doubling Time: 4.589555e-05
0: MPIL GPU-Aware Node-Aware Dissemination Time: 7.805476e-05
0: MPIL GPU-Aware NUMA-Aware Dissemination Time: 8.506471e-05
0: CopyToCPU PMPI Allreduce Time: 4.677325e-05
0: MPIL CopyToCPU Recursive Doubling Time: 4.938870e-05
0: MPIL CopyToCPU Node-Aware Dissemination Time: 6.610928e-05
0: MPIL CopyToCPU NUMA-Aware Dissemination Time: 4.944834e-05
0: MPIL CopyToCPU RADIX-3 Dissemination Time: 5.036248e-05
0: MPIL CopyToCPU RADIX-4 Dissemination Time: 3.830924e-05
0: MPIL CopyToCPU RADIX-5 Dissemination Time: 4.344446e-05
0: MPIL CopyToCPU RADIX-6 Dissemination Time: 4.312402e-05
0: MPIL CopyToCPU RADIX-7 Dissemination Time: 4.440171e-05
0: MPIL CopyToCPU RADIX-8 Dissemination Time: 3.735311e-05
0: MPIL CopyToCPU RADIX-9 Dissemination Time: 4.634984e-05
0: MPIL CopyToCPU RADIX-10 Dissemination Time: 4.647650e-05
0: MPIL CopyToCPU RADIX-11 Dissemination Time: 4.850040e-05
0: MPIL CopyToCPU RADIX-12 Dissemination Time: 5.031220e-05
0: MPIL CopyToCPU RADIX-13 Dissemination Time: 5.323701e-05
0: MPIL CopyToCPU RADIX-14 Dissemination Time: 5.553622e-05
0: Testing Size 1024
0: PMPI Allreduce Time: 8.256979e-05
0: MPIL GPU-Aware Recursive Doubling Time: 8.241186e-05
0: MPIL GPU-Aware Node-Aware Dissemination Time: 7.064479e-04
0: MPIL GPU-Aware NUMA-Aware Dissemination Time: 1.507638e-03
0: CopyToCPU PMPI Allreduce Time: 6.248065e-05
0: MPIL CopyToCPU Recursive Doubling Time: 6.598493e-05
0: MPIL CopyToCPU Node-Aware Dissemination Time: 9.438582e-05
0: MPIL CopyToCPU NUMA-Aware Dissemination Time: 6.764243e-05
0: MPIL CopyToCPU RADIX-3 Dissemination Time: 6.849468e-05
0: MPIL CopyToCPU RADIX-4 Dissemination Time: 5.018648e-05
0: MPIL CopyToCPU RADIX-5 Dissemination Time: 5.481458e-05
0: MPIL CopyToCPU RADIX-6 Dissemination Time: 5.658194e-05
0: MPIL CopyToCPU RADIX-7 Dissemination Time: 5.675320e-05
0: MPIL CopyToCPU RADIX-8 Dissemination Time: 5.031436e-05
0: MPIL CopyToCPU RADIX-9 Dissemination Time: 5.981565e-05
0: MPIL CopyToCPU RADIX-10 Dissemination Time: 6.015199e-05
0: MPIL CopyToCPU RADIX-11 Dissemination Time: 6.522169e-05
0: MPIL CopyToCPU RADIX-12 Dissemination Time: 6.773640e-05
0: MPIL CopyToCPU RADIX-13 Dissemination Time: 6.508905e-05
0: MPIL CopyToCPU RADIX-14 Dissemination Time: 6.698588e-05
0: Testing Size 2048
0: PMPI Allreduce Time: 1.697756e-04
0: MPIL GPU-Aware Recursive Doubling Time: 1.694398e-04
0: MPIL GPU-Aware Node-Aware Dissemination Time: 1.009751e-03
0: MPIL GPU-Aware NUMA-Aware Dissemination Time: 2.151888e-03
0: CopyToCPU PMPI Allreduce Time: 1.122967e-04
0: MPIL CopyToCPU Recursive Doubling Time: 9.561405e-05
0: MPIL CopyToCPU Node-Aware Dissemination Time: 1.500481e-04
0: MPIL CopyToCPU NUMA-Aware Dissemination Time: 1.010828e-04
0: MPIL CopyToCPU RADIX-3 Dissemination Time: 1.004896e-04
0: MPIL CopyToCPU RADIX-4 Dissemination Time: 6.934539e-05
0: MPIL CopyToCPU RADIX-5 Dissemination Time: 7.689426e-05
0: MPIL CopyToCPU RADIX-6 Dissemination Time: 7.725643e-05
0: MPIL CopyToCPU RADIX-7 Dissemination Time: 7.862210e-05
0: MPIL CopyToCPU RADIX-8 Dissemination Time: 7.255139e-05
0: MPIL CopyToCPU RADIX-9 Dissemination Time: 8.176474e-05
0: MPIL CopyToCPU RADIX-10 Dissemination Time: 8.270576e-05
0: MPIL CopyToCPU RADIX-11 Dissemination Time: 8.864249e-05
0: MPIL CopyToCPU RADIX-12 Dissemination Time: 9.298540e-05
0: MPIL CopyToCPU RADIX-13 Dissemination Time: 8.954867e-05
0: MPIL CopyToCPU RADIX-14 Dissemination Time: 9.302723e-05
0: Testing Size 4096
0: PMPI Allreduce Time: 1.712057e-04
0: MPIL GPU-Aware Recursive Doubling Time: 1.705288e-04
0: MPIL GPU-Aware Node-Aware Dissemination Time: 1.422522e-03
0: MPIL GPU-Aware NUMA-Aware Dissemination Time: 4.089707e-03
0: CopyToCPU PMPI Allreduce Time: 1.666159e-04
0: MPIL CopyToCPU Recursive Doubling Time: 1.785742e-04
0: MPIL CopyToCPU Node-Aware Dissemination Time: 2.526509e-04
0: MPIL CopyToCPU NUMA-Aware Dissemination Time: 1.855054e-04
0: MPIL CopyToCPU RADIX-3 Dissemination Time: 1.922862e-04
0: MPIL CopyToCPU RADIX-4 Dissemination Time: 1.333570e-04
0: MPIL CopyToCPU RADIX-5 Dissemination Time: 1.520695e-04
0: MPIL CopyToCPU RADIX-6 Dissemination Time: 1.513639e-04
0: MPIL CopyToCPU RADIX-7 Dissemination Time: 1.540166e-04
0: MPIL CopyToCPU RADIX-8 Dissemination Time: 1.382662e-04
0: MPIL CopyToCPU RADIX-9 Dissemination Time: 1.591230e-04
0: MPIL CopyToCPU RADIX-10 Dissemination Time: 1.595176e-04
0: MPIL CopyToCPU RADIX-11 Dissemination Time: 1.668129e-04
0: MPIL CopyToCPU RADIX-12 Dissemination Time: 1.710351e-04
0: MPIL CopyToCPU RADIX-13 Dissemination Time: 1.744025e-04
0: MPIL CopyToCPU RADIX-14 Dissemination Time: 1.760367e-04
0: Testing Size 8192
0: PMPI Allreduce Time: 1.757283e-04
0: MPIL GPU-Aware Recursive Doubling Time: 1.760075e-04
0: MPIL GPU-Aware Node-Aware Dissemination Time: 2.045929e-03
0: MPIL GPU-Aware NUMA-Aware Dissemination Time: 6.073143e-03
0: CopyToCPU PMPI Allreduce Time: 2.680575e-04
0: MPIL CopyToCPU Recursive Doubling Time: 2.976741e-04
0: MPIL CopyToCPU Node-Aware Dissemination Time: 4.324647e-04
0: MPIL CopyToCPU NUMA-Aware Dissemination Time: 3.092149e-04
0: MPIL CopyToCPU RADIX-3 Dissemination Time: 3.230890e-04
0: MPIL CopyToCPU RADIX-4 Dissemination Time: 2.140999e-04
0: MPIL CopyToCPU RADIX-5 Dissemination Time: 2.370738e-04
0: MPIL CopyToCPU RADIX-6 Dissemination Time: 2.409945e-04
0: MPIL CopyToCPU RADIX-7 Dissemination Time: 2.498288e-04
0: MPIL CopyToCPU RADIX-8 Dissemination Time: 2.295292e-04
0: MPIL CopyToCPU RADIX-9 Dissemination Time: 2.609818e-04
0: MPIL CopyToCPU RADIX-10 Dissemination Time: 2.589236e-04
0: MPIL CopyToCPU RADIX-11 Dissemination Time: 2.692610e-04
0: MPIL CopyToCPU RADIX-12 Dissemination Time: 2.583966e-04
0: MPIL CopyToCPU RADIX-13 Dissemination Time: 2.777048e-04
0: MPIL CopyToCPU RADIX-14 Dissemination Time: 2.879372e-04
0: Testing Size 16384
0: PMPI Allreduce Time: 1.839410e-04
0: MPIL GPU-Aware Recursive Doubling Time: 1.822248e-04
0: MPIL GPU-Aware Node-Aware Dissemination Time: 2.192456e-03
0: MPIL GPU-Aware NUMA-Aware Dissemination Time: 5.057085e-03
0: CopyToCPU PMPI Allreduce Time: 4.626646e-04
0: MPIL CopyToCPU Recursive Doubling Time: 5.338097e-04
0: MPIL CopyToCPU Node-Aware Dissemination Time: 7.635377e-04
0: MPIL CopyToCPU NUMA-Aware Dissemination Time: 5.716998e-04
0: MPIL CopyToCPU RADIX-3 Dissemination Time: 5.843122e-04
0: MPIL CopyToCPU RADIX-4 Dissemination Time: 3.806579e-04
0: MPIL CopyToCPU RADIX-5 Dissemination Time: 4.254047e-04
0: MPIL CopyToCPU RADIX-6 Dissemination Time: 4.305986e-04
0: MPIL CopyToCPU RADIX-7 Dissemination Time: 4.421526e-04
0: MPIL CopyToCPU RADIX-8 Dissemination Time: 3.978488e-04
0: MPIL CopyToCPU RADIX-9 Dissemination Time: 4.555422e-04
0: MPIL CopyToCPU RADIX-10 Dissemination Time: 4.480687e-04
0: MPIL CopyToCPU RADIX-11 Dissemination Time: 4.762646e-04
0: MPIL CopyToCPU RADIX-12 Dissemination Time: 4.579315e-04
0: MPIL CopyToCPU RADIX-13 Dissemination Time: 4.897692e-04
0: MPIL CopyToCPU RADIX-14 Dissemination Time: 5.228296e-04
0: Testing Size 32768
0: PMPI Allreduce Time: 2.061757e-04
0: MPIL GPU-Aware Recursive Doubling Time: 2.051705e-04
0: MPIL GPU-Aware Node-Aware Dissemination Time: 9.564660e-03
0: MPIL GPU-Aware NUMA-Aware Dissemination Time: 4.811815e-03
0: CopyToCPU PMPI Allreduce Time: 8.691415e-04
0: MPIL CopyToCPU Recursive Doubling Time: 9.943517e-04
0: MPIL CopyToCPU Node-Aware Dissemination Time: 1.443197e-03
0: MPIL CopyToCPU NUMA-Aware Dissemination Time: 1.061946e-03
0: MPIL CopyToCPU RADIX-3 Dissemination Time: 1.100954e-03
0: MPIL CopyToCPU RADIX-4 Dissemination Time: 7.181292e-04
0: MPIL CopyToCPU RADIX-5 Dissemination Time: 7.870738e-04
0: MPIL CopyToCPU RADIX-6 Dissemination Time: 7.921109e-04
0: MPIL CopyToCPU RADIX-7 Dissemination Time: 8.038346e-04
0: MPIL CopyToCPU RADIX-8 Dissemination Time: 7.724718e-04
0: MPIL CopyToCPU RADIX-9 Dissemination Time: 8.317189e-04
0: MPIL CopyToCPU RADIX-10 Dissemination Time: 8.422529e-04
0: MPIL CopyToCPU RADIX-11 Dissemination Time: 8.539696e-04
0: MPIL CopyToCPU RADIX-12 Dissemination Time: 8.864959e-04
0: MPIL CopyToCPU RADIX-13 Dissemination Time: 9.216526e-04
0: MPIL CopyToCPU RADIX-14 Dissemination Time: 9.760876e-04
0: Testing Size 65536
0: PMPI Allreduce Time: 2.434099e-04
0: MPIL GPU-Aware Recursive Doubling Time: 2.410244e-04
0: MPIL GPU-Aware Node-Aware Dissemination Time: 1.126130e-02
0: MPIL GPU-Aware NUMA-Aware Dissemination Time: 4.997308e-03
0: CopyToCPU PMPI Allreduce Time: 1.616036e-03
0: MPIL CopyToCPU Recursive Doubling Time: 1.877983e-03
0: MPIL CopyToCPU Node-Aware Dissemination Time: 2.779126e-03
0: MPIL CopyToCPU NUMA-Aware Dissemination Time: 1.986985e-03
0: MPIL CopyToCPU RADIX-3 Dissemination Time: 2.085564e-03
0: MPIL CopyToCPU RADIX-4 Dissemination Time: 1.392597e-03
0: MPIL CopyToCPU RADIX-5 Dissemination Time: 1.438748e-03
0: MPIL CopyToCPU RADIX-6 Dissemination Time: 1.426944e-03
0: MPIL CopyToCPU RADIX-7 Dissemination Time: 1.461271e-03
0: MPIL CopyToCPU RADIX-8 Dissemination Time: 1.439030e-03
0: MPIL CopyToCPU RADIX-9 Dissemination Time: 1.522691e-03
0: MPIL CopyToCPU RADIX-10 Dissemination Time: 1.600359e-03
0: MPIL CopyToCPU RADIX-11 Dissemination Time: 1.579656e-03
0: MPIL CopyToCPU RADIX-12 Dissemination Time: 1.589004e-03
0: MPIL CopyToCPU RADIX-13 Dissemination Time: 1.688748e-03
0: MPIL CopyToCPU RADIX-14 Dissemination Time: 1.799390e-03
0: Testing Size 131072
0: PMPI Allreduce Time: 2.970979e-04
0: MPIL GPU-Aware Recursive Doubling Time: 2.955606e-04
0: MPIL GPU-Aware Node-Aware Dissemination Time: 1.352061e-02
0: MPIL GPU-Aware NUMA-Aware Dissemination Time: 7.614573e-03
0: CopyToCPU PMPI Allreduce Time: 3.238027e-03
0: MPIL CopyToCPU Recursive Doubling Time: 3.397549e-03
0: MPIL CopyToCPU Node-Aware Dissemination Time: 5.053779e-03
0: MPIL CopyToCPU NUMA-Aware Dissemination Time: 3.844693e-03
0: MPIL CopyToCPU RADIX-3 Dissemination Time: 4.004634e-03
0: MPIL CopyToCPU RADIX-4 Dissemination Time: 2.514185e-03
0: MPIL CopyToCPU RADIX-5 Dissemination Time: 2.780910e-03
0: MPIL CopyToCPU RADIX-6 Dissemination Time: 2.857122e-03
0: MPIL CopyToCPU RADIX-7 Dissemination Time: 2.882532e-03
0: MPIL CopyToCPU RADIX-8 Dissemination Time: 2.770981e-03
0: MPIL CopyToCPU RADIX-9 Dissemination Time: 2.909305e-03
0: MPIL CopyToCPU RADIX-10 Dissemination Time: 3.077690e-03
0: MPIL CopyToCPU RADIX-11 Dissemination Time: 3.078670e-03
0: MPIL CopyToCPU RADIX-12 Dissemination Time: 3.187699e-03
0: MPIL CopyToCPU RADIX-13 Dissemination Time: 3.202505e-03
0: MPIL CopyToCPU RADIX-14 Dissemination Time: 3.349180e-03
0: Testing Size 262144
0: PMPI Allreduce Time: 3.437252e-04
0: MPIL GPU-Aware Recursive Doubling Time: 3.438458e-04
0: MPIL GPU-Aware Node-Aware Dissemination Time: 1.710473e-02
0: MPIL GPU-Aware NUMA-Aware Dissemination Time: 1.438072e-02
0: CopyToCPU PMPI Allreduce Time: 6.445500e-03
0: MPIL CopyToCPU Recursive Doubling Time: 6.895046e-03
0: MPIL CopyToCPU Node-Aware Dissemination Time: 6.878667e-03
0: MPIL CopyToCPU NUMA-Aware Dissemination Time: 7.503578e-03
0: MPIL CopyToCPU RADIX-3 Dissemination Time: 7.553081e-03
0: MPIL CopyToCPU RADIX-4 Dissemination Time: 5.116652e-03
0: MPIL CopyToCPU RADIX-5 Dissemination Time: 5.362955e-03
0: MPIL CopyToCPU RADIX-6 Dissemination Time: 5.513184e-03
0: MPIL CopyToCPU RADIX-7 Dissemination Time: 5.576625e-03
0: MPIL CopyToCPU RADIX-8 Dissemination Time: 5.564228e-03
0: MPIL CopyToCPU RADIX-9 Dissemination Time: 5.726685e-03
0: MPIL CopyToCPU RADIX-10 Dissemination Time: 5.967620e-03
0: MPIL CopyToCPU RADIX-11 Dissemination Time: 6.000013e-03
0: MPIL CopyToCPU RADIX-12 Dissemination Time: 6.144969e-03
0: MPIL CopyToCPU RADIX-13 Dissemination Time: 6.395641e-03
0: MPIL CopyToCPU RADIX-14 Dissemination Time: 6.553386e-03
0: Testing Size 524288
0: PMPI Allreduce Time: 4.415160e-04
0: MPIL GPU-Aware Recursive Doubling Time: 4.416081e-04
0: MPIL GPU-Aware Node-Aware Dissemination Time: 2.624610e-02
0: MPIL GPU-Aware NUMA-Aware Dissemination Time: 2.586040e-02
0: CopyToCPU PMPI Allreduce Time: 1.334013e-02
0: MPIL CopyToCPU Recursive Doubling Time: 1.369594e-02
0: MPIL CopyToCPU Node-Aware Dissemination Time: 1.630195e-02
0: MPIL CopyToCPU NUMA-Aware Dissemination Time: 1.480274e-02
0: MPIL CopyToCPU RADIX-3 Dissemination Time: 1.449389e-02
0: MPIL CopyToCPU RADIX-4 Dissemination Time: 1.008339e-02
0: MPIL CopyToCPU RADIX-5 Dissemination Time: 1.088834e-02
0: MPIL CopyToCPU RADIX-6 Dissemination Time: 1.110916e-02
0: MPIL CopyToCPU RADIX-7 Dissemination Time: 1.112387e-02
0: MPIL CopyToCPU RADIX-8 Dissemination Time: 1.243856e-02
0: MPIL CopyToCPU RADIX-9 Dissemination Time: 1.305760e-02
0: MPIL CopyToCPU RADIX-10 Dissemination Time: 1.448672e-02
0: MPIL CopyToCPU RADIX-11 Dissemination Time: 1.526713e-02
0: MPIL CopyToCPU RADIX-12 Dissemination Time: 1.619136e-02
0: MPIL CopyToCPU RADIX-13 Dissemination Time: 1.745196e-02
0: MPIL CopyToCPU RADIX-14 Dissemination Time: 1.894878e-02
0: 
0: MPICH Slingshot Network Summary: 15 network timeouts
0: 
