0: Testing Size 1
0: PMPI Allreduce Time: 2.846768e-05
0: MPIL GPU-Aware Recursive Doubling Time: 2.806436e-05
0: MPIL GPU-Aware Node-Aware Dissemination Time: 6.236588e-05
0: MPIL GPU-Aware NUMA-Aware Dissemination Time: 7.837457e-05
0: CopyToCPU PMPI Allreduce Time: 2.797489e-05
0: MPIL CopyToCPU Recursive Doubling Time: 2.882014e-05
0: MPIL CopyToCPU Node-Aware Dissemination Time: 3.676598e-05
0: MPIL CopyToCPU NUMA-Aware Dissemination Time: 2.845288e-05
0: MPIL CopyToCPU RADIX-3 Dissemination Time: 2.972882e-05
0: MPIL CopyToCPU RADIX-4 Dissemination Time: 2.330993e-05
0: MPIL CopyToCPU RADIX-5 Dissemination Time: 2.892528e-05
0: MPIL CopyToCPU RADIX-6 Dissemination Time: 2.933748e-05
0: MPIL CopyToCPU RADIX-7 Dissemination Time: 3.016359e-05
0: MPIL CopyToCPU RADIX-8 Dissemination Time: 2.507140e-05
0: MPIL CopyToCPU RADIX-9 Dissemination Time: 3.389081e-05
0: MPIL CopyToCPU RADIX-10 Dissemination Time: 3.537318e-05
0: MPIL CopyToCPU RADIX-11 Dissemination Time: 3.848572e-05
0: MPIL CopyToCPU RADIX-12 Dissemination Time: 3.519676e-05
0: MPIL CopyToCPU RADIX-13 Dissemination Time: 3.659230e-05
0: MPIL CopyToCPU RADIX-14 Dissemination Time: 3.772853e-05
0: Testing Size 2
0: PMPI Allreduce Time: 2.856469e-05
0: MPIL GPU-Aware Recursive Doubling Time: 2.839087e-05
0: MPIL GPU-Aware Node-Aware Dissemination Time: 6.282914e-05
0: MPIL GPU-Aware NUMA-Aware Dissemination Time: 7.887239e-05
0: CopyToCPU PMPI Allreduce Time: 2.822726e-05
0: MPIL CopyToCPU Recursive Doubling Time: 2.968951e-05
0: MPIL CopyToCPU Node-Aware Dissemination Time: 3.665166e-05
0: MPIL CopyToCPU NUMA-Aware Dissemination Time: 2.936391e-05
0: MPIL CopyToCPU RADIX-3 Dissemination Time: 3.226561e-05
0: MPIL CopyToCPU RADIX-4 Dissemination Time: 2.396060e-05
0: MPIL CopyToCPU RADIX-5 Dissemination Time: 2.931507e-05
0: MPIL CopyToCPU RADIX-6 Dissemination Time: 2.945011e-05
0: MPIL CopyToCPU RADIX-7 Dissemination Time: 3.048066e-05
0: MPIL CopyToCPU RADIX-8 Dissemination Time: 2.517324e-05
0: MPIL CopyToCPU RADIX-9 Dissemination Time: 3.212607e-05
0: MPIL CopyToCPU RADIX-10 Dissemination Time: 3.286531e-05
0: MPIL CopyToCPU RADIX-11 Dissemination Time: 3.404636e-05
0: MPIL CopyToCPU RADIX-12 Dissemination Time: 3.308217e-05
0: MPIL CopyToCPU RADIX-13 Dissemination Time: 3.485948e-05
0: MPIL CopyToCPU RADIX-14 Dissemination Time: 3.685200e-05
0: Testing Size 4
0: PMPI Allreduce Time: 2.811215e-05
0: MPIL GPU-Aware Recursive Doubling Time: 2.796707e-05
0: MPIL GPU-Aware Node-Aware Dissemination Time: 6.187460e-05
0: MPIL GPU-Aware NUMA-Aware Dissemination Time: 7.763845e-05
0: CopyToCPU PMPI Allreduce Time: 2.795111e-05
0: MPIL CopyToCPU Recursive Doubling Time: 2.859521e-05
0: MPIL CopyToCPU Node-Aware Dissemination Time: 3.683638e-05
0: MPIL CopyToCPU NUMA-Aware Dissemination Time: 2.860205e-05
0: MPIL CopyToCPU RADIX-3 Dissemination Time: 2.996643e-05
0: MPIL CopyToCPU RADIX-4 Dissemination Time: 2.419058e-05
0: MPIL CopyToCPU RADIX-5 Dissemination Time: 2.924042e-05
0: MPIL CopyToCPU RADIX-6 Dissemination Time: 2.967415e-05
0: MPIL CopyToCPU RADIX-7 Dissemination Time: 3.026975e-05
0: MPIL CopyToCPU RADIX-8 Dissemination Time: 2.541167e-05
0: MPIL CopyToCPU RADIX-9 Dissemination Time: 3.220744e-05
0: MPIL CopyToCPU RADIX-10 Dissemination Time: 3.298185e-05
0: MPIL CopyToCPU RADIX-11 Dissemination Time: 3.420124e-05
0: MPIL CopyToCPU RADIX-12 Dissemination Time: 3.352651e-05
0: MPIL CopyToCPU RADIX-13 Dissemination Time: 3.518590e-05
0: MPIL CopyToCPU RADIX-14 Dissemination Time: 3.695960e-05
0: Testing Size 8
0: PMPI Allreduce Time: 2.870291e-05
0: MPIL GPU-Aware Recursive Doubling Time: 2.817996e-05
0: MPIL GPU-Aware Node-Aware Dissemination Time: 6.170340e-05
0: MPIL GPU-Aware NUMA-Aware Dissemination Time: 7.843408e-05
0: CopyToCPU PMPI Allreduce Time: 2.787295e-05
0: MPIL CopyToCPU Recursive Doubling Time: 3.026537e-05
0: MPIL CopyToCPU Node-Aware Dissemination Time: 3.673179e-05
0: MPIL CopyToCPU NUMA-Aware Dissemination Time: 2.950624e-05
0: MPIL CopyToCPU RADIX-3 Dissemination Time: 3.060241e-05
0: MPIL CopyToCPU RADIX-4 Dissemination Time: 2.460808e-05
0: MPIL CopyToCPU RADIX-5 Dissemination Time: 2.982326e-05
0: MPIL CopyToCPU RADIX-6 Dissemination Time: 3.054417e-05
0: MPIL CopyToCPU RADIX-7 Dissemination Time: 3.073415e-05
0: MPIL CopyToCPU RADIX-8 Dissemination Time: 2.620765e-05
0: MPIL CopyToCPU RADIX-9 Dissemination Time: 3.300740e-05
0: MPIL CopyToCPU RADIX-10 Dissemination Time: 3.402931e-05
0: MPIL CopyToCPU RADIX-11 Dissemination Time: 3.520820e-05
0: MPIL CopyToCPU RADIX-12 Dissemination Time: 3.484845e-05
0: MPIL CopyToCPU RADIX-13 Dissemination Time: 3.653573e-05
0: MPIL CopyToCPU RADIX-14 Dissemination Time: 3.810816e-05
0: Testing Size 16
0: PMPI Allreduce Time: 3.064991e-05
0: MPIL GPU-Aware Recursive Doubling Time: 3.083223e-05
0: MPIL GPU-Aware Node-Aware Dissemination Time: 6.478077e-05
0: MPIL GPU-Aware NUMA-Aware Dissemination Time: 8.007388e-05
0: CopyToCPU PMPI Allreduce Time: 3.034572e-05
0: MPIL CopyToCPU Recursive Doubling Time: 3.487794e-05
0: MPIL CopyToCPU Node-Aware Dissemination Time: 4.080365e-05
0: MPIL CopyToCPU NUMA-Aware Dissemination Time: 3.190381e-05
0: MPIL CopyToCPU RADIX-3 Dissemination Time: 3.217816e-05
0: MPIL CopyToCPU RADIX-4 Dissemination Time: 2.527120e-05
0: MPIL CopyToCPU RADIX-5 Dissemination Time: 3.125299e-05
0: MPIL CopyToCPU RADIX-6 Dissemination Time: 3.160176e-05
0: MPIL CopyToCPU RADIX-7 Dissemination Time: 3.203511e-05
0: MPIL CopyToCPU RADIX-8 Dissemination Time: 2.687532e-05
0: MPIL CopyToCPU RADIX-9 Dissemination Time: 3.423098e-05
0: MPIL CopyToCPU RADIX-10 Dissemination Time: 3.554516e-05
0: MPIL CopyToCPU RADIX-11 Dissemination Time: 3.674206e-05
0: MPIL CopyToCPU RADIX-12 Dissemination Time: 3.586290e-05
0: MPIL CopyToCPU RADIX-13 Dissemination Time: 3.748577e-05
0: MPIL CopyToCPU RADIX-14 Dissemination Time: 3.924580e-05
0: Testing Size 32
0: PMPI Allreduce Time: 4.561088e-05
0: MPIL GPU-Aware Recursive Doubling Time: 4.545421e-05
0: MPIL GPU-Aware Node-Aware Dissemination Time: 7.290006e-05
0: MPIL GPU-Aware NUMA-Aware Dissemination Time: 9.820980e-05
0: CopyToCPU PMPI Allreduce Time: 4.242946e-05
0: MPIL CopyToCPU Recursive Doubling Time: 4.567396e-05
0: MPIL CopyToCPU Node-Aware Dissemination Time: 4.919031e-05
0: MPIL CopyToCPU NUMA-Aware Dissemination Time: 5.212892e-05
0: MPIL CopyToCPU RADIX-3 Dissemination Time: 4.688345e-05
0: MPIL CopyToCPU RADIX-4 Dissemination Time: 3.496842e-05
0: MPIL CopyToCPU RADIX-5 Dissemination Time: 4.393997e-05
0: MPIL CopyToCPU RADIX-6 Dissemination Time: 4.002956e-05
0: MPIL CopyToCPU RADIX-7 Dissemination Time: 4.136989e-05
0: MPIL CopyToCPU RADIX-8 Dissemination Time: 3.398145e-05
0: MPIL CopyToCPU RADIX-9 Dissemination Time: 4.324383e-05
0: MPIL CopyToCPU RADIX-10 Dissemination Time: 4.371009e-05
0: MPIL CopyToCPU RADIX-11 Dissemination Time: 4.527216e-05
0: MPIL CopyToCPU RADIX-12 Dissemination Time: 3.933661e-05
0: MPIL CopyToCPU RADIX-13 Dissemination Time: 4.065081e-05
0: MPIL CopyToCPU RADIX-14 Dissemination Time: 4.261360e-05
0: Testing Size 64
0: PMPI Allreduce Time: 4.593413e-05
0: MPIL GPU-Aware Recursive Doubling Time: 4.595878e-05
0: MPIL GPU-Aware Node-Aware Dissemination Time: 7.661501e-05
0: MPIL GPU-Aware NUMA-Aware Dissemination Time: 9.817175e-05
0: CopyToCPU PMPI Allreduce Time: 4.517242e-05
0: MPIL CopyToCPU Recursive Doubling Time: 4.627783e-05
0: MPIL CopyToCPU Node-Aware Dissemination Time: 5.261745e-05
0: MPIL CopyToCPU NUMA-Aware Dissemination Time: 5.248471e-05
0: MPIL CopyToCPU RADIX-3 Dissemination Time: 4.767695e-05
0: MPIL CopyToCPU RADIX-4 Dissemination Time: 3.587632e-05
0: MPIL CopyToCPU RADIX-5 Dissemination Time: 4.464595e-05
0: MPIL CopyToCPU RADIX-6 Dissemination Time: 4.013729e-05
0: MPIL CopyToCPU RADIX-7 Dissemination Time: 4.165104e-05
0: MPIL CopyToCPU RADIX-8 Dissemination Time: 3.442562e-05
0: MPIL CopyToCPU RADIX-9 Dissemination Time: 4.378841e-05
0: MPIL CopyToCPU RADIX-10 Dissemination Time: 4.420333e-05
0: MPIL CopyToCPU RADIX-11 Dissemination Time: 4.569278e-05
0: MPIL CopyToCPU RADIX-12 Dissemination Time: 3.986268e-05
0: MPIL CopyToCPU RADIX-13 Dissemination Time: 4.152089e-05
0: MPIL CopyToCPU RADIX-14 Dissemination Time: 4.367287e-05
0: Testing Size 128
0: PMPI Allreduce Time: 5.525602e-05
0: MPIL GPU-Aware Recursive Doubling Time: 5.522508e-05
0: MPIL GPU-Aware Node-Aware Dissemination Time: 1.187038e-04
0: MPIL GPU-Aware NUMA-Aware Dissemination Time: 1.096875e-04
0: CopyToCPU PMPI Allreduce Time: 5.620275e-05
0: MPIL CopyToCPU Recursive Doubling Time: 5.786579e-05
0: MPIL CopyToCPU Node-Aware Dissemination Time: 9.513310e-05
0: MPIL CopyToCPU NUMA-Aware Dissemination Time: 5.711259e-05
0: MPIL CopyToCPU RADIX-3 Dissemination Time: 5.396965e-05
0: MPIL CopyToCPU RADIX-4 Dissemination Time: 4.310754e-05
0: MPIL CopyToCPU RADIX-5 Dissemination Time: 5.070271e-05
0: MPIL CopyToCPU RADIX-6 Dissemination Time: 4.717175e-05
0: MPIL CopyToCPU RADIX-7 Dissemination Time: 4.914262e-05
0: MPIL CopyToCPU RADIX-8 Dissemination Time: 4.236701e-05
0: MPIL CopyToCPU RADIX-9 Dissemination Time: 5.125207e-05
0: MPIL CopyToCPU RADIX-10 Dissemination Time: 5.312011e-05
0: MPIL CopyToCPU RADIX-11 Dissemination Time: 5.631934e-05
0: MPIL CopyToCPU RADIX-12 Dissemination Time: 5.021825e-05
0: MPIL CopyToCPU RADIX-13 Dissemination Time: 5.360376e-05
0: MPIL CopyToCPU RADIX-14 Dissemination Time: 5.513631e-05
0: Testing Size 256
0: PMPI Allreduce Time: 5.957106e-05
0: MPIL GPU-Aware Recursive Doubling Time: 5.949667e-05
0: MPIL GPU-Aware Node-Aware Dissemination Time: 1.449969e-04
0: MPIL GPU-Aware NUMA-Aware Dissemination Time: 1.196410e-04
0: CopyToCPU PMPI Allreduce Time: 6.294408e-05
0: MPIL CopyToCPU Recursive Doubling Time: 6.537531e-05
0: MPIL CopyToCPU Node-Aware Dissemination Time: 1.251662e-04
0: MPIL CopyToCPU NUMA-Aware Dissemination Time: 6.326522e-05
0: MPIL CopyToCPU RADIX-3 Dissemination Time: 5.801125e-05
0: MPIL CopyToCPU RADIX-4 Dissemination Time: 4.612542e-05
0: MPIL CopyToCPU RADIX-5 Dissemination Time: 5.413829e-05
0: MPIL CopyToCPU RADIX-6 Dissemination Time: 5.132015e-05
0: MPIL CopyToCPU RADIX-7 Dissemination Time: 5.367658e-05
0: MPIL CopyToCPU RADIX-8 Dissemination Time: 4.642383e-05
0: MPIL CopyToCPU RADIX-9 Dissemination Time: 5.603153e-05
0: MPIL CopyToCPU RADIX-10 Dissemination Time: 5.768231e-05
0: MPIL CopyToCPU RADIX-11 Dissemination Time: 5.974086e-05
0: MPIL CopyToCPU RADIX-12 Dissemination Time: 5.710063e-05
0: MPIL CopyToCPU RADIX-13 Dissemination Time: 5.976593e-05
0: MPIL CopyToCPU RADIX-14 Dissemination Time: 6.328686e-05
0: Testing Size 512
0: PMPI Allreduce Time: 6.747346e-05
0: MPIL GPU-Aware Recursive Doubling Time: 6.741387e-05
0: MPIL GPU-Aware Node-Aware Dissemination Time: 1.578167e-04
0: MPIL GPU-Aware NUMA-Aware Dissemination Time: 1.282762e-04
0: CopyToCPU PMPI Allreduce Time: 6.821606e-05
0: MPIL CopyToCPU Recursive Doubling Time: 7.062002e-05
0: MPIL CopyToCPU Node-Aware Dissemination Time: 1.414579e-04
0: MPIL CopyToCPU NUMA-Aware Dissemination Time: 7.212060e-05
0: MPIL CopyToCPU RADIX-3 Dissemination Time: 6.610760e-05
0: MPIL CopyToCPU RADIX-4 Dissemination Time: 5.150635e-05
0: MPIL CopyToCPU RADIX-5 Dissemination Time: 5.978237e-05
0: MPIL CopyToCPU RADIX-6 Dissemination Time: 5.690079e-05
0: MPIL CopyToCPU RADIX-7 Dissemination Time: 5.794986e-05
0: MPIL CopyToCPU RADIX-8 Dissemination Time: 5.231511e-05
0: MPIL CopyToCPU RADIX-9 Dissemination Time: 6.220304e-05
0: MPIL CopyToCPU RADIX-10 Dissemination Time: 6.365235e-05
0: MPIL CopyToCPU RADIX-11 Dissemination Time: 6.587100e-05
0: MPIL CopyToCPU RADIX-12 Dissemination Time: 6.320192e-05
0: MPIL CopyToCPU RADIX-13 Dissemination Time: 6.648639e-05
0: MPIL CopyToCPU RADIX-14 Dissemination Time: 6.766865e-05
0: Testing Size 1024
0: PMPI Allreduce Time: 1.066048e-04
0: MPIL GPU-Aware Recursive Doubling Time: 1.064612e-04
0: MPIL GPU-Aware Node-Aware Dissemination Time: 1.906170e-03
0: MPIL GPU-Aware NUMA-Aware Dissemination Time: 3.374989e-03
0: CopyToCPU PMPI Allreduce Time: 8.382146e-05
0: MPIL CopyToCPU Recursive Doubling Time: 8.854406e-05
0: MPIL CopyToCPU Node-Aware Dissemination Time: 1.836094e-04
0: MPIL CopyToCPU NUMA-Aware Dissemination Time: 9.228884e-05
0: MPIL CopyToCPU RADIX-3 Dissemination Time: 8.400619e-05
0: MPIL CopyToCPU RADIX-4 Dissemination Time: 6.434365e-05
0: MPIL CopyToCPU RADIX-5 Dissemination Time: 7.351207e-05
0: MPIL CopyToCPU RADIX-6 Dissemination Time: 7.114979e-05
0: MPIL CopyToCPU RADIX-7 Dissemination Time: 7.270240e-05
0: MPIL CopyToCPU RADIX-8 Dissemination Time: 6.712797e-05
0: MPIL CopyToCPU RADIX-9 Dissemination Time: 7.610465e-05
0: MPIL CopyToCPU RADIX-10 Dissemination Time: 8.149360e-05
0: MPIL CopyToCPU RADIX-11 Dissemination Time: 8.207541e-05
0: MPIL CopyToCPU RADIX-12 Dissemination Time: 8.211002e-05
0: MPIL CopyToCPU RADIX-13 Dissemination Time: 8.630946e-05
0: MPIL CopyToCPU RADIX-14 Dissemination Time: 9.002494e-05
0: Testing Size 2048
0: PMPI Allreduce Time: 2.333003e-04
0: MPIL GPU-Aware Recursive Doubling Time: 2.316749e-04
0: MPIL GPU-Aware Node-Aware Dissemination Time: 1.970310e-03
0: MPIL GPU-Aware NUMA-Aware Dissemination Time: 4.383824e-03
0: CopyToCPU PMPI Allreduce Time: 1.399386e-04
0: MPIL CopyToCPU Recursive Doubling Time: 1.220027e-04
0: MPIL CopyToCPU Node-Aware Dissemination Time: 2.934388e-04
0: MPIL CopyToCPU NUMA-Aware Dissemination Time: 1.291130e-04
0: MPIL CopyToCPU RADIX-3 Dissemination Time: 1.218386e-04
0: MPIL CopyToCPU RADIX-4 Dissemination Time: 8.879677e-05
0: MPIL CopyToCPU RADIX-5 Dissemination Time: 9.957376e-05
0: MPIL CopyToCPU RADIX-6 Dissemination Time: 1.024363e-04
0: MPIL CopyToCPU RADIX-7 Dissemination Time: 1.029650e-04
0: MPIL CopyToCPU RADIX-8 Dissemination Time: 9.613340e-05
0: MPIL CopyToCPU RADIX-9 Dissemination Time: 1.080753e-04
0: MPIL CopyToCPU RADIX-10 Dissemination Time: 1.138237e-04
0: MPIL CopyToCPU RADIX-11 Dissemination Time: 1.179379e-04
0: MPIL CopyToCPU RADIX-12 Dissemination Time: 1.165570e-04
0: MPIL CopyToCPU RADIX-13 Dissemination Time: 1.226226e-04
0: MPIL CopyToCPU RADIX-14 Dissemination Time: 1.289028e-04
0: Testing Size 4096
0: PMPI Allreduce Time: 2.312663e-04
0: MPIL GPU-Aware Recursive Doubling Time: 2.310210e-04
0: MPIL GPU-Aware Node-Aware Dissemination Time: 3.561374e-03
0: MPIL GPU-Aware NUMA-Aware Dissemination Time: 7.820841e-03
0: CopyToCPU PMPI Allreduce Time: 1.993916e-04
0: MPIL CopyToCPU Recursive Doubling Time: 2.292786e-04
0: MPIL CopyToCPU Node-Aware Dissemination Time: 5.034147e-04
0: MPIL CopyToCPU NUMA-Aware Dissemination Time: 2.391081e-04
0: MPIL CopyToCPU RADIX-3 Dissemination Time: 2.316072e-04
0: MPIL CopyToCPU RADIX-4 Dissemination Time: 1.674828e-04
0: MPIL CopyToCPU RADIX-5 Dissemination Time: 1.966102e-04
0: MPIL CopyToCPU RADIX-6 Dissemination Time: 1.912731e-04
0: MPIL CopyToCPU RADIX-7 Dissemination Time: 1.968964e-04
0: MPIL CopyToCPU RADIX-8 Dissemination Time: 1.782257e-04
0: MPIL CopyToCPU RADIX-9 Dissemination Time: 2.054198e-04
0: MPIL CopyToCPU RADIX-10 Dissemination Time: 2.109355e-04
0: MPIL CopyToCPU RADIX-11 Dissemination Time: 2.188384e-04
0: MPIL CopyToCPU RADIX-12 Dissemination Time: 2.140274e-04
0: MPIL CopyToCPU RADIX-13 Dissemination Time: 2.239669e-04
0: MPIL CopyToCPU RADIX-14 Dissemination Time: 2.319806e-04
0: Testing Size 8192
0: PMPI Allreduce Time: 2.394040e-04
0: MPIL GPU-Aware Recursive Doubling Time: 2.388677e-04
0: MPIL GPU-Aware Node-Aware Dissemination Time: 5.064077e-03
0: MPIL GPU-Aware NUMA-Aware Dissemination Time: 8.956133e-03
0: CopyToCPU PMPI Allreduce Time: 3.055536e-04
0: MPIL CopyToCPU Recursive Doubling Time: 3.568226e-04
0: MPIL CopyToCPU Node-Aware Dissemination Time: 8.747695e-04
0: MPIL CopyToCPU NUMA-Aware Dissemination Time: 3.787173e-04
0: MPIL CopyToCPU RADIX-3 Dissemination Time: 3.766788e-04
0: MPIL CopyToCPU RADIX-4 Dissemination Time: 2.688866e-04
0: MPIL CopyToCPU RADIX-5 Dissemination Time: 3.032153e-04
0: MPIL CopyToCPU RADIX-6 Dissemination Time: 3.153363e-04
0: MPIL CopyToCPU RADIX-7 Dissemination Time: 3.165270e-04
0: MPIL CopyToCPU RADIX-8 Dissemination Time: 3.016283e-04
0: MPIL CopyToCPU RADIX-9 Dissemination Time: 3.350952e-04
0: MPIL CopyToCPU RADIX-10 Dissemination Time: 3.493378e-04
0: MPIL CopyToCPU RADIX-11 Dissemination Time: 3.637368e-04
0: MPIL CopyToCPU RADIX-12 Dissemination Time: 3.653057e-04
0: MPIL CopyToCPU RADIX-13 Dissemination Time: 3.809828e-04
0: MPIL CopyToCPU RADIX-14 Dissemination Time: 3.999232e-04
0: Testing Size 16384
0: PMPI Allreduce Time: 2.452323e-04
0: MPIL GPU-Aware Recursive Doubling Time: 2.452010e-04
0: MPIL GPU-Aware Node-Aware Dissemination Time: 4.343742e-03
0: MPIL GPU-Aware NUMA-Aware Dissemination Time: 8.228406e-03
0: CopyToCPU PMPI Allreduce Time: 5.130449e-04
0: MPIL CopyToCPU Recursive Doubling Time: 6.140821e-04
0: MPIL CopyToCPU Node-Aware Dissemination Time: 1.532701e-03
0: MPIL CopyToCPU NUMA-Aware Dissemination Time: 6.564737e-04
0: MPIL CopyToCPU RADIX-3 Dissemination Time: 6.756277e-04
0: MPIL CopyToCPU RADIX-4 Dissemination Time: 4.740263e-04
0: MPIL CopyToCPU RADIX-5 Dissemination Time: 5.295638e-04
0: MPIL CopyToCPU RADIX-6 Dissemination Time: 5.522682e-04
0: MPIL CopyToCPU RADIX-7 Dissemination Time: 5.679967e-04
0: MPIL CopyToCPU RADIX-8 Dissemination Time: 5.495269e-04
0: MPIL CopyToCPU RADIX-9 Dissemination Time: 6.018452e-04
0: MPIL CopyToCPU RADIX-10 Dissemination Time: 6.328661e-04
0: MPIL CopyToCPU RADIX-11 Dissemination Time: 6.789945e-04
0: MPIL CopyToCPU RADIX-12 Dissemination Time: 6.605869e-04
0: MPIL CopyToCPU RADIX-13 Dissemination Time: 6.928222e-04
0: MPIL CopyToCPU RADIX-14 Dissemination Time: 7.325156e-04
0: Testing Size 32768
0: PMPI Allreduce Time: 2.722047e-04
0: MPIL GPU-Aware Recursive Doubling Time: 2.710227e-04
0: MPIL GPU-Aware Node-Aware Dissemination Time: 1.801821e-02
0: MPIL GPU-Aware NUMA-Aware Dissemination Time: 8.618413e-03
0: CopyToCPU PMPI Allreduce Time: 9.438569e-04
0: MPIL CopyToCPU Recursive Doubling Time: 1.156958e-03
0: MPIL CopyToCPU Node-Aware Dissemination Time: 3.117532e-03
0: MPIL CopyToCPU NUMA-Aware Dissemination Time: 1.197556e-03
0: MPIL CopyToCPU RADIX-3 Dissemination Time: 1.262312e-03
0: MPIL CopyToCPU RADIX-4 Dissemination Time: 8.938499e-04
0: MPIL CopyToCPU RADIX-5 Dissemination Time: 9.653691e-04
0: MPIL CopyToCPU RADIX-6 Dissemination Time: 1.038755e-03
0: MPIL CopyToCPU RADIX-7 Dissemination Time: 1.066566e-03
0: MPIL CopyToCPU RADIX-8 Dissemination Time: 1.058650e-03
0: MPIL CopyToCPU RADIX-9 Dissemination Time: 1.129616e-03
0: MPIL CopyToCPU RADIX-10 Dissemination Time: 1.231441e-03
0: MPIL CopyToCPU RADIX-11 Dissemination Time: 1.259925e-03
0: MPIL CopyToCPU RADIX-12 Dissemination Time: 1.261545e-03
0: MPIL CopyToCPU RADIX-13 Dissemination Time: 1.320610e-03
0: MPIL CopyToCPU RADIX-14 Dissemination Time: 1.392621e-03
0: Testing Size 65536
0: PMPI Allreduce Time: 3.044984e-04
0: MPIL GPU-Aware Recursive Doubling Time: 3.024332e-04
0: MPIL GPU-Aware Node-Aware Dissemination Time: 2.058636e-02
0: MPIL GPU-Aware NUMA-Aware Dissemination Time: 8.519318e-03
0: CopyToCPU PMPI Allreduce Time: 1.704439e-03
0: MPIL CopyToCPU Recursive Doubling Time: 2.153743e-03
0: MPIL CopyToCPU Node-Aware Dissemination Time: 5.276974e-03
0: MPIL CopyToCPU NUMA-Aware Dissemination Time: 2.305402e-03
0: MPIL CopyToCPU RADIX-3 Dissemination Time: 2.413971e-03
0: MPIL CopyToCPU RADIX-4 Dissemination Time: 1.793375e-03
0: MPIL CopyToCPU RADIX-5 Dissemination Time: 1.843744e-03
0: MPIL CopyToCPU RADIX-6 Dissemination Time: 1.946042e-03
0: MPIL CopyToCPU RADIX-7 Dissemination Time: 1.964937e-03
0: MPIL CopyToCPU RADIX-8 Dissemination Time: 1.937513e-03
0: MPIL CopyToCPU RADIX-9 Dissemination Time: 2.088569e-03
0: MPIL CopyToCPU RADIX-10 Dissemination Time: 2.147106e-03
0: MPIL CopyToCPU RADIX-11 Dissemination Time: 2.260938e-03
0: MPIL CopyToCPU RADIX-12 Dissemination Time: 2.356611e-03
0: MPIL CopyToCPU RADIX-13 Dissemination Time: 2.492700e-03
0: MPIL CopyToCPU RADIX-14 Dissemination Time: 2.602861e-03
0: Testing Size 131072
0: PMPI Allreduce Time: 3.623117e-04
0: MPIL GPU-Aware Recursive Doubling Time: 3.611866e-04
0: MPIL GPU-Aware Node-Aware Dissemination Time: 2.518228e-02
0: MPIL GPU-Aware NUMA-Aware Dissemination Time: 1.396303e-02
0: CopyToCPU PMPI Allreduce Time: 3.509423e-03
0: MPIL CopyToCPU Recursive Doubling Time: 3.849399e-03
0: MPIL CopyToCPU Node-Aware Dissemination Time: 7.454720e-03
0: MPIL CopyToCPU NUMA-Aware Dissemination Time: 4.342831e-03
0: MPIL CopyToCPU RADIX-3 Dissemination Time: 4.631169e-03
0: MPIL CopyToCPU RADIX-4 Dissemination Time: 3.155222e-03
0: MPIL CopyToCPU RADIX-5 Dissemination Time: 3.312710e-03
0: MPIL CopyToCPU RADIX-6 Dissemination Time: 3.573374e-03
0: MPIL CopyToCPU RADIX-7 Dissemination Time: 3.634170e-03
0: MPIL CopyToCPU RADIX-8 Dissemination Time: 3.630666e-03
0: MPIL CopyToCPU RADIX-9 Dissemination Time: 3.810521e-03
0: MPIL CopyToCPU RADIX-10 Dissemination Time: 3.948148e-03
0: MPIL CopyToCPU RADIX-11 Dissemination Time: 4.151553e-03
0: MPIL CopyToCPU RADIX-12 Dissemination Time: 4.417133e-03
0: MPIL CopyToCPU RADIX-13 Dissemination Time: 4.621201e-03
0: MPIL CopyToCPU RADIX-14 Dissemination Time: 4.854871e-03
0: Testing Size 262144
0: PMPI Allreduce Time: 4.175481e-04
0: MPIL GPU-Aware Recursive Doubling Time: 4.169219e-04
0: MPIL GPU-Aware Node-Aware Dissemination Time: 3.589276e-02
0: MPIL GPU-Aware NUMA-Aware Dissemination Time: 2.388933e-02
0: CopyToCPU PMPI Allreduce Time: 6.666479e-03
0: MPIL CopyToCPU Recursive Doubling Time: 7.879629e-03
0: MPIL CopyToCPU Node-Aware Dissemination Time: 1.264194e-02
0: MPIL CopyToCPU NUMA-Aware Dissemination Time: 8.547589e-03
0: MPIL CopyToCPU RADIX-3 Dissemination Time: 8.618109e-03
0: MPIL CopyToCPU RADIX-4 Dissemination Time: 6.252796e-03
0: MPIL CopyToCPU RADIX-5 Dissemination Time: 6.445839e-03
0: MPIL CopyToCPU RADIX-6 Dissemination Time: 7.003319e-03
0: MPIL CopyToCPU RADIX-7 Dissemination Time: 7.067897e-03
0: MPIL CopyToCPU RADIX-8 Dissemination Time: 7.336206e-03
0: MPIL CopyToCPU RADIX-9 Dissemination Time: 7.526570e-03
0: MPIL CopyToCPU RADIX-10 Dissemination Time: 7.812829e-03
0: MPIL CopyToCPU RADIX-11 Dissemination Time: 8.212527e-03
0: MPIL CopyToCPU RADIX-12 Dissemination Time: 8.925505e-03
0: MPIL CopyToCPU RADIX-13 Dissemination Time: 9.336310e-03
0: MPIL CopyToCPU RADIX-14 Dissemination Time: 9.783173e-03
0: Testing Size 524288
0: PMPI Allreduce Time: 5.358610e-04
0: MPIL GPU-Aware Recursive Doubling Time: 5.339364e-04
0: MPIL GPU-Aware Node-Aware Dissemination Time: 5.805314e-02
0: MPIL GPU-Aware NUMA-Aware Dissemination Time: 4.518348e-02
0: CopyToCPU PMPI Allreduce Time: 1.380707e-02
0: MPIL CopyToCPU Recursive Doubling Time: 1.504788e-02
0: MPIL CopyToCPU Node-Aware Dissemination Time: 3.035840e-02
0: MPIL CopyToCPU NUMA-Aware Dissemination Time: 1.614503e-02
0: MPIL CopyToCPU RADIX-3 Dissemination Time: 1.693469e-02
0: MPIL CopyToCPU RADIX-4 Dissemination Time: 1.226154e-02
0: MPIL CopyToCPU RADIX-5 Dissemination Time: 1.283766e-02
0: MPIL CopyToCPU RADIX-6 Dissemination Time: 1.393181e-02
0: MPIL CopyToCPU RADIX-7 Dissemination Time: 1.426285e-02
0: MPIL CopyToCPU RADIX-8 Dissemination Time: 1.687136e-02
0: MPIL CopyToCPU RADIX-9 Dissemination Time: 1.748678e-02
0: MPIL CopyToCPU RADIX-10 Dissemination Time: 1.928361e-02
0: MPIL CopyToCPU RADIX-11 Dissemination Time: 2.060091e-02
0: MPIL CopyToCPU RADIX-12 Dissemination Time: 2.229144e-02
0: MPIL CopyToCPU RADIX-13 Dissemination Time: 2.350879e-02
0: MPIL CopyToCPU RADIX-14 Dissemination Time: 2.556973e-02
