0: Testing Size 1
0: PMPI Allreduce Time: 2.105122e-05
0: MPIL GPU-Aware Recursive Doubling Time: 2.105754e-05
0: MPIL GPU-Aware Node-Aware Dissemination Time: 4.323879e-05
0: MPIL GPU-Aware NUMA-Aware Dissemination Time: 5.970549e-05
0: CopyToCPU PMPI Allreduce Time: 2.086754e-05
0: MPIL CopyToCPU Recursive Doubling Time: 2.162127e-05
0: MPIL CopyToCPU Node-Aware Dissemination Time: 2.567191e-05
0: MPIL CopyToCPU NUMA-Aware Dissemination Time: 2.164632e-05
0: MPIL CopyToCPU RADIX-3 Dissemination Time: 2.476221e-05
0: MPIL CopyToCPU RADIX-4 Dissemination Time: 1.802821e-05
0: MPIL CopyToCPU RADIX-5 Dissemination Time: 2.397938e-05
0: MPIL CopyToCPU RADIX-6 Dissemination Time: 2.278299e-05
0: MPIL CopyToCPU RADIX-7 Dissemination Time: 2.416253e-05
0: MPIL CopyToCPU RADIX-8 Dissemination Time: 1.944989e-05
0: MPIL CopyToCPU RADIX-9 Dissemination Time: 2.212655e-05
0: MPIL CopyToCPU RADIX-10 Dissemination Time: 2.527437e-05
0: MPIL CopyToCPU RADIX-11 Dissemination Time: 2.590297e-05
0: MPIL CopyToCPU RADIX-12 Dissemination Time: 2.601210e-05
0: MPIL CopyToCPU RADIX-13 Dissemination Time: 2.752206e-05
0: MPIL CopyToCPU RADIX-14 Dissemination Time: 2.740237e-05
0: Testing Size 2
0: PMPI Allreduce Time: 2.130179e-05
0: MPIL GPU-Aware Recursive Doubling Time: 2.131641e-05
0: MPIL GPU-Aware Node-Aware Dissemination Time: 4.137986e-05
0: MPIL GPU-Aware NUMA-Aware Dissemination Time: 5.939995e-05
0: CopyToCPU PMPI Allreduce Time: 2.097371e-05
0: MPIL CopyToCPU Recursive Doubling Time: 2.139505e-05
0: MPIL CopyToCPU Node-Aware Dissemination Time: 2.541179e-05
0: MPIL CopyToCPU NUMA-Aware Dissemination Time: 2.171385e-05
0: MPIL CopyToCPU RADIX-3 Dissemination Time: 2.551896e-05
0: MPIL CopyToCPU RADIX-4 Dissemination Time: 1.825016e-05
0: MPIL CopyToCPU RADIX-5 Dissemination Time: 2.414650e-05
0: MPIL CopyToCPU RADIX-6 Dissemination Time: 2.294566e-05
0: MPIL CopyToCPU RADIX-7 Dissemination Time: 2.468812e-05
0: MPIL CopyToCPU RADIX-8 Dissemination Time: 1.964035e-05
0: MPIL CopyToCPU RADIX-9 Dissemination Time: 2.224419e-05
0: MPIL CopyToCPU RADIX-10 Dissemination Time: 2.463886e-05
0: MPIL CopyToCPU RADIX-11 Dissemination Time: 2.570374e-05
0: MPIL CopyToCPU RADIX-12 Dissemination Time: 2.573394e-05
0: MPIL CopyToCPU RADIX-13 Dissemination Time: 2.696110e-05
0: MPIL CopyToCPU RADIX-14 Dissemination Time: 2.723791e-05
0: Testing Size 4
0: PMPI Allreduce Time: 2.116956e-05
0: MPIL GPU-Aware Recursive Doubling Time: 2.115022e-05
0: MPIL GPU-Aware Node-Aware Dissemination Time: 4.164897e-05
0: MPIL GPU-Aware NUMA-Aware Dissemination Time: 5.966777e-05
0: CopyToCPU PMPI Allreduce Time: 2.108416e-05
0: MPIL CopyToCPU Recursive Doubling Time: 2.145766e-05
0: MPIL CopyToCPU Node-Aware Dissemination Time: 2.568082e-05
0: MPIL CopyToCPU NUMA-Aware Dissemination Time: 2.174915e-05
0: MPIL CopyToCPU RADIX-3 Dissemination Time: 2.495402e-05
0: MPIL CopyToCPU RADIX-4 Dissemination Time: 1.830917e-05
0: MPIL CopyToCPU RADIX-5 Dissemination Time: 2.416292e-05
0: MPIL CopyToCPU RADIX-6 Dissemination Time: 2.292301e-05
0: MPIL CopyToCPU RADIX-7 Dissemination Time: 2.441185e-05
0: MPIL CopyToCPU RADIX-8 Dissemination Time: 1.979422e-05
0: MPIL CopyToCPU RADIX-9 Dissemination Time: 2.191909e-05
0: MPIL CopyToCPU RADIX-10 Dissemination Time: 2.492508e-05
0: MPIL CopyToCPU RADIX-11 Dissemination Time: 2.576085e-05
0: MPIL CopyToCPU RADIX-12 Dissemination Time: 2.586152e-05
0: MPIL CopyToCPU RADIX-13 Dissemination Time: 2.694295e-05
0: MPIL CopyToCPU RADIX-14 Dissemination Time: 2.727035e-05
0: Testing Size 8
0: PMPI Allreduce Time: 2.125495e-05
0: MPIL GPU-Aware Recursive Doubling Time: 2.124839e-05
0: MPIL GPU-Aware Node-Aware Dissemination Time: 4.165553e-05
0: MPIL GPU-Aware NUMA-Aware Dissemination Time: 6.014655e-05
0: CopyToCPU PMPI Allreduce Time: 2.106416e-05
0: MPIL CopyToCPU Recursive Doubling Time: 2.308959e-05
0: MPIL CopyToCPU Node-Aware Dissemination Time: 2.562134e-05
0: MPIL CopyToCPU NUMA-Aware Dissemination Time: 2.278212e-05
0: MPIL CopyToCPU RADIX-3 Dissemination Time: 2.562614e-05
0: MPIL CopyToCPU RADIX-4 Dissemination Time: 1.917120e-05
0: MPIL CopyToCPU RADIX-5 Dissemination Time: 2.482884e-05
0: MPIL CopyToCPU RADIX-6 Dissemination Time: 2.356493e-05
0: MPIL CopyToCPU RADIX-7 Dissemination Time: 2.516889e-05
0: MPIL CopyToCPU RADIX-8 Dissemination Time: 2.041203e-05
0: MPIL CopyToCPU RADIX-9 Dissemination Time: 2.271344e-05
0: MPIL CopyToCPU RADIX-10 Dissemination Time: 2.582939e-05
0: MPIL CopyToCPU RADIX-11 Dissemination Time: 2.660546e-05
0: MPIL CopyToCPU RADIX-12 Dissemination Time: 2.714372e-05
0: MPIL CopyToCPU RADIX-13 Dissemination Time: 2.774193e-05
0: MPIL CopyToCPU RADIX-14 Dissemination Time: 2.816978e-05
0: Testing Size 16
0: PMPI Allreduce Time: 2.258892e-05
0: MPIL GPU-Aware Recursive Doubling Time: 2.258145e-05
0: MPIL GPU-Aware Node-Aware Dissemination Time: 4.371128e-05
0: MPIL GPU-Aware NUMA-Aware Dissemination Time: 6.128281e-05
0: CopyToCPU PMPI Allreduce Time: 2.238150e-05
0: MPIL CopyToCPU Recursive Doubling Time: 2.491536e-05
0: MPIL CopyToCPU Node-Aware Dissemination Time: 2.718177e-05
0: MPIL CopyToCPU NUMA-Aware Dissemination Time: 2.438775e-05
0: MPIL CopyToCPU RADIX-3 Dissemination Time: 2.732748e-05
0: MPIL CopyToCPU RADIX-4 Dissemination Time: 1.973562e-05
0: MPIL CopyToCPU RADIX-5 Dissemination Time: 2.644412e-05
0: MPIL CopyToCPU RADIX-6 Dissemination Time: 2.486145e-05
0: MPIL CopyToCPU RADIX-7 Dissemination Time: 2.613458e-05
0: MPIL CopyToCPU RADIX-8 Dissemination Time: 2.116489e-05
0: MPIL CopyToCPU RADIX-9 Dissemination Time: 2.339072e-05
0: MPIL CopyToCPU RADIX-10 Dissemination Time: 2.662222e-05
0: MPIL CopyToCPU RADIX-11 Dissemination Time: 2.751937e-05
0: MPIL CopyToCPU RADIX-12 Dissemination Time: 2.771592e-05
0: MPIL CopyToCPU RADIX-13 Dissemination Time: 2.884193e-05
0: MPIL CopyToCPU RADIX-14 Dissemination Time: 2.906451e-05
0: Testing Size 32
0: PMPI Allreduce Time: 3.254598e-05
0: MPIL GPU-Aware Recursive Doubling Time: 3.228019e-05
0: MPIL GPU-Aware Node-Aware Dissemination Time: 5.672680e-05
0: MPIL GPU-Aware NUMA-Aware Dissemination Time: 7.347254e-05
0: CopyToCPU PMPI Allreduce Time: 3.125622e-05
0: MPIL CopyToCPU Recursive Doubling Time: 3.248767e-05
0: MPIL CopyToCPU Node-Aware Dissemination Time: 3.704541e-05
0: MPIL CopyToCPU NUMA-Aware Dissemination Time: 3.813233e-05
0: MPIL CopyToCPU RADIX-3 Dissemination Time: 3.760584e-05
0: MPIL CopyToCPU RADIX-4 Dissemination Time: 2.699367e-05
0: MPIL CopyToCPU RADIX-5 Dissemination Time: 3.486396e-05
0: MPIL CopyToCPU RADIX-6 Dissemination Time: 2.993919e-05
0: MPIL CopyToCPU RADIX-7 Dissemination Time: 3.161158e-05
0: MPIL CopyToCPU RADIX-8 Dissemination Time: 2.588488e-05
0: MPIL CopyToCPU RADIX-9 Dissemination Time: 2.985237e-05
0: MPIL CopyToCPU RADIX-10 Dissemination Time: 3.337470e-05
0: MPIL CopyToCPU RADIX-11 Dissemination Time: 3.371722e-05
0: MPIL CopyToCPU RADIX-12 Dissemination Time: 3.426888e-05
0: MPIL CopyToCPU RADIX-13 Dissemination Time: 3.465878e-05
0: MPIL CopyToCPU RADIX-14 Dissemination Time: 3.541258e-05
0: Testing Size 64
0: PMPI Allreduce Time: 3.269552e-05
0: MPIL GPU-Aware Recursive Doubling Time: 3.271395e-05
0: MPIL GPU-Aware Node-Aware Dissemination Time: 5.882960e-05
0: MPIL GPU-Aware NUMA-Aware Dissemination Time: 7.258357e-05
0: CopyToCPU PMPI Allreduce Time: 3.199021e-05
0: MPIL CopyToCPU Recursive Doubling Time: 3.299685e-05
0: MPIL CopyToCPU Node-Aware Dissemination Time: 3.909874e-05
0: MPIL CopyToCPU NUMA-Aware Dissemination Time: 3.881670e-05
0: MPIL CopyToCPU RADIX-3 Dissemination Time: 3.838999e-05
0: MPIL CopyToCPU RADIX-4 Dissemination Time: 2.770581e-05
0: MPIL CopyToCPU RADIX-5 Dissemination Time: 3.545551e-05
0: MPIL CopyToCPU RADIX-6 Dissemination Time: 3.037803e-05
0: MPIL CopyToCPU RADIX-7 Dissemination Time: 3.213481e-05
0: MPIL CopyToCPU RADIX-8 Dissemination Time: 2.634635e-05
0: MPIL CopyToCPU RADIX-9 Dissemination Time: 3.068480e-05
0: MPIL CopyToCPU RADIX-10 Dissemination Time: 3.393414e-05
0: MPIL CopyToCPU RADIX-11 Dissemination Time: 3.423582e-05
0: MPIL CopyToCPU RADIX-12 Dissemination Time: 3.497321e-05
0: MPIL CopyToCPU RADIX-13 Dissemination Time: 3.522152e-05
0: MPIL CopyToCPU RADIX-14 Dissemination Time: 3.584687e-05
0: Testing Size 128
0: PMPI Allreduce Time: 4.217824e-05
0: MPIL GPU-Aware Recursive Doubling Time: 4.229464e-05
0: MPIL GPU-Aware Node-Aware Dissemination Time: 8.466576e-05
0: MPIL GPU-Aware NUMA-Aware Dissemination Time: 8.181966e-05
0: CopyToCPU PMPI Allreduce Time: 4.261621e-05
0: MPIL CopyToCPU Recursive Doubling Time: 4.479402e-05
0: MPIL CopyToCPU Node-Aware Dissemination Time: 6.528313e-05
0: MPIL CopyToCPU NUMA-Aware Dissemination Time: 4.269096e-05
0: MPIL CopyToCPU RADIX-3 Dissemination Time: 4.359807e-05
0: MPIL CopyToCPU RADIX-4 Dissemination Time: 3.330765e-05
0: MPIL CopyToCPU RADIX-5 Dissemination Time: 4.071196e-05
0: MPIL CopyToCPU RADIX-6 Dissemination Time: 3.539388e-05
0: MPIL CopyToCPU RADIX-7 Dissemination Time: 3.735184e-05
0: MPIL CopyToCPU RADIX-8 Dissemination Time: 3.207366e-05
0: MPIL CopyToCPU RADIX-9 Dissemination Time: 3.644380e-05
0: MPIL CopyToCPU RADIX-10 Dissemination Time: 3.943146e-05
0: MPIL CopyToCPU RADIX-11 Dissemination Time: 3.995187e-05
0: MPIL CopyToCPU RADIX-12 Dissemination Time: 4.041087e-05
0: MPIL CopyToCPU RADIX-13 Dissemination Time: 4.125271e-05
0: MPIL CopyToCPU RADIX-14 Dissemination Time: 4.254819e-05
0: Testing Size 256
0: PMPI Allreduce Time: 4.717762e-05
0: MPIL GPU-Aware Recursive Doubling Time: 4.719360e-05
0: MPIL GPU-Aware Node-Aware Dissemination Time: 1.003203e-04
0: MPIL GPU-Aware NUMA-Aware Dissemination Time: 8.629814e-05
0: CopyToCPU PMPI Allreduce Time: 5.070477e-05
0: MPIL CopyToCPU Recursive Doubling Time: 5.233982e-05
0: MPIL CopyToCPU Node-Aware Dissemination Time: 8.414229e-05
0: MPIL CopyToCPU NUMA-Aware Dissemination Time: 4.985809e-05
0: MPIL CopyToCPU RADIX-3 Dissemination Time: 4.812530e-05
0: MPIL CopyToCPU RADIX-4 Dissemination Time: 3.620692e-05
0: MPIL CopyToCPU RADIX-5 Dissemination Time: 4.455103e-05
0: MPIL CopyToCPU RADIX-6 Dissemination Time: 3.922288e-05
0: MPIL CopyToCPU RADIX-7 Dissemination Time: 4.155672e-05
0: MPIL CopyToCPU RADIX-8 Dissemination Time: 3.510082e-05
0: MPIL CopyToCPU RADIX-9 Dissemination Time: 3.893558e-05
0: MPIL CopyToCPU RADIX-10 Dissemination Time: 4.436216e-05
0: MPIL CopyToCPU RADIX-11 Dissemination Time: 4.546541e-05
0: MPIL CopyToCPU RADIX-12 Dissemination Time: 4.639926e-05
0: MPIL CopyToCPU RADIX-13 Dissemination Time: 4.709778e-05
0: MPIL CopyToCPU RADIX-14 Dissemination Time: 4.826544e-05
0: Testing Size 512
0: PMPI Allreduce Time: 5.483857e-05
0: MPIL GPU-Aware Recursive Doubling Time: 5.492717e-05
0: MPIL GPU-Aware Node-Aware Dissemination Time: 1.118493e-04
0: MPIL GPU-Aware NUMA-Aware Dissemination Time: 9.508871e-05
0: CopyToCPU PMPI Allreduce Time: 5.525700e-05
0: MPIL CopyToCPU Recursive Doubling Time: 5.777598e-05
0: MPIL CopyToCPU Node-Aware Dissemination Time: 9.371251e-05
0: MPIL CopyToCPU NUMA-Aware Dissemination Time: 5.777076e-05
0: MPIL CopyToCPU RADIX-3 Dissemination Time: 5.667774e-05
0: MPIL CopyToCPU RADIX-4 Dissemination Time: 4.144105e-05
0: MPIL CopyToCPU RADIX-5 Dissemination Time: 5.005916e-05
0: MPIL CopyToCPU RADIX-6 Dissemination Time: 4.563673e-05
0: MPIL CopyToCPU RADIX-7 Dissemination Time: 4.793896e-05
0: MPIL CopyToCPU RADIX-8 Dissemination Time: 4.149219e-05
0: MPIL CopyToCPU RADIX-9 Dissemination Time: 4.373419e-05
0: MPIL CopyToCPU RADIX-10 Dissemination Time: 5.072045e-05
0: MPIL CopyToCPU RADIX-11 Dissemination Time: 5.087745e-05
0: MPIL CopyToCPU RADIX-12 Dissemination Time: 5.182778e-05
0: MPIL CopyToCPU RADIX-13 Dissemination Time: 5.271700e-05
0: MPIL CopyToCPU RADIX-14 Dissemination Time: 5.480520e-05
0: Testing Size 1024
0: PMPI Allreduce Time: 9.224502e-05
0: MPIL GPU-Aware Recursive Doubling Time: 9.216477e-05
0: MPIL GPU-Aware Node-Aware Dissemination Time: 7.613872e-04
0: MPIL GPU-Aware NUMA-Aware Dissemination Time: 1.836020e-03
0: CopyToCPU PMPI Allreduce Time: 7.136164e-05
0: MPIL CopyToCPU Recursive Doubling Time: 7.483668e-05
0: MPIL CopyToCPU Node-Aware Dissemination Time: 1.403277e-04
0: MPIL CopyToCPU NUMA-Aware Dissemination Time: 7.617153e-05
0: MPIL CopyToCPU RADIX-3 Dissemination Time: 7.415489e-05
0: MPIL CopyToCPU RADIX-4 Dissemination Time: 5.441229e-05
0: MPIL CopyToCPU RADIX-5 Dissemination Time: 6.381272e-05
0: MPIL CopyToCPU RADIX-6 Dissemination Time: 5.856767e-05
0: MPIL CopyToCPU RADIX-7 Dissemination Time: 6.326153e-05
0: MPIL CopyToCPU RADIX-8 Dissemination Time: 5.561745e-05
0: MPIL CopyToCPU RADIX-9 Dissemination Time: 5.707108e-05
0: MPIL CopyToCPU RADIX-10 Dissemination Time: 6.798793e-05
0: MPIL CopyToCPU RADIX-11 Dissemination Time: 6.881635e-05
0: MPIL CopyToCPU RADIX-12 Dissemination Time: 7.038235e-05
0: MPIL CopyToCPU RADIX-13 Dissemination Time: 7.173435e-05
0: MPIL CopyToCPU RADIX-14 Dissemination Time: 7.337472e-05
0: Testing Size 2048
0: PMPI Allreduce Time: 2.008808e-04
0: MPIL GPU-Aware Recursive Doubling Time: 1.993910e-04
0: MPIL GPU-Aware Node-Aware Dissemination Time: 1.207202e-03
0: MPIL GPU-Aware NUMA-Aware Dissemination Time: 2.537874e-03
0: CopyToCPU PMPI Allreduce Time: 1.254587e-04
0: MPIL CopyToCPU Recursive Doubling Time: 1.057043e-04
0: MPIL CopyToCPU Node-Aware Dissemination Time: 2.223887e-04
0: MPIL CopyToCPU NUMA-Aware Dissemination Time: 1.117029e-04
0: MPIL CopyToCPU RADIX-3 Dissemination Time: 1.087304e-04
0: MPIL CopyToCPU RADIX-4 Dissemination Time: 7.659481e-05
0: MPIL CopyToCPU RADIX-5 Dissemination Time: 8.601826e-05
0: MPIL CopyToCPU RADIX-6 Dissemination Time: 8.548982e-05
0: MPIL CopyToCPU RADIX-7 Dissemination Time: 8.836255e-05
0: MPIL CopyToCPU RADIX-8 Dissemination Time: 8.165474e-05
0: MPIL CopyToCPU RADIX-9 Dissemination Time: 8.782479e-05
0: MPIL CopyToCPU RADIX-10 Dissemination Time: 9.033149e-05
0: MPIL CopyToCPU RADIX-11 Dissemination Time: 9.297495e-05
0: MPIL CopyToCPU RADIX-12 Dissemination Time: 9.385666e-05
0: MPIL CopyToCPU RADIX-13 Dissemination Time: 9.820263e-05
0: MPIL CopyToCPU RADIX-14 Dissemination Time: 1.002750e-04
0: Testing Size 4096
0: PMPI Allreduce Time: 2.062320e-04
0: MPIL GPU-Aware Recursive Doubling Time: 2.042607e-04
0: MPIL GPU-Aware Node-Aware Dissemination Time: 2.170810e-03
0: MPIL GPU-Aware NUMA-Aware Dissemination Time: 4.956548e-03
0: CopyToCPU PMPI Allreduce Time: 1.802815e-04
0: MPIL CopyToCPU Recursive Doubling Time: 1.974291e-04
0: MPIL CopyToCPU Node-Aware Dissemination Time: 3.703671e-04
0: MPIL CopyToCPU NUMA-Aware Dissemination Time: 2.022250e-04
0: MPIL CopyToCPU RADIX-3 Dissemination Time: 2.112267e-04
0: MPIL CopyToCPU RADIX-4 Dissemination Time: 1.399151e-04
0: MPIL CopyToCPU RADIX-5 Dissemination Time: 1.639421e-04
0: MPIL CopyToCPU RADIX-6 Dissemination Time: 1.590534e-04
0: MPIL CopyToCPU RADIX-7 Dissemination Time: 1.687019e-04
0: MPIL CopyToCPU RADIX-8 Dissemination Time: 1.516515e-04
0: MPIL CopyToCPU RADIX-9 Dissemination Time: 1.645451e-04
0: MPIL CopyToCPU RADIX-10 Dissemination Time: 1.754033e-04
0: MPIL CopyToCPU RADIX-11 Dissemination Time: 1.749541e-04
0: MPIL CopyToCPU RADIX-12 Dissemination Time: 1.753481e-04
0: MPIL CopyToCPU RADIX-13 Dissemination Time: 1.856256e-04
0: MPIL CopyToCPU RADIX-14 Dissemination Time: 1.909791e-04
0: Testing Size 8192
0: PMPI Allreduce Time: 2.115317e-04
0: MPIL GPU-Aware Recursive Doubling Time: 2.097254e-04
0: MPIL GPU-Aware Node-Aware Dissemination Time: 2.760397e-03
0: MPIL GPU-Aware NUMA-Aware Dissemination Time: 5.986678e-03
0: CopyToCPU PMPI Allreduce Time: 2.820903e-04
0: MPIL CopyToCPU Recursive Doubling Time: 3.181755e-04
0: MPIL CopyToCPU Node-Aware Dissemination Time: 6.313429e-04
0: MPIL CopyToCPU NUMA-Aware Dissemination Time: 3.355637e-04
0: MPIL CopyToCPU RADIX-3 Dissemination Time: 3.435903e-04
0: MPIL CopyToCPU RADIX-4 Dissemination Time: 2.336773e-04
0: MPIL CopyToCPU RADIX-5 Dissemination Time: 2.623643e-04
0: MPIL CopyToCPU RADIX-6 Dissemination Time: 2.629567e-04
0: MPIL CopyToCPU RADIX-7 Dissemination Time: 2.784713e-04
0: MPIL CopyToCPU RADIX-8 Dissemination Time: 2.638061e-04
0: MPIL CopyToCPU RADIX-9 Dissemination Time: 2.780742e-04
0: MPIL CopyToCPU RADIX-10 Dissemination Time: 2.926124e-04
0: MPIL CopyToCPU RADIX-11 Dissemination Time: 2.886819e-04
0: MPIL CopyToCPU RADIX-12 Dissemination Time: 2.785579e-04
0: MPIL CopyToCPU RADIX-13 Dissemination Time: 2.974799e-04
0: MPIL CopyToCPU RADIX-14 Dissemination Time: 3.053385e-04
0: Testing Size 16384
0: PMPI Allreduce Time: 2.190091e-04
0: MPIL GPU-Aware Recursive Doubling Time: 2.186515e-04
0: MPIL GPU-Aware Node-Aware Dissemination Time: 2.795791e-03
0: MPIL GPU-Aware NUMA-Aware Dissemination Time: 6.238405e-03
0: CopyToCPU PMPI Allreduce Time: 4.821710e-04
0: MPIL CopyToCPU Recursive Doubling Time: 5.616897e-04
0: MPIL CopyToCPU Node-Aware Dissemination Time: 1.130408e-03
0: MPIL CopyToCPU NUMA-Aware Dissemination Time: 5.973728e-04
0: MPIL CopyToCPU RADIX-3 Dissemination Time: 6.154725e-04
0: MPIL CopyToCPU RADIX-4 Dissemination Time: 4.061589e-04
0: MPIL CopyToCPU RADIX-5 Dissemination Time: 4.541109e-04
0: MPIL CopyToCPU RADIX-6 Dissemination Time: 4.669889e-04
0: MPIL CopyToCPU RADIX-7 Dissemination Time: 4.925105e-04
0: MPIL CopyToCPU RADIX-8 Dissemination Time: 4.965998e-04
0: MPIL CopyToCPU RADIX-9 Dissemination Time: 5.062183e-04
0: MPIL CopyToCPU RADIX-10 Dissemination Time: 5.311743e-04
0: MPIL CopyToCPU RADIX-11 Dissemination Time: 5.229453e-04
0: MPIL CopyToCPU RADIX-12 Dissemination Time: 5.080065e-04
0: MPIL CopyToCPU RADIX-13 Dissemination Time: 5.339710e-04
0: MPIL CopyToCPU RADIX-14 Dissemination Time: 5.581262e-04
0: Testing Size 32768
0: PMPI Allreduce Time: 2.434518e-04
0: MPIL GPU-Aware Recursive Doubling Time: 2.436102e-04
0: MPIL GPU-Aware Node-Aware Dissemination Time: 1.292417e-02
0: MPIL GPU-Aware NUMA-Aware Dissemination Time: 5.278347e-03
0: CopyToCPU PMPI Allreduce Time: 8.784666e-04
0: MPIL CopyToCPU Recursive Doubling Time: 1.038531e-03
0: MPIL CopyToCPU Node-Aware Dissemination Time: 2.137041e-03
0: MPIL CopyToCPU NUMA-Aware Dissemination Time: 1.102278e-03
0: MPIL CopyToCPU RADIX-3 Dissemination Time: 1.140065e-03
0: MPIL CopyToCPU RADIX-4 Dissemination Time: 7.808309e-04
0: MPIL CopyToCPU RADIX-5 Dissemination Time: 8.573874e-04
0: MPIL CopyToCPU RADIX-6 Dissemination Time: 8.937097e-04
0: MPIL CopyToCPU RADIX-7 Dissemination Time: 9.594277e-04
0: MPIL CopyToCPU RADIX-8 Dissemination Time: 9.157987e-04
0: MPIL CopyToCPU RADIX-9 Dissemination Time: 1.023974e-03
0: MPIL CopyToCPU RADIX-10 Dissemination Time: 1.007689e-03
0: MPIL CopyToCPU RADIX-11 Dissemination Time: 9.976094e-04
0: MPIL CopyToCPU RADIX-12 Dissemination Time: 9.980178e-04
0: MPIL CopyToCPU RADIX-13 Dissemination Time: 1.021984e-03
0: MPIL CopyToCPU RADIX-14 Dissemination Time: 1.059551e-03
0: Testing Size 65536
0: PMPI Allreduce Time: 2.831672e-04
0: MPIL GPU-Aware Recursive Doubling Time: 2.815228e-04
0: MPIL GPU-Aware Node-Aware Dissemination Time: 1.483764e-02
0: MPIL GPU-Aware NUMA-Aware Dissemination Time: 5.600301e-03
0: CopyToCPU PMPI Allreduce Time: 1.647788e-03
0: MPIL CopyToCPU Recursive Doubling Time: 2.045211e-03
0: MPIL CopyToCPU Node-Aware Dissemination Time: 4.132634e-03
0: MPIL CopyToCPU NUMA-Aware Dissemination Time: 2.136667e-03
0: MPIL CopyToCPU RADIX-3 Dissemination Time: 2.167781e-03
0: MPIL CopyToCPU RADIX-4 Dissemination Time: 1.594174e-03
0: MPIL CopyToCPU RADIX-5 Dissemination Time: 1.686838e-03
0: MPIL CopyToCPU RADIX-6 Dissemination Time: 1.667440e-03
0: MPIL CopyToCPU RADIX-7 Dissemination Time: 1.779846e-03
0: MPIL CopyToCPU RADIX-8 Dissemination Time: 1.786755e-03
0: MPIL CopyToCPU RADIX-9 Dissemination Time: 1.805477e-03
0: MPIL CopyToCPU RADIX-10 Dissemination Time: 1.787931e-03
0: MPIL CopyToCPU RADIX-11 Dissemination Time: 1.814396e-03
0: MPIL CopyToCPU RADIX-12 Dissemination Time: 1.853167e-03
0: MPIL CopyToCPU RADIX-13 Dissemination Time: 1.930353e-03
0: MPIL CopyToCPU RADIX-14 Dissemination Time: 1.942347e-03
0: Testing Size 131072
0: PMPI Allreduce Time: 3.431566e-04
0: MPIL GPU-Aware Recursive Doubling Time: 3.423568e-04
0: MPIL GPU-Aware Node-Aware Dissemination Time: 1.818458e-02
0: MPIL GPU-Aware NUMA-Aware Dissemination Time: 9.412964e-03
0: CopyToCPU PMPI Allreduce Time: 3.336899e-03
0: MPIL CopyToCPU Recursive Doubling Time: 3.536760e-03
0: MPIL CopyToCPU Node-Aware Dissemination Time: 7.643159e-03
0: MPIL CopyToCPU NUMA-Aware Dissemination Time: 4.026135e-03
0: MPIL CopyToCPU RADIX-3 Dissemination Time: 4.252669e-03
0: MPIL CopyToCPU RADIX-4 Dissemination Time: 2.766210e-03
0: MPIL CopyToCPU RADIX-5 Dissemination Time: 2.896937e-03
0: MPIL CopyToCPU RADIX-6 Dissemination Time: 3.055366e-03
0: MPIL CopyToCPU RADIX-7 Dissemination Time: 3.245204e-03
0: MPIL CopyToCPU RADIX-8 Dissemination Time: 3.290992e-03
0: MPIL CopyToCPU RADIX-9 Dissemination Time: 3.299585e-03
0: MPIL CopyToCPU RADIX-10 Dissemination Time: 3.350080e-03
0: MPIL CopyToCPU RADIX-11 Dissemination Time: 3.339350e-03
0: MPIL CopyToCPU RADIX-12 Dissemination Time: 3.449080e-03
0: MPIL CopyToCPU RADIX-13 Dissemination Time: 3.488513e-03
0: MPIL CopyToCPU RADIX-14 Dissemination Time: 3.596377e-03
0: Testing Size 262144
0: PMPI Allreduce Time: 3.998783e-04
0: MPIL GPU-Aware Recursive Doubling Time: 3.999966e-04
0: MPIL GPU-Aware Node-Aware Dissemination Time: 2.532048e-02
0: MPIL GPU-Aware NUMA-Aware Dissemination Time: 1.604422e-02
0: CopyToCPU PMPI Allreduce Time: 6.607779e-03
0: MPIL CopyToCPU Recursive Doubling Time: 7.150558e-03
0: MPIL CopyToCPU Node-Aware Dissemination Time: 9.932899e-03
0: MPIL CopyToCPU NUMA-Aware Dissemination Time: 7.899423e-03
0: MPIL CopyToCPU RADIX-3 Dissemination Time: 7.998348e-03
0: MPIL CopyToCPU RADIX-4 Dissemination Time: 5.475952e-03
0: MPIL CopyToCPU RADIX-5 Dissemination Time: 5.631778e-03
0: MPIL CopyToCPU RADIX-6 Dissemination Time: 6.046284e-03
0: MPIL CopyToCPU RADIX-7 Dissemination Time: 6.422718e-03
0: MPIL CopyToCPU RADIX-8 Dissemination Time: 6.495143e-03
0: MPIL CopyToCPU RADIX-9 Dissemination Time: 6.568580e-03
0: MPIL CopyToCPU RADIX-10 Dissemination Time: 6.584769e-03
0: MPIL CopyToCPU RADIX-11 Dissemination Time: 6.616825e-03
0: MPIL CopyToCPU RADIX-12 Dissemination Time: 6.735554e-03
0: MPIL CopyToCPU RADIX-13 Dissemination Time: 6.852247e-03
0: MPIL CopyToCPU RADIX-14 Dissemination Time: 7.051310e-03
0: Testing Size 524288
0: PMPI Allreduce Time: 4.960429e-04
0: MPIL GPU-Aware Recursive Doubling Time: 4.965578e-04
0: MPIL GPU-Aware Node-Aware Dissemination Time: 4.033167e-02
0: MPIL GPU-Aware NUMA-Aware Dissemination Time: 3.096564e-02
0: CopyToCPU PMPI Allreduce Time: 1.334748e-02
0: MPIL CopyToCPU Recursive Doubling Time: 1.423443e-02
0: MPIL CopyToCPU Node-Aware Dissemination Time: 2.518299e-02
0: MPIL CopyToCPU NUMA-Aware Dissemination Time: 1.523806e-02
0: MPIL CopyToCPU RADIX-3 Dissemination Time: 1.570106e-02
0: MPIL CopyToCPU RADIX-4 Dissemination Time: 1.091459e-02
0: MPIL CopyToCPU RADIX-5 Dissemination Time: 1.128775e-02
0: MPIL CopyToCPU RADIX-6 Dissemination Time: 1.220245e-02
0: MPIL CopyToCPU RADIX-7 Dissemination Time: 1.295030e-02
0: MPIL CopyToCPU RADIX-8 Dissemination Time: 1.431194e-02
0: MPIL CopyToCPU RADIX-9 Dissemination Time: 1.490836e-02
0: MPIL CopyToCPU RADIX-10 Dissemination Time: 1.608596e-02
0: MPIL CopyToCPU RADIX-11 Dissemination Time: 1.702277e-02
0: MPIL CopyToCPU RADIX-12 Dissemination Time: 1.736717e-02
0: MPIL CopyToCPU RADIX-13 Dissemination Time: 1.886352e-02
0: MPIL CopyToCPU RADIX-14 Dissemination Time: 1.965958e-02
