0: Testing Size 1
0: PMPI Allreduce Time: 1.092808e-05
0: MPIL GPU-Aware Recursive Doubling Time: 1.070521e-05
0: MPIL GPU-Aware Node-Aware Dissemination Time: 1.909466e-05
0: MPIL GPU-Aware NUMA-Aware Dissemination Time: 3.694099e-05
0: CopyToCPU PMPI Allreduce Time: 1.090613e-05
0: MPIL CopyToCPU Recursive Doubling Time: 1.123965e-05
0: MPIL CopyToCPU Node-Aware Dissemination Time: 1.296246e-05
0: MPIL CopyToCPU NUMA-Aware Dissemination Time: 1.138096e-05
0: MPIL CopyToCPU RADIX-3 Dissemination Time: 1.422697e-05
0: MPIL CopyToCPU RADIX-4 Dissemination Time: 1.097612e-05
0: MPIL CopyToCPU RADIX-5 Dissemination Time: 1.342706e-05
0: MPIL CopyToCPU RADIX-6 Dissemination Time: 1.598772e-05
0: MPIL CopyToCPU RADIX-7 Dissemination Time: 1.506457e-05
0: MPIL CopyToCPU RADIX-8 Dissemination Time: 1.314619e-05
0: MPIL CopyToCPU RADIX-9 Dissemination Time: 1.648980e-05
0: MPIL CopyToCPU RADIX-10 Dissemination Time: 1.715455e-05
0: MPIL CopyToCPU RADIX-11 Dissemination Time: 1.808788e-05
0: MPIL CopyToCPU RADIX-12 Dissemination Time: 1.915341e-05
0: MPIL CopyToCPU RADIX-13 Dissemination Time: 1.962137e-05
0: MPIL CopyToCPU RADIX-14 Dissemination Time: 1.955874e-05
0: Testing Size 2
0: PMPI Allreduce Time: 1.126815e-05
0: MPIL GPU-Aware Recursive Doubling Time: 1.122635e-05
0: MPIL GPU-Aware Node-Aware Dissemination Time: 1.907404e-05
0: MPIL GPU-Aware NUMA-Aware Dissemination Time: 3.668996e-05
0: CopyToCPU PMPI Allreduce Time: 1.091714e-05
0: MPIL CopyToCPU Recursive Doubling Time: 1.120210e-05
0: MPIL CopyToCPU Node-Aware Dissemination Time: 1.275059e-05
0: MPIL CopyToCPU NUMA-Aware Dissemination Time: 1.140687e-05
0: MPIL CopyToCPU RADIX-3 Dissemination Time: 1.437004e-05
0: MPIL CopyToCPU RADIX-4 Dissemination Time: 1.104794e-05
0: MPIL CopyToCPU RADIX-5 Dissemination Time: 1.360782e-05
0: MPIL CopyToCPU RADIX-6 Dissemination Time: 1.607377e-05
0: MPIL CopyToCPU RADIX-7 Dissemination Time: 1.526535e-05
0: MPIL CopyToCPU RADIX-8 Dissemination Time: 1.329954e-05
0: MPIL CopyToCPU RADIX-9 Dissemination Time: 1.635930e-05
0: MPIL CopyToCPU RADIX-10 Dissemination Time: 1.730295e-05
0: MPIL CopyToCPU RADIX-11 Dissemination Time: 1.814889e-05
0: MPIL CopyToCPU RADIX-12 Dissemination Time: 1.906414e-05
0: MPIL CopyToCPU RADIX-13 Dissemination Time: 1.964706e-05
0: MPIL CopyToCPU RADIX-14 Dissemination Time: 1.965401e-05
0: Testing Size 4
0: PMPI Allreduce Time: 1.122586e-05
0: MPIL GPU-Aware Recursive Doubling Time: 1.126961e-05
0: MPIL GPU-Aware Node-Aware Dissemination Time: 1.932255e-05
0: MPIL GPU-Aware NUMA-Aware Dissemination Time: 3.653507e-05
0: CopyToCPU PMPI Allreduce Time: 1.097294e-05
0: MPIL CopyToCPU Recursive Doubling Time: 1.102178e-05
0: MPIL CopyToCPU Node-Aware Dissemination Time: 1.308199e-05
0: MPIL CopyToCPU NUMA-Aware Dissemination Time: 1.137711e-05
0: MPIL CopyToCPU RADIX-3 Dissemination Time: 1.415775e-05
0: MPIL CopyToCPU RADIX-4 Dissemination Time: 1.102923e-05
0: MPIL CopyToCPU RADIX-5 Dissemination Time: 1.362376e-05
0: MPIL CopyToCPU RADIX-6 Dissemination Time: 1.588856e-05
0: MPIL CopyToCPU RADIX-7 Dissemination Time: 1.514538e-05
0: MPIL CopyToCPU RADIX-8 Dissemination Time: 1.325901e-05
0: MPIL CopyToCPU RADIX-9 Dissemination Time: 1.612305e-05
0: MPIL CopyToCPU RADIX-10 Dissemination Time: 1.718598e-05
0: MPIL CopyToCPU RADIX-11 Dissemination Time: 1.806048e-05
0: MPIL CopyToCPU RADIX-12 Dissemination Time: 1.896213e-05
0: MPIL CopyToCPU RADIX-13 Dissemination Time: 1.964405e-05
0: MPIL CopyToCPU RADIX-14 Dissemination Time: 1.967091e-05
0: Testing Size 8
0: PMPI Allreduce Time: 1.114447e-05
0: MPIL GPU-Aware Recursive Doubling Time: 1.113601e-05
0: MPIL GPU-Aware Node-Aware Dissemination Time: 1.914533e-05
0: MPIL GPU-Aware NUMA-Aware Dissemination Time: 3.733979e-05
0: CopyToCPU PMPI Allreduce Time: 1.094102e-05
0: MPIL CopyToCPU Recursive Doubling Time: 1.293376e-05
0: MPIL CopyToCPU Node-Aware Dissemination Time: 1.297991e-05
0: MPIL CopyToCPU NUMA-Aware Dissemination Time: 1.257307e-05
0: MPIL CopyToCPU RADIX-3 Dissemination Time: 1.498562e-05
0: MPIL CopyToCPU RADIX-4 Dissemination Time: 1.212815e-05
0: MPIL CopyToCPU RADIX-5 Dissemination Time: 1.424539e-05
0: MPIL CopyToCPU RADIX-6 Dissemination Time: 1.677108e-05
0: MPIL CopyToCPU RADIX-7 Dissemination Time: 1.578228e-05
0: MPIL CopyToCPU RADIX-8 Dissemination Time: 1.424930e-05
0: MPIL CopyToCPU RADIX-9 Dissemination Time: 1.775757e-05
0: MPIL CopyToCPU RADIX-10 Dissemination Time: 1.881228e-05
0: MPIL CopyToCPU RADIX-11 Dissemination Time: 1.976782e-05
0: MPIL CopyToCPU RADIX-12 Dissemination Time: 2.078311e-05
0: MPIL CopyToCPU RADIX-13 Dissemination Time: 2.161369e-05
0: MPIL CopyToCPU RADIX-14 Dissemination Time: 2.203303e-05
0: Testing Size 16
0: PMPI Allreduce Time: 1.187726e-05
0: MPIL GPU-Aware Recursive Doubling Time: 1.189716e-05
0: MPIL GPU-Aware Node-Aware Dissemination Time: 1.977908e-05
0: MPIL GPU-Aware NUMA-Aware Dissemination Time: 3.828161e-05
0: CopyToCPU PMPI Allreduce Time: 1.166106e-05
0: MPIL CopyToCPU Recursive Doubling Time: 1.378379e-05
0: MPIL CopyToCPU Node-Aware Dissemination Time: 1.367875e-05
0: MPIL CopyToCPU NUMA-Aware Dissemination Time: 1.323409e-05
0: MPIL CopyToCPU RADIX-3 Dissemination Time: 1.596716e-05
0: MPIL CopyToCPU RADIX-4 Dissemination Time: 1.246513e-05
0: MPIL CopyToCPU RADIX-5 Dissemination Time: 1.463147e-05
0: MPIL CopyToCPU RADIX-6 Dissemination Time: 1.753170e-05
0: MPIL CopyToCPU RADIX-7 Dissemination Time: 1.667430e-05
0: MPIL CopyToCPU RADIX-8 Dissemination Time: 1.473442e-05
0: MPIL CopyToCPU RADIX-9 Dissemination Time: 1.942907e-05
0: MPIL CopyToCPU RADIX-10 Dissemination Time: 2.061457e-05
0: MPIL CopyToCPU RADIX-11 Dissemination Time: 2.161042e-05
0: MPIL CopyToCPU RADIX-12 Dissemination Time: 2.237775e-05
0: MPIL CopyToCPU RADIX-13 Dissemination Time: 2.295212e-05
0: MPIL CopyToCPU RADIX-14 Dissemination Time: 2.286708e-05
0: Testing Size 32
0: PMPI Allreduce Time: 1.466583e-05
0: MPIL GPU-Aware Recursive Doubling Time: 1.457588e-05
0: MPIL GPU-Aware Node-Aware Dissemination Time: 2.355128e-05
0: MPIL GPU-Aware NUMA-Aware Dissemination Time: 4.152598e-05
0: CopyToCPU PMPI Allreduce Time: 1.385427e-05
0: MPIL CopyToCPU Recursive Doubling Time: 1.507494e-05
0: MPIL CopyToCPU Node-Aware Dissemination Time: 1.513197e-05
0: MPIL CopyToCPU NUMA-Aware Dissemination Time: 1.767066e-05
0: MPIL CopyToCPU RADIX-3 Dissemination Time: 1.833340e-05
0: MPIL CopyToCPU RADIX-4 Dissemination Time: 1.466399e-05
0: MPIL CopyToCPU RADIX-5 Dissemination Time: 1.917593e-05
0: MPIL CopyToCPU RADIX-6 Dissemination Time: 2.137961e-05
0: MPIL CopyToCPU RADIX-7 Dissemination Time: 1.985921e-05
0: MPIL CopyToCPU RADIX-8 Dissemination Time: 1.675553e-05
0: MPIL CopyToCPU RADIX-9 Dissemination Time: 2.021304e-05
0: MPIL CopyToCPU RADIX-10 Dissemination Time: 2.140872e-05
0: MPIL CopyToCPU RADIX-11 Dissemination Time: 2.233060e-05
0: MPIL CopyToCPU RADIX-12 Dissemination Time: 2.330407e-05
0: MPIL CopyToCPU RADIX-13 Dissemination Time: 2.375401e-05
0: MPIL CopyToCPU RADIX-14 Dissemination Time: 2.337606e-05
0: Testing Size 64
0: PMPI Allreduce Time: 1.477318e-05
0: MPIL GPU-Aware Recursive Doubling Time: 1.476018e-05
0: MPIL GPU-Aware Node-Aware Dissemination Time: 2.376770e-05
0: MPIL GPU-Aware NUMA-Aware Dissemination Time: 4.184503e-05
0: CopyToCPU PMPI Allreduce Time: 1.407891e-05
0: MPIL CopyToCPU Recursive Doubling Time: 1.544557e-05
0: MPIL CopyToCPU Node-Aware Dissemination Time: 1.695670e-05
0: MPIL CopyToCPU NUMA-Aware Dissemination Time: 1.808832e-05
0: MPIL CopyToCPU RADIX-3 Dissemination Time: 1.841143e-05
0: MPIL CopyToCPU RADIX-4 Dissemination Time: 1.521549e-05
0: MPIL CopyToCPU RADIX-5 Dissemination Time: 1.959558e-05
0: MPIL CopyToCPU RADIX-6 Dissemination Time: 2.162528e-05
0: MPIL CopyToCPU RADIX-7 Dissemination Time: 2.029804e-05
0: MPIL CopyToCPU RADIX-8 Dissemination Time: 1.712896e-05
0: MPIL CopyToCPU RADIX-9 Dissemination Time: 2.067416e-05
0: MPIL CopyToCPU RADIX-10 Dissemination Time: 2.180137e-05
0: MPIL CopyToCPU RADIX-11 Dissemination Time: 2.259353e-05
0: MPIL CopyToCPU RADIX-12 Dissemination Time: 2.373947e-05
0: MPIL CopyToCPU RADIX-13 Dissemination Time: 2.397809e-05
0: MPIL CopyToCPU RADIX-14 Dissemination Time: 2.360405e-05
0: Testing Size 128
0: PMPI Allreduce Time: 2.171327e-05
0: MPIL GPU-Aware Recursive Doubling Time: 2.168327e-05
0: MPIL GPU-Aware Node-Aware Dissemination Time: 3.779668e-05
0: MPIL GPU-Aware NUMA-Aware Dissemination Time: 5.309352e-05
0: CopyToCPU PMPI Allreduce Time: 2.234166e-05
0: MPIL CopyToCPU Recursive Doubling Time: 2.545484e-05
0: MPIL CopyToCPU Node-Aware Dissemination Time: 3.058768e-05
0: MPIL CopyToCPU NUMA-Aware Dissemination Time: 2.454537e-05
0: MPIL CopyToCPU RADIX-3 Dissemination Time: 2.565134e-05
0: MPIL CopyToCPU RADIX-4 Dissemination Time: 1.962395e-05
0: MPIL CopyToCPU RADIX-5 Dissemination Time: 2.475384e-05
0: MPIL CopyToCPU RADIX-6 Dissemination Time: 2.561058e-05
0: MPIL CopyToCPU RADIX-7 Dissemination Time: 2.640036e-05
0: MPIL CopyToCPU RADIX-8 Dissemination Time: 2.227661e-05
0: MPIL CopyToCPU RADIX-9 Dissemination Time: 2.944390e-05
0: MPIL CopyToCPU RADIX-10 Dissemination Time: 3.045836e-05
0: MPIL CopyToCPU RADIX-11 Dissemination Time: 3.141959e-05
0: MPIL CopyToCPU RADIX-12 Dissemination Time: 3.281333e-05
0: MPIL CopyToCPU RADIX-13 Dissemination Time: 3.384528e-05
0: MPIL CopyToCPU RADIX-14 Dissemination Time: 3.425808e-05
0: Testing Size 256
0: PMPI Allreduce Time: 2.594795e-05
0: MPIL GPU-Aware Recursive Doubling Time: 2.591588e-05
0: MPIL GPU-Aware Node-Aware Dissemination Time: 5.061401e-05
0: MPIL GPU-Aware NUMA-Aware Dissemination Time: 5.949711e-05
0: CopyToCPU PMPI Allreduce Time: 3.022587e-05
0: MPIL CopyToCPU Recursive Doubling Time: 3.204254e-05
0: MPIL CopyToCPU Node-Aware Dissemination Time: 4.571692e-05
0: MPIL CopyToCPU NUMA-Aware Dissemination Time: 3.158098e-05
0: MPIL CopyToCPU RADIX-3 Dissemination Time: 2.980803e-05
0: MPIL CopyToCPU RADIX-4 Dissemination Time: 2.347683e-05
0: MPIL CopyToCPU RADIX-5 Dissemination Time: 2.604909e-05
0: MPIL CopyToCPU RADIX-6 Dissemination Time: 3.297752e-05
0: MPIL CopyToCPU RADIX-7 Dissemination Time: 3.022585e-05
0: MPIL CopyToCPU RADIX-8 Dissemination Time: 2.857926e-05
0: MPIL CopyToCPU RADIX-9 Dissemination Time: 3.693987e-05
0: MPIL CopyToCPU RADIX-10 Dissemination Time: 3.858719e-05
0: MPIL CopyToCPU RADIX-11 Dissemination Time: 3.992195e-05
0: MPIL CopyToCPU RADIX-12 Dissemination Time: 4.176143e-05
0: MPIL CopyToCPU RADIX-13 Dissemination Time: 4.498014e-05
0: MPIL CopyToCPU RADIX-14 Dissemination Time: 4.413152e-05
0: Testing Size 512
0: PMPI Allreduce Time: 3.271778e-05
0: MPIL GPU-Aware Recursive Doubling Time: 3.273833e-05
0: MPIL GPU-Aware Node-Aware Dissemination Time: 5.893531e-05
0: MPIL GPU-Aware NUMA-Aware Dissemination Time: 6.901324e-05
0: CopyToCPU PMPI Allreduce Time: 3.326979e-05
0: MPIL CopyToCPU Recursive Doubling Time: 3.642990e-05
0: MPIL CopyToCPU Node-Aware Dissemination Time: 5.264559e-05
0: MPIL CopyToCPU NUMA-Aware Dissemination Time: 3.754469e-05
0: MPIL CopyToCPU RADIX-3 Dissemination Time: 3.729736e-05
0: MPIL CopyToCPU RADIX-4 Dissemination Time: 2.702659e-05
0: MPIL CopyToCPU RADIX-5 Dissemination Time: 3.020189e-05
0: MPIL CopyToCPU RADIX-6 Dissemination Time: 3.654702e-05
0: MPIL CopyToCPU RADIX-7 Dissemination Time: 3.581248e-05
0: MPIL CopyToCPU RADIX-8 Dissemination Time: 3.299690e-05
0: MPIL CopyToCPU RADIX-9 Dissemination Time: 4.140366e-05
0: MPIL CopyToCPU RADIX-10 Dissemination Time: 4.285600e-05
0: MPIL CopyToCPU RADIX-11 Dissemination Time: 4.445963e-05
0: MPIL CopyToCPU RADIX-12 Dissemination Time: 4.589624e-05
0: MPIL CopyToCPU RADIX-13 Dissemination Time: 4.679009e-05
0: MPIL CopyToCPU RADIX-14 Dissemination Time: 4.662175e-05
0: Testing Size 1024
0: PMPI Allreduce Time: 7.140838e-05
0: MPIL GPU-Aware Recursive Doubling Time: 7.128364e-05
0: MPIL GPU-Aware Node-Aware Dissemination Time: 3.960483e-04
0: MPIL GPU-Aware NUMA-Aware Dissemination Time: 1.233001e-03
0: CopyToCPU PMPI Allreduce Time: 4.846089e-05
0: MPIL CopyToCPU Recursive Doubling Time: 5.275817e-05
0: MPIL CopyToCPU Node-Aware Dissemination Time: 7.952308e-05
0: MPIL CopyToCPU NUMA-Aware Dissemination Time: 5.713084e-05
0: MPIL CopyToCPU RADIX-3 Dissemination Time: 5.534196e-05
0: MPIL CopyToCPU RADIX-4 Dissemination Time: 3.660049e-05
0: MPIL CopyToCPU RADIX-5 Dissemination Time: 4.157422e-05
0: MPIL CopyToCPU RADIX-6 Dissemination Time: 4.554053e-05
0: MPIL CopyToCPU RADIX-7 Dissemination Time: 4.629024e-05
0: MPIL CopyToCPU RADIX-8 Dissemination Time: 4.236829e-05
0: MPIL CopyToCPU RADIX-9 Dissemination Time: 5.397597e-05
0: MPIL CopyToCPU RADIX-10 Dissemination Time: 5.630943e-05
0: MPIL CopyToCPU RADIX-11 Dissemination Time: 5.821931e-05
