0: Testing Size 1
0: PMPI Allreduce Time: 1.538576e-05
0: MPIL GPU-Aware Recursive Doubling Time: 1.523481e-05
0: MPIL GPU-Aware Node-Aware Dissemination Time: 3.222573e-05
0: MPIL GPU-Aware NUMA-Aware Dissemination Time: 4.768464e-05
0: CopyToCPU PMPI Allreduce Time: 1.520995e-05
0: MPIL CopyToCPU Recursive Doubling Time: 1.562832e-05
0: MPIL CopyToCPU Node-Aware Dissemination Time: 2.038722e-05
0: MPIL CopyToCPU NUMA-Aware Dissemination Time: 1.632914e-05
0: MPIL CopyToCPU RADIX-3 Dissemination Time: 2.029046e-05
0: MPIL CopyToCPU RADIX-4 Dissemination Time: 1.553886e-05
0: MPIL CopyToCPU RADIX-5 Dissemination Time: 2.047259e-05
0: MPIL CopyToCPU RADIX-6 Dissemination Time: 1.854231e-05
0: MPIL CopyToCPU RADIX-7 Dissemination Time: 2.055489e-05
0: MPIL CopyToCPU RADIX-8 Dissemination Time: 1.627461e-05
0: MPIL CopyToCPU RADIX-9 Dissemination Time: 2.172755e-05
0: MPIL CopyToCPU RADIX-10 Dissemination Time: 2.066571e-05
0: MPIL CopyToCPU RADIX-11 Dissemination Time: 2.338687e-05
0: MPIL CopyToCPU RADIX-12 Dissemination Time: 2.393565e-05
0: MPIL CopyToCPU RADIX-13 Dissemination Time: 2.404979e-05
0: MPIL CopyToCPU RADIX-14 Dissemination Time: 2.497131e-05
0: Testing Size 2
0: PMPI Allreduce Time: 1.562923e-05
0: MPIL GPU-Aware Recursive Doubling Time: 1.562392e-05
0: MPIL GPU-Aware Node-Aware Dissemination Time: 3.275578e-05
0: MPIL GPU-Aware NUMA-Aware Dissemination Time: 4.776382e-05
0: CopyToCPU PMPI Allreduce Time: 1.521493e-05
0: MPIL CopyToCPU Recursive Doubling Time: 1.556379e-05
0: MPIL CopyToCPU Node-Aware Dissemination Time: 2.034286e-05
0: MPIL CopyToCPU NUMA-Aware Dissemination Time: 1.633022e-05
0: MPIL CopyToCPU RADIX-3 Dissemination Time: 2.047527e-05
0: MPIL CopyToCPU RADIX-4 Dissemination Time: 1.571366e-05
0: MPIL CopyToCPU RADIX-5 Dissemination Time: 2.075243e-05
0: MPIL CopyToCPU RADIX-6 Dissemination Time: 1.856592e-05
0: MPIL CopyToCPU RADIX-7 Dissemination Time: 2.065430e-05
0: MPIL CopyToCPU RADIX-8 Dissemination Time: 1.626142e-05
0: MPIL CopyToCPU RADIX-9 Dissemination Time: 2.163608e-05
0: MPIL CopyToCPU RADIX-10 Dissemination Time: 2.048560e-05
0: MPIL CopyToCPU RADIX-11 Dissemination Time: 2.321165e-05
0: MPIL CopyToCPU RADIX-12 Dissemination Time: 2.383760e-05
0: MPIL CopyToCPU RADIX-13 Dissemination Time: 2.405936e-05
0: MPIL CopyToCPU RADIX-14 Dissemination Time: 2.502262e-05
0: Testing Size 4
0: PMPI Allreduce Time: 1.557798e-05
0: MPIL GPU-Aware Recursive Doubling Time: 1.555077e-05
0: MPIL GPU-Aware Node-Aware Dissemination Time: 3.241457e-05
0: MPIL GPU-Aware NUMA-Aware Dissemination Time: 4.778432e-05
0: CopyToCPU PMPI Allreduce Time: 1.542977e-05
0: MPIL CopyToCPU Recursive Doubling Time: 1.562179e-05
0: MPIL CopyToCPU Node-Aware Dissemination Time: 2.038392e-05
0: MPIL CopyToCPU NUMA-Aware Dissemination Time: 1.647958e-05
0: MPIL CopyToCPU RADIX-3 Dissemination Time: 2.030726e-05
0: MPIL CopyToCPU RADIX-4 Dissemination Time: 1.577923e-05
0: MPIL CopyToCPU RADIX-5 Dissemination Time: 2.050910e-05
0: MPIL CopyToCPU RADIX-6 Dissemination Time: 1.877746e-05
0: MPIL CopyToCPU RADIX-7 Dissemination Time: 2.087033e-05
0: MPIL CopyToCPU RADIX-8 Dissemination Time: 1.635024e-05
0: MPIL CopyToCPU RADIX-9 Dissemination Time: 2.177382e-05
0: MPIL CopyToCPU RADIX-10 Dissemination Time: 2.047544e-05
0: MPIL CopyToCPU RADIX-11 Dissemination Time: 2.316033e-05
0: MPIL CopyToCPU RADIX-12 Dissemination Time: 2.395788e-05
0: MPIL CopyToCPU RADIX-13 Dissemination Time: 2.441246e-05
0: MPIL CopyToCPU RADIX-14 Dissemination Time: 2.531300e-05
0: Testing Size 8
0: PMPI Allreduce Time: 1.550262e-05
0: MPIL GPU-Aware Recursive Doubling Time: 1.544064e-05
0: MPIL GPU-Aware Node-Aware Dissemination Time: 3.257673e-05
0: MPIL GPU-Aware NUMA-Aware Dissemination Time: 4.840713e-05
0: CopyToCPU PMPI Allreduce Time: 1.537938e-05
0: MPIL CopyToCPU Recursive Doubling Time: 1.756798e-05
0: MPIL CopyToCPU Node-Aware Dissemination Time: 2.046567e-05
0: MPIL CopyToCPU NUMA-Aware Dissemination Time: 1.756382e-05
0: MPIL CopyToCPU RADIX-3 Dissemination Time: 2.122616e-05
0: MPIL CopyToCPU RADIX-4 Dissemination Time: 1.647903e-05
0: MPIL CopyToCPU RADIX-5 Dissemination Time: 2.097569e-05
0: MPIL CopyToCPU RADIX-6 Dissemination Time: 1.953781e-05
0: MPIL CopyToCPU RADIX-7 Dissemination Time: 2.149715e-05
0: MPIL CopyToCPU RADIX-8 Dissemination Time: 1.707639e-05
0: MPIL CopyToCPU RADIX-9 Dissemination Time: 2.246791e-05
0: MPIL CopyToCPU RADIX-10 Dissemination Time: 2.149232e-05
0: MPIL CopyToCPU RADIX-11 Dissemination Time: 2.399996e-05
0: MPIL CopyToCPU RADIX-12 Dissemination Time: 2.487146e-05
0: MPIL CopyToCPU RADIX-13 Dissemination Time: 2.535014e-05
0: MPIL CopyToCPU RADIX-14 Dissemination Time: 2.645482e-05
0: Testing Size 16
0: PMPI Allreduce Time: 1.647548e-05
0: MPIL GPU-Aware Recursive Doubling Time: 1.653786e-05
0: MPIL GPU-Aware Node-Aware Dissemination Time: 3.394555e-05
0: MPIL GPU-Aware NUMA-Aware Dissemination Time: 4.931478e-05
0: CopyToCPU PMPI Allreduce Time: 1.604064e-05
0: MPIL CopyToCPU Recursive Doubling Time: 1.871016e-05
0: MPIL CopyToCPU Node-Aware Dissemination Time: 2.225569e-05
0: MPIL CopyToCPU NUMA-Aware Dissemination Time: 1.860744e-05
0: MPIL CopyToCPU RADIX-3 Dissemination Time: 2.210491e-05
0: MPIL CopyToCPU RADIX-4 Dissemination Time: 1.717851e-05
0: MPIL CopyToCPU RADIX-5 Dissemination Time: 2.206786e-05
0: MPIL CopyToCPU RADIX-6 Dissemination Time: 2.045425e-05
0: MPIL CopyToCPU RADIX-7 Dissemination Time: 2.242696e-05
0: MPIL CopyToCPU RADIX-8 Dissemination Time: 1.771830e-05
0: MPIL CopyToCPU RADIX-9 Dissemination Time: 2.334723e-05
0: MPIL CopyToCPU RADIX-10 Dissemination Time: 2.225018e-05
0: MPIL CopyToCPU RADIX-11 Dissemination Time: 2.519787e-05
0: MPIL CopyToCPU RADIX-12 Dissemination Time: 2.597926e-05
0: MPIL CopyToCPU RADIX-13 Dissemination Time: 2.638907e-05
0: MPIL CopyToCPU RADIX-14 Dissemination Time: 2.730233e-05
0: Testing Size 32
0: PMPI Allreduce Time: 2.388789e-05
0: MPIL GPU-Aware Recursive Doubling Time: 2.375414e-05
0: MPIL GPU-Aware Node-Aware Dissemination Time: 4.041788e-05
0: MPIL GPU-Aware NUMA-Aware Dissemination Time: 5.806088e-05
0: CopyToCPU PMPI Allreduce Time: 2.233481e-05
0: MPIL CopyToCPU Recursive Doubling Time: 2.392809e-05
0: MPIL CopyToCPU Node-Aware Dissemination Time: 2.631362e-05
0: MPIL CopyToCPU NUMA-Aware Dissemination Time: 3.135875e-05
0: MPIL CopyToCPU RADIX-3 Dissemination Time: 3.190407e-05
0: MPIL CopyToCPU RADIX-4 Dissemination Time: 2.420277e-05
0: MPIL CopyToCPU RADIX-5 Dissemination Time: 2.847366e-05
0: MPIL CopyToCPU RADIX-6 Dissemination Time: 2.775397e-05
0: MPIL CopyToCPU RADIX-7 Dissemination Time: 2.974434e-05
0: MPIL CopyToCPU RADIX-8 Dissemination Time: 2.245912e-05
0: MPIL CopyToCPU RADIX-9 Dissemination Time: 3.053486e-05
0: MPIL CopyToCPU RADIX-10 Dissemination Time: 3.059503e-05
0: MPIL CopyToCPU RADIX-11 Dissemination Time: 3.105504e-05
0: MPIL CopyToCPU RADIX-12 Dissemination Time: 3.175226e-05
0: MPIL CopyToCPU RADIX-13 Dissemination Time: 3.260409e-05
0: MPIL CopyToCPU RADIX-14 Dissemination Time: 3.318653e-05
0: Testing Size 64
0: PMPI Allreduce Time: 2.394319e-05
0: MPIL GPU-Aware Recursive Doubling Time: 2.393779e-05
0: MPIL GPU-Aware Node-Aware Dissemination Time: 4.117873e-05
0: MPIL GPU-Aware NUMA-Aware Dissemination Time: 5.840500e-05
0: CopyToCPU PMPI Allreduce Time: 2.328788e-05
0: MPIL CopyToCPU Recursive Doubling Time: 2.427264e-05
0: MPIL CopyToCPU Node-Aware Dissemination Time: 2.717585e-05
0: MPIL CopyToCPU NUMA-Aware Dissemination Time: 3.177429e-05
0: MPIL CopyToCPU RADIX-3 Dissemination Time: 3.279222e-05
0: MPIL CopyToCPU RADIX-4 Dissemination Time: 2.494505e-05
0: MPIL CopyToCPU RADIX-5 Dissemination Time: 2.883853e-05
0: MPIL CopyToCPU RADIX-6 Dissemination Time: 2.810447e-05
0: MPIL CopyToCPU RADIX-7 Dissemination Time: 3.000990e-05
0: MPIL CopyToCPU RADIX-8 Dissemination Time: 2.296013e-05
0: MPIL CopyToCPU RADIX-9 Dissemination Time: 3.086708e-05
0: MPIL CopyToCPU RADIX-10 Dissemination Time: 3.083242e-05
0: MPIL CopyToCPU RADIX-11 Dissemination Time: 3.141238e-05
0: MPIL CopyToCPU RADIX-12 Dissemination Time: 3.228559e-05
0: MPIL CopyToCPU RADIX-13 Dissemination Time: 3.281006e-05
0: MPIL CopyToCPU RADIX-14 Dissemination Time: 3.352375e-05
0: Testing Size 128
0: PMPI Allreduce Time: 3.060922e-05
0: MPIL GPU-Aware Recursive Doubling Time: 3.060056e-05
0: MPIL GPU-Aware Node-Aware Dissemination Time: 5.772249e-05
0: MPIL GPU-Aware NUMA-Aware Dissemination Time: 7.088051e-05
0: CopyToCPU PMPI Allreduce Time: 3.064733e-05
0: MPIL CopyToCPU Recursive Doubling Time: 3.403111e-05
0: MPIL CopyToCPU Node-Aware Dissemination Time: 4.323081e-05
0: MPIL CopyToCPU NUMA-Aware Dissemination Time: 3.521862e-05
0: MPIL CopyToCPU RADIX-3 Dissemination Time: 3.691259e-05
0: MPIL CopyToCPU RADIX-4 Dissemination Time: 2.963702e-05
0: MPIL CopyToCPU RADIX-5 Dissemination Time: 3.282772e-05
0: MPIL CopyToCPU RADIX-6 Dissemination Time: 3.331993e-05
0: MPIL CopyToCPU RADIX-7 Dissemination Time: 3.490221e-05
0: MPIL CopyToCPU RADIX-8 Dissemination Time: 2.856166e-05
0: MPIL CopyToCPU RADIX-9 Dissemination Time: 3.598091e-05
0: MPIL CopyToCPU RADIX-10 Dissemination Time: 3.558265e-05
0: MPIL CopyToCPU RADIX-11 Dissemination Time: 3.675409e-05
0: MPIL CopyToCPU RADIX-12 Dissemination Time: 3.755799e-05
0: MPIL CopyToCPU RADIX-13 Dissemination Time: 3.831291e-05
0: MPIL CopyToCPU RADIX-14 Dissemination Time: 3.954854e-05
0: Testing Size 256
0: PMPI Allreduce Time: 3.498903e-05
0: MPIL GPU-Aware Recursive Doubling Time: 3.496155e-05
0: MPIL GPU-Aware Node-Aware Dissemination Time: 7.011230e-05
0: MPIL GPU-Aware NUMA-Aware Dissemination Time: 7.704793e-05
0: CopyToCPU PMPI Allreduce Time: 3.773893e-05
0: MPIL CopyToCPU Recursive Doubling Time: 4.025845e-05
0: MPIL CopyToCPU Node-Aware Dissemination Time: 6.098647e-05
0: MPIL CopyToCPU NUMA-Aware Dissemination Time: 4.097371e-05
0: MPIL CopyToCPU RADIX-3 Dissemination Time: 4.240288e-05
0: MPIL CopyToCPU RADIX-4 Dissemination Time: 3.286712e-05
0: MPIL CopyToCPU RADIX-5 Dissemination Time: 3.742782e-05
0: MPIL CopyToCPU RADIX-6 Dissemination Time: 3.744358e-05
0: MPIL CopyToCPU RADIX-7 Dissemination Time: 3.885762e-05
0: MPIL CopyToCPU RADIX-8 Dissemination Time: 3.158733e-05
0: MPIL CopyToCPU RADIX-9 Dissemination Time: 4.226974e-05
0: MPIL CopyToCPU RADIX-10 Dissemination Time: 3.937050e-05
0: MPIL CopyToCPU RADIX-11 Dissemination Time: 4.449055e-05
0: MPIL CopyToCPU RADIX-12 Dissemination Time: 4.574864e-05
0: MPIL CopyToCPU RADIX-13 Dissemination Time: 4.546868e-05
0: MPIL CopyToCPU RADIX-14 Dissemination Time: 4.895717e-05
0: Testing Size 512
0: PMPI Allreduce Time: 4.169444e-05
0: MPIL GPU-Aware Recursive Doubling Time: 4.163521e-05
0: MPIL GPU-Aware Node-Aware Dissemination Time: 7.814493e-05
0: MPIL GPU-Aware NUMA-Aware Dissemination Time: 8.602225e-05
0: CopyToCPU PMPI Allreduce Time: 4.252217e-05
0: MPIL CopyToCPU Recursive Doubling Time: 4.667191e-05
0: MPIL CopyToCPU Node-Aware Dissemination Time: 6.686062e-05
0: MPIL CopyToCPU NUMA-Aware Dissemination Time: 4.931574e-05
0: MPIL CopyToCPU RADIX-3 Dissemination Time: 5.007059e-05
0: MPIL CopyToCPU RADIX-4 Dissemination Time: 3.753873e-05
0: MPIL CopyToCPU RADIX-5 Dissemination Time: 4.085668e-05
0: MPIL CopyToCPU RADIX-6 Dissemination Time: 4.273376e-05
0: MPIL CopyToCPU RADIX-7 Dissemination Time: 4.407210e-05
0: MPIL CopyToCPU RADIX-8 Dissemination Time: 3.683913e-05
0: MPIL CopyToCPU RADIX-9 Dissemination Time: 4.704996e-05
0: MPIL CopyToCPU RADIX-10 Dissemination Time: 4.638840e-05
0: MPIL CopyToCPU RADIX-11 Dissemination Time: 4.984014e-05
0: MPIL CopyToCPU RADIX-12 Dissemination Time: 5.161010e-05
0: MPIL CopyToCPU RADIX-13 Dissemination Time: 5.294314e-05
0: MPIL CopyToCPU RADIX-14 Dissemination Time: 5.689687e-05
0: Testing Size 1024
0: PMPI Allreduce Time: 8.074524e-05
0: MPIL GPU-Aware Recursive Doubling Time: 8.057564e-05
0: MPIL GPU-Aware Node-Aware Dissemination Time: 4.780747e-04
0: MPIL GPU-Aware NUMA-Aware Dissemination Time: 1.562799e-03
0: CopyToCPU PMPI Allreduce Time: 5.900786e-05
0: MPIL CopyToCPU Recursive Doubling Time: 6.321374e-05
0: MPIL CopyToCPU Node-Aware Dissemination Time: 9.310990e-05
0: MPIL CopyToCPU NUMA-Aware Dissemination Time: 6.582892e-05
0: MPIL CopyToCPU RADIX-3 Dissemination Time: 6.803532e-05
0: MPIL CopyToCPU RADIX-4 Dissemination Time: 4.822760e-05
0: MPIL CopyToCPU RADIX-5 Dissemination Time: 5.397280e-05
0: MPIL CopyToCPU RADIX-6 Dissemination Time: 5.546966e-05
0: MPIL CopyToCPU RADIX-7 Dissemination Time: 5.897575e-05
0: MPIL CopyToCPU RADIX-8 Dissemination Time: 5.151866e-05
0: MPIL CopyToCPU RADIX-9 Dissemination Time: 6.260701e-05
0: MPIL CopyToCPU RADIX-10 Dissemination Time: 5.995992e-05
0: MPIL CopyToCPU RADIX-11 Dissemination Time: 6.654731e-05
0: MPIL CopyToCPU RADIX-12 Dissemination Time: 7.009131e-05
0: MPIL CopyToCPU RADIX-13 Dissemination Time: 6.968783e-05
0: MPIL CopyToCPU RADIX-14 Dissemination Time: 7.422818e-05
0: Testing Size 2048
0: PMPI Allreduce Time: 1.685538e-04
0: MPIL GPU-Aware Recursive Doubling Time: 1.676218e-04
0: MPIL GPU-Aware Node-Aware Dissemination Time: 9.269327e-04
0: MPIL GPU-Aware NUMA-Aware Dissemination Time: 2.757379e-03
0: CopyToCPU PMPI Allreduce Time: 1.066329e-04
0: MPIL CopyToCPU Recursive Doubling Time: 9.275890e-05
0: MPIL CopyToCPU Node-Aware Dissemination Time: 1.497264e-04
0: MPIL CopyToCPU NUMA-Aware Dissemination Time: 1.002875e-04
0: MPIL CopyToCPU RADIX-3 Dissemination Time: 1.008111e-04
0: MPIL CopyToCPU RADIX-4 Dissemination Time: 6.865372e-05
0: MPIL CopyToCPU RADIX-5 Dissemination Time: 7.620030e-05
0: MPIL CopyToCPU RADIX-6 Dissemination Time: 7.733817e-05
0: MPIL CopyToCPU RADIX-7 Dissemination Time: 7.941283e-05
0: MPIL CopyToCPU RADIX-8 Dissemination Time: 7.295855e-05
0: MPIL CopyToCPU RADIX-9 Dissemination Time: 8.331090e-05
0: MPIL CopyToCPU RADIX-10 Dissemination Time: 8.386481e-05
0: MPIL CopyToCPU RADIX-11 Dissemination Time: 8.847152e-05
0: MPIL CopyToCPU RADIX-12 Dissemination Time: 9.279030e-05
0: MPIL CopyToCPU RADIX-13 Dissemination Time: 9.111452e-05
0: MPIL CopyToCPU RADIX-14 Dissemination Time: 9.629827e-05
0: Testing Size 4096
0: PMPI Allreduce Time: 1.696128e-04
0: MPIL GPU-Aware Recursive Doubling Time: 1.691847e-04
0: MPIL GPU-Aware Node-Aware Dissemination Time: 1.296278e-03
0: MPIL GPU-Aware NUMA-Aware Dissemination Time: 4.803299e-03
0: CopyToCPU PMPI Allreduce Time: 1.650221e-04
0: MPIL CopyToCPU Recursive Doubling Time: 1.768162e-04
0: MPIL CopyToCPU Node-Aware Dissemination Time: 2.536117e-04
0: MPIL CopyToCPU NUMA-Aware Dissemination Time: 1.829795e-04
0: MPIL CopyToCPU RADIX-3 Dissemination Time: 1.937638e-04
0: MPIL CopyToCPU RADIX-4 Dissemination Time: 1.288613e-04
0: MPIL CopyToCPU RADIX-5 Dissemination Time: 1.455341e-04
0: MPIL CopyToCPU RADIX-6 Dissemination Time: 1.480986e-04
0: MPIL CopyToCPU RADIX-7 Dissemination Time: 1.526730e-04
0: MPIL CopyToCPU RADIX-8 Dissemination Time: 1.329289e-04
0: MPIL CopyToCPU RADIX-9 Dissemination Time: 1.601832e-04
0: MPIL CopyToCPU RADIX-10 Dissemination Time: 1.579377e-04
0: MPIL CopyToCPU RADIX-11 Dissemination Time: 1.637789e-04
0: MPIL CopyToCPU RADIX-12 Dissemination Time: 1.684961e-04
0: MPIL CopyToCPU RADIX-13 Dissemination Time: 1.732673e-04
0: MPIL CopyToCPU RADIX-14 Dissemination Time: 1.797533e-04
0: Testing Size 8192
0: PMPI Allreduce Time: 1.741992e-04
0: MPIL GPU-Aware Recursive Doubling Time: 1.762849e-04
0: MPIL GPU-Aware Node-Aware Dissemination Time: 2.064555e-03
0: MPIL GPU-Aware NUMA-Aware Dissemination Time: 5.518747e-03
0: CopyToCPU PMPI Allreduce Time: 2.634401e-04
0: MPIL CopyToCPU Recursive Doubling Time: 2.899245e-04
0: MPIL CopyToCPU Node-Aware Dissemination Time: 4.272389e-04
0: MPIL CopyToCPU NUMA-Aware Dissemination Time: 3.105033e-04
0: MPIL CopyToCPU RADIX-3 Dissemination Time: 3.237595e-04
0: MPIL CopyToCPU RADIX-4 Dissemination Time: 2.113080e-04
0: MPIL CopyToCPU RADIX-5 Dissemination Time: 2.368110e-04
0: MPIL CopyToCPU RADIX-6 Dissemination Time: 2.369898e-04
0: MPIL CopyToCPU RADIX-7 Dissemination Time: 2.504306e-04
0: MPIL CopyToCPU RADIX-8 Dissemination Time: 2.353071e-04
0: MPIL CopyToCPU RADIX-9 Dissemination Time: 2.605955e-04
0: MPIL CopyToCPU RADIX-10 Dissemination Time: 2.600052e-04
0: MPIL CopyToCPU RADIX-11 Dissemination Time: 2.725713e-04
0: MPIL CopyToCPU RADIX-12 Dissemination Time: 2.643716e-04
0: MPIL CopyToCPU RADIX-13 Dissemination Time: 2.776555e-04
0: MPIL CopyToCPU RADIX-14 Dissemination Time: 2.881248e-04
0: Testing Size 16384
0: PMPI Allreduce Time: 1.826224e-04
0: MPIL GPU-Aware Recursive Doubling Time: 1.828448e-04
0: MPIL GPU-Aware Node-Aware Dissemination Time: 1.927801e-03
0: MPIL GPU-Aware NUMA-Aware Dissemination Time: 5.110200e-03
0: CopyToCPU PMPI Allreduce Time: 4.564906e-04
0: MPIL CopyToCPU Recursive Doubling Time: 5.250509e-04
0: MPIL CopyToCPU Node-Aware Dissemination Time: 7.627050e-04
0: MPIL CopyToCPU NUMA-Aware Dissemination Time: 5.650740e-04
0: MPIL CopyToCPU RADIX-3 Dissemination Time: 5.818398e-04
0: MPIL CopyToCPU RADIX-4 Dissemination Time: 3.833202e-04
0: MPIL CopyToCPU RADIX-5 Dissemination Time: 4.239286e-04
0: MPIL CopyToCPU RADIX-6 Dissemination Time: 4.228392e-04
0: MPIL CopyToCPU RADIX-7 Dissemination Time: 4.478456e-04
0: MPIL CopyToCPU RADIX-8 Dissemination Time: 4.044299e-04
0: MPIL CopyToCPU RADIX-9 Dissemination Time: 4.601224e-04
0: MPIL CopyToCPU RADIX-10 Dissemination Time: 4.537022e-04
0: MPIL CopyToCPU RADIX-11 Dissemination Time: 4.879114e-04
0: MPIL CopyToCPU RADIX-12 Dissemination Time: 4.771096e-04
0: MPIL CopyToCPU RADIX-13 Dissemination Time: 4.975367e-04
0: MPIL CopyToCPU RADIX-14 Dissemination Time: 5.341556e-04
0: Testing Size 32768
0: PMPI Allreduce Time: 1.995068e-04
0: MPIL GPU-Aware Recursive Doubling Time: 1.980660e-04
0: MPIL GPU-Aware Node-Aware Dissemination Time: 9.777543e-03
0: MPIL GPU-Aware NUMA-Aware Dissemination Time: 4.474367e-03
0: CopyToCPU PMPI Allreduce Time: 8.409647e-04
0: MPIL CopyToCPU Recursive Doubling Time: 1.010953e-03
0: MPIL CopyToCPU Node-Aware Dissemination Time: 1.444800e-03
0: MPIL CopyToCPU NUMA-Aware Dissemination Time: 1.053650e-03
0: MPIL CopyToCPU RADIX-3 Dissemination Time: 1.092955e-03
0: MPIL CopyToCPU RADIX-4 Dissemination Time: 7.268972e-04
0: MPIL CopyToCPU RADIX-5 Dissemination Time: 8.122378e-04
0: MPIL CopyToCPU RADIX-6 Dissemination Time: 7.914336e-04
0: MPIL CopyToCPU RADIX-7 Dissemination Time: 8.058274e-04
0: MPIL CopyToCPU RADIX-8 Dissemination Time: 7.679709e-04
0: MPIL CopyToCPU RADIX-9 Dissemination Time: 8.368414e-04
0: MPIL CopyToCPU RADIX-10 Dissemination Time: 8.487072e-04
0: MPIL CopyToCPU RADIX-11 Dissemination Time: 8.480833e-04
0: MPIL CopyToCPU RADIX-12 Dissemination Time: 8.712264e-04
0: MPIL CopyToCPU RADIX-13 Dissemination Time: 9.543727e-04
0: MPIL CopyToCPU RADIX-14 Dissemination Time: 9.856147e-04
0: Testing Size 65536
0: PMPI Allreduce Time: 2.314762e-04
0: MPIL GPU-Aware Recursive Doubling Time: 2.302135e-04
0: MPIL GPU-Aware Node-Aware Dissemination Time: 1.162562e-02
0: MPIL GPU-Aware NUMA-Aware Dissemination Time: 5.261495e-03
0: CopyToCPU PMPI Allreduce Time: 1.607255e-03
0: MPIL CopyToCPU Recursive Doubling Time: 1.857781e-03
0: MPIL CopyToCPU Node-Aware Dissemination Time: 2.786690e-03
0: MPIL CopyToCPU NUMA-Aware Dissemination Time: 2.004486e-03
0: MPIL CopyToCPU RADIX-3 Dissemination Time: 2.096488e-03
0: MPIL CopyToCPU RADIX-4 Dissemination Time: 1.395800e-03
0: MPIL CopyToCPU RADIX-5 Dissemination Time: 1.512689e-03
0: MPIL CopyToCPU RADIX-6 Dissemination Time: 1.455958e-03
0: MPIL CopyToCPU RADIX-7 Dissemination Time: 1.510977e-03
0: MPIL CopyToCPU RADIX-8 Dissemination Time: 1.469434e-03
0: MPIL CopyToCPU RADIX-9 Dissemination Time: 1.576193e-03
0: MPIL CopyToCPU RADIX-10 Dissemination Time: 1.612442e-03
0: MPIL CopyToCPU RADIX-11 Dissemination Time: 1.673591e-03
0: MPIL CopyToCPU RADIX-12 Dissemination Time: 1.700425e-03
0: MPIL CopyToCPU RADIX-13 Dissemination Time: 1.757956e-03
0: MPIL CopyToCPU RADIX-14 Dissemination Time: 1.845713e-03
0: Testing Size 131072
0: PMPI Allreduce Time: 2.812838e-04
0: MPIL GPU-Aware Recursive Doubling Time: 2.822706e-04
0: MPIL GPU-Aware Node-Aware Dissemination Time: 1.357210e-02
0: MPIL GPU-Aware NUMA-Aware Dissemination Time: 7.676006e-03
0: CopyToCPU PMPI Allreduce Time: 3.240299e-03
0: MPIL CopyToCPU Recursive Doubling Time: 3.399319e-03
0: MPIL CopyToCPU Node-Aware Dissemination Time: 5.012999e-03
0: MPIL CopyToCPU NUMA-Aware Dissemination Time: 3.872086e-03
0: MPIL CopyToCPU RADIX-3 Dissemination Time: 4.165611e-03
0: MPIL CopyToCPU RADIX-4 Dissemination Time: 2.615534e-03
0: MPIL CopyToCPU RADIX-5 Dissemination Time: 2.790154e-03
0: MPIL CopyToCPU RADIX-6 Dissemination Time: 2.819541e-03
0: MPIL CopyToCPU RADIX-7 Dissemination Time: 2.870244e-03
0: MPIL CopyToCPU RADIX-8 Dissemination Time: 2.839241e-03
0: MPIL CopyToCPU RADIX-9 Dissemination Time: 2.997104e-03
0: MPIL CopyToCPU RADIX-10 Dissemination Time: 3.079468e-03
0: MPIL CopyToCPU RADIX-11 Dissemination Time: 3.137559e-03
0: MPIL CopyToCPU RADIX-12 Dissemination Time: 3.242867e-03
0: MPIL CopyToCPU RADIX-13 Dissemination Time: 3.267057e-03
0: MPIL CopyToCPU RADIX-14 Dissemination Time: 3.412111e-03
0: Testing Size 262144
0: PMPI Allreduce Time: 3.327637e-04
0: MPIL GPU-Aware Recursive Doubling Time: 3.330420e-04
0: MPIL GPU-Aware Node-Aware Dissemination Time: 1.737866e-02
0: MPIL GPU-Aware NUMA-Aware Dissemination Time: 1.452205e-02
0: CopyToCPU PMPI Allreduce Time: 6.402245e-03
0: MPIL CopyToCPU Recursive Doubling Time: 6.892528e-03
0: MPIL CopyToCPU Node-Aware Dissemination Time: 9.095870e-03
0: MPIL CopyToCPU NUMA-Aware Dissemination Time: 7.665389e-03
0: MPIL CopyToCPU RADIX-3 Dissemination Time: 7.544810e-03
0: MPIL CopyToCPU RADIX-4 Dissemination Time: 5.085182e-03
0: MPIL CopyToCPU RADIX-5 Dissemination Time: 5.404507e-03
0: MPIL CopyToCPU RADIX-6 Dissemination Time: 5.527684e-03
0: MPIL CopyToCPU RADIX-7 Dissemination Time: 5.619946e-03
0: MPIL CopyToCPU RADIX-8 Dissemination Time: 5.555458e-03
0: MPIL CopyToCPU RADIX-9 Dissemination Time: 5.793891e-03
0: MPIL CopyToCPU RADIX-10 Dissemination Time: 6.002387e-03
0: MPIL CopyToCPU RADIX-11 Dissemination Time: 6.016636e-03
0: MPIL CopyToCPU RADIX-12 Dissemination Time: 6.195251e-03
0: MPIL CopyToCPU RADIX-13 Dissemination Time: 6.390156e-03
0: MPIL CopyToCPU RADIX-14 Dissemination Time: 6.601074e-03
0: Testing Size 524288
0: PMPI Allreduce Time: 4.303305e-04
0: MPIL GPU-Aware Recursive Doubling Time: 4.313698e-04
0: MPIL GPU-Aware Node-Aware Dissemination Time: 2.458273e-02
0: MPIL GPU-Aware NUMA-Aware Dissemination Time: 2.365712e-02
0: CopyToCPU PMPI Allreduce Time: 1.313605e-02
0: MPIL CopyToCPU Recursive Doubling Time: 1.376412e-02
0: MPIL CopyToCPU Node-Aware Dissemination Time: 1.750796e-02
0: MPIL CopyToCPU NUMA-Aware Dissemination Time: 1.467836e-02
0: MPIL CopyToCPU RADIX-3 Dissemination Time: 1.480925e-02
0: MPIL CopyToCPU RADIX-4 Dissemination Time: 1.000537e-02
0: MPIL CopyToCPU RADIX-5 Dissemination Time: 1.071829e-02
0: MPIL CopyToCPU RADIX-6 Dissemination Time: 1.110440e-02
0: MPIL CopyToCPU RADIX-7 Dissemination Time: 1.133686e-02
0: MPIL CopyToCPU RADIX-8 Dissemination Time: 1.251991e-02
0: MPIL CopyToCPU RADIX-9 Dissemination Time: 1.345474e-02
0: MPIL CopyToCPU RADIX-10 Dissemination Time: 1.438196e-02
0: MPIL CopyToCPU RADIX-11 Dissemination Time: 1.522911e-02
0: MPIL CopyToCPU RADIX-12 Dissemination Time: 1.621587e-02
0: MPIL CopyToCPU RADIX-13 Dissemination Time: 1.780258e-02
0: MPIL CopyToCPU RADIX-14 Dissemination Time: 1.915798e-02
