0: Testing Size 1
0: PMPI Allreduce Time: 1.204899e-05
0: MPIL GPU-Aware Recursive Doubling Time: 1.194262e-05
0: MPIL GPU-Aware Node-Aware Dissemination Time: 1.977157e-05
0: MPIL GPU-Aware NUMA-Aware Dissemination Time: 3.782196e-05
0: CopyToCPU PMPI Allreduce Time: 1.219723e-05
0: MPIL CopyToCPU Recursive Doubling Time: 1.257357e-05
0: MPIL CopyToCPU Node-Aware Dissemination Time: 1.375333e-05
0: MPIL CopyToCPU NUMA-Aware Dissemination Time: 1.310671e-05
0: MPIL CopyToCPU RADIX-3 Dissemination Time: 1.609754e-05
0: MPIL CopyToCPU RADIX-4 Dissemination Time: 1.227799e-05
0: MPIL CopyToCPU RADIX-5 Dissemination Time: 1.533952e-05
0: MPIL CopyToCPU RADIX-6 Dissemination Time: 1.768658e-05
0: MPIL CopyToCPU RADIX-7 Dissemination Time: 1.688519e-05
0: MPIL CopyToCPU RADIX-8 Dissemination Time: 1.422244e-05
0: MPIL CopyToCPU RADIX-9 Dissemination Time: 1.799263e-05
0: MPIL CopyToCPU RADIX-10 Dissemination Time: 1.871782e-05
0: MPIL CopyToCPU RADIX-11 Dissemination Time: 1.986608e-05
0: MPIL CopyToCPU RADIX-12 Dissemination Time: 2.076305e-05
0: MPIL CopyToCPU RADIX-13 Dissemination Time: 2.147274e-05
0: MPIL CopyToCPU RADIX-14 Dissemination Time: 2.148431e-05
0: Testing Size 2
0: PMPI Allreduce Time: 1.241364e-05
0: MPIL GPU-Aware Recursive Doubling Time: 1.235128e-05
0: MPIL GPU-Aware Node-Aware Dissemination Time: 2.017837e-05
0: MPIL GPU-Aware NUMA-Aware Dissemination Time: 3.771883e-05
0: CopyToCPU PMPI Allreduce Time: 1.207923e-05
0: MPIL CopyToCPU Recursive Doubling Time: 1.244404e-05
0: MPIL CopyToCPU Node-Aware Dissemination Time: 1.356567e-05
0: MPIL CopyToCPU NUMA-Aware Dissemination Time: 1.317178e-05
0: MPIL CopyToCPU RADIX-3 Dissemination Time: 1.608541e-05
0: MPIL CopyToCPU RADIX-4 Dissemination Time: 1.228109e-05
0: MPIL CopyToCPU RADIX-5 Dissemination Time: 1.560572e-05
0: MPIL CopyToCPU RADIX-6 Dissemination Time: 1.771156e-05
0: MPIL CopyToCPU RADIX-7 Dissemination Time: 1.715323e-05
0: MPIL CopyToCPU RADIX-8 Dissemination Time: 1.434261e-05
0: MPIL CopyToCPU RADIX-9 Dissemination Time: 1.800087e-05
0: MPIL CopyToCPU RADIX-10 Dissemination Time: 1.878113e-05
0: MPIL CopyToCPU RADIX-11 Dissemination Time: 1.995766e-05
0: MPIL CopyToCPU RADIX-12 Dissemination Time: 2.103061e-05
0: MPIL CopyToCPU RADIX-13 Dissemination Time: 2.169060e-05
0: MPIL CopyToCPU RADIX-14 Dissemination Time: 2.161188e-05
0: Testing Size 4
0: PMPI Allreduce Time: 1.232138e-05
0: MPIL GPU-Aware Recursive Doubling Time: 1.236481e-05
0: MPIL GPU-Aware Node-Aware Dissemination Time: 2.030173e-05
0: MPIL GPU-Aware NUMA-Aware Dissemination Time: 3.768884e-05
0: CopyToCPU PMPI Allreduce Time: 1.224104e-05
0: MPIL CopyToCPU Recursive Doubling Time: 1.262630e-05
0: MPIL CopyToCPU Node-Aware Dissemination Time: 1.382709e-05
0: MPIL CopyToCPU NUMA-Aware Dissemination Time: 1.334386e-05
0: MPIL CopyToCPU RADIX-3 Dissemination Time: 1.613362e-05
0: MPIL CopyToCPU RADIX-4 Dissemination Time: 1.233102e-05
0: MPIL CopyToCPU RADIX-5 Dissemination Time: 1.564671e-05
0: MPIL CopyToCPU RADIX-6 Dissemination Time: 1.798123e-05
0: MPIL CopyToCPU RADIX-7 Dissemination Time: 1.698220e-05
0: MPIL CopyToCPU RADIX-8 Dissemination Time: 1.431601e-05
0: MPIL CopyToCPU RADIX-9 Dissemination Time: 1.814548e-05
0: MPIL CopyToCPU RADIX-10 Dissemination Time: 1.886036e-05
0: MPIL CopyToCPU RADIX-11 Dissemination Time: 2.005660e-05
0: MPIL CopyToCPU RADIX-12 Dissemination Time: 2.110066e-05
0: MPIL CopyToCPU RADIX-13 Dissemination Time: 2.183359e-05
0: MPIL CopyToCPU RADIX-14 Dissemination Time: 2.160952e-05
0: Testing Size 8
0: PMPI Allreduce Time: 1.227130e-05
0: MPIL GPU-Aware Recursive Doubling Time: 1.228876e-05
0: MPIL GPU-Aware Node-Aware Dissemination Time: 2.004113e-05
0: MPIL GPU-Aware NUMA-Aware Dissemination Time: 3.874008e-05
0: CopyToCPU PMPI Allreduce Time: 1.207475e-05
0: MPIL CopyToCPU Recursive Doubling Time: 1.438772e-05
0: MPIL CopyToCPU Node-Aware Dissemination Time: 1.382780e-05
0: MPIL CopyToCPU NUMA-Aware Dissemination Time: 1.452190e-05
0: MPIL CopyToCPU RADIX-3 Dissemination Time: 1.707090e-05
0: MPIL CopyToCPU RADIX-4 Dissemination Time: 1.350207e-05
0: MPIL CopyToCPU RADIX-5 Dissemination Time: 1.605547e-05
0: MPIL CopyToCPU RADIX-6 Dissemination Time: 1.874899e-05
0: MPIL CopyToCPU RADIX-7 Dissemination Time: 1.732512e-05
0: MPIL CopyToCPU RADIX-8 Dissemination Time: 1.514121e-05
0: MPIL CopyToCPU RADIX-9 Dissemination Time: 1.930356e-05
0: MPIL CopyToCPU RADIX-10 Dissemination Time: 1.998913e-05
0: MPIL CopyToCPU RADIX-11 Dissemination Time: 2.102382e-05
0: MPIL CopyToCPU RADIX-12 Dissemination Time: 2.237988e-05
0: MPIL CopyToCPU RADIX-13 Dissemination Time: 2.326843e-05
0: MPIL CopyToCPU RADIX-14 Dissemination Time: 2.362461e-05
0: Testing Size 16
0: PMPI Allreduce Time: 1.313495e-05
0: MPIL GPU-Aware Recursive Doubling Time: 1.318719e-05
0: MPIL GPU-Aware Node-Aware Dissemination Time: 2.112214e-05
0: MPIL GPU-Aware NUMA-Aware Dissemination Time: 3.940179e-05
0: CopyToCPU PMPI Allreduce Time: 1.281506e-05
0: MPIL CopyToCPU Recursive Doubling Time: 1.533871e-05
0: MPIL CopyToCPU Node-Aware Dissemination Time: 1.457873e-05
0: MPIL CopyToCPU NUMA-Aware Dissemination Time: 1.507477e-05
0: MPIL CopyToCPU RADIX-3 Dissemination Time: 1.803135e-05
0: MPIL CopyToCPU RADIX-4 Dissemination Time: 1.383934e-05
0: MPIL CopyToCPU RADIX-5 Dissemination Time: 1.663282e-05
0: MPIL CopyToCPU RADIX-6 Dissemination Time: 1.953060e-05
0: MPIL CopyToCPU RADIX-7 Dissemination Time: 1.815580e-05
0: MPIL CopyToCPU RADIX-8 Dissemination Time: 1.574579e-05
0: MPIL CopyToCPU RADIX-9 Dissemination Time: 2.056536e-05
0: MPIL CopyToCPU RADIX-10 Dissemination Time: 2.157665e-05
0: MPIL CopyToCPU RADIX-11 Dissemination Time: 2.280514e-05
0: MPIL CopyToCPU RADIX-12 Dissemination Time: 2.399867e-05
0: MPIL CopyToCPU RADIX-13 Dissemination Time: 2.471595e-05
0: MPIL CopyToCPU RADIX-14 Dissemination Time: 2.462474e-05
0: Testing Size 32
0: PMPI Allreduce Time: 1.932418e-05
0: MPIL GPU-Aware Recursive Doubling Time: 1.918391e-05
0: MPIL GPU-Aware Node-Aware Dissemination Time: 2.577794e-05
0: MPIL GPU-Aware NUMA-Aware Dissemination Time: 4.674399e-05
0: CopyToCPU PMPI Allreduce Time: 1.822629e-05
0: MPIL CopyToCPU Recursive Doubling Time: 1.939758e-05
0: MPIL CopyToCPU Node-Aware Dissemination Time: 1.738555e-05
0: MPIL CopyToCPU NUMA-Aware Dissemination Time: 2.534752e-05
0: MPIL CopyToCPU RADIX-3 Dissemination Time: 2.028031e-05
0: MPIL CopyToCPU RADIX-4 Dissemination Time: 1.887104e-05
0: MPIL CopyToCPU RADIX-5 Dissemination Time: 2.262262e-05
0: MPIL CopyToCPU RADIX-6 Dissemination Time: 2.331457e-05
0: MPIL CopyToCPU RADIX-7 Dissemination Time: 2.196886e-05
0: MPIL CopyToCPU RADIX-8 Dissemination Time: 2.049846e-05
0: MPIL CopyToCPU RADIX-9 Dissemination Time: 2.331317e-05
0: MPIL CopyToCPU RADIX-10 Dissemination Time: 2.421349e-05
0: MPIL CopyToCPU RADIX-11 Dissemination Time: 2.465233e-05
0: MPIL CopyToCPU RADIX-12 Dissemination Time: 2.493628e-05
0: MPIL CopyToCPU RADIX-13 Dissemination Time: 2.582936e-05
0: MPIL CopyToCPU RADIX-14 Dissemination Time: 2.488511e-05
0: Testing Size 64
0: PMPI Allreduce Time: 1.936059e-05
0: MPIL GPU-Aware Recursive Doubling Time: 1.932870e-05
0: MPIL GPU-Aware Node-Aware Dissemination Time: 2.556172e-05
0: MPIL GPU-Aware NUMA-Aware Dissemination Time: 4.746452e-05
0: CopyToCPU PMPI Allreduce Time: 1.880625e-05
0: MPIL CopyToCPU Recursive Doubling Time: 1.963684e-05
0: MPIL CopyToCPU Node-Aware Dissemination Time: 1.863160e-05
0: MPIL CopyToCPU NUMA-Aware Dissemination Time: 2.581769e-05
0: MPIL CopyToCPU RADIX-3 Dissemination Time: 2.073223e-05
0: MPIL CopyToCPU RADIX-4 Dissemination Time: 1.949855e-05
0: MPIL CopyToCPU RADIX-5 Dissemination Time: 2.306211e-05
0: MPIL CopyToCPU RADIX-6 Dissemination Time: 2.360850e-05
0: MPIL CopyToCPU RADIX-7 Dissemination Time: 2.259800e-05
0: MPIL CopyToCPU RADIX-8 Dissemination Time: 2.094749e-05
0: MPIL CopyToCPU RADIX-9 Dissemination Time: 2.361062e-05
0: MPIL CopyToCPU RADIX-10 Dissemination Time: 2.453933e-05
0: MPIL CopyToCPU RADIX-11 Dissemination Time: 2.482658e-05
0: MPIL CopyToCPU RADIX-12 Dissemination Time: 2.541063e-05
0: MPIL CopyToCPU RADIX-13 Dissemination Time: 2.623090e-05
0: MPIL CopyToCPU RADIX-14 Dissemination Time: 2.559221e-05
0: Testing Size 128
0: PMPI Allreduce Time: 2.587241e-05
0: MPIL GPU-Aware Recursive Doubling Time: 2.596272e-05
0: MPIL GPU-Aware Node-Aware Dissemination Time: 4.092289e-05
0: MPIL GPU-Aware NUMA-Aware Dissemination Time: 5.646807e-05
0: CopyToCPU PMPI Allreduce Time: 2.724194e-05
0: MPIL CopyToCPU Recursive Doubling Time: 2.944753e-05
0: MPIL CopyToCPU Node-Aware Dissemination Time: 3.427807e-05
0: MPIL CopyToCPU NUMA-Aware Dissemination Time: 2.929349e-05
0: MPIL CopyToCPU RADIX-3 Dissemination Time: 2.943593e-05
0: MPIL CopyToCPU RADIX-4 Dissemination Time: 2.428608e-05
0: MPIL CopyToCPU RADIX-5 Dissemination Time: 2.695052e-05
0: MPIL CopyToCPU RADIX-6 Dissemination Time: 2.740611e-05
0: MPIL CopyToCPU RADIX-7 Dissemination Time: 2.815879e-05
0: MPIL CopyToCPU RADIX-8 Dissemination Time: 2.628721e-05
0: MPIL CopyToCPU RADIX-9 Dissemination Time: 3.070990e-05
0: MPIL CopyToCPU RADIX-10 Dissemination Time: 3.200403e-05
0: MPIL CopyToCPU RADIX-11 Dissemination Time: 3.385943e-05
0: MPIL CopyToCPU RADIX-12 Dissemination Time: 3.515901e-05
0: MPIL CopyToCPU RADIX-13 Dissemination Time: 3.510007e-05
0: MPIL CopyToCPU RADIX-14 Dissemination Time: 3.550932e-05
0: Testing Size 256
0: PMPI Allreduce Time: 2.992547e-05
0: MPIL GPU-Aware Recursive Doubling Time: 2.997206e-05
0: MPIL GPU-Aware Node-Aware Dissemination Time: 5.351599e-05
0: MPIL GPU-Aware NUMA-Aware Dissemination Time: 6.160183e-05
0: CopyToCPU PMPI Allreduce Time: 3.352360e-05
0: MPIL CopyToCPU Recursive Doubling Time: 3.601992e-05
0: MPIL CopyToCPU Node-Aware Dissemination Time: 4.860717e-05
0: MPIL CopyToCPU NUMA-Aware Dissemination Time: 3.495702e-05
0: MPIL CopyToCPU RADIX-3 Dissemination Time: 3.166819e-05
0: MPIL CopyToCPU RADIX-4 Dissemination Time: 2.684443e-05
0: MPIL CopyToCPU RADIX-5 Dissemination Time: 2.949237e-05
0: MPIL CopyToCPU RADIX-6 Dissemination Time: 3.189485e-05
0: MPIL CopyToCPU RADIX-7 Dissemination Time: 3.162054e-05
0: MPIL CopyToCPU RADIX-8 Dissemination Time: 2.984149e-05
0: MPIL CopyToCPU RADIX-9 Dissemination Time: 3.927638e-05
0: MPIL CopyToCPU RADIX-10 Dissemination Time: 3.832384e-05
0: MPIL CopyToCPU RADIX-11 Dissemination Time: 3.978498e-05
0: MPIL CopyToCPU RADIX-12 Dissemination Time: 4.221959e-05
0: MPIL CopyToCPU RADIX-13 Dissemination Time: 4.111542e-05
0: MPIL CopyToCPU RADIX-14 Dissemination Time: 4.234566e-05
0: Testing Size 512
0: PMPI Allreduce Time: 3.647627e-05
0: MPIL GPU-Aware Recursive Doubling Time: 3.648420e-05
0: MPIL GPU-Aware Node-Aware Dissemination Time: 6.148195e-05
0: MPIL GPU-Aware NUMA-Aware Dissemination Time: 7.078174e-05
0: CopyToCPU PMPI Allreduce Time: 3.706814e-05
0: MPIL CopyToCPU Recursive Doubling Time: 4.012752e-05
0: MPIL CopyToCPU Node-Aware Dissemination Time: 5.431680e-05
0: MPIL CopyToCPU NUMA-Aware Dissemination Time: 4.114398e-05
0: MPIL CopyToCPU RADIX-3 Dissemination Time: 3.913339e-05
0: MPIL CopyToCPU RADIX-4 Dissemination Time: 3.098082e-05
0: MPIL CopyToCPU RADIX-5 Dissemination Time: 3.289889e-05
0: MPIL CopyToCPU RADIX-6 Dissemination Time: 3.615027e-05
0: MPIL CopyToCPU RADIX-7 Dissemination Time: 3.648989e-05
0: MPIL CopyToCPU RADIX-8 Dissemination Time: 3.529340e-05
0: MPIL CopyToCPU RADIX-9 Dissemination Time: 4.088778e-05
0: MPIL CopyToCPU RADIX-10 Dissemination Time: 4.293294e-05
0: MPIL CopyToCPU RADIX-11 Dissemination Time: 4.494745e-05
0: MPIL CopyToCPU RADIX-12 Dissemination Time: 4.670310e-05
0: MPIL CopyToCPU RADIX-13 Dissemination Time: 4.720133e-05
0: MPIL CopyToCPU RADIX-14 Dissemination Time: 4.840459e-05
0: Testing Size 1024
0: PMPI Allreduce Time: 7.500558e-05
0: MPIL GPU-Aware Recursive Doubling Time: 7.470366e-05
0: MPIL GPU-Aware Node-Aware Dissemination Time: 4.188504e-04
0: MPIL GPU-Aware NUMA-Aware Dissemination Time: 1.282780e-03
0: CopyToCPU PMPI Allreduce Time: 5.338724e-05
0: MPIL CopyToCPU Recursive Doubling Time: 5.742962e-05
0: MPIL CopyToCPU Node-Aware Dissemination Time: 8.278760e-05
0: MPIL CopyToCPU NUMA-Aware Dissemination Time: 5.814336e-05
0: MPIL CopyToCPU RADIX-3 Dissemination Time: 5.767527e-05
0: MPIL CopyToCPU RADIX-4 Dissemination Time: 4.065511e-05
0: MPIL CopyToCPU RADIX-5 Dissemination Time: 4.387753e-05
0: MPIL CopyToCPU RADIX-6 Dissemination Time: 5.238768e-05
0: MPIL CopyToCPU RADIX-7 Dissemination Time: 4.874359e-05
0: MPIL CopyToCPU RADIX-8 Dissemination Time: 4.657800e-05
0: MPIL CopyToCPU RADIX-9 Dissemination Time: 5.699537e-05
0: MPIL CopyToCPU RADIX-10 Dissemination Time: 6.040305e-05
0: MPIL CopyToCPU RADIX-11 Dissemination Time: 6.273174e-05
0: MPIL CopyToCPU RADIX-12 Dissemination Time: 6.421690e-05
0: MPIL CopyToCPU RADIX-13 Dissemination Time: 6.729172e-05
0: MPIL CopyToCPU RADIX-14 Dissemination Time: 6.722598e-05
0: Testing Size 2048
0: PMPI Allreduce Time: 1.401313e-04
0: MPIL GPU-Aware Recursive Doubling Time: 1.389305e-04
0: MPIL GPU-Aware Node-Aware Dissemination Time: 6.339615e-04
0: MPIL GPU-Aware NUMA-Aware Dissemination Time: 1.723689e-03
0: CopyToCPU PMPI Allreduce Time: 9.793790e-05
0: MPIL CopyToCPU Recursive Doubling Time: 8.591653e-05
0: MPIL CopyToCPU Node-Aware Dissemination Time: 1.407496e-04
0: MPIL CopyToCPU NUMA-Aware Dissemination Time: 9.161820e-05
0: MPIL CopyToCPU RADIX-3 Dissemination Time: 9.009728e-05
0: MPIL CopyToCPU RADIX-4 Dissemination Time: 6.087879e-05
0: MPIL CopyToCPU RADIX-5 Dissemination Time: 6.618532e-05
0: MPIL CopyToCPU RADIX-6 Dissemination Time: 7.286085e-05
0: MPIL CopyToCPU RADIX-7 Dissemination Time: 6.918583e-05
0: MPIL CopyToCPU RADIX-8 Dissemination Time: 6.964967e-05
0: MPIL CopyToCPU RADIX-9 Dissemination Time: 8.122932e-05
0: MPIL CopyToCPU RADIX-10 Dissemination Time: 8.569181e-05
0: MPIL CopyToCPU RADIX-11 Dissemination Time: 8.850095e-05
0: MPIL CopyToCPU RADIX-12 Dissemination Time: 9.319397e-05
0: MPIL CopyToCPU RADIX-13 Dissemination Time: 9.519749e-05
0: MPIL CopyToCPU RADIX-14 Dissemination Time: 9.432541e-05
0: Testing Size 4096
0: PMPI Allreduce Time: 1.393464e-04
0: MPIL GPU-Aware Recursive Doubling Time: 1.373040e-04
0: MPIL GPU-Aware Node-Aware Dissemination Time: 9.121454e-04
0: MPIL GPU-Aware NUMA-Aware Dissemination Time: 2.884308e-03
0: CopyToCPU PMPI Allreduce Time: 1.506805e-04
0: MPIL CopyToCPU Recursive Doubling Time: 1.587124e-04
0: MPIL CopyToCPU Node-Aware Dissemination Time: 2.330617e-04
0: MPIL CopyToCPU NUMA-Aware Dissemination Time: 1.661752e-04
0: MPIL CopyToCPU RADIX-3 Dissemination Time: 1.669256e-04
0: MPIL CopyToCPU RADIX-4 Dissemination Time: 1.153267e-04
0: MPIL CopyToCPU RADIX-5 Dissemination Time: 1.235522e-04
0: MPIL CopyToCPU RADIX-6 Dissemination Time: 1.392908e-04
0: MPIL CopyToCPU RADIX-7 Dissemination Time: 1.329214e-04
0: MPIL CopyToCPU RADIX-8 Dissemination Time: 1.278112e-04
0: MPIL CopyToCPU RADIX-9 Dissemination Time: 1.402618e-04
0: MPIL CopyToCPU RADIX-10 Dissemination Time: 1.466387e-04
0: MPIL CopyToCPU RADIX-11 Dissemination Time: 1.503210e-04
0: MPIL CopyToCPU RADIX-12 Dissemination Time: 1.573647e-04
0: MPIL CopyToCPU RADIX-13 Dissemination Time: 1.620824e-04
0: MPIL CopyToCPU RADIX-14 Dissemination Time: 1.650425e-04
0: Testing Size 8192
0: PMPI Allreduce Time: 1.432224e-04
0: MPIL GPU-Aware Recursive Doubling Time: 1.426871e-04
0: MPIL GPU-Aware Node-Aware Dissemination Time: 1.376187e-03
0: MPIL GPU-Aware NUMA-Aware Dissemination Time: 4.994650e-03
0: CopyToCPU PMPI Allreduce Time: 2.531454e-04
0: MPIL CopyToCPU Recursive Doubling Time: 2.791353e-04
0: MPIL CopyToCPU Node-Aware Dissemination Time: 4.040245e-04
0: MPIL CopyToCPU NUMA-Aware Dissemination Time: 2.886011e-04
0: MPIL CopyToCPU RADIX-3 Dissemination Time: 2.936501e-04
0: MPIL CopyToCPU RADIX-4 Dissemination Time: 1.916305e-04
0: MPIL CopyToCPU RADIX-5 Dissemination Time: 2.055440e-04
0: MPIL CopyToCPU RADIX-6 Dissemination Time: 2.270687e-04
0: MPIL CopyToCPU RADIX-7 Dissemination Time: 2.116816e-04
0: MPIL CopyToCPU RADIX-8 Dissemination Time: 2.099152e-04
0: MPIL CopyToCPU RADIX-9 Dissemination Time: 2.376843e-04
0: MPIL CopyToCPU RADIX-10 Dissemination Time: 2.442812e-04
0: MPIL CopyToCPU RADIX-11 Dissemination Time: 2.508008e-04
0: MPIL CopyToCPU RADIX-12 Dissemination Time: 2.613756e-04
0: MPIL CopyToCPU RADIX-13 Dissemination Time: 2.681958e-04
0: MPIL CopyToCPU RADIX-14 Dissemination Time: 2.626246e-04
0: Testing Size 16384
0: PMPI Allreduce Time: 1.489253e-04
0: MPIL GPU-Aware Recursive Doubling Time: 1.485124e-04
0: MPIL GPU-Aware Node-Aware Dissemination Time: 1.509280e-03
0: MPIL GPU-Aware NUMA-Aware Dissemination Time: 4.649553e-03
0: CopyToCPU PMPI Allreduce Time: 4.462727e-04
0: MPIL CopyToCPU Recursive Doubling Time: 5.047407e-04
0: MPIL CopyToCPU Node-Aware Dissemination Time: 7.237572e-04
0: MPIL CopyToCPU NUMA-Aware Dissemination Time: 5.388248e-04
0: MPIL CopyToCPU RADIX-3 Dissemination Time: 5.381818e-04
0: MPIL CopyToCPU RADIX-4 Dissemination Time: 3.517730e-04
0: MPIL CopyToCPU RADIX-5 Dissemination Time: 3.654619e-04
0: MPIL CopyToCPU RADIX-6 Dissemination Time: 3.816758e-04
0: MPIL CopyToCPU RADIX-7 Dissemination Time: 3.734187e-04
0: MPIL CopyToCPU RADIX-8 Dissemination Time: 3.705965e-04
0: MPIL CopyToCPU RADIX-9 Dissemination Time: 3.873970e-04
0: MPIL CopyToCPU RADIX-10 Dissemination Time: 4.177396e-04
0: MPIL CopyToCPU RADIX-11 Dissemination Time: 4.311541e-04
0: MPIL CopyToCPU RADIX-12 Dissemination Time: 4.599907e-04
0: MPIL CopyToCPU RADIX-13 Dissemination Time: 4.580639e-04
0: MPIL CopyToCPU RADIX-14 Dissemination Time: 4.813185e-04
0: Testing Size 32768
0: PMPI Allreduce Time: 1.685551e-04
0: MPIL GPU-Aware Recursive Doubling Time: 1.690634e-04
0: MPIL GPU-Aware Node-Aware Dissemination Time: 5.925919e-03
0: MPIL GPU-Aware NUMA-Aware Dissemination Time: 3.997948e-03
0: CopyToCPU PMPI Allreduce Time: 8.377841e-04
0: MPIL CopyToCPU Recursive Doubling Time: 9.497775e-04
0: MPIL CopyToCPU Node-Aware Dissemination Time: 1.382335e-03
0: MPIL CopyToCPU NUMA-Aware Dissemination Time: 1.003065e-03
0: MPIL CopyToCPU RADIX-3 Dissemination Time: 1.026644e-03
0: MPIL CopyToCPU RADIX-4 Dissemination Time: 6.453225e-04
0: MPIL CopyToCPU RADIX-5 Dissemination Time: 6.817485e-04
0: MPIL CopyToCPU RADIX-6 Dissemination Time: 7.116564e-04
0: MPIL CopyToCPU RADIX-7 Dissemination Time: 6.882250e-04
0: MPIL CopyToCPU RADIX-8 Dissemination Time: 6.963097e-04
0: MPIL CopyToCPU RADIX-9 Dissemination Time: 7.392330e-04
0: MPIL CopyToCPU RADIX-10 Dissemination Time: 7.834125e-04
0: MPIL CopyToCPU RADIX-11 Dissemination Time: 8.181368e-04
0: MPIL CopyToCPU RADIX-12 Dissemination Time: 8.363616e-04
0: MPIL CopyToCPU RADIX-13 Dissemination Time: 8.753210e-04
0: MPIL CopyToCPU RADIX-14 Dissemination Time: 9.060422e-04
0: Testing Size 65536
0: PMPI Allreduce Time: 1.969005e-04
0: MPIL GPU-Aware Recursive Doubling Time: 1.948870e-04
0: MPIL GPU-Aware Node-Aware Dissemination Time: 6.690340e-03
0: MPIL GPU-Aware NUMA-Aware Dissemination Time: 3.631253e-03
0: CopyToCPU PMPI Allreduce Time: 1.600538e-03
0: MPIL CopyToCPU Recursive Doubling Time: 1.802907e-03
0: MPIL CopyToCPU Node-Aware Dissemination Time: 2.675331e-03
0: MPIL CopyToCPU NUMA-Aware Dissemination Time: 1.915192e-03
0: MPIL CopyToCPU RADIX-3 Dissemination Time: 1.985192e-03
0: MPIL CopyToCPU RADIX-4 Dissemination Time: 1.313644e-03
0: MPIL CopyToCPU RADIX-5 Dissemination Time: 1.319078e-03
0: MPIL CopyToCPU RADIX-6 Dissemination Time: 1.312522e-03
0: MPIL CopyToCPU RADIX-7 Dissemination Time: 1.360894e-03
0: MPIL CopyToCPU RADIX-8 Dissemination Time: 1.372901e-03
0: MPIL CopyToCPU RADIX-9 Dissemination Time: 1.463318e-03
0: MPIL CopyToCPU RADIX-10 Dissemination Time: 1.528848e-03
0: MPIL CopyToCPU RADIX-11 Dissemination Time: 1.583317e-03
0: MPIL CopyToCPU RADIX-12 Dissemination Time: 1.640769e-03
0: MPIL CopyToCPU RADIX-13 Dissemination Time: 1.697991e-03
0: MPIL CopyToCPU RADIX-14 Dissemination Time: 1.762610e-03
0: Testing Size 131072
0: PMPI Allreduce Time: 2.354050e-04
0: MPIL GPU-Aware Recursive Doubling Time: 2.361811e-04
0: MPIL GPU-Aware Node-Aware Dissemination Time: 7.946298e-03
0: MPIL GPU-Aware NUMA-Aware Dissemination Time: 6.497008e-03
0: CopyToCPU PMPI Allreduce Time: 3.210351e-03
0: MPIL CopyToCPU Recursive Doubling Time: 3.327917e-03
0: MPIL CopyToCPU Node-Aware Dissemination Time: 5.392371e-03
0: MPIL CopyToCPU NUMA-Aware Dissemination Time: 3.749723e-03
0: MPIL CopyToCPU RADIX-3 Dissemination Time: 3.720931e-03
0: MPIL CopyToCPU RADIX-4 Dissemination Time: 2.441362e-03
0: MPIL CopyToCPU RADIX-5 Dissemination Time: 2.467233e-03
0: MPIL CopyToCPU RADIX-6 Dissemination Time: 2.562084e-03
0: MPIL CopyToCPU RADIX-7 Dissemination Time: 2.584719e-03
0: MPIL CopyToCPU RADIX-8 Dissemination Time: 2.638614e-03
0: MPIL CopyToCPU RADIX-9 Dissemination Time: 2.759042e-03
0: MPIL CopyToCPU RADIX-10 Dissemination Time: 2.955615e-03
0: MPIL CopyToCPU RADIX-11 Dissemination Time: 3.082091e-03
0: MPIL CopyToCPU RADIX-12 Dissemination Time: 3.135757e-03
0: MPIL CopyToCPU RADIX-13 Dissemination Time: 3.253614e-03
0: MPIL CopyToCPU RADIX-14 Dissemination Time: 3.357661e-03
0: Testing Size 262144
0: PMPI Allreduce Time: 2.809941e-04
0: MPIL GPU-Aware Recursive Doubling Time: 2.817795e-04
0: MPIL GPU-Aware Node-Aware Dissemination Time: 1.086964e-02
0: MPIL GPU-Aware NUMA-Aware Dissemination Time: 1.104178e-02
0: CopyToCPU PMPI Allreduce Time: 6.455462e-03
0: MPIL CopyToCPU Recursive Doubling Time: 6.285282e-03
0: MPIL CopyToCPU Node-Aware Dissemination Time: 9.533539e-03
0: MPIL CopyToCPU NUMA-Aware Dissemination Time: 7.291181e-03
0: MPIL CopyToCPU RADIX-3 Dissemination Time: 5.118282e-03
0: MPIL CopyToCPU RADIX-4 Dissemination Time: 4.879884e-03
0: MPIL CopyToCPU RADIX-5 Dissemination Time: 4.905178e-03
0: MPIL CopyToCPU RADIX-6 Dissemination Time: 5.069041e-03
0: MPIL CopyToCPU RADIX-7 Dissemination Time: 4.993031e-03
0: MPIL CopyToCPU RADIX-8 Dissemination Time: 5.161261e-03
0: MPIL CopyToCPU RADIX-9 Dissemination Time: 5.673659e-03
0: MPIL CopyToCPU RADIX-10 Dissemination Time: 5.765285e-03
0: MPIL CopyToCPU RADIX-11 Dissemination Time: 6.015995e-03
0: MPIL CopyToCPU RADIX-12 Dissemination Time: 6.176065e-03
0: MPIL CopyToCPU RADIX-13 Dissemination Time: 6.243596e-03
0: MPIL CopyToCPU RADIX-14 Dissemination Time: 6.528269e-03
0: Testing Size 524288
0: PMPI Allreduce Time: 3.781869e-04
0: MPIL GPU-Aware Recursive Doubling Time: 3.787539e-04
0: MPIL GPU-Aware Node-Aware Dissemination Time: 1.708042e-02
0: MPIL GPU-Aware NUMA-Aware Dissemination Time: 2.159778e-02
0: CopyToCPU PMPI Allreduce Time: 1.183329e-02
0: MPIL CopyToCPU Recursive Doubling Time: 1.334394e-02
0: MPIL CopyToCPU Node-Aware Dissemination Time: 2.034891e-02
0: MPIL CopyToCPU NUMA-Aware Dissemination Time: 1.456532e-02
0: MPIL CopyToCPU RADIX-3 Dissemination Time: 1.265988e-02
0: MPIL CopyToCPU RADIX-4 Dissemination Time: 9.763278e-03
0: MPIL CopyToCPU RADIX-5 Dissemination Time: 9.862235e-03
0: MPIL CopyToCPU RADIX-6 Dissemination Time: 1.033182e-02
0: MPIL CopyToCPU RADIX-7 Dissemination Time: 1.011698e-02
0: MPIL CopyToCPU RADIX-8 Dissemination Time: 1.141466e-02
0: MPIL CopyToCPU RADIX-9 Dissemination Time: 1.310253e-02
0: MPIL CopyToCPU RADIX-10 Dissemination Time: 1.380082e-02
0: MPIL CopyToCPU RADIX-11 Dissemination Time: 1.499222e-02
0: MPIL CopyToCPU RADIX-12 Dissemination Time: 1.663500e-02
0: MPIL CopyToCPU RADIX-13 Dissemination Time: 1.745885e-02
0: MPIL CopyToCPU RADIX-14 Dissemination Time: 1.773678e-02
