0: Testing Size 1
0: PMPI Allreduce Time: 2.848576e-05
0: MPIL GPU-Aware Recursive Doubling Time: 2.804134e-05
0: MPIL GPU-Aware Node-Aware Dissemination Time: 6.281139e-05
0: MPIL GPU-Aware NUMA-Aware Dissemination Time: 7.862753e-05
0: CopyToCPU PMPI Allreduce Time: 2.797652e-05
0: MPIL CopyToCPU Recursive Doubling Time: 2.882803e-05
0: MPIL CopyToCPU Node-Aware Dissemination Time: 3.719393e-05
0: MPIL CopyToCPU NUMA-Aware Dissemination Time: 2.849743e-05
0: MPIL CopyToCPU RADIX-3 Dissemination Time: 3.019283e-05
0: MPIL CopyToCPU RADIX-4 Dissemination Time: 2.330004e-05
0: MPIL CopyToCPU RADIX-5 Dissemination Time: 2.908594e-05
0: MPIL CopyToCPU RADIX-6 Dissemination Time: 2.981242e-05
0: MPIL CopyToCPU RADIX-7 Dissemination Time: 3.018197e-05
0: MPIL CopyToCPU RADIX-8 Dissemination Time: 2.511166e-05
0: MPIL CopyToCPU RADIX-9 Dissemination Time: 3.310606e-05
0: MPIL CopyToCPU RADIX-10 Dissemination Time: 3.608225e-05
0: MPIL CopyToCPU RADIX-11 Dissemination Time: 3.864485e-05
0: MPIL CopyToCPU RADIX-12 Dissemination Time: 3.539833e-05
0: MPIL CopyToCPU RADIX-13 Dissemination Time: 3.647845e-05
0: MPIL CopyToCPU RADIX-14 Dissemination Time: 3.853553e-05
0: Testing Size 2
0: PMPI Allreduce Time: 2.858168e-05
0: MPIL GPU-Aware Recursive Doubling Time: 2.825968e-05
0: MPIL GPU-Aware Node-Aware Dissemination Time: 6.270137e-05
0: MPIL GPU-Aware NUMA-Aware Dissemination Time: 7.998930e-05
0: CopyToCPU PMPI Allreduce Time: 2.866588e-05
0: MPIL CopyToCPU Recursive Doubling Time: 2.898944e-05
0: MPIL CopyToCPU Node-Aware Dissemination Time: 3.724257e-05
0: MPIL CopyToCPU NUMA-Aware Dissemination Time: 2.915164e-05
0: MPIL CopyToCPU RADIX-3 Dissemination Time: 3.230031e-05
0: MPIL CopyToCPU RADIX-4 Dissemination Time: 2.392853e-05
0: MPIL CopyToCPU RADIX-5 Dissemination Time: 2.981811e-05
0: MPIL CopyToCPU RADIX-6 Dissemination Time: 2.971191e-05
0: MPIL CopyToCPU RADIX-7 Dissemination Time: 3.053401e-05
0: MPIL CopyToCPU RADIX-8 Dissemination Time: 2.512867e-05
0: MPIL CopyToCPU RADIX-9 Dissemination Time: 3.188624e-05
0: MPIL CopyToCPU RADIX-10 Dissemination Time: 3.288939e-05
0: MPIL CopyToCPU RADIX-11 Dissemination Time: 3.391233e-05
0: MPIL CopyToCPU RADIX-12 Dissemination Time: 3.295611e-05
0: MPIL CopyToCPU RADIX-13 Dissemination Time: 3.492663e-05
0: MPIL CopyToCPU RADIX-14 Dissemination Time: 3.652400e-05
0: Testing Size 4
0: PMPI Allreduce Time: 2.818413e-05
0: MPIL GPU-Aware Recursive Doubling Time: 2.818842e-05
0: MPIL GPU-Aware Node-Aware Dissemination Time: 6.229336e-05
0: MPIL GPU-Aware NUMA-Aware Dissemination Time: 7.804663e-05
0: CopyToCPU PMPI Allreduce Time: 2.792387e-05
0: MPIL CopyToCPU Recursive Doubling Time: 2.872917e-05
0: MPIL CopyToCPU Node-Aware Dissemination Time: 3.727400e-05
0: MPIL CopyToCPU NUMA-Aware Dissemination Time: 2.853315e-05
0: MPIL CopyToCPU RADIX-3 Dissemination Time: 3.040999e-05
0: MPIL CopyToCPU RADIX-4 Dissemination Time: 2.389760e-05
0: MPIL CopyToCPU RADIX-5 Dissemination Time: 2.938177e-05
0: MPIL CopyToCPU RADIX-6 Dissemination Time: 3.006338e-05
0: MPIL CopyToCPU RADIX-7 Dissemination Time: 3.044401e-05
0: MPIL CopyToCPU RADIX-8 Dissemination Time: 2.539490e-05
0: MPIL CopyToCPU RADIX-9 Dissemination Time: 3.199467e-05
0: MPIL CopyToCPU RADIX-10 Dissemination Time: 3.304179e-05
0: MPIL CopyToCPU RADIX-11 Dissemination Time: 3.416551e-05
0: MPIL CopyToCPU RADIX-12 Dissemination Time: 3.331915e-05
0: MPIL CopyToCPU RADIX-13 Dissemination Time: 3.525595e-05
0: MPIL CopyToCPU RADIX-14 Dissemination Time: 3.707643e-05
0: Testing Size 8
0: PMPI Allreduce Time: 2.831956e-05
0: MPIL GPU-Aware Recursive Doubling Time: 2.818075e-05
0: MPIL GPU-Aware Node-Aware Dissemination Time: 6.237913e-05
0: MPIL GPU-Aware NUMA-Aware Dissemination Time: 7.870436e-05
0: CopyToCPU PMPI Allreduce Time: 2.778385e-05
0: MPIL CopyToCPU Recursive Doubling Time: 3.028321e-05
0: MPIL CopyToCPU Node-Aware Dissemination Time: 3.716432e-05
0: MPIL CopyToCPU NUMA-Aware Dissemination Time: 2.939327e-05
0: MPIL CopyToCPU RADIX-3 Dissemination Time: 3.108449e-05
0: MPIL CopyToCPU RADIX-4 Dissemination Time: 2.465749e-05
0: MPIL CopyToCPU RADIX-5 Dissemination Time: 2.991297e-05
0: MPIL CopyToCPU RADIX-6 Dissemination Time: 3.065712e-05
0: MPIL CopyToCPU RADIX-7 Dissemination Time: 3.107039e-05
0: MPIL CopyToCPU RADIX-8 Dissemination Time: 2.619087e-05
0: MPIL CopyToCPU RADIX-9 Dissemination Time: 3.296748e-05
0: MPIL CopyToCPU RADIX-10 Dissemination Time: 3.392000e-05
0: MPIL CopyToCPU RADIX-11 Dissemination Time: 3.521164e-05
0: MPIL CopyToCPU RADIX-12 Dissemination Time: 3.473492e-05
0: MPIL CopyToCPU RADIX-13 Dissemination Time: 3.642061e-05
0: MPIL CopyToCPU RADIX-14 Dissemination Time: 3.817176e-05
0: Testing Size 16
0: PMPI Allreduce Time: 3.055893e-05
0: MPIL GPU-Aware Recursive Doubling Time: 3.051626e-05
0: MPIL GPU-Aware Node-Aware Dissemination Time: 6.537984e-05
0: MPIL GPU-Aware NUMA-Aware Dissemination Time: 8.012670e-05
0: CopyToCPU PMPI Allreduce Time: 3.001592e-05
0: MPIL CopyToCPU Recursive Doubling Time: 3.366935e-05
0: MPIL CopyToCPU Node-Aware Dissemination Time: 4.130510e-05
0: MPIL CopyToCPU NUMA-Aware Dissemination Time: 3.163621e-05
0: MPIL CopyToCPU RADIX-3 Dissemination Time: 3.264900e-05
0: MPIL CopyToCPU RADIX-4 Dissemination Time: 2.524108e-05
0: MPIL CopyToCPU RADIX-5 Dissemination Time: 3.136800e-05
0: MPIL CopyToCPU RADIX-6 Dissemination Time: 3.215577e-05
0: MPIL CopyToCPU RADIX-7 Dissemination Time: 3.194527e-05
0: MPIL CopyToCPU RADIX-8 Dissemination Time: 2.687287e-05
0: MPIL CopyToCPU RADIX-9 Dissemination Time: 3.429731e-05
0: MPIL CopyToCPU RADIX-10 Dissemination Time: 3.573618e-05
0: MPIL CopyToCPU RADIX-11 Dissemination Time: 3.677578e-05
0: MPIL CopyToCPU RADIX-12 Dissemination Time: 3.605164e-05
0: MPIL CopyToCPU RADIX-13 Dissemination Time: 3.761206e-05
0: MPIL CopyToCPU RADIX-14 Dissemination Time: 3.935585e-05
0: Testing Size 32
0: PMPI Allreduce Time: 4.420185e-05
0: MPIL GPU-Aware Recursive Doubling Time: 4.393191e-05
0: MPIL GPU-Aware Node-Aware Dissemination Time: 7.381215e-05
0: MPIL GPU-Aware NUMA-Aware Dissemination Time: 9.518436e-05
0: CopyToCPU PMPI Allreduce Time: 4.160918e-05
0: MPIL CopyToCPU Recursive Doubling Time: 4.430243e-05
0: MPIL CopyToCPU Node-Aware Dissemination Time: 4.929873e-05
0: MPIL CopyToCPU NUMA-Aware Dissemination Time: 5.217112e-05
0: MPIL CopyToCPU RADIX-3 Dissemination Time: 4.666496e-05
0: MPIL CopyToCPU RADIX-4 Dissemination Time: 3.492517e-05
0: MPIL CopyToCPU RADIX-5 Dissemination Time: 4.338700e-05
0: MPIL CopyToCPU RADIX-6 Dissemination Time: 4.051420e-05
0: MPIL CopyToCPU RADIX-7 Dissemination Time: 4.074329e-05
0: MPIL CopyToCPU RADIX-8 Dissemination Time: 3.381065e-05
0: MPIL CopyToCPU RADIX-9 Dissemination Time: 4.248004e-05
0: MPIL CopyToCPU RADIX-10 Dissemination Time: 4.366849e-05
0: MPIL CopyToCPU RADIX-11 Dissemination Time: 4.457384e-05
0: MPIL CopyToCPU RADIX-12 Dissemination Time: 4.000073e-05
0: MPIL CopyToCPU RADIX-13 Dissemination Time: 4.157795e-05
0: MPIL CopyToCPU RADIX-14 Dissemination Time: 4.344353e-05
0: Testing Size 64
0: PMPI Allreduce Time: 4.472178e-05
0: MPIL GPU-Aware Recursive Doubling Time: 4.477998e-05
0: MPIL GPU-Aware Node-Aware Dissemination Time: 7.749689e-05
0: MPIL GPU-Aware NUMA-Aware Dissemination Time: 9.606809e-05
0: CopyToCPU PMPI Allreduce Time: 4.372531e-05
0: MPIL CopyToCPU Recursive Doubling Time: 4.538563e-05
0: MPIL CopyToCPU Node-Aware Dissemination Time: 5.284424e-05
0: MPIL CopyToCPU NUMA-Aware Dissemination Time: 5.241223e-05
0: MPIL CopyToCPU RADIX-3 Dissemination Time: 4.757697e-05
0: MPIL CopyToCPU RADIX-4 Dissemination Time: 3.560791e-05
0: MPIL CopyToCPU RADIX-5 Dissemination Time: 4.400428e-05
0: MPIL CopyToCPU RADIX-6 Dissemination Time: 4.082559e-05
0: MPIL CopyToCPU RADIX-7 Dissemination Time: 4.126633e-05
0: MPIL CopyToCPU RADIX-8 Dissemination Time: 3.440877e-05
0: MPIL CopyToCPU RADIX-9 Dissemination Time: 4.304069e-05
0: MPIL CopyToCPU RADIX-10 Dissemination Time: 4.432620e-05
0: MPIL CopyToCPU RADIX-11 Dissemination Time: 4.523266e-05
0: MPIL CopyToCPU RADIX-12 Dissemination Time: 4.040447e-05
0: MPIL CopyToCPU RADIX-13 Dissemination Time: 4.234334e-05
0: MPIL CopyToCPU RADIX-14 Dissemination Time: 4.421784e-05
0: Testing Size 128
0: PMPI Allreduce Time: 5.527941e-05
0: MPIL GPU-Aware Recursive Doubling Time: 5.523360e-05
0: MPIL GPU-Aware Node-Aware Dissemination Time: 1.191983e-04
0: MPIL GPU-Aware NUMA-Aware Dissemination Time: 1.069977e-04
0: CopyToCPU PMPI Allreduce Time: 5.584640e-05
0: MPIL CopyToCPU Recursive Doubling Time: 5.761613e-05
0: MPIL CopyToCPU Node-Aware Dissemination Time: 9.297608e-05
0: MPIL CopyToCPU NUMA-Aware Dissemination Time: 5.698462e-05
0: MPIL CopyToCPU RADIX-3 Dissemination Time: 5.334288e-05
0: MPIL CopyToCPU RADIX-4 Dissemination Time: 4.230921e-05
0: MPIL CopyToCPU RADIX-5 Dissemination Time: 5.109163e-05
0: MPIL CopyToCPU RADIX-6 Dissemination Time: 4.877404e-05
0: MPIL CopyToCPU RADIX-7 Dissemination Time: 4.901265e-05
0: MPIL CopyToCPU RADIX-8 Dissemination Time: 4.208223e-05
0: MPIL CopyToCPU RADIX-9 Dissemination Time: 5.092081e-05
0: MPIL CopyToCPU RADIX-10 Dissemination Time: 5.320878e-05
0: MPIL CopyToCPU RADIX-11 Dissemination Time: 5.621023e-05
0: MPIL CopyToCPU RADIX-12 Dissemination Time: 5.175275e-05
0: MPIL CopyToCPU RADIX-13 Dissemination Time: 5.399665e-05
0: MPIL CopyToCPU RADIX-14 Dissemination Time: 5.726143e-05
0: Testing Size 256
0: PMPI Allreduce Time: 5.955553e-05
0: MPIL GPU-Aware Recursive Doubling Time: 5.952064e-05
0: MPIL GPU-Aware Node-Aware Dissemination Time: 1.444976e-04
0: MPIL GPU-Aware NUMA-Aware Dissemination Time: 1.155994e-04
0: CopyToCPU PMPI Allreduce Time: 6.347130e-05
0: MPIL CopyToCPU Recursive Doubling Time: 6.534693e-05
0: MPIL CopyToCPU Node-Aware Dissemination Time: 1.273540e-04
0: MPIL CopyToCPU NUMA-Aware Dissemination Time: 6.369153e-05
0: MPIL CopyToCPU RADIX-3 Dissemination Time: 5.822158e-05
0: MPIL CopyToCPU RADIX-4 Dissemination Time: 4.617987e-05
0: MPIL CopyToCPU RADIX-5 Dissemination Time: 5.469749e-05
0: MPIL CopyToCPU RADIX-6 Dissemination Time: 5.227286e-05
0: MPIL CopyToCPU RADIX-7 Dissemination Time: 5.235232e-05
0: MPIL CopyToCPU RADIX-8 Dissemination Time: 4.629785e-05
0: MPIL CopyToCPU RADIX-9 Dissemination Time: 5.574258e-05
0: MPIL CopyToCPU RADIX-10 Dissemination Time: 5.804881e-05
0: MPIL CopyToCPU RADIX-11 Dissemination Time: 5.895660e-05
0: MPIL CopyToCPU RADIX-12 Dissemination Time: 5.669510e-05
0: MPIL CopyToCPU RADIX-13 Dissemination Time: 5.958695e-05
0: MPIL CopyToCPU RADIX-14 Dissemination Time: 6.252722e-05
0: Testing Size 512
0: PMPI Allreduce Time: 6.764863e-05
0: MPIL GPU-Aware Recursive Doubling Time: 6.760900e-05
0: MPIL GPU-Aware Node-Aware Dissemination Time: 1.582936e-04
0: MPIL GPU-Aware NUMA-Aware Dissemination Time: 1.239539e-04
0: CopyToCPU PMPI Allreduce Time: 6.844000e-05
0: MPIL CopyToCPU Recursive Doubling Time: 7.130540e-05
0: MPIL CopyToCPU Node-Aware Dissemination Time: 1.383146e-04
0: MPIL CopyToCPU NUMA-Aware Dissemination Time: 7.207415e-05
0: MPIL CopyToCPU RADIX-3 Dissemination Time: 6.590988e-05
0: MPIL CopyToCPU RADIX-4 Dissemination Time: 5.161582e-05
0: MPIL CopyToCPU RADIX-5 Dissemination Time: 5.961226e-05
0: MPIL CopyToCPU RADIX-6 Dissemination Time: 5.775618e-05
0: MPIL CopyToCPU RADIX-7 Dissemination Time: 5.946913e-05
0: MPIL CopyToCPU RADIX-8 Dissemination Time: 5.234455e-05
0: MPIL CopyToCPU RADIX-9 Dissemination Time: 6.178080e-05
0: MPIL CopyToCPU RADIX-10 Dissemination Time: 6.373238e-05
0: MPIL CopyToCPU RADIX-11 Dissemination Time: 6.593602e-05
0: MPIL CopyToCPU RADIX-12 Dissemination Time: 6.265724e-05
0: MPIL CopyToCPU RADIX-13 Dissemination Time: 6.590183e-05
0: MPIL CopyToCPU RADIX-14 Dissemination Time: 6.729906e-05
0: Testing Size 1024
0: PMPI Allreduce Time: 1.066401e-04
0: MPIL GPU-Aware Recursive Doubling Time: 1.064723e-04
0: MPIL GPU-Aware Node-Aware Dissemination Time: 1.903633e-03
0: MPIL GPU-Aware NUMA-Aware Dissemination Time: 3.353855e-03
0: CopyToCPU PMPI Allreduce Time: 8.408877e-05
0: MPIL CopyToCPU Recursive Doubling Time: 8.897219e-05
0: MPIL CopyToCPU Node-Aware Dissemination Time: 1.854262e-04
0: MPIL CopyToCPU NUMA-Aware Dissemination Time: 9.027359e-05
0: MPIL CopyToCPU RADIX-3 Dissemination Time: 8.372978e-05
0: MPIL CopyToCPU RADIX-4 Dissemination Time: 6.449171e-05
0: MPIL CopyToCPU RADIX-5 Dissemination Time: 7.345002e-05
0: MPIL CopyToCPU RADIX-6 Dissemination Time: 7.148505e-05
0: MPIL CopyToCPU RADIX-7 Dissemination Time: 7.142698e-05
0: MPIL CopyToCPU RADIX-8 Dissemination Time: 6.754276e-05
0: MPIL CopyToCPU RADIX-9 Dissemination Time: 7.580371e-05
0: MPIL CopyToCPU RADIX-10 Dissemination Time: 7.971417e-05
0: MPIL CopyToCPU RADIX-11 Dissemination Time: 8.215290e-05
0: MPIL CopyToCPU RADIX-12 Dissemination Time: 8.214736e-05
0: MPIL CopyToCPU RADIX-13 Dissemination Time: 8.458589e-05
0: MPIL CopyToCPU RADIX-14 Dissemination Time: 8.924774e-05
0: Testing Size 2048
0: PMPI Allreduce Time: 2.325825e-04
0: MPIL GPU-Aware Recursive Doubling Time: 2.314510e-04
0: MPIL GPU-Aware Node-Aware Dissemination Time: 2.201833e-03
0: MPIL GPU-Aware NUMA-Aware Dissemination Time: 5.282601e-03
0: CopyToCPU PMPI Allreduce Time: 1.394732e-04
0: MPIL CopyToCPU Recursive Doubling Time: 1.220082e-04
0: MPIL CopyToCPU Node-Aware Dissemination Time: 3.016047e-04
0: MPIL CopyToCPU NUMA-Aware Dissemination Time: 1.285456e-04
0: MPIL CopyToCPU RADIX-3 Dissemination Time: 1.212686e-04
0: MPIL CopyToCPU RADIX-4 Dissemination Time: 8.674375e-05
0: MPIL CopyToCPU RADIX-5 Dissemination Time: 9.871198e-05
0: MPIL CopyToCPU RADIX-6 Dissemination Time: 1.028960e-04
0: MPIL CopyToCPU RADIX-7 Dissemination Time: 1.026018e-04
0: MPIL CopyToCPU RADIX-8 Dissemination Time: 9.551817e-05
0: MPIL CopyToCPU RADIX-9 Dissemination Time: 1.071232e-04
0: MPIL CopyToCPU RADIX-10 Dissemination Time: 1.137606e-04
0: MPIL CopyToCPU RADIX-11 Dissemination Time: 1.171096e-04
0: MPIL CopyToCPU RADIX-12 Dissemination Time: 1.157382e-04
0: MPIL CopyToCPU RADIX-13 Dissemination Time: 1.214792e-04
0: MPIL CopyToCPU RADIX-14 Dissemination Time: 1.272497e-04
0: Testing Size 4096
0: PMPI Allreduce Time: 2.312362e-04
0: MPIL GPU-Aware Recursive Doubling Time: 2.308237e-04
0: MPIL GPU-Aware Node-Aware Dissemination Time: 3.510882e-03
0: MPIL GPU-Aware NUMA-Aware Dissemination Time: 8.544955e-03
0: CopyToCPU PMPI Allreduce Time: 2.012616e-04
0: MPIL CopyToCPU Recursive Doubling Time: 2.263698e-04
0: MPIL CopyToCPU Node-Aware Dissemination Time: 5.195686e-04
0: MPIL CopyToCPU NUMA-Aware Dissemination Time: 2.443959e-04
0: MPIL CopyToCPU RADIX-3 Dissemination Time: 2.310251e-04
0: MPIL CopyToCPU RADIX-4 Dissemination Time: 1.666773e-04
0: MPIL CopyToCPU RADIX-5 Dissemination Time: 1.937255e-04
0: MPIL CopyToCPU RADIX-6 Dissemination Time: 1.917038e-04
0: MPIL CopyToCPU RADIX-7 Dissemination Time: 1.893918e-04
0: MPIL CopyToCPU RADIX-8 Dissemination Time: 1.766140e-04
0: MPIL CopyToCPU RADIX-9 Dissemination Time: 2.047803e-04
0: MPIL CopyToCPU RADIX-10 Dissemination Time: 2.117776e-04
0: MPIL CopyToCPU RADIX-11 Dissemination Time: 2.193323e-04
0: MPIL CopyToCPU RADIX-12 Dissemination Time: 2.140968e-04
0: MPIL CopyToCPU RADIX-13 Dissemination Time: 2.248254e-04
0: MPIL CopyToCPU RADIX-14 Dissemination Time: 2.318005e-04
0: Testing Size 8192
0: PMPI Allreduce Time: 2.396957e-04
0: MPIL GPU-Aware Recursive Doubling Time: 2.395561e-04
0: MPIL GPU-Aware Node-Aware Dissemination Time: 6.119432e-03
0: MPIL GPU-Aware NUMA-Aware Dissemination Time: 1.082967e-02
0: CopyToCPU PMPI Allreduce Time: 3.175853e-04
0: MPIL CopyToCPU Recursive Doubling Time: 3.584011e-04
0: MPIL CopyToCPU Node-Aware Dissemination Time: 8.877995e-04
0: MPIL CopyToCPU NUMA-Aware Dissemination Time: 3.820756e-04
0: MPIL CopyToCPU RADIX-3 Dissemination Time: 3.787683e-04
0: MPIL CopyToCPU RADIX-4 Dissemination Time: 2.735896e-04
0: MPIL CopyToCPU RADIX-5 Dissemination Time: 3.033369e-04
0: MPIL CopyToCPU RADIX-6 Dissemination Time: 3.140772e-04
0: MPIL CopyToCPU RADIX-7 Dissemination Time: 3.217305e-04
0: MPIL CopyToCPU RADIX-8 Dissemination Time: 3.060574e-04
0: MPIL CopyToCPU RADIX-9 Dissemination Time: 3.340873e-04
0: MPIL CopyToCPU RADIX-10 Dissemination Time: 3.481178e-04
0: MPIL CopyToCPU RADIX-11 Dissemination Time: 3.597946e-04
0: MPIL CopyToCPU RADIX-12 Dissemination Time: 3.662999e-04
0: MPIL CopyToCPU RADIX-13 Dissemination Time: 3.814952e-04
0: MPIL CopyToCPU RADIX-14 Dissemination Time: 4.025606e-04
0: Testing Size 16384
0: PMPI Allreduce Time: 2.463948e-04
0: MPIL GPU-Aware Recursive Doubling Time: 2.454553e-04
0: MPIL GPU-Aware Node-Aware Dissemination Time: 4.648497e-03
0: MPIL GPU-Aware NUMA-Aware Dissemination Time: 9.060707e-03
0: CopyToCPU PMPI Allreduce Time: 5.064489e-04
0: MPIL CopyToCPU Recursive Doubling Time: 6.274178e-04
0: MPIL CopyToCPU Node-Aware Dissemination Time: 1.532654e-03
0: MPIL CopyToCPU NUMA-Aware Dissemination Time: 6.699626e-04
0: MPIL CopyToCPU RADIX-3 Dissemination Time: 6.739956e-04
0: MPIL CopyToCPU RADIX-4 Dissemination Time: 4.823315e-04
0: MPIL CopyToCPU RADIX-5 Dissemination Time: 5.241162e-04
0: MPIL CopyToCPU RADIX-6 Dissemination Time: 5.560047e-04
0: MPIL CopyToCPU RADIX-7 Dissemination Time: 5.709799e-04
0: MPIL CopyToCPU RADIX-8 Dissemination Time: 5.651477e-04
0: MPIL CopyToCPU RADIX-9 Dissemination Time: 6.012070e-04
0: MPIL CopyToCPU RADIX-10 Dissemination Time: 6.405762e-04
0: MPIL CopyToCPU RADIX-11 Dissemination Time: 6.784862e-04
0: MPIL CopyToCPU RADIX-12 Dissemination Time: 6.504844e-04
0: MPIL CopyToCPU RADIX-13 Dissemination Time: 6.967773e-04
0: MPIL CopyToCPU RADIX-14 Dissemination Time: 7.211556e-04
0: Testing Size 32768
0: PMPI Allreduce Time: 2.705121e-04
0: MPIL GPU-Aware Recursive Doubling Time: 2.699137e-04
0: MPIL GPU-Aware Node-Aware Dissemination Time: 1.676246e-02
0: MPIL GPU-Aware NUMA-Aware Dissemination Time: 8.017552e-03
0: CopyToCPU PMPI Allreduce Time: 9.127439e-04
0: MPIL CopyToCPU Recursive Doubling Time: 1.125705e-03
0: MPIL CopyToCPU Node-Aware Dissemination Time: 2.865410e-03
0: MPIL CopyToCPU NUMA-Aware Dissemination Time: 1.215631e-03
0: MPIL CopyToCPU RADIX-3 Dissemination Time: 1.265275e-03
0: MPIL CopyToCPU RADIX-4 Dissemination Time: 8.932905e-04
0: MPIL CopyToCPU RADIX-5 Dissemination Time: 9.840739e-04
0: MPIL CopyToCPU RADIX-6 Dissemination Time: 1.051180e-03
0: MPIL CopyToCPU RADIX-7 Dissemination Time: 1.067174e-03
0: MPIL CopyToCPU RADIX-8 Dissemination Time: 1.057206e-03
0: MPIL CopyToCPU RADIX-9 Dissemination Time: 1.135281e-03
0: MPIL CopyToCPU RADIX-10 Dissemination Time: 1.248511e-03
0: MPIL CopyToCPU RADIX-11 Dissemination Time: 1.264663e-03
0: MPIL CopyToCPU RADIX-12 Dissemination Time: 1.248636e-03
0: MPIL CopyToCPU RADIX-13 Dissemination Time: 1.321016e-03
0: MPIL CopyToCPU RADIX-14 Dissemination Time: 1.382302e-03
0: Testing Size 65536
0: PMPI Allreduce Time: 3.017284e-04
0: MPIL GPU-Aware Recursive Doubling Time: 2.999206e-04
0: MPIL GPU-Aware Node-Aware Dissemination Time: 2.035819e-02
0: MPIL GPU-Aware NUMA-Aware Dissemination Time: 9.547485e-03
0: CopyToCPU PMPI Allreduce Time: 1.666698e-03
0: MPIL CopyToCPU Recursive Doubling Time: 2.184300e-03
0: MPIL CopyToCPU Node-Aware Dissemination Time: 5.173220e-03
0: MPIL CopyToCPU NUMA-Aware Dissemination Time: 2.293875e-03
0: MPIL CopyToCPU RADIX-3 Dissemination Time: 2.391552e-03
0: MPIL CopyToCPU RADIX-4 Dissemination Time: 1.842232e-03
0: MPIL CopyToCPU RADIX-5 Dissemination Time: 1.846049e-03
0: MPIL CopyToCPU RADIX-6 Dissemination Time: 1.968677e-03
0: MPIL CopyToCPU RADIX-7 Dissemination Time: 1.986095e-03
0: MPIL CopyToCPU RADIX-8 Dissemination Time: 1.965206e-03
0: MPIL CopyToCPU RADIX-9 Dissemination Time: 2.059508e-03
0: MPIL CopyToCPU RADIX-10 Dissemination Time: 2.144128e-03
0: MPIL CopyToCPU RADIX-11 Dissemination Time: 2.238799e-03
0: MPIL CopyToCPU RADIX-12 Dissemination Time: 2.365889e-03
0: MPIL CopyToCPU RADIX-13 Dissemination Time: 2.478318e-03
0: MPIL CopyToCPU RADIX-14 Dissemination Time: 2.591629e-03
0: Testing Size 131072
0: PMPI Allreduce Time: 3.626886e-04
0: MPIL GPU-Aware Recursive Doubling Time: 3.615671e-04
0: MPIL GPU-Aware Node-Aware Dissemination Time: 2.427885e-02
0: MPIL GPU-Aware NUMA-Aware Dissemination Time: 1.259394e-02
0: CopyToCPU PMPI Allreduce Time: 3.462483e-03
0: MPIL CopyToCPU Recursive Doubling Time: 3.825799e-03
0: MPIL CopyToCPU Node-Aware Dissemination Time: 7.463848e-03
0: MPIL CopyToCPU NUMA-Aware Dissemination Time: 4.340293e-03
0: MPIL CopyToCPU RADIX-3 Dissemination Time: 4.653449e-03
0: MPIL CopyToCPU RADIX-4 Dissemination Time: 3.176823e-03
0: MPIL CopyToCPU RADIX-5 Dissemination Time: 3.314714e-03
0: MPIL CopyToCPU RADIX-6 Dissemination Time: 3.617264e-03
0: MPIL CopyToCPU RADIX-7 Dissemination Time: 3.642071e-03
0: MPIL CopyToCPU RADIX-8 Dissemination Time: 3.606971e-03
0: MPIL CopyToCPU RADIX-9 Dissemination Time: 3.807627e-03
0: MPIL CopyToCPU RADIX-10 Dissemination Time: 3.978435e-03
0: MPIL CopyToCPU RADIX-11 Dissemination Time: 4.161642e-03
0: MPIL CopyToCPU RADIX-12 Dissemination Time: 4.340056e-03
0: MPIL CopyToCPU RADIX-13 Dissemination Time: 4.555641e-03
0: MPIL CopyToCPU RADIX-14 Dissemination Time: 4.786758e-03
0: Testing Size 262144
0: PMPI Allreduce Time: 4.238936e-04
0: MPIL GPU-Aware Recursive Doubling Time: 4.239079e-04
0: MPIL GPU-Aware Node-Aware Dissemination Time: 3.485366e-02
0: MPIL GPU-Aware NUMA-Aware Dissemination Time: 2.282431e-02
0: CopyToCPU PMPI Allreduce Time: 6.647964e-03
0: MPIL CopyToCPU Recursive Doubling Time: 7.586415e-03
0: MPIL CopyToCPU Node-Aware Dissemination Time: 1.271872e-02
0: MPIL CopyToCPU NUMA-Aware Dissemination Time: 8.538740e-03
0: MPIL CopyToCPU RADIX-3 Dissemination Time: 8.662006e-03
0: MPIL CopyToCPU RADIX-4 Dissemination Time: 6.224471e-03
0: MPIL CopyToCPU RADIX-5 Dissemination Time: 6.439780e-03
0: MPIL CopyToCPU RADIX-6 Dissemination Time: 7.051400e-03
0: MPIL CopyToCPU RADIX-7 Dissemination Time: 7.097590e-03
0: MPIL CopyToCPU RADIX-8 Dissemination Time: 7.278404e-03
0: MPIL CopyToCPU RADIX-9 Dissemination Time: 7.470416e-03
0: MPIL CopyToCPU RADIX-10 Dissemination Time: 7.869176e-03
0: MPIL CopyToCPU RADIX-11 Dissemination Time: 8.192679e-03
0: MPIL CopyToCPU RADIX-12 Dissemination Time: 8.758361e-03
0: MPIL CopyToCPU RADIX-13 Dissemination Time: 9.104662e-03
0: MPIL CopyToCPU RADIX-14 Dissemination Time: 9.614844e-03
0: Testing Size 524288
0: PMPI Allreduce Time: 5.325011e-04
0: MPIL GPU-Aware Recursive Doubling Time: 5.314996e-04
0: MPIL GPU-Aware Node-Aware Dissemination Time: 5.403554e-02
0: MPIL GPU-Aware NUMA-Aware Dissemination Time: 4.187220e-02
0: CopyToCPU PMPI Allreduce Time: 1.393651e-02
0: MPIL CopyToCPU Recursive Doubling Time: 1.598404e-02
0: MPIL CopyToCPU Node-Aware Dissemination Time: 3.034937e-02
0: MPIL CopyToCPU NUMA-Aware Dissemination Time: 1.729074e-02
0: MPIL CopyToCPU RADIX-3 Dissemination Time: 1.698746e-02
0: MPIL CopyToCPU RADIX-4 Dissemination Time: 1.259724e-02
0: MPIL CopyToCPU RADIX-5 Dissemination Time: 1.353300e-02
0: MPIL CopyToCPU RADIX-6 Dissemination Time: 1.433599e-02
0: MPIL CopyToCPU RADIX-7 Dissemination Time: 1.496813e-02
0: MPIL CopyToCPU RADIX-8 Dissemination Time: 1.691425e-02
0: MPIL CopyToCPU RADIX-9 Dissemination Time: 1.754124e-02
0: MPIL CopyToCPU RADIX-10 Dissemination Time: 1.947716e-02
0: MPIL CopyToCPU RADIX-11 Dissemination Time: 2.073191e-02
0: MPIL CopyToCPU RADIX-12 Dissemination Time: 2.194545e-02
0: MPIL CopyToCPU RADIX-13 Dissemination Time: 2.365821e-02
0: MPIL CopyToCPU RADIX-14 Dissemination Time: 2.518884e-02
