0: Testing Size 1
0: PMPI Allreduce Time: 7.728519e-06
0: MPIL GPU-Aware Recursive Doubling Time: 7.701665e-06
0: MPIL GPU-Aware Node-Aware Dissemination Time: 1.641875e-05
0: MPIL GPU-Aware NUMA-Aware Dissemination Time: 2.617060e-05
0: CopyToCPU PMPI Allreduce Time: 7.579540e-06
0: MPIL CopyToCPU Recursive Doubling Time: 7.705033e-06
0: MPIL CopyToCPU Node-Aware Dissemination Time: 1.071491e-05
0: MPIL CopyToCPU NUMA-Aware Dissemination Time: 7.970895e-06
0: MPIL CopyToCPU RADIX-3 Dissemination Time: 1.060659e-05
0: MPIL CopyToCPU RADIX-4 Dissemination Time: 9.254381e-06
0: MPIL CopyToCPU RADIX-5 Dissemination Time: 1.153608e-05
0: MPIL CopyToCPU RADIX-6 Dissemination Time: 1.237305e-05
0: MPIL CopyToCPU RADIX-7 Dissemination Time: 1.267825e-05
0: MPIL CopyToCPU RADIX-8 Dissemination Time: 1.072071e-05
0: MPIL CopyToCPU RADIX-9 Dissemination Time: 1.071834e-05
0: MPIL CopyToCPU RADIX-10 Dissemination Time: 1.074439e-05
0: MPIL CopyToCPU RADIX-11 Dissemination Time: 1.071062e-05
0: MPIL CopyToCPU RADIX-12 Dissemination Time: 1.076983e-05
0: MPIL CopyToCPU RADIX-13 Dissemination Time: 1.071588e-05
0: MPIL CopyToCPU RADIX-14 Dissemination Time: 1.074958e-05
0: Testing Size 2
0: PMPI Allreduce Time: 7.780252e-06
0: MPIL GPU-Aware Recursive Doubling Time: 7.754329e-06
0: MPIL GPU-Aware Node-Aware Dissemination Time: 1.615882e-05
0: MPIL GPU-Aware NUMA-Aware Dissemination Time: 2.594739e-05
0: CopyToCPU PMPI Allreduce Time: 7.566379e-06
0: MPIL CopyToCPU Recursive Doubling Time: 7.617159e-06
0: MPIL CopyToCPU Node-Aware Dissemination Time: 1.054971e-05
0: MPIL CopyToCPU NUMA-Aware Dissemination Time: 7.957792e-06
0: MPIL CopyToCPU RADIX-3 Dissemination Time: 1.067803e-05
0: MPIL CopyToCPU RADIX-4 Dissemination Time: 9.246912e-06
0: MPIL CopyToCPU RADIX-5 Dissemination Time: 1.164276e-05
0: MPIL CopyToCPU RADIX-6 Dissemination Time: 1.254682e-05
0: MPIL CopyToCPU RADIX-7 Dissemination Time: 1.265801e-05
0: MPIL CopyToCPU RADIX-8 Dissemination Time: 1.084059e-05
0: MPIL CopyToCPU RADIX-9 Dissemination Time: 1.082204e-05
0: MPIL CopyToCPU RADIX-10 Dissemination Time: 1.081996e-05
0: MPIL CopyToCPU RADIX-11 Dissemination Time: 1.081752e-05
0: MPIL CopyToCPU RADIX-12 Dissemination Time: 1.080323e-05
0: MPIL CopyToCPU RADIX-13 Dissemination Time: 1.080798e-05
0: MPIL CopyToCPU RADIX-14 Dissemination Time: 1.080589e-05
0: Testing Size 4
0: PMPI Allreduce Time: 7.735003e-06
0: MPIL GPU-Aware Recursive Doubling Time: 7.688878e-06
0: MPIL GPU-Aware Node-Aware Dissemination Time: 1.651198e-05
0: MPIL GPU-Aware NUMA-Aware Dissemination Time: 2.599103e-05
0: CopyToCPU PMPI Allreduce Time: 7.593327e-06
0: MPIL CopyToCPU Recursive Doubling Time: 7.646720e-06
0: MPIL CopyToCPU Node-Aware Dissemination Time: 1.065467e-05
0: MPIL CopyToCPU NUMA-Aware Dissemination Time: 7.932457e-06
0: MPIL CopyToCPU RADIX-3 Dissemination Time: 1.068086e-05
0: MPIL CopyToCPU RADIX-4 Dissemination Time: 9.223114e-06
0: MPIL CopyToCPU RADIX-5 Dissemination Time: 1.180696e-05
0: MPIL CopyToCPU RADIX-6 Dissemination Time: 1.261532e-05
0: MPIL CopyToCPU RADIX-7 Dissemination Time: 1.267054e-05
0: MPIL CopyToCPU RADIX-8 Dissemination Time: 1.087654e-05
0: MPIL CopyToCPU RADIX-9 Dissemination Time: 1.085811e-05
0: MPIL CopyToCPU RADIX-10 Dissemination Time: 1.087840e-05
0: MPIL CopyToCPU RADIX-11 Dissemination Time: 1.090072e-05
0: MPIL CopyToCPU RADIX-12 Dissemination Time: 1.085279e-05
0: MPIL CopyToCPU RADIX-13 Dissemination Time: 1.085002e-05
0: MPIL CopyToCPU RADIX-14 Dissemination Time: 1.088167e-05
0: Testing Size 8
0: PMPI Allreduce Time: 7.747592e-06
0: MPIL GPU-Aware Recursive Doubling Time: 7.706280e-06
0: MPIL GPU-Aware Node-Aware Dissemination Time: 1.650956e-05
0: MPIL GPU-Aware NUMA-Aware Dissemination Time: 2.681420e-05
0: CopyToCPU PMPI Allreduce Time: 7.597833e-06
0: MPIL CopyToCPU Recursive Doubling Time: 9.430766e-06
0: MPIL CopyToCPU Node-Aware Dissemination Time: 1.069605e-05
0: MPIL CopyToCPU NUMA-Aware Dissemination Time: 9.140681e-06
0: MPIL CopyToCPU RADIX-3 Dissemination Time: 1.117939e-05
0: MPIL CopyToCPU RADIX-4 Dissemination Time: 9.928799e-06
0: MPIL CopyToCPU RADIX-5 Dissemination Time: 1.268328e-05
0: MPIL CopyToCPU RADIX-6 Dissemination Time: 1.360604e-05
0: MPIL CopyToCPU RADIX-7 Dissemination Time: 1.366909e-05
0: MPIL CopyToCPU RADIX-8 Dissemination Time: 1.224619e-05
0: MPIL CopyToCPU RADIX-9 Dissemination Time: 1.234041e-05
0: MPIL CopyToCPU RADIX-10 Dissemination Time: 1.240251e-05
0: MPIL CopyToCPU RADIX-11 Dissemination Time: 1.233414e-05
0: MPIL CopyToCPU RADIX-12 Dissemination Time: 1.237831e-05
0: MPIL CopyToCPU RADIX-13 Dissemination Time: 1.234918e-05
0: MPIL CopyToCPU RADIX-14 Dissemination Time: 1.234715e-05
0: Testing Size 16
0: PMPI Allreduce Time: 8.192158e-06
0: MPIL GPU-Aware Recursive Doubling Time: 8.108837e-06
0: MPIL GPU-Aware Node-Aware Dissemination Time: 1.684222e-05
0: MPIL GPU-Aware NUMA-Aware Dissemination Time: 2.715047e-05
0: CopyToCPU PMPI Allreduce Time: 8.273298e-06
0: MPIL CopyToCPU Recursive Doubling Time: 1.006219e-05
0: MPIL CopyToCPU Node-Aware Dissemination Time: 1.114870e-05
0: MPIL CopyToCPU NUMA-Aware Dissemination Time: 9.486035e-06
0: MPIL CopyToCPU RADIX-3 Dissemination Time: 1.215009e-05
0: MPIL CopyToCPU RADIX-4 Dissemination Time: 1.058491e-05
0: MPIL CopyToCPU RADIX-5 Dissemination Time: 1.431396e-05
0: MPIL CopyToCPU RADIX-6 Dissemination Time: 1.470359e-05
0: MPIL CopyToCPU RADIX-7 Dissemination Time: 1.441421e-05
0: MPIL CopyToCPU RADIX-8 Dissemination Time: 1.270403e-05
0: MPIL CopyToCPU RADIX-9 Dissemination Time: 1.275251e-05
0: MPIL CopyToCPU RADIX-10 Dissemination Time: 1.276332e-05
0: MPIL CopyToCPU RADIX-11 Dissemination Time: 1.272924e-05
0: MPIL CopyToCPU RADIX-12 Dissemination Time: 1.276061e-05
0: MPIL CopyToCPU RADIX-13 Dissemination Time: 1.275228e-05
0: MPIL CopyToCPU RADIX-14 Dissemination Time: 1.282584e-05
0: Testing Size 32
0: PMPI Allreduce Time: 9.984264e-06
0: MPIL GPU-Aware Recursive Doubling Time: 9.940473e-06
0: MPIL GPU-Aware Node-Aware Dissemination Time: 2.156419e-05
0: MPIL GPU-Aware NUMA-Aware Dissemination Time: 3.049541e-05
0: CopyToCPU PMPI Allreduce Time: 9.745233e-06
0: MPIL CopyToCPU Recursive Doubling Time: 1.025195e-05
0: MPIL CopyToCPU Node-Aware Dissemination Time: 1.252025e-05
0: MPIL CopyToCPU NUMA-Aware Dissemination Time: 1.266546e-05
0: MPIL CopyToCPU RADIX-3 Dissemination Time: 1.527973e-05
0: MPIL CopyToCPU RADIX-4 Dissemination Time: 1.147780e-05
0: MPIL CopyToCPU RADIX-5 Dissemination Time: 1.479206e-05
0: MPIL CopyToCPU RADIX-6 Dissemination Time: 1.575330e-05
0: MPIL CopyToCPU RADIX-7 Dissemination Time: 1.592425e-05
0: MPIL CopyToCPU RADIX-8 Dissemination Time: 1.286024e-05
0: MPIL CopyToCPU RADIX-9 Dissemination Time: 1.286868e-05
0: MPIL CopyToCPU RADIX-10 Dissemination Time: 1.288883e-05
0: MPIL CopyToCPU RADIX-11 Dissemination Time: 1.291980e-05
0: MPIL CopyToCPU RADIX-12 Dissemination Time: 1.288940e-05
0: MPIL CopyToCPU RADIX-13 Dissemination Time: 1.288878e-05
0: MPIL CopyToCPU RADIX-14 Dissemination Time: 1.287933e-05
0: Testing Size 64
0: PMPI Allreduce Time: 1.020539e-05
0: MPIL GPU-Aware Recursive Doubling Time: 1.017778e-05
0: MPIL GPU-Aware Node-Aware Dissemination Time: 2.240573e-05
0: MPIL GPU-Aware NUMA-Aware Dissemination Time: 3.035417e-05
0: CopyToCPU PMPI Allreduce Time: 9.388310e-06
0: MPIL CopyToCPU Recursive Doubling Time: 1.049076e-05
0: MPIL CopyToCPU Node-Aware Dissemination Time: 1.573516e-05
