0: 
0: Lmod is automatically replacing "cce/20.0.0" with "rocmcc/7.2.1-magic".
0: 
0: 
0: Due to MODULEPATH changes, the following have been reloaded:
0:   1) cray-libsci/25.09.0
0: 
0: The following have been reloaded with a version change:
0:   1) cray-mpich/9.0.1 => cray-mpich/9.1.0
0: 
0: jobid: f2cxqUvb
0: 0.110s: flux-shell[1]: mpibind: 
0: mpibind: task   0 nths 21 gpus 0 cpus 1-7,9-15,17-23
0: mpibind: task   1 nths 21 gpus 1 cpus 25-31,33-39,41-47
0: mpibind: task   2 nths 21 gpus 2 cpus 49-55,57-63,65-71
0: mpibind: task   3 nths 21 gpus 3 cpus 73-79,81-87,89-95
0: 0.112s: flux-shell[2]: mpibind: 
0: mpibind: task   0 nths 21 gpus 0 cpus 1-7,9-15,17-23
0: mpibind: task   1 nths 21 gpus 1 cpus 25-31,33-39,41-47
0: mpibind: task   2 nths 21 gpus 2 cpus 49-55,57-63,65-71
0: mpibind: task   3 nths 21 gpus 3 cpus 73-79,81-87,89-95
0: 0.113s: flux-shell[3]: mpibind: 
0: mpibind: task   0 nths 21 gpus 0 cpus 1-7,9-15,17-23
0: mpibind: task   1 nths 21 gpus 1 cpus 25-31,33-39,41-47
0: mpibind: task   2 nths 21 gpus 2 cpus 49-55,57-63,65-71
0: mpibind: task   3 nths 21 gpus 3 cpus 73-79,81-87,89-95
0: 0.099s: flux-shell[0]: mpibind: 
0: mpibind: task   0 nths 21 gpus 0 cpus 1-7,9-15,17-23
0: mpibind: task   1 nths 21 gpus 1 cpus 25-31,33-39,41-47
0: mpibind: task   2 nths 21 gpus 2 cpus 49-55,57-63,65-71
0: mpibind: task   3 nths 21 gpus 3 cpus 73-79,81-87,89-95
0: MPICH ERROR [Rank 0] [job id 61673046016] [Sun Sep 13 19:42:24 2026] [tuolumne1181] - Abort(67794436) (rank 0 in comm 0): Fatal error in internal_Sendrecv: Invalid tag, error stack:
0: MPICH ERROR [Rank 3] [job id 61673046016] [Sun Sep 13 19:42:24 2026] [tuolumne1181] - Abort(738883076) (rank 3 in comm 0): Fatal error in internal_Sendrecv: Invalid tag, error stack:
0: MPICH ERROR [Rank 2] [job id 61673046016] [Sun Sep 13 19:42:24 2026] [tuolumne1181] - Abort(537556484) (rank 2 in comm 0): Fatal error in internal_Sendrecv: Invalid tag, error stack:
0: MPICH ERROR [Rank 1] [job id 61673046016] [Sun Sep 13 19:42:24 2026] [tuolumne1181] - Abort(269121028) (rank 1 in comm 0): Fatal error in internal_Sendrecv: Invalid tag, error stack:
0: internal_Sendrecv(126): MPI_Sendrecv(sendbuf=0x985250, sendcount=1024, MPI_DOUBLE, 0, 8388608, recvbuf=0x9fbd00, recvcount=1024, MPI_DOUBLE, 0, 8388608, MPI_COMM_WORLD, status=0x1) failed
0: internal_Sendrecv(126): MPI_Sendrecv(sendbuf=0x9f4dc0, sendcount=1024, MPI_DOUBLE, 3, 8388608, recvbuf=0x9f7150, recvcount=1024, MPI_DOUBLE, 3, 8388608, MPI_COMM_WORLD, status=0x1) failed
0: internal_Sendrecv(126): MPI_Sendrecv(sendbuf=0x9f7140, sendcount=1024, MPI_DOUBLE, 2, 8388608, recvbuf=0x9a1780, recvcount=1024, MPI_DOUBLE, 2, 8388608, MPI_COMM_WORLD, status=0x1) failed
0: internal_Sendrecv(126): MPI_Sendrecv(sendbuf=0xa1c130, sendcount=1024, MPI_DOUBLE, 1, 8388608, recvbuf=0x9ffe00, recvcount=1024, MPI_DOUBLE, 1, 8388608, MPI_COMM_WORLD, status=0x1) failed
0: internal_Sendrecv(82).: Invalid tag, value is 8388608
0: internal_Sendrecv(82).: Invalid tag, value is 8388608
0: internal_Sendrecv(82).: Invalid tag, value is 8388608
0: internal_Sendrecv(82).: Invalid tag, value is 8388608
0: 
0: 
0: 
0: 
0: aborting job:
0: MPICH ERROR [Rank 12] [job id 61673046016] [Sun Sep 13 19:42:24 2026] [tuolumne1228] - Abort(336229892) (rank 12 in comm 0): Fatal error in internal_Sendrecv: Invalid tag, error stack:
0: aborting job:
0: aborting job:
0: aborting job:
0: Fatal error in internal_Sendrecv: Invalid tag, error stack:
0: MPICH ERROR [Rank 14] [job id 61673046016] [Sun Sep 13 19:42:24 2026] [tuolumne1228] - Abort(685572) (rank 14 in comm 0): Fatal error in internal_Sendrecv: Invalid tag, error stack:
0: Fatal error in internal_Sendrecv: Invalid tag, error stack:
0: Fatal error in internal_Sendrecv: Invalid tag, error stack:
0: Fatal error in internal_Sendrecv: Invalid tag, error stack:
0: internal_Sendrecv(126): MPI_Sendrecv(sendbuf=0x985250, sendcount=1024, MPI_DOUBLE, 0, 8388608, recvbuf=0x9fbd00, recvcount=1024, MPI_DOUBLE, 0, 8388608, MPI_COMM_WORLD, status=0x1) failed
0: MPICH ERROR [Rank 13] [job id 61673046016] [Sun Sep 13 19:42:24 2026] [tuolumne1228] - Abort(671774212) (rank 13 in comm 0): Fatal error in internal_Sendrecv: Invalid tag, error stack:
0: internal_Sendrecv(126): MPI_Sendrecv(sendbuf=0x9f4dc0, sendcount=1024, MPI_DOUBLE, 3, 8388608, recvbuf=0x9f7150, recvcount=1024, MPI_DOUBLE, 3, 8388608, MPI_COMM_WORLD, status=0x1) failed
0: internal_Sendrecv(126): MPI_Sendrecv(sendbuf=0x9f7140, sendcount=1024, MPI_DOUBLE, 2, 8388608, recvbuf=0x9a1780, recvcount=1024, MPI_DOUBLE, 2, 8388608, MPI_COMM_WORLD, status=0x1) failed
0: internal_Sendrecv(126): MPI_Sendrecv(sendbuf=0xa1c130, sendcount=1024, MPI_DOUBLE, 1, 8388608, recvbuf=0x9ffe00, recvcount=1024, MPI_DOUBLE, 1, 8388608, MPI_COMM_WORLD, status=0x1) failed
0: internal_Sendrecv(82).: Invalid tag, value is 8388608
0: MPICH ERROR [Rank 11] [job id 61673046016] [Sun Sep 13 19:42:24 2026] [tuolumne1226] - Abort(805991940) (rank 11 in comm 0): Fatal error in internal_Sendrecv: Invalid tag, error stack:
0: internal_Sendrecv(82).: Invalid tag, value is 8388608
0: internal_Sendrecv(82).: Invalid tag, value is 8388608
0: internal_Sendrecv(82).: Invalid tag, value is 8388608
0: internal_Sendrecv(126): MPI_Sendrecv(sendbuf=0x9fcff0, sendcount=1024, MPI_DOUBLE, 12, 8388608, recvbuf=0x9da220, recvcount=1024, MPI_DOUBLE, 12, 8388608, MPI_COMM_WORLD, status=0x1) failed
0: MPICH ERROR [Rank 9] [job id 61673046016] [Sun Sep 13 19:42:24 2026] [tuolumne1226] - Abort(604665348) (rank 9 in comm 0): Fatal error in internal_Sendrecv: Invalid tag, error stack:
0: MPICH ERROR [Rank 15] [job id 61673046016] [Sun Sep 13 19:42:24 2026] [tuolumne1228] - Abort(873100804) (rank 15 in comm 0): Fatal error in internal_Sendrecv: Invalid tag, error stack:
0: MPICH ERROR [Rank 5] [job id 61673046016] [Sun Sep 13 19:42:24 2026] [tuolumne1191] - Abort(134903300) (rank 5 in comm 0): Fatal error in internal_Sendrecv: Invalid tag, error stack:
0: MPICH ERROR [Rank 8] [job id 61673046016] [Sun Sep 13 19:42:24 2026] [tuolumne1226] - Abort(202012164) (rank 8 in comm 0): Fatal error in internal_Sendrecv: Invalid tag, error stack:
0: internal_Sendrecv(126): MPI_Sendrecv(sendbuf=0xa1c080, sendcount=1024, MPI_DOUBLE, 14, 8388608, recvbuf=0x97e410, recvcount=1024, MPI_DOUBLE, 14, 8388608, MPI_COMM_WORLD, status=0x1) failed
0: MPICH ERROR [Rank 4] [job id 61673046016] [Sun Sep 13 19:42:24 2026] [tuolumne1191] - Abort(403338756) (rank 4 in comm 0): Fatal error in internal_Sendrecv: Invalid tag, error stack:
0: internal_Sendrecv(126): MPI_Sendrecv(sendbuf=0xa1c000, sendcount=1024, MPI_DOUBLE, 11, 8388608, recvbuf=0x9a8200, recvcount=1024, MPI_DOUBLE, 11, 8388608, MPI_COMM_WORLD, status=0x1) failed
0: internal_Sendrecv(126): MPI_Sendrecv(sendbuf=0xa1c0d0, sendcount=1024, MPI_DOUBLE, 13, 8388608, recvbuf=0x9ffda0, recvcount=1024, MPI_DOUBLE, 13, 8388608, MPI_COMM_WORLD, status=0x1) failed
0: MPICH ERROR [Rank 7] [job id 61673046016] [Sun Sep 13 19:42:24 2026] [tuolumne1191] - Abort(470447620) (rank 7 in comm 0): Fatal error in internal_Sendrecv: Invalid tag, error stack:
0: MPICH ERROR [Rank 10] [job id 61673046016] [Sun Sep 13 19:42:24 2026] [tuolumne1226] - Abort(671774212) (rank 10 in comm 0): Fatal error in internal_Sendrecv: Invalid tag, error stack:
0: internal_Sendrecv(82).: Invalid tag, value is 8388608
0: MPICH ERROR [Rank 6] [job id 61673046016] [Sun Sep 13 19:42:24 2026] [tuolumne1191] - Abort(671774212) (rank 6 in comm 0): Fatal error in internal_Sendrecv: Invalid tag, error stack:
0: internal_Sendrecv(126): MPI_Sendrecv(sendbuf=0xa1c030, sendcount=1024, MPI_DOUBLE, 9, 8388608, recvbuf=0x99dc70, recvcount=1024, MPI_DOUBLE, 9, 8388608, MPI_COMM_WORLD, status=0x1) failed
0: internal_Sendrecv(126): MPI_Sendrecv(sendbuf=0xa1c030, sendcount=1024, MPI_DOUBLE, 15, 8388608, recvbuf=0x9ffcb0, recvcount=1024, MPI_DOUBLE, 15, 8388608, MPI_COMM_WORLD, status=0x1) failed
0: internal_Sendrecv(126): MPI_Sendrecv(sendbuf=0x99d7b0, sendcount=1024, MPI_DOUBLE, 5, 8388608, recvbuf=0xa007b0, recvcount=1024, MPI_DOUBLE, 5, 8388608, MPI_COMM_WORLD, status=0x1) failed
0: internal_Sendrecv(126): MPI_Sendrecv(sendbuf=0x9a4210, sendcount=1024, MPI_DOUBLE, 8, 8388608, recvbuf=0x9fa2a0, recvcount=1024, MPI_DOUBLE, 8, 8388608, MPI_COMM_WORLD, status=0x1) failed
0: internal_Sendrecv(82).: Invalid tag, value is 8388608
0: internal_Sendrecv(126): MPI_Sendrecv(sendbuf=0xa1ddf0, sendcount=1024, MPI_DOUBLE, 4, 8388608, recvbuf=0x9f9f10, recvcount=1024, MPI_DOUBLE, 4, 8388608, MPI_COMM_WORLD, status=0x1) failed
0: internal_Sendrecv(82).: Invalid tag, value is 8388608
0: internal_Sendrecv(82).: Invalid tag, value is 8388608
0: internal_Sendrecv(126): MPI_Sendrecv(sendbuf=0xa00e60, sendcount=1024, MPI_DOUBLE, 7, 8388608, recvbuf=0x966540, recvcount=1024, MPI_DOUBLE, 7, 8388608, MPI_COMM_WORLD, status=0x1) failed
0: internal_Sendrecv(126): MPI_Sendrecv(sendbuf=0xa1c030, sendcount=1024, MPI_DOUBLE, 10, 8388608, recvbuf=0x9fff60, recvcount=1024, MPI_DOUBLE, 10, 8388608, MPI_COMM_WORLD, status=0x1) failed
0: 
0: internal_Sendrecv(126): MPI_Sendrecv(sendbuf=0x966490, sendcount=1024, MPI_DOUBLE, 6, 8388608, recvbuf=0x9fff20, recvcount=1024, MPI_DOUBLE, 6, 8388608, MPI_COMM_WORLD, status=0x1) failed
0: internal_Sendrecv(82).: Invalid tag, value is 8388608
0: internal_Sendrecv(82).: Invalid tag, value is 8388608
0: internal_Sendrecv(82).: Invalid tag, value is 8388608
0: internal_Sendrecv(82).: Invalid tag, value is 8388608
0: 
0: internal_Sendrecv(82).: Invalid tag, value is 8388608
0: 
0: 
0: internal_Sendrecv(82).: Invalid tag, value is 8388608
0: internal_Sendrecv(82).: Invalid tag, value is 8388608
0: aborting job:
0: internal_Sendrecv(82).: Invalid tag, value is 8388608
0: 
0: 
0: 
0: 
0: aborting job:
0: 
0: aborting job:
0: aborting job:
0: 
0: 
0: Fatal error in internal_Sendrecv: Invalid tag, error stack:
0: 
0: aborting job:
0: aborting job:
0: aborting job:
0: aborting job:
0: Fatal error in internal_Sendrecv: Invalid tag, error stack:
0: aborting job:
0: Fatal error in internal_Sendrecv: Invalid tag, error stack:
0: Fatal error in internal_Sendrecv: Invalid tag, error stack:
0: aborting job:
0: aborting job:
0: internal_Sendrecv(126): MPI_Sendrecv(sendbuf=0x9fcff0, sendcount=1024, MPI_DOUBLE, 12, 8388608, recvbuf=0x9da220, recvcount=1024, MPI_DOUBLE, 12, 8388608, MPI_COMM_WORLD, status=0x1) failed
0: aborting job:
0: Fatal error in internal_Sendrecv: Invalid tag, error stack:
0: Fatal error in internal_Sendrecv: Invalid tag, error stack:
0: Fatal error in internal_Sendrecv: Invalid tag, error stack:
0: Fatal error in internal_Sendrecv: Invalid tag, error stack:
0: internal_Sendrecv(126): MPI_Sendrecv(sendbuf=0xa1c080, sendcount=1024, MPI_DOUBLE, 14, 8388608, recvbuf=0x97e410, recvcount=1024, MPI_DOUBLE, 14, 8388608, MPI_COMM_WORLD, status=0x1) failed
0: Fatal error in internal_Sendrecv: Invalid tag, error stack:
0: internal_Sendrecv(126): MPI_Sendrecv(sendbuf=0xa1c000, sendcount=1024, MPI_DOUBLE, 11, 8388608, recvbuf=0x9a8200, recvcount=1024, MPI_DOUBLE, 11, 8388608, MPI_COMM_WORLD, status=0x1) failed
0: internal_Sendrecv(126): MPI_Sendrecv(sendbuf=0xa1c0d0, sendcount=1024, MPI_DOUBLE, 13, 8388608, recvbuf=0x9ffda0, recvcount=1024, MPI_DOUBLE, 13, 8388608, MPI_COMM_WORLD, status=0x1) failed
0: Fatal error in internal_Sendrecv: Invalid tag, error stack:
0: Fatal error in internal_Sendrecv: Invalid tag, error stack:
0: internal_Sendrecv(82).: Invalid tag, value is 8388608
0: Fatal error in internal_Sendrecv: Invalid tag, error stack:
0: internal_Sendrecv(126): MPI_Sendrecv(sendbuf=0xa1c030, sendcount=1024, MPI_DOUBLE, 9, 8388608, recvbuf=0x99dc70, recvcount=1024, MPI_DOUBLE, 9, 8388608, MPI_COMM_WORLD, status=0x1) failed
0: internal_Sendrecv(126): MPI_Sendrecv(sendbuf=0xa1c030, sendcount=1024, MPI_DOUBLE, 15, 8388608, recvbuf=0x9ffcb0, recvcount=1024, MPI_DOUBLE, 15, 8388608, MPI_COMM_WORLD, status=0x1) failed
0: internal_Sendrecv(126): MPI_Sendrecv(sendbuf=0x99d7b0, sendcount=1024, MPI_DOUBLE, 5, 8388608, recvbuf=0xa007b0, recvcount=1024, MPI_DOUBLE, 5, 8388608, MPI_COMM_WORLD, status=0x1) failed
0: internal_Sendrecv(126): MPI_Sendrecv(sendbuf=0x9a4210, sendcount=1024, MPI_DOUBLE, 8, 8388608, recvbuf=0x9fa2a0, recvcount=1024, MPI_DOUBLE, 8, 8388608, MPI_COMM_WORLD, status=0x1) failed
0: internal_Sendrecv(82).: Invalid tag, value is 8388608
0: internal_Sendrecv(126): MPI_Sendrecv(sendbuf=0xa1ddf0, sendcount=1024, MPI_DOUBLE, 4, 8388608, recvbuf=0x9f9f10, recvcount=1024, MPI_DOUBLE, 4, 8388608, MPI_COMM_WORLD, status=0x1) failed
0: internal_Sendrecv(82).: Invalid tag, value is 8388608
0: internal_Sendrecv(82).: Invalid tag, value is 8388608
0: internal_Sendrecv(126): MPI_Sendrecv(sendbuf=0xa00e60, sendcount=1024, MPI_DOUBLE, 7, 8388608, recvbuf=0x966540, recvcount=1024, MPI_DOUBLE, 7, 8388608, MPI_COMM_WORLD, status=0x1) failed
0: internal_Sendrecv(126): MPI_Sendrecv(sendbuf=0xa1c030, sendcount=1024, MPI_DOUBLE, 10, 8388608, recvbuf=0x9fff60, recvcount=1024, MPI_DOUBLE, 10, 8388608, MPI_COMM_WORLD, status=0x1) failed
0: internal_Sendrecv(82).: Invalid tag, value is 8388608
0: internal_Sendrecv(126): MPI_Sendrecv(sendbuf=0x966490, sendcount=1024, MPI_DOUBLE, 6, 8388608, recvbuf=0x9fff20, recvcount=1024, MPI_DOUBLE, 6, 8388608, MPI_COMM_WORLD, status=0x1) failed
0: internal_Sendrecv(82).: Invalid tag, value is 8388608
0: internal_Sendrecv(82).: Invalid tag, value is 8388608
0: internal_Sendrecv(82).: Invalid tag, value is 8388608
0: internal_Sendrecv(82).: Invalid tag, value is 8388608
0: internal_Sendrecv(82).: Invalid tag, value is 8388608
0: internal_Sendrecv(82).: Invalid tag, value is 8388608
0: internal_Sendrecv(82).: Invalid tag, value is 8388608
0: flux-job: task(s) Unknown signal 127
0: Sep 13 19:42:24.452101 PDT 2026 broker.err[0]: rc2.0: /var/tmp/adams112/jobtmp-0-f3Y8jAgphjB5/script Exited (rc=255) 215.1s
