0: Testing Size 1
0: PMPI Allreduce Time: 2.467373e-05
0: MPIL GPU-Aware Recursive Doubling Time: 2.434925e-05
0: MPIL GPU-Aware Node-Aware Dissemination Time: 4.986232e-05
0: MPIL GPU-Aware NUMA-Aware Dissemination Time: 6.960065e-05
0: CopyToCPU PMPI Allreduce Time: 2.414724e-05
0: MPIL CopyToCPU Recursive Doubling Time: 2.467696e-05
0: MPIL CopyToCPU Node-Aware Dissemination Time: 3.026762e-05
0: MPIL CopyToCPU NUMA-Aware Dissemination Time: 2.498474e-05
0: MPIL CopyToCPU RADIX-3 Dissemination Time: 2.627251e-05
0: MPIL CopyToCPU RADIX-4 Dissemination Time: 2.177718e-05
0: MPIL CopyToCPU RADIX-5 Dissemination Time: 2.462445e-05
0: MPIL CopyToCPU RADIX-6 Dissemination Time: 2.681988e-05
0: MPIL CopyToCPU RADIX-7 Dissemination Time: 2.768485e-05
0: MPIL CopyToCPU RADIX-8 Dissemination Time: 2.337472e-05
0: MPIL CopyToCPU RADIX-9 Dissemination Time: 2.853138e-05
0: MPIL CopyToCPU RADIX-10 Dissemination Time: 3.029425e-05
0: MPIL CopyToCPU RADIX-11 Dissemination Time: 3.230210e-05
0: MPIL CopyToCPU RADIX-12 Dissemination Time: 3.241547e-05
0: MPIL CopyToCPU RADIX-13 Dissemination Time: 3.129121e-05
0: MPIL CopyToCPU RADIX-14 Dissemination Time: 3.132760e-05
0: Testing Size 2
0: PMPI Allreduce Time: 2.453123e-05
0: MPIL GPU-Aware Recursive Doubling Time: 2.448670e-05
0: MPIL GPU-Aware Node-Aware Dissemination Time: 4.957491e-05
0: MPIL GPU-Aware NUMA-Aware Dissemination Time: 6.972083e-05
0: CopyToCPU PMPI Allreduce Time: 2.416907e-05
0: MPIL CopyToCPU Recursive Doubling Time: 2.476977e-05
0: MPIL CopyToCPU Node-Aware Dissemination Time: 3.017745e-05
0: MPIL CopyToCPU NUMA-Aware Dissemination Time: 2.514465e-05
0: MPIL CopyToCPU RADIX-3 Dissemination Time: 2.662354e-05
0: MPIL CopyToCPU RADIX-4 Dissemination Time: 2.257917e-05
0: MPIL CopyToCPU RADIX-5 Dissemination Time: 2.535978e-05
0: MPIL CopyToCPU RADIX-6 Dissemination Time: 2.737012e-05
0: MPIL CopyToCPU RADIX-7 Dissemination Time: 2.791949e-05
0: MPIL CopyToCPU RADIX-8 Dissemination Time: 2.360354e-05
0: MPIL CopyToCPU RADIX-9 Dissemination Time: 2.807039e-05
0: MPIL CopyToCPU RADIX-10 Dissemination Time: 2.964204e-05
0: MPIL CopyToCPU RADIX-11 Dissemination Time: 3.061469e-05
0: MPIL CopyToCPU RADIX-12 Dissemination Time: 3.092553e-05
0: MPIL CopyToCPU RADIX-13 Dissemination Time: 3.100224e-05
0: MPIL CopyToCPU RADIX-14 Dissemination Time: 2.989087e-05
0: Testing Size 4
0: PMPI Allreduce Time: 2.449373e-05
0: MPIL GPU-Aware Recursive Doubling Time: 2.433967e-05
0: MPIL GPU-Aware Node-Aware Dissemination Time: 4.944494e-05
0: MPIL GPU-Aware NUMA-Aware Dissemination Time: 6.894277e-05
0: CopyToCPU PMPI Allreduce Time: 2.423195e-05
0: MPIL CopyToCPU Recursive Doubling Time: 2.457797e-05
0: MPIL CopyToCPU Node-Aware Dissemination Time: 3.026194e-05
0: MPIL CopyToCPU NUMA-Aware Dissemination Time: 2.500002e-05
0: MPIL CopyToCPU RADIX-3 Dissemination Time: 2.640806e-05
0: MPIL CopyToCPU RADIX-4 Dissemination Time: 2.199559e-05
0: MPIL CopyToCPU RADIX-5 Dissemination Time: 2.502956e-05
0: MPIL CopyToCPU RADIX-6 Dissemination Time: 2.731736e-05
0: MPIL CopyToCPU RADIX-7 Dissemination Time: 2.775223e-05
0: MPIL CopyToCPU RADIX-8 Dissemination Time: 2.349109e-05
0: MPIL CopyToCPU RADIX-9 Dissemination Time: 2.807389e-05
0: MPIL CopyToCPU RADIX-10 Dissemination Time: 2.974199e-05
0: MPIL CopyToCPU RADIX-11 Dissemination Time: 3.081212e-05
0: MPIL CopyToCPU RADIX-12 Dissemination Time: 3.126968e-05
0: MPIL CopyToCPU RADIX-13 Dissemination Time: 3.110613e-05
0: MPIL CopyToCPU RADIX-14 Dissemination Time: 2.983732e-05
0: Testing Size 8
0: PMPI Allreduce Time: 2.461591e-05
0: MPIL GPU-Aware Recursive Doubling Time: 2.479563e-05
0: MPIL GPU-Aware Node-Aware Dissemination Time: 4.958094e-05
0: MPIL GPU-Aware NUMA-Aware Dissemination Time: 6.964152e-05
0: CopyToCPU PMPI Allreduce Time: 2.406048e-05
0: MPIL CopyToCPU Recursive Doubling Time: 2.621785e-05
0: MPIL CopyToCPU Node-Aware Dissemination Time: 3.031663e-05
0: MPIL CopyToCPU NUMA-Aware Dissemination Time: 2.599693e-05
0: MPIL CopyToCPU RADIX-3 Dissemination Time: 2.715937e-05
0: MPIL CopyToCPU RADIX-4 Dissemination Time: 2.271290e-05
0: MPIL CopyToCPU RADIX-5 Dissemination Time: 2.578941e-05
0: MPIL CopyToCPU RADIX-6 Dissemination Time: 2.795449e-05
0: MPIL CopyToCPU RADIX-7 Dissemination Time: 2.864173e-05
0: MPIL CopyToCPU RADIX-8 Dissemination Time: 2.426408e-05
0: MPIL CopyToCPU RADIX-9 Dissemination Time: 2.887550e-05
0: MPIL CopyToCPU RADIX-10 Dissemination Time: 3.070415e-05
0: MPIL CopyToCPU RADIX-11 Dissemination Time: 3.220546e-05
0: MPIL CopyToCPU RADIX-12 Dissemination Time: 3.280796e-05
0: MPIL CopyToCPU RADIX-13 Dissemination Time: 3.242970e-05
0: MPIL CopyToCPU RADIX-14 Dissemination Time: 3.126990e-05
0: Testing Size 16
0: PMPI Allreduce Time: 2.624323e-05
0: MPIL GPU-Aware Recursive Doubling Time: 2.622557e-05
0: MPIL GPU-Aware Node-Aware Dissemination Time: 5.163305e-05
0: MPIL GPU-Aware NUMA-Aware Dissemination Time: 7.117666e-05
0: CopyToCPU PMPI Allreduce Time: 2.574948e-05
0: MPIL CopyToCPU Recursive Doubling Time: 2.836929e-05
0: MPIL CopyToCPU Node-Aware Dissemination Time: 3.272412e-05
0: MPIL CopyToCPU NUMA-Aware Dissemination Time: 2.801486e-05
0: MPIL CopyToCPU RADIX-3 Dissemination Time: 2.909646e-05
0: MPIL CopyToCPU RADIX-4 Dissemination Time: 2.371486e-05
0: MPIL CopyToCPU RADIX-5 Dissemination Time: 2.639945e-05
0: MPIL CopyToCPU RADIX-6 Dissemination Time: 2.915938e-05
0: MPIL CopyToCPU RADIX-7 Dissemination Time: 3.030261e-05
0: MPIL CopyToCPU RADIX-8 Dissemination Time: 2.517354e-05
0: MPIL CopyToCPU RADIX-9 Dissemination Time: 3.009606e-05
0: MPIL CopyToCPU RADIX-10 Dissemination Time: 3.199627e-05
0: MPIL CopyToCPU RADIX-11 Dissemination Time: 3.346217e-05
0: MPIL CopyToCPU RADIX-12 Dissemination Time: 3.346494e-05
0: MPIL CopyToCPU RADIX-13 Dissemination Time: 3.327155e-05
0: MPIL CopyToCPU RADIX-14 Dissemination Time: 3.233684e-05
0: Testing Size 32
0: PMPI Allreduce Time: 3.823007e-05
0: MPIL GPU-Aware Recursive Doubling Time: 3.813535e-05
0: MPIL GPU-Aware Node-Aware Dissemination Time: 5.926605e-05
0: MPIL GPU-Aware NUMA-Aware Dissemination Time: 8.469790e-05
0: CopyToCPU PMPI Allreduce Time: 3.715096e-05
0: MPIL CopyToCPU Recursive Doubling Time: 3.822962e-05
0: MPIL CopyToCPU Node-Aware Dissemination Time: 3.859673e-05
0: MPIL CopyToCPU NUMA-Aware Dissemination Time: 4.555732e-05
0: MPIL CopyToCPU RADIX-3 Dissemination Time: 3.926362e-05
0: MPIL CopyToCPU RADIX-4 Dissemination Time: 3.287970e-05
0: MPIL CopyToCPU RADIX-5 Dissemination Time: 3.702939e-05
0: MPIL CopyToCPU RADIX-6 Dissemination Time: 3.802693e-05
0: MPIL CopyToCPU RADIX-7 Dissemination Time: 3.805430e-05
0: MPIL CopyToCPU RADIX-8 Dissemination Time: 3.173253e-05
0: MPIL CopyToCPU RADIX-9 Dissemination Time: 3.542994e-05
0: MPIL CopyToCPU RADIX-10 Dissemination Time: 3.569424e-05
0: MPIL CopyToCPU RADIX-11 Dissemination Time: 3.724122e-05
0: MPIL CopyToCPU RADIX-12 Dissemination Time: 3.756829e-05
0: MPIL CopyToCPU RADIX-13 Dissemination Time: 3.784935e-05
0: MPIL CopyToCPU RADIX-14 Dissemination Time: 3.650015e-05
0: Testing Size 64
0: PMPI Allreduce Time: 3.841811e-05
0: MPIL GPU-Aware Recursive Doubling Time: 3.855329e-05
0: MPIL GPU-Aware Node-Aware Dissemination Time: 6.108962e-05
0: MPIL GPU-Aware NUMA-Aware Dissemination Time: 8.478322e-05
0: CopyToCPU PMPI Allreduce Time: 3.787897e-05
0: MPIL CopyToCPU Recursive Doubling Time: 3.872937e-05
0: MPIL CopyToCPU Node-Aware Dissemination Time: 3.974894e-05
0: MPIL CopyToCPU NUMA-Aware Dissemination Time: 4.593471e-05
0: MPIL CopyToCPU RADIX-3 Dissemination Time: 4.016561e-05
0: MPIL CopyToCPU RADIX-4 Dissemination Time: 3.374976e-05
0: MPIL CopyToCPU RADIX-5 Dissemination Time: 3.749348e-05
0: MPIL CopyToCPU RADIX-6 Dissemination Time: 3.868928e-05
0: MPIL CopyToCPU RADIX-7 Dissemination Time: 3.865220e-05
0: MPIL CopyToCPU RADIX-8 Dissemination Time: 3.241183e-05
0: MPIL CopyToCPU RADIX-9 Dissemination Time: 3.639572e-05
0: MPIL CopyToCPU RADIX-10 Dissemination Time: 3.632745e-05
0: MPIL CopyToCPU RADIX-11 Dissemination Time: 3.767165e-05
0: MPIL CopyToCPU RADIX-12 Dissemination Time: 3.811889e-05
0: MPIL CopyToCPU RADIX-13 Dissemination Time: 3.842153e-05
0: MPIL CopyToCPU RADIX-14 Dissemination Time: 3.702541e-05
0: Testing Size 128
0: PMPI Allreduce Time: 4.858403e-05
0: MPIL GPU-Aware Recursive Doubling Time: 4.859142e-05
0: MPIL GPU-Aware Node-Aware Dissemination Time: 8.530359e-05
0: MPIL GPU-Aware NUMA-Aware Dissemination Time: 9.494045e-05
0: CopyToCPU PMPI Allreduce Time: 4.827468e-05
0: MPIL CopyToCPU Recursive Doubling Time: 5.021412e-05
0: MPIL CopyToCPU Node-Aware Dissemination Time: 6.646913e-05
0: MPIL CopyToCPU NUMA-Aware Dissemination Time: 5.022647e-05
0: MPIL CopyToCPU RADIX-3 Dissemination Time: 4.592200e-05
0: MPIL CopyToCPU RADIX-4 Dissemination Time: 4.036667e-05
0: MPIL CopyToCPU RADIX-5 Dissemination Time: 4.250126e-05
0: MPIL CopyToCPU RADIX-6 Dissemination Time: 4.396095e-05
0: MPIL CopyToCPU RADIX-7 Dissemination Time: 4.498524e-05
0: MPIL CopyToCPU RADIX-8 Dissemination Time: 3.895644e-05
0: MPIL CopyToCPU RADIX-9 Dissemination Time: 4.112964e-05
0: MPIL CopyToCPU RADIX-10 Dissemination Time: 4.286789e-05
0: MPIL CopyToCPU RADIX-11 Dissemination Time: 4.406057e-05
0: MPIL CopyToCPU RADIX-12 Dissemination Time: 4.473416e-05
0: MPIL CopyToCPU RADIX-13 Dissemination Time: 4.486212e-05
0: MPIL CopyToCPU RADIX-14 Dissemination Time: 4.374635e-05
0: Testing Size 256
0: PMPI Allreduce Time: 5.267057e-05
0: MPIL GPU-Aware Recursive Doubling Time: 5.265659e-05
0: MPIL GPU-Aware Node-Aware Dissemination Time: 1.078443e-04
0: MPIL GPU-Aware NUMA-Aware Dissemination Time: 1.030142e-04
0: CopyToCPU PMPI Allreduce Time: 5.549439e-05
0: MPIL CopyToCPU Recursive Doubling Time: 5.769622e-05
0: MPIL CopyToCPU Node-Aware Dissemination Time: 9.416841e-05
0: MPIL CopyToCPU NUMA-Aware Dissemination Time: 5.622574e-05
0: MPIL CopyToCPU RADIX-3 Dissemination Time: 5.075235e-05
0: MPIL CopyToCPU RADIX-4 Dissemination Time: 4.337334e-05
0: MPIL CopyToCPU RADIX-5 Dissemination Time: 4.762384e-05
0: MPIL CopyToCPU RADIX-6 Dissemination Time: 5.047204e-05
0: MPIL CopyToCPU RADIX-7 Dissemination Time: 5.203477e-05
0: MPIL CopyToCPU RADIX-8 Dissemination Time: 4.390262e-05
0: MPIL CopyToCPU RADIX-9 Dissemination Time: 5.090336e-05
0: MPIL CopyToCPU RADIX-10 Dissemination Time: 5.433431e-05
0: MPIL CopyToCPU RADIX-11 Dissemination Time: 5.500289e-05
0: MPIL CopyToCPU RADIX-12 Dissemination Time: 5.324308e-05
0: MPIL CopyToCPU RADIX-13 Dissemination Time: 5.530463e-05
0: MPIL CopyToCPU RADIX-14 Dissemination Time: 5.518909e-05
0: Testing Size 512
0: PMPI Allreduce Time: 6.025652e-05
0: MPIL GPU-Aware Recursive Doubling Time: 6.030330e-05
0: MPIL GPU-Aware Node-Aware Dissemination Time: 1.159089e-04
0: MPIL GPU-Aware NUMA-Aware Dissemination Time: 1.122609e-04
0: CopyToCPU PMPI Allreduce Time: 6.084345e-05
0: MPIL CopyToCPU Recursive Doubling Time: 6.362017e-05
0: MPIL CopyToCPU Node-Aware Dissemination Time: 9.507783e-05
0: MPIL CopyToCPU NUMA-Aware Dissemination Time: 6.556538e-05
0: MPIL CopyToCPU RADIX-3 Dissemination Time: 5.967836e-05
0: MPIL CopyToCPU RADIX-4 Dissemination Time: 4.928030e-05
0: MPIL CopyToCPU RADIX-5 Dissemination Time: 5.289427e-05
0: MPIL CopyToCPU RADIX-6 Dissemination Time: 5.446101e-05
0: MPIL CopyToCPU RADIX-7 Dissemination Time: 5.528308e-05
0: MPIL CopyToCPU RADIX-8 Dissemination Time: 4.992395e-05
0: MPIL CopyToCPU RADIX-9 Dissemination Time: 5.456041e-05
0: MPIL CopyToCPU RADIX-10 Dissemination Time: 5.901976e-05
0: MPIL CopyToCPU RADIX-11 Dissemination Time: 5.918245e-05
0: MPIL CopyToCPU RADIX-12 Dissemination Time: 6.043599e-05
0: MPIL CopyToCPU RADIX-13 Dissemination Time: 6.019960e-05
0: MPIL CopyToCPU RADIX-14 Dissemination Time: 5.553361e-05
0: Testing Size 1024
0: PMPI Allreduce Time: 9.867329e-05
0: MPIL GPU-Aware Recursive Doubling Time: 9.852753e-05
0: MPIL GPU-Aware Node-Aware Dissemination Time: 1.024502e-03
0: MPIL GPU-Aware NUMA-Aware Dissemination Time: 2.515118e-03
0: CopyToCPU PMPI Allreduce Time: 7.660626e-05
0: MPIL CopyToCPU Recursive Doubling Time: 8.060828e-05
0: MPIL CopyToCPU Node-Aware Dissemination Time: 1.378577e-04
0: MPIL CopyToCPU NUMA-Aware Dissemination Time: 8.310420e-05
0: MPIL CopyToCPU RADIX-3 Dissemination Time: 7.909133e-05
0: MPIL CopyToCPU RADIX-4 Dissemination Time: 6.109952e-05
0: MPIL CopyToCPU RADIX-5 Dissemination Time: 6.554653e-05
0: MPIL CopyToCPU RADIX-6 Dissemination Time: 6.710127e-05
0: MPIL CopyToCPU RADIX-7 Dissemination Time: 6.920275e-05
0: MPIL CopyToCPU RADIX-8 Dissemination Time: 6.370911e-05
0: MPIL CopyToCPU RADIX-9 Dissemination Time: 6.938220e-05
0: MPIL CopyToCPU RADIX-10 Dissemination Time: 7.319158e-05
0: MPIL CopyToCPU RADIX-11 Dissemination Time: 7.439306e-05
0: MPIL CopyToCPU RADIX-12 Dissemination Time: 7.978904e-05
0: MPIL CopyToCPU RADIX-13 Dissemination Time: 7.953652e-05
0: MPIL CopyToCPU RADIX-14 Dissemination Time: 7.274291e-05
0: Testing Size 2048
0: PMPI Allreduce Time: 2.240450e-04
0: MPIL GPU-Aware Recursive Doubling Time: 2.241336e-04
0: MPIL GPU-Aware Node-Aware Dissemination Time: 1.420042e-03
0: MPIL GPU-Aware NUMA-Aware Dissemination Time: 3.910734e-03
0: CopyToCPU PMPI Allreduce Time: 1.316446e-04
0: MPIL CopyToCPU Recursive Doubling Time: 1.125962e-04
0: MPIL CopyToCPU Node-Aware Dissemination Time: 2.212496e-04
0: MPIL CopyToCPU NUMA-Aware Dissemination Time: 1.199637e-04
0: MPIL CopyToCPU RADIX-3 Dissemination Time: 1.143714e-04
0: MPIL CopyToCPU RADIX-4 Dissemination Time: 8.507753e-05
0: MPIL CopyToCPU RADIX-5 Dissemination Time: 9.097266e-05
0: MPIL CopyToCPU RADIX-6 Dissemination Time: 9.254777e-05
0: MPIL CopyToCPU RADIX-7 Dissemination Time: 9.709953e-05
0: MPIL CopyToCPU RADIX-8 Dissemination Time: 9.099977e-05
0: MPIL CopyToCPU RADIX-9 Dissemination Time: 1.016059e-04
0: MPIL CopyToCPU RADIX-10 Dissemination Time: 1.040838e-04
0: MPIL CopyToCPU RADIX-11 Dissemination Time: 1.075738e-04
0: MPIL CopyToCPU RADIX-12 Dissemination Time: 1.095004e-04
0: MPIL CopyToCPU RADIX-13 Dissemination Time: 1.108338e-04
0: MPIL CopyToCPU RADIX-14 Dissemination Time: 1.088537e-04
0: Testing Size 4096
0: PMPI Allreduce Time: 2.328050e-04
0: MPIL GPU-Aware Recursive Doubling Time: 2.340926e-04
0: MPIL GPU-Aware Node-Aware Dissemination Time: 2.010801e-03
0: MPIL GPU-Aware NUMA-Aware Dissemination Time: 6.644223e-03
0: CopyToCPU PMPI Allreduce Time: 1.900222e-04
0: MPIL CopyToCPU Recursive Doubling Time: 2.126115e-04
0: MPIL CopyToCPU Node-Aware Dissemination Time: 3.798341e-04
0: MPIL CopyToCPU NUMA-Aware Dissemination Time: 2.200331e-04
0: MPIL CopyToCPU RADIX-3 Dissemination Time: 2.149986e-04
0: MPIL CopyToCPU RADIX-4 Dissemination Time: 1.560928e-04
0: MPIL CopyToCPU RADIX-5 Dissemination Time: 1.767665e-04
0: MPIL CopyToCPU RADIX-6 Dissemination Time: 1.770200e-04
0: MPIL CopyToCPU RADIX-7 Dissemination Time: 1.837116e-04
0: MPIL CopyToCPU RADIX-8 Dissemination Time: 1.675868e-04
0: MPIL CopyToCPU RADIX-9 Dissemination Time: 1.886281e-04
0: MPIL CopyToCPU RADIX-10 Dissemination Time: 1.958493e-04
0: MPIL CopyToCPU RADIX-11 Dissemination Time: 2.031675e-04
0: MPIL CopyToCPU RADIX-12 Dissemination Time: 2.019858e-04
0: MPIL CopyToCPU RADIX-13 Dissemination Time: 2.039870e-04
0: MPIL CopyToCPU RADIX-14 Dissemination Time: 2.033731e-04
0: Testing Size 8192
0: PMPI Allreduce Time: 2.412833e-04
0: MPIL GPU-Aware Recursive Doubling Time: 2.409423e-04
0: MPIL GPU-Aware Node-Aware Dissemination Time: 2.818867e-03
0: MPIL GPU-Aware NUMA-Aware Dissemination Time: 8.600302e-03
0: CopyToCPU PMPI Allreduce Time: 2.995255e-04
0: MPIL CopyToCPU Recursive Doubling Time: 3.383838e-04
0: MPIL CopyToCPU Node-Aware Dissemination Time: 6.494306e-04
0: MPIL CopyToCPU NUMA-Aware Dissemination Time: 3.560609e-04
0: MPIL CopyToCPU RADIX-3 Dissemination Time: 3.569853e-04
0: MPIL CopyToCPU RADIX-4 Dissemination Time: 2.516014e-04
0: MPIL CopyToCPU RADIX-5 Dissemination Time: 2.843915e-04
0: MPIL CopyToCPU RADIX-6 Dissemination Time: 2.862162e-04
0: MPIL CopyToCPU RADIX-7 Dissemination Time: 3.007258e-04
0: MPIL CopyToCPU RADIX-8 Dissemination Time: 2.852201e-04
0: MPIL CopyToCPU RADIX-9 Dissemination Time: 3.160652e-04
0: MPIL CopyToCPU RADIX-10 Dissemination Time: 3.289520e-04
0: MPIL CopyToCPU RADIX-11 Dissemination Time: 3.463459e-04
0: MPIL CopyToCPU RADIX-12 Dissemination Time: 3.412309e-04
0: MPIL CopyToCPU RADIX-13 Dissemination Time: 3.428907e-04
0: MPIL CopyToCPU RADIX-14 Dissemination Time: 3.424197e-04
0: Testing Size 16384
0: PMPI Allreduce Time: 2.497146e-04
0: MPIL GPU-Aware Recursive Doubling Time: 2.489897e-04
0: MPIL GPU-Aware Node-Aware Dissemination Time: 3.206482e-03
0: MPIL GPU-Aware NUMA-Aware Dissemination Time: 7.980127e-03
0: CopyToCPU PMPI Allreduce Time: 4.874485e-04
0: MPIL CopyToCPU Recursive Doubling Time: 5.891812e-04
0: MPIL CopyToCPU Node-Aware Dissemination Time: 1.130889e-03
0: MPIL CopyToCPU NUMA-Aware Dissemination Time: 6.369851e-04
0: MPIL CopyToCPU RADIX-3 Dissemination Time: 6.389104e-04
0: MPIL CopyToCPU RADIX-4 Dissemination Time: 4.399754e-04
0: MPIL CopyToCPU RADIX-5 Dissemination Time: 4.977994e-04
0: MPIL CopyToCPU RADIX-6 Dissemination Time: 5.078384e-04
0: MPIL CopyToCPU RADIX-7 Dissemination Time: 5.264078e-04
0: MPIL CopyToCPU RADIX-8 Dissemination Time: 5.200037e-04
0: MPIL CopyToCPU RADIX-9 Dissemination Time: 5.606345e-04
0: MPIL CopyToCPU RADIX-10 Dissemination Time: 6.000713e-04
0: MPIL CopyToCPU RADIX-11 Dissemination Time: 6.342495e-04
0: MPIL CopyToCPU RADIX-12 Dissemination Time: 5.919289e-04
0: MPIL CopyToCPU RADIX-13 Dissemination Time: 6.166857e-04
0: MPIL CopyToCPU RADIX-14 Dissemination Time: 6.112432e-04
0: Testing Size 32768
0: PMPI Allreduce Time: 2.760905e-04
0: MPIL GPU-Aware Recursive Doubling Time: 2.767236e-04
0: MPIL GPU-Aware Node-Aware Dissemination Time: 1.327573e-02
0: MPIL GPU-Aware NUMA-Aware Dissemination Time: 7.574826e-03
0: CopyToCPU PMPI Allreduce Time: 8.919284e-04
0: MPIL CopyToCPU Recursive Doubling Time: 1.078628e-03
0: MPIL CopyToCPU Node-Aware Dissemination Time: 2.145990e-03
0: MPIL CopyToCPU NUMA-Aware Dissemination Time: 1.145967e-03
0: MPIL CopyToCPU RADIX-3 Dissemination Time: 1.198455e-03
0: MPIL CopyToCPU RADIX-4 Dissemination Time: 8.332998e-04
0: MPIL CopyToCPU RADIX-5 Dissemination Time: 9.265972e-04
0: MPIL CopyToCPU RADIX-6 Dissemination Time: 9.465195e-04
0: MPIL CopyToCPU RADIX-7 Dissemination Time: 9.929083e-04
0: MPIL CopyToCPU RADIX-8 Dissemination Time: 1.015778e-03
0: MPIL CopyToCPU RADIX-9 Dissemination Time: 1.064995e-03
0: MPIL CopyToCPU RADIX-10 Dissemination Time: 1.148341e-03
0: MPIL CopyToCPU RADIX-11 Dissemination Time: 1.186534e-03
0: MPIL CopyToCPU RADIX-12 Dissemination Time: 1.126789e-03
0: MPIL CopyToCPU RADIX-13 Dissemination Time: 1.167561e-03
0: MPIL CopyToCPU RADIX-14 Dissemination Time: 1.175490e-03
0: Testing Size 65536
0: PMPI Allreduce Time: 3.165442e-04
0: MPIL GPU-Aware Recursive Doubling Time: 3.146456e-04
0: MPIL GPU-Aware Node-Aware Dissemination Time: 1.553133e-02
0: MPIL GPU-Aware NUMA-Aware Dissemination Time: 7.066493e-03
0: CopyToCPU PMPI Allreduce Time: 1.671994e-03
0: MPIL CopyToCPU Recursive Doubling Time: 2.034845e-03
0: MPIL CopyToCPU Node-Aware Dissemination Time: 4.059993e-03
0: MPIL CopyToCPU NUMA-Aware Dissemination Time: 2.200560e-03
0: MPIL CopyToCPU RADIX-3 Dissemination Time: 2.319710e-03
0: MPIL CopyToCPU RADIX-4 Dissemination Time: 1.642538e-03
0: MPIL CopyToCPU RADIX-5 Dissemination Time: 1.737866e-03
0: MPIL CopyToCPU RADIX-6 Dissemination Time: 1.718319e-03
0: MPIL CopyToCPU RADIX-7 Dissemination Time: 1.792808e-03
0: MPIL CopyToCPU RADIX-8 Dissemination Time: 1.806536e-03
0: MPIL CopyToCPU RADIX-9 Dissemination Time: 1.976301e-03
0: MPIL CopyToCPU RADIX-10 Dissemination Time: 2.072235e-03
0: MPIL CopyToCPU RADIX-11 Dissemination Time: 2.178000e-03
0: MPIL CopyToCPU RADIX-12 Dissemination Time: 2.132826e-03
0: MPIL CopyToCPU RADIX-13 Dissemination Time: 2.172285e-03
0: MPIL CopyToCPU RADIX-14 Dissemination Time: 2.224843e-03
0: Testing Size 131072
0: PMPI Allreduce Time: 3.760452e-04
0: MPIL GPU-Aware Recursive Doubling Time: 3.725390e-04
0: MPIL GPU-Aware Node-Aware Dissemination Time: 1.916506e-02
0: MPIL GPU-Aware NUMA-Aware Dissemination Time: 1.118680e-02
0: CopyToCPU PMPI Allreduce Time: 3.369973e-03
0: MPIL CopyToCPU Recursive Doubling Time: 3.785060e-03
0: MPIL CopyToCPU Node-Aware Dissemination Time: 6.237110e-03
0: MPIL CopyToCPU NUMA-Aware Dissemination Time: 4.310374e-03
0: MPIL CopyToCPU RADIX-3 Dissemination Time: 4.481845e-03
0: MPIL CopyToCPU RADIX-4 Dissemination Time: 2.931428e-03
0: MPIL CopyToCPU RADIX-5 Dissemination Time: 3.176049e-03
0: MPIL CopyToCPU RADIX-6 Dissemination Time: 3.245001e-03
0: MPIL CopyToCPU RADIX-7 Dissemination Time: 3.408316e-03
0: MPIL CopyToCPU RADIX-8 Dissemination Time: 3.443743e-03
0: MPIL CopyToCPU RADIX-9 Dissemination Time: 3.708040e-03
0: MPIL CopyToCPU RADIX-10 Dissemination Time: 3.880632e-03
0: MPIL CopyToCPU RADIX-11 Dissemination Time: 4.059080e-03
0: MPIL CopyToCPU RADIX-12 Dissemination Time: 4.008756e-03
0: MPIL CopyToCPU RADIX-13 Dissemination Time: 4.017042e-03
0: MPIL CopyToCPU RADIX-14 Dissemination Time: 4.184359e-03
0: Testing Size 262144
0: PMPI Allreduce Time: 4.298539e-04
0: MPIL GPU-Aware Recursive Doubling Time: 4.284961e-04
0: MPIL GPU-Aware Node-Aware Dissemination Time: 2.673845e-02
0: MPIL GPU-Aware NUMA-Aware Dissemination Time: 1.876166e-02
0: CopyToCPU PMPI Allreduce Time: 6.684053e-03
0: MPIL CopyToCPU Recursive Doubling Time: 7.362843e-03
0: MPIL CopyToCPU Node-Aware Dissemination Time: 9.557983e-03
0: MPIL CopyToCPU NUMA-Aware Dissemination Time: 8.248766e-03
0: MPIL CopyToCPU RADIX-3 Dissemination Time: 8.394748e-03
0: MPIL CopyToCPU RADIX-4 Dissemination Time: 5.777725e-03
0: MPIL CopyToCPU RADIX-5 Dissemination Time: 6.192637e-03
0: MPIL CopyToCPU RADIX-6 Dissemination Time: 6.245799e-03
0: MPIL CopyToCPU RADIX-7 Dissemination Time: 6.509465e-03
0: MPIL CopyToCPU RADIX-8 Dissemination Time: 6.847597e-03
0: MPIL CopyToCPU RADIX-9 Dissemination Time: 7.244315e-03
0: MPIL CopyToCPU RADIX-10 Dissemination Time: 7.615936e-03
0: MPIL CopyToCPU RADIX-11 Dissemination Time: 8.032139e-03
0: MPIL CopyToCPU RADIX-12 Dissemination Time: 7.967409e-03
0: MPIL CopyToCPU RADIX-13 Dissemination Time: 7.900910e-03
0: MPIL CopyToCPU RADIX-14 Dissemination Time: 8.245250e-03
0: Testing Size 524288
0: PMPI Allreduce Time: 5.428085e-04
0: MPIL GPU-Aware Recursive Doubling Time: 5.413924e-04
0: MPIL GPU-Aware Node-Aware Dissemination Time: 3.977761e-02
0: MPIL GPU-Aware NUMA-Aware Dissemination Time: 3.798040e-02
0: CopyToCPU PMPI Allreduce Time: 1.351611e-02
0: MPIL CopyToCPU Recursive Doubling Time: 1.462566e-02
0: MPIL CopyToCPU Node-Aware Dissemination Time: 2.366291e-02
0: MPIL CopyToCPU NUMA-Aware Dissemination Time: 1.563486e-02
0: MPIL CopyToCPU RADIX-3 Dissemination Time: 1.652834e-02
0: MPIL CopyToCPU RADIX-4 Dissemination Time: 1.143883e-02
0: MPIL CopyToCPU RADIX-5 Dissemination Time: 1.240514e-02
0: MPIL CopyToCPU RADIX-6 Dissemination Time: 1.267629e-02
0: MPIL CopyToCPU RADIX-7 Dissemination Time: 1.312873e-02
0: MPIL CopyToCPU RADIX-8 Dissemination Time: 1.529150e-02
0: MPIL CopyToCPU RADIX-9 Dissemination Time: 1.652735e-02
0: MPIL CopyToCPU RADIX-10 Dissemination Time: 1.864795e-02
0: MPIL CopyToCPU RADIX-11 Dissemination Time: 1.970301e-02
0: MPIL CopyToCPU RADIX-12 Dissemination Time: 1.978202e-02
0: MPIL CopyToCPU RADIX-13 Dissemination Time: 2.063041e-02
0: MPIL CopyToCPU RADIX-14 Dissemination Time: 2.177231e-02
