0: Testing Size 1
0: PMPI Allreduce Time: 1.962754e-05
0: MPIL GPU-Aware Recursive Doubling Time: 1.955917e-05
0: MPIL GPU-Aware Node-Aware Dissemination Time: 4.463142e-05
0: MPIL GPU-Aware NUMA-Aware Dissemination Time: 5.898311e-05
0: CopyToCPU PMPI Allreduce Time: 1.928171e-05
0: MPIL CopyToCPU Recursive Doubling Time: 1.990015e-05
0: MPIL CopyToCPU Node-Aware Dissemination Time: 2.599284e-05
0: MPIL CopyToCPU NUMA-Aware Dissemination Time: 2.044323e-05
0: MPIL CopyToCPU RADIX-3 Dissemination Time: 2.462539e-05
0: MPIL CopyToCPU RADIX-4 Dissemination Time: 1.761086e-05
0: MPIL CopyToCPU RADIX-5 Dissemination Time: 2.393963e-05
0: MPIL CopyToCPU RADIX-6 Dissemination Time: 2.290758e-05
0: MPIL CopyToCPU RADIX-7 Dissemination Time: 2.424322e-05
0: MPIL CopyToCPU RADIX-8 Dissemination Time: 1.916396e-05
0: MPIL CopyToCPU RADIX-9 Dissemination Time: 2.226395e-05
0: MPIL CopyToCPU RADIX-10 Dissemination Time: 2.514259e-05
0: MPIL CopyToCPU RADIX-11 Dissemination Time: 2.646041e-05
0: MPIL CopyToCPU RADIX-12 Dissemination Time: 2.614701e-05
0: MPIL CopyToCPU RADIX-13 Dissemination Time: 2.750119e-05
0: MPIL CopyToCPU RADIX-14 Dissemination Time: 2.751051e-05
0: Testing Size 2
0: PMPI Allreduce Time: 1.958615e-05
0: MPIL GPU-Aware Recursive Doubling Time: 1.962108e-05
0: MPIL GPU-Aware Node-Aware Dissemination Time: 4.224991e-05
0: MPIL GPU-Aware NUMA-Aware Dissemination Time: 5.870816e-05
0: CopyToCPU PMPI Allreduce Time: 1.931774e-05
0: MPIL CopyToCPU Recursive Doubling Time: 1.988431e-05
0: MPIL CopyToCPU Node-Aware Dissemination Time: 2.580268e-05
0: MPIL CopyToCPU NUMA-Aware Dissemination Time: 2.043667e-05
0: MPIL CopyToCPU RADIX-3 Dissemination Time: 2.483314e-05
0: MPIL CopyToCPU RADIX-4 Dissemination Time: 1.832485e-05
0: MPIL CopyToCPU RADIX-5 Dissemination Time: 2.415402e-05
0: MPIL CopyToCPU RADIX-6 Dissemination Time: 2.286986e-05
0: MPIL CopyToCPU RADIX-7 Dissemination Time: 2.432271e-05
0: MPIL CopyToCPU RADIX-8 Dissemination Time: 1.919477e-05
0: MPIL CopyToCPU RADIX-9 Dissemination Time: 2.212512e-05
0: MPIL CopyToCPU RADIX-10 Dissemination Time: 2.464256e-05
0: MPIL CopyToCPU RADIX-11 Dissemination Time: 2.576148e-05
0: MPIL CopyToCPU RADIX-12 Dissemination Time: 2.559825e-05
0: MPIL CopyToCPU RADIX-13 Dissemination Time: 2.689821e-05
0: MPIL CopyToCPU RADIX-14 Dissemination Time: 2.722519e-05
0: Testing Size 4
0: PMPI Allreduce Time: 1.949511e-05
0: MPIL GPU-Aware Recursive Doubling Time: 1.948639e-05
0: MPIL GPU-Aware Node-Aware Dissemination Time: 4.262225e-05
0: MPIL GPU-Aware NUMA-Aware Dissemination Time: 5.842493e-05
0: CopyToCPU PMPI Allreduce Time: 1.930413e-05
0: MPIL CopyToCPU Recursive Doubling Time: 1.967429e-05
0: MPIL CopyToCPU Node-Aware Dissemination Time: 2.577073e-05
0: MPIL CopyToCPU NUMA-Aware Dissemination Time: 2.058566e-05
0: MPIL CopyToCPU RADIX-3 Dissemination Time: 2.471671e-05
0: MPIL CopyToCPU RADIX-4 Dissemination Time: 1.783461e-05
0: MPIL CopyToCPU RADIX-5 Dissemination Time: 2.410079e-05
0: MPIL CopyToCPU RADIX-6 Dissemination Time: 2.306977e-05
0: MPIL CopyToCPU RADIX-7 Dissemination Time: 2.452524e-05
0: MPIL CopyToCPU RADIX-8 Dissemination Time: 1.944735e-05
0: MPIL CopyToCPU RADIX-9 Dissemination Time: 2.183850e-05
0: MPIL CopyToCPU RADIX-10 Dissemination Time: 2.492444e-05
0: MPIL CopyToCPU RADIX-11 Dissemination Time: 2.590877e-05
0: MPIL CopyToCPU RADIX-12 Dissemination Time: 2.599155e-05
0: MPIL CopyToCPU RADIX-13 Dissemination Time: 2.713852e-05
0: MPIL CopyToCPU RADIX-14 Dissemination Time: 2.739177e-05
0: Testing Size 8
0: PMPI Allreduce Time: 1.962454e-05
0: MPIL GPU-Aware Recursive Doubling Time: 1.963440e-05
0: MPIL GPU-Aware Node-Aware Dissemination Time: 4.316512e-05
0: MPIL GPU-Aware NUMA-Aware Dissemination Time: 5.931812e-05
0: CopyToCPU PMPI Allreduce Time: 1.929884e-05
0: MPIL CopyToCPU Recursive Doubling Time: 2.154973e-05
0: MPIL CopyToCPU Node-Aware Dissemination Time: 2.585621e-05
0: MPIL CopyToCPU NUMA-Aware Dissemination Time: 2.156836e-05
0: MPIL CopyToCPU RADIX-3 Dissemination Time: 2.536080e-05
0: MPIL CopyToCPU RADIX-4 Dissemination Time: 1.876820e-05
0: MPIL CopyToCPU RADIX-5 Dissemination Time: 2.473031e-05
0: MPIL CopyToCPU RADIX-6 Dissemination Time: 2.373849e-05
0: MPIL CopyToCPU RADIX-7 Dissemination Time: 2.516033e-05
0: MPIL CopyToCPU RADIX-8 Dissemination Time: 2.021113e-05
0: MPIL CopyToCPU RADIX-9 Dissemination Time: 2.257018e-05
0: MPIL CopyToCPU RADIX-10 Dissemination Time: 2.587556e-05
0: MPIL CopyToCPU RADIX-11 Dissemination Time: 2.669010e-05
0: MPIL CopyToCPU RADIX-12 Dissemination Time: 2.714137e-05
0: MPIL CopyToCPU RADIX-13 Dissemination Time: 2.790524e-05
0: MPIL CopyToCPU RADIX-14 Dissemination Time: 2.855172e-05
0: Testing Size 16
0: PMPI Allreduce Time: 2.075497e-05
0: MPIL GPU-Aware Recursive Doubling Time: 2.064586e-05
0: MPIL GPU-Aware Node-Aware Dissemination Time: 4.525487e-05
0: MPIL GPU-Aware NUMA-Aware Dissemination Time: 6.026312e-05
0: CopyToCPU PMPI Allreduce Time: 2.053757e-05
0: MPIL CopyToCPU Recursive Doubling Time: 2.311819e-05
0: MPIL CopyToCPU Node-Aware Dissemination Time: 2.739189e-05
0: MPIL CopyToCPU NUMA-Aware Dissemination Time: 2.314398e-05
0: MPIL CopyToCPU RADIX-3 Dissemination Time: 2.743465e-05
0: MPIL CopyToCPU RADIX-4 Dissemination Time: 1.926841e-05
0: MPIL CopyToCPU RADIX-5 Dissemination Time: 2.652179e-05
0: MPIL CopyToCPU RADIX-6 Dissemination Time: 2.514189e-05
0: MPIL CopyToCPU RADIX-7 Dissemination Time: 2.631769e-05
0: MPIL CopyToCPU RADIX-8 Dissemination Time: 2.085574e-05
0: MPIL CopyToCPU RADIX-9 Dissemination Time: 2.355251e-05
0: MPIL CopyToCPU RADIX-10 Dissemination Time: 2.691539e-05
0: MPIL CopyToCPU RADIX-11 Dissemination Time: 2.782147e-05
0: MPIL CopyToCPU RADIX-12 Dissemination Time: 2.791360e-05
0: MPIL CopyToCPU RADIX-13 Dissemination Time: 2.895769e-05
0: MPIL CopyToCPU RADIX-14 Dissemination Time: 2.947563e-05
0: Testing Size 32
0: PMPI Allreduce Time: 2.846266e-05
0: MPIL GPU-Aware Recursive Doubling Time: 2.806138e-05
0: MPIL GPU-Aware Node-Aware Dissemination Time: 5.746629e-05
0: MPIL GPU-Aware NUMA-Aware Dissemination Time: 7.313101e-05
0: CopyToCPU PMPI Allreduce Time: 2.681664e-05
0: MPIL CopyToCPU Recursive Doubling Time: 2.831488e-05
0: MPIL CopyToCPU Node-Aware Dissemination Time: 3.756092e-05
0: MPIL CopyToCPU NUMA-Aware Dissemination Time: 3.816488e-05
0: MPIL CopyToCPU RADIX-3 Dissemination Time: 3.777381e-05
0: MPIL CopyToCPU RADIX-4 Dissemination Time: 2.678308e-05
0: MPIL CopyToCPU RADIX-5 Dissemination Time: 3.524727e-05
0: MPIL CopyToCPU RADIX-6 Dissemination Time: 3.006437e-05
0: MPIL CopyToCPU RADIX-7 Dissemination Time: 3.177260e-05
0: MPIL CopyToCPU RADIX-8 Dissemination Time: 2.518553e-05
0: MPIL CopyToCPU RADIX-9 Dissemination Time: 2.992397e-05
0: MPIL CopyToCPU RADIX-10 Dissemination Time: 3.315878e-05
0: MPIL CopyToCPU RADIX-11 Dissemination Time: 3.377502e-05
0: MPIL CopyToCPU RADIX-12 Dissemination Time: 3.401831e-05
0: MPIL CopyToCPU RADIX-13 Dissemination Time: 3.513737e-05
0: MPIL CopyToCPU RADIX-14 Dissemination Time: 3.558787e-05
0: Testing Size 64
0: PMPI Allreduce Time: 2.854119e-05
0: MPIL GPU-Aware Recursive Doubling Time: 2.851690e-05
0: MPIL GPU-Aware Node-Aware Dissemination Time: 5.926830e-05
0: MPIL GPU-Aware NUMA-Aware Dissemination Time: 7.330483e-05
0: CopyToCPU PMPI Allreduce Time: 2.790217e-05
0: MPIL CopyToCPU Recursive Doubling Time: 2.893080e-05
0: MPIL CopyToCPU Node-Aware Dissemination Time: 3.925364e-05
0: MPIL CopyToCPU NUMA-Aware Dissemination Time: 3.868597e-05
0: MPIL CopyToCPU RADIX-3 Dissemination Time: 3.859551e-05
0: MPIL CopyToCPU RADIX-4 Dissemination Time: 2.730168e-05
0: MPIL CopyToCPU RADIX-5 Dissemination Time: 3.554038e-05
0: MPIL CopyToCPU RADIX-6 Dissemination Time: 3.022237e-05
0: MPIL CopyToCPU RADIX-7 Dissemination Time: 3.217752e-05
0: MPIL CopyToCPU RADIX-8 Dissemination Time: 2.551823e-05
0: MPIL CopyToCPU RADIX-9 Dissemination Time: 3.043542e-05
0: MPIL CopyToCPU RADIX-10 Dissemination Time: 3.361399e-05
0: MPIL CopyToCPU RADIX-11 Dissemination Time: 3.430386e-05
0: MPIL CopyToCPU RADIX-12 Dissemination Time: 3.438779e-05
0: MPIL CopyToCPU RADIX-13 Dissemination Time: 3.538615e-05
0: MPIL CopyToCPU RADIX-14 Dissemination Time: 3.604626e-05
0: Testing Size 128
0: PMPI Allreduce Time: 3.635259e-05
0: MPIL GPU-Aware Recursive Doubling Time: 3.634741e-05
0: MPIL GPU-Aware Node-Aware Dissemination Time: 8.138114e-05
0: MPIL GPU-Aware NUMA-Aware Dissemination Time: 8.041973e-05
0: CopyToCPU PMPI Allreduce Time: 3.763462e-05
0: MPIL CopyToCPU Recursive Doubling Time: 4.093784e-05
0: MPIL CopyToCPU Node-Aware Dissemination Time: 6.538738e-05
0: MPIL CopyToCPU NUMA-Aware Dissemination Time: 4.223167e-05
0: MPIL CopyToCPU RADIX-3 Dissemination Time: 4.433884e-05
0: MPIL CopyToCPU RADIX-4 Dissemination Time: 3.306460e-05
0: MPIL CopyToCPU RADIX-5 Dissemination Time: 4.133402e-05
0: MPIL CopyToCPU RADIX-6 Dissemination Time: 3.527449e-05
0: MPIL CopyToCPU RADIX-7 Dissemination Time: 3.786847e-05
0: MPIL CopyToCPU RADIX-8 Dissemination Time: 3.145115e-05
0: MPIL CopyToCPU RADIX-9 Dissemination Time: 3.655068e-05
0: MPIL CopyToCPU RADIX-10 Dissemination Time: 4.015045e-05
0: MPIL CopyToCPU RADIX-11 Dissemination Time: 4.050818e-05
0: MPIL CopyToCPU RADIX-12 Dissemination Time: 4.125835e-05
0: MPIL CopyToCPU RADIX-13 Dissemination Time: 4.265342e-05
0: MPIL CopyToCPU RADIX-14 Dissemination Time: 4.380953e-05
0: Testing Size 256
0: PMPI Allreduce Time: 4.181341e-05
0: MPIL GPU-Aware Recursive Doubling Time: 4.170690e-05
0: MPIL GPU-Aware Node-Aware Dissemination Time: 1.030820e-04
0: MPIL GPU-Aware NUMA-Aware Dissemination Time: 8.675276e-05
0: CopyToCPU PMPI Allreduce Time: 4.679626e-05
0: MPIL CopyToCPU Recursive Doubling Time: 4.862003e-05
0: MPIL CopyToCPU Node-Aware Dissemination Time: 9.011735e-05
0: MPIL CopyToCPU NUMA-Aware Dissemination Time: 4.887410e-05
0: MPIL CopyToCPU RADIX-3 Dissemination Time: 4.873777e-05
0: MPIL CopyToCPU RADIX-4 Dissemination Time: 3.595155e-05
0: MPIL CopyToCPU RADIX-5 Dissemination Time: 4.489855e-05
0: MPIL CopyToCPU RADIX-6 Dissemination Time: 3.922967e-05
0: MPIL CopyToCPU RADIX-7 Dissemination Time: 4.214155e-05
0: MPIL CopyToCPU RADIX-8 Dissemination Time: 3.674719e-05
0: MPIL CopyToCPU RADIX-9 Dissemination Time: 3.906101e-05
0: MPIL CopyToCPU RADIX-10 Dissemination Time: 4.571049e-05
0: MPIL CopyToCPU RADIX-11 Dissemination Time: 4.608321e-05
0: MPIL CopyToCPU RADIX-12 Dissemination Time: 4.749860e-05
0: MPIL CopyToCPU RADIX-13 Dissemination Time: 5.177056e-05
0: MPIL CopyToCPU RADIX-14 Dissemination Time: 5.084847e-05
0: Testing Size 512
0: PMPI Allreduce Time: 5.046708e-05
0: MPIL GPU-Aware Recursive Doubling Time: 5.050569e-05
0: MPIL GPU-Aware Node-Aware Dissemination Time: 1.131724e-04
0: MPIL GPU-Aware NUMA-Aware Dissemination Time: 9.704406e-05
0: CopyToCPU PMPI Allreduce Time: 5.119761e-05
0: MPIL CopyToCPU Recursive Doubling Time: 5.415078e-05
0: MPIL CopyToCPU Node-Aware Dissemination Time: 9.223161e-05
0: MPIL CopyToCPU NUMA-Aware Dissemination Time: 5.718189e-05
0: MPIL CopyToCPU RADIX-3 Dissemination Time: 5.743397e-05
0: MPIL CopyToCPU RADIX-4 Dissemination Time: 4.115598e-05
0: MPIL CopyToCPU RADIX-5 Dissemination Time: 5.067852e-05
0: MPIL CopyToCPU RADIX-6 Dissemination Time: 4.548891e-05
0: MPIL CopyToCPU RADIX-7 Dissemination Time: 4.853535e-05
0: MPIL CopyToCPU RADIX-8 Dissemination Time: 4.116583e-05
0: MPIL CopyToCPU RADIX-9 Dissemination Time: 4.343263e-05
0: MPIL CopyToCPU RADIX-10 Dissemination Time: 5.106215e-05
0: MPIL CopyToCPU RADIX-11 Dissemination Time: 5.202431e-05
0: MPIL CopyToCPU RADIX-12 Dissemination Time: 5.344772e-05
0: MPIL CopyToCPU RADIX-13 Dissemination Time: 5.751151e-05
0: MPIL CopyToCPU RADIX-14 Dissemination Time: 5.617342e-05
0: Testing Size 1024
0: PMPI Allreduce Time: 8.914464e-05
0: MPIL GPU-Aware Recursive Doubling Time: 8.928077e-05
0: MPIL GPU-Aware Node-Aware Dissemination Time: 1.032709e-03
0: MPIL GPU-Aware NUMA-Aware Dissemination Time: 1.869828e-03
0: CopyToCPU PMPI Allreduce Time: 6.758676e-05
0: MPIL CopyToCPU Recursive Doubling Time: 7.168906e-05
0: MPIL CopyToCPU Node-Aware Dissemination Time: 1.357503e-04
0: MPIL CopyToCPU NUMA-Aware Dissemination Time: 7.521649e-05
0: MPIL CopyToCPU RADIX-3 Dissemination Time: 7.498440e-05
0: MPIL CopyToCPU RADIX-4 Dissemination Time: 5.392823e-05
0: MPIL CopyToCPU RADIX-5 Dissemination Time: 6.426465e-05
0: MPIL CopyToCPU RADIX-6 Dissemination Time: 5.882880e-05
0: MPIL CopyToCPU RADIX-7 Dissemination Time: 6.302123e-05
0: MPIL CopyToCPU RADIX-8 Dissemination Time: 5.597417e-05
0: MPIL CopyToCPU RADIX-9 Dissemination Time: 5.710025e-05
0: MPIL CopyToCPU RADIX-10 Dissemination Time: 6.587123e-05
0: MPIL CopyToCPU RADIX-11 Dissemination Time: 6.811194e-05
0: MPIL CopyToCPU RADIX-12 Dissemination Time: 6.893333e-05
0: MPIL CopyToCPU RADIX-13 Dissemination Time: 7.447518e-05
0: MPIL CopyToCPU RADIX-14 Dissemination Time: 7.435163e-05
0: Testing Size 2048
0: PMPI Allreduce Time: 1.920121e-04
0: MPIL GPU-Aware Recursive Doubling Time: 1.897577e-04
0: MPIL GPU-Aware Node-Aware Dissemination Time: 1.227171e-03
0: MPIL GPU-Aware NUMA-Aware Dissemination Time: 3.454885e-03
0: CopyToCPU PMPI Allreduce Time: 1.172372e-04
0: MPIL CopyToCPU Recursive Doubling Time: 1.024992e-04
0: MPIL CopyToCPU Node-Aware Dissemination Time: 2.174330e-04
0: MPIL CopyToCPU NUMA-Aware Dissemination Time: 1.107317e-04
0: MPIL CopyToCPU RADIX-3 Dissemination Time: 1.095669e-04
0: MPIL CopyToCPU RADIX-4 Dissemination Time: 7.584443e-05
0: MPIL CopyToCPU RADIX-5 Dissemination Time: 8.640530e-05
0: MPIL CopyToCPU RADIX-6 Dissemination Time: 8.662293e-05
0: MPIL CopyToCPU RADIX-7 Dissemination Time: 8.957590e-05
0: MPIL CopyToCPU RADIX-8 Dissemination Time: 8.247306e-05
0: MPIL CopyToCPU RADIX-9 Dissemination Time: 8.802543e-05
0: MPIL CopyToCPU RADIX-10 Dissemination Time: 9.101065e-05
0: MPIL CopyToCPU RADIX-11 Dissemination Time: 9.270109e-05
0: MPIL CopyToCPU RADIX-12 Dissemination Time: 9.534384e-05
0: MPIL CopyToCPU RADIX-13 Dissemination Time: 9.948053e-05
0: MPIL CopyToCPU RADIX-14 Dissemination Time: 1.009878e-04
0: Testing Size 4096
0: PMPI Allreduce Time: 1.975216e-04
0: MPIL GPU-Aware Recursive Doubling Time: 1.960050e-04
0: MPIL GPU-Aware Node-Aware Dissemination Time: 1.765201e-03
0: MPIL GPU-Aware NUMA-Aware Dissemination Time: 4.979084e-03
0: CopyToCPU PMPI Allreduce Time: 1.752641e-04
0: MPIL CopyToCPU Recursive Doubling Time: 1.876801e-04
0: MPIL CopyToCPU Node-Aware Dissemination Time: 3.802104e-04
0: MPIL CopyToCPU NUMA-Aware Dissemination Time: 2.032048e-04
0: MPIL CopyToCPU RADIX-3 Dissemination Time: 2.088741e-04
0: MPIL CopyToCPU RADIX-4 Dissemination Time: 1.422084e-04
0: MPIL CopyToCPU RADIX-5 Dissemination Time: 1.681853e-04
0: MPIL CopyToCPU RADIX-6 Dissemination Time: 1.595994e-04
0: MPIL CopyToCPU RADIX-7 Dissemination Time: 1.677632e-04
0: MPIL CopyToCPU RADIX-8 Dissemination Time: 1.510616e-04
0: MPIL CopyToCPU RADIX-9 Dissemination Time: 1.637512e-04
0: MPIL CopyToCPU RADIX-10 Dissemination Time: 1.768067e-04
0: MPIL CopyToCPU RADIX-11 Dissemination Time: 1.766875e-04
0: MPIL CopyToCPU RADIX-12 Dissemination Time: 1.802011e-04
0: MPIL CopyToCPU RADIX-13 Dissemination Time: 1.862147e-04
0: MPIL CopyToCPU RADIX-14 Dissemination Time: 1.904873e-04
0: Testing Size 8192
0: PMPI Allreduce Time: 2.032896e-04
0: MPIL GPU-Aware Recursive Doubling Time: 2.015750e-04
0: MPIL GPU-Aware Node-Aware Dissemination Time: 2.559451e-03
0: MPIL GPU-Aware NUMA-Aware Dissemination Time: 8.033373e-03
0: CopyToCPU PMPI Allreduce Time: 2.783772e-04
0: MPIL CopyToCPU Recursive Doubling Time: 3.104187e-04
0: MPIL CopyToCPU Node-Aware Dissemination Time: 6.337099e-04
0: MPIL CopyToCPU NUMA-Aware Dissemination Time: 3.366603e-04
0: MPIL CopyToCPU RADIX-3 Dissemination Time: 3.419868e-04
0: MPIL CopyToCPU RADIX-4 Dissemination Time: 2.309527e-04
0: MPIL CopyToCPU RADIX-5 Dissemination Time: 2.615197e-04
0: MPIL CopyToCPU RADIX-6 Dissemination Time: 2.628010e-04
0: MPIL CopyToCPU RADIX-7 Dissemination Time: 2.767198e-04
0: MPIL CopyToCPU RADIX-8 Dissemination Time: 2.629135e-04
0: MPIL CopyToCPU RADIX-9 Dissemination Time: 2.789823e-04
0: MPIL CopyToCPU RADIX-10 Dissemination Time: 2.933996e-04
0: MPIL CopyToCPU RADIX-11 Dissemination Time: 2.978582e-04
0: MPIL CopyToCPU RADIX-12 Dissemination Time: 2.951655e-04
0: MPIL CopyToCPU RADIX-13 Dissemination Time: 3.039996e-04
0: MPIL CopyToCPU RADIX-14 Dissemination Time: 3.077577e-04
0: Testing Size 16384
0: PMPI Allreduce Time: 2.131565e-04
0: MPIL GPU-Aware Recursive Doubling Time: 2.108121e-04
0: MPIL GPU-Aware Node-Aware Dissemination Time: 3.209617e-03
0: MPIL GPU-Aware NUMA-Aware Dissemination Time: 6.958349e-03
0: CopyToCPU PMPI Allreduce Time: 4.698816e-04
0: MPIL CopyToCPU Recursive Doubling Time: 5.533665e-04
0: MPIL CopyToCPU Node-Aware Dissemination Time: 1.127794e-03
0: MPIL CopyToCPU NUMA-Aware Dissemination Time: 5.995184e-04
0: MPIL CopyToCPU RADIX-3 Dissemination Time: 6.140410e-04
0: MPIL CopyToCPU RADIX-4 Dissemination Time: 4.101338e-04
0: MPIL CopyToCPU RADIX-5 Dissemination Time: 4.550861e-04
0: MPIL CopyToCPU RADIX-6 Dissemination Time: 4.672977e-04
0: MPIL CopyToCPU RADIX-7 Dissemination Time: 4.933089e-04
0: MPIL CopyToCPU RADIX-8 Dissemination Time: 4.936544e-04
0: MPIL CopyToCPU RADIX-9 Dissemination Time: 5.066570e-04
0: MPIL CopyToCPU RADIX-10 Dissemination Time: 5.392130e-04
0: MPIL CopyToCPU RADIX-11 Dissemination Time: 5.321809e-04
0: MPIL CopyToCPU RADIX-12 Dissemination Time: 5.203862e-04
0: MPIL CopyToCPU RADIX-13 Dissemination Time: 5.331288e-04
0: MPIL CopyToCPU RADIX-14 Dissemination Time: 5.587443e-04
0: Testing Size 32768
0: PMPI Allreduce Time: 2.278122e-04
0: MPIL GPU-Aware Recursive Doubling Time: 2.295948e-04
0: MPIL GPU-Aware Node-Aware Dissemination Time: 1.300655e-02
0: MPIL GPU-Aware NUMA-Aware Dissemination Time: 5.916442e-03
0: CopyToCPU PMPI Allreduce Time: 8.510252e-04
0: MPIL CopyToCPU Recursive Doubling Time: 1.048593e-03
0: MPIL CopyToCPU Node-Aware Dissemination Time: 2.124892e-03
0: MPIL CopyToCPU NUMA-Aware Dissemination Time: 1.114420e-03
0: MPIL CopyToCPU RADIX-3 Dissemination Time: 1.149452e-03
0: MPIL CopyToCPU RADIX-4 Dissemination Time: 8.041061e-04
0: MPIL CopyToCPU RADIX-5 Dissemination Time: 8.614165e-04
0: MPIL CopyToCPU RADIX-6 Dissemination Time: 9.036982e-04
0: MPIL CopyToCPU RADIX-7 Dissemination Time: 9.720256e-04
0: MPIL CopyToCPU RADIX-8 Dissemination Time: 9.503483e-04
0: MPIL CopyToCPU RADIX-9 Dissemination Time: 9.711365e-04
0: MPIL CopyToCPU RADIX-10 Dissemination Time: 9.714848e-04
0: MPIL CopyToCPU RADIX-11 Dissemination Time: 9.988676e-04
0: MPIL CopyToCPU RADIX-12 Dissemination Time: 9.468735e-04
0: MPIL CopyToCPU RADIX-13 Dissemination Time: 1.004820e-03
0: MPIL CopyToCPU RADIX-14 Dissemination Time: 1.071575e-03
0: Testing Size 65536
0: PMPI Allreduce Time: 2.628175e-04
0: MPIL GPU-Aware Recursive Doubling Time: 2.610816e-04
0: MPIL GPU-Aware Node-Aware Dissemination Time: 1.567884e-02
0: MPIL GPU-Aware NUMA-Aware Dissemination Time: 6.899945e-03
0: CopyToCPU PMPI Allreduce Time: 1.620925e-03
0: MPIL CopyToCPU Recursive Doubling Time: 1.933346e-03
0: MPIL CopyToCPU Node-Aware Dissemination Time: 4.067116e-03
0: MPIL CopyToCPU NUMA-Aware Dissemination Time: 2.133647e-03
0: MPIL CopyToCPU RADIX-3 Dissemination Time: 2.188359e-03
0: MPIL CopyToCPU RADIX-4 Dissemination Time: 1.575678e-03
0: MPIL CopyToCPU RADIX-5 Dissemination Time: 1.581870e-03
0: MPIL CopyToCPU RADIX-6 Dissemination Time: 1.629194e-03
0: MPIL CopyToCPU RADIX-7 Dissemination Time: 1.697024e-03
0: MPIL CopyToCPU RADIX-8 Dissemination Time: 1.729002e-03
0: MPIL CopyToCPU RADIX-9 Dissemination Time: 1.765400e-03
0: MPIL CopyToCPU RADIX-10 Dissemination Time: 1.771194e-03
0: MPIL CopyToCPU RADIX-11 Dissemination Time: 1.837882e-03
0: MPIL CopyToCPU RADIX-12 Dissemination Time: 1.800011e-03
0: MPIL CopyToCPU RADIX-13 Dissemination Time: 1.899373e-03
0: MPIL CopyToCPU RADIX-14 Dissemination Time: 1.948506e-03
0: Testing Size 131072
0: PMPI Allreduce Time: 3.157061e-04
0: MPIL GPU-Aware Recursive Doubling Time: 3.152340e-04
0: MPIL GPU-Aware Node-Aware Dissemination Time: 1.919607e-02
0: MPIL GPU-Aware NUMA-Aware Dissemination Time: 9.467887e-03
0: CopyToCPU PMPI Allreduce Time: 3.327589e-03
0: MPIL CopyToCPU Recursive Doubling Time: 3.543430e-03
0: MPIL CopyToCPU Node-Aware Dissemination Time: 7.522618e-03
0: MPIL CopyToCPU NUMA-Aware Dissemination Time: 4.006354e-03
0: MPIL CopyToCPU RADIX-3 Dissemination Time: 4.195064e-03
0: MPIL CopyToCPU RADIX-4 Dissemination Time: 2.803709e-03
0: MPIL CopyToCPU RADIX-5 Dissemination Time: 2.887173e-03
0: MPIL CopyToCPU RADIX-6 Dissemination Time: 3.071645e-03
0: MPIL CopyToCPU RADIX-7 Dissemination Time: 3.201178e-03
0: MPIL CopyToCPU RADIX-8 Dissemination Time: 3.301776e-03
0: MPIL CopyToCPU RADIX-9 Dissemination Time: 3.329299e-03
0: MPIL CopyToCPU RADIX-10 Dissemination Time: 3.336684e-03
0: MPIL CopyToCPU RADIX-11 Dissemination Time: 3.377614e-03
0: MPIL CopyToCPU RADIX-12 Dissemination Time: 3.416308e-03
0: MPIL CopyToCPU RADIX-13 Dissemination Time: 3.521780e-03
0: MPIL CopyToCPU RADIX-14 Dissemination Time: 3.600430e-03
0: Testing Size 262144
0: PMPI Allreduce Time: 3.791142e-04
0: MPIL GPU-Aware Recursive Doubling Time: 3.795636e-04
0: MPIL GPU-Aware Node-Aware Dissemination Time: 2.707452e-02
0: MPIL GPU-Aware NUMA-Aware Dissemination Time: 1.657501e-02
0: CopyToCPU PMPI Allreduce Time: 6.580770e-03
0: MPIL CopyToCPU Recursive Doubling Time: 7.121684e-03
0: MPIL CopyToCPU Node-Aware Dissemination Time: 9.676852e-03
0: MPIL CopyToCPU NUMA-Aware Dissemination Time: 7.959845e-03
0: MPIL CopyToCPU RADIX-3 Dissemination Time: 8.005503e-03
0: MPIL CopyToCPU RADIX-4 Dissemination Time: 5.553832e-03
0: MPIL CopyToCPU RADIX-5 Dissemination Time: 5.656600e-03
0: MPIL CopyToCPU RADIX-6 Dissemination Time: 6.176351e-03
0: MPIL CopyToCPU RADIX-7 Dissemination Time: 6.333046e-03
0: MPIL CopyToCPU RADIX-8 Dissemination Time: 6.558029e-03
0: MPIL CopyToCPU RADIX-9 Dissemination Time: 6.522773e-03
0: MPIL CopyToCPU RADIX-10 Dissemination Time: 6.569994e-03
0: MPIL CopyToCPU RADIX-11 Dissemination Time: 6.621467e-03
0: MPIL CopyToCPU RADIX-12 Dissemination Time: 6.780129e-03
0: MPIL CopyToCPU RADIX-13 Dissemination Time: 6.920307e-03
0: MPIL CopyToCPU RADIX-14 Dissemination Time: 7.032195e-03
0: Testing Size 524288
0: PMPI Allreduce Time: 4.775815e-04
0: MPIL GPU-Aware Recursive Doubling Time: 4.782359e-04
0: MPIL GPU-Aware Node-Aware Dissemination Time: 4.171895e-02
0: MPIL GPU-Aware NUMA-Aware Dissemination Time: 3.105021e-02
0: CopyToCPU PMPI Allreduce Time: 1.320013e-02
0: MPIL CopyToCPU Recursive Doubling Time: 1.415681e-02
0: MPIL CopyToCPU Node-Aware Dissemination Time: 2.482262e-02
0: MPIL CopyToCPU NUMA-Aware Dissemination Time: 1.533658e-02
0: MPIL CopyToCPU RADIX-3 Dissemination Time: 1.564637e-02
0: MPIL CopyToCPU RADIX-4 Dissemination Time: 1.099768e-02
0: MPIL CopyToCPU RADIX-5 Dissemination Time: 1.125784e-02
0: MPIL CopyToCPU RADIX-6 Dissemination Time: 1.240277e-02
0: MPIL CopyToCPU RADIX-7 Dissemination Time: 1.282626e-02
0: MPIL CopyToCPU RADIX-8 Dissemination Time: 1.452990e-02
0: MPIL CopyToCPU RADIX-9 Dissemination Time: 1.493696e-02
0: MPIL CopyToCPU RADIX-10 Dissemination Time: 1.599349e-02
0: MPIL CopyToCPU RADIX-11 Dissemination Time: 1.694102e-02
0: MPIL CopyToCPU RADIX-12 Dissemination Time: 1.734328e-02
0: MPIL CopyToCPU RADIX-13 Dissemination Time: 1.883977e-02
0: MPIL CopyToCPU RADIX-14 Dissemination Time: 2.023850e-02
