0: Testing Size 1
0: PMPI Allreduce Time: 2.923678e-05
0: MPIL GPU-Aware Recursive Doubling Time: 2.903876e-05
0: MPIL GPU-Aware Node-Aware Dissemination Time: 2.122514e-04
0: MPIL GPU-Aware NUMA-Aware Dissemination Time: 2.861275e-04
0: CopyToCPU PMPI Allreduce Time: 2.947448e-05
0: MPIL CopyToCPU Recursive Doubling Time: 3.397071e-05
0: MPIL CopyToCPU Node-Aware Dissemination Time: 4.296065e-05
0: MPIL CopyToCPU NUMA-Aware Dissemination Time: 2.404158e-05
0: MPIL CopyToCPU RADIX-3 Dissemination Time: 3.030249e-05
0: MPIL CopyToCPU RADIX-4 Dissemination Time: 2.999410e-05
0: MPIL CopyToCPU RADIX-5 Dissemination Time: 2.992423e-05
0: MPIL CopyToCPU RADIX-6 Dissemination Time: 3.087422e-05
0: MPIL CopyToCPU RADIX-7 Dissemination Time: 3.366982e-05
0: MPIL CopyToCPU RADIX-8 Dissemination Time: 2.994262e-05
0: MPIL CopyToCPU RADIX-9 Dissemination Time: 3.737547e-05
0: MPIL CopyToCPU RADIX-10 Dissemination Time: 4.052738e-05
0: MPIL CopyToCPU RADIX-11 Dissemination Time: 4.066765e-05
0: MPIL CopyToCPU RADIX-12 Dissemination Time: 4.321619e-05
0: MPIL CopyToCPU RADIX-13 Dissemination Time: 4.578842e-05
0: MPIL CopyToCPU RADIX-14 Dissemination Time: 4.174235e-05
0: Testing Size 2
0: PMPI Allreduce Time: 2.895324e-05
0: MPIL GPU-Aware Recursive Doubling Time: 2.908140e-05
0: MPIL GPU-Aware Node-Aware Dissemination Time: 1.985067e-04
0: MPIL GPU-Aware NUMA-Aware Dissemination Time: 2.864748e-04
0: CopyToCPU PMPI Allreduce Time: 2.961766e-05
0: MPIL CopyToCPU Recursive Doubling Time: 3.208338e-05
0: MPIL CopyToCPU Node-Aware Dissemination Time: 4.168743e-05
0: MPIL CopyToCPU NUMA-Aware Dissemination Time: 2.440079e-05
0: MPIL CopyToCPU RADIX-3 Dissemination Time: 3.156291e-05
0: MPIL CopyToCPU RADIX-4 Dissemination Time: 3.173089e-05
0: MPIL CopyToCPU RADIX-5 Dissemination Time: 3.247565e-05
0: MPIL CopyToCPU RADIX-6 Dissemination Time: 3.201634e-05
0: MPIL CopyToCPU RADIX-7 Dissemination Time: 3.556815e-05
0: MPIL CopyToCPU RADIX-8 Dissemination Time: 3.185135e-05
0: MPIL CopyToCPU RADIX-9 Dissemination Time: 3.873570e-05
0: MPIL CopyToCPU RADIX-10 Dissemination Time: 3.984766e-05
0: MPIL CopyToCPU RADIX-11 Dissemination Time: 3.996040e-05
0: MPIL CopyToCPU RADIX-12 Dissemination Time: 4.036612e-05
0: MPIL CopyToCPU RADIX-13 Dissemination Time: 4.256499e-05
0: MPIL CopyToCPU RADIX-14 Dissemination Time: 4.062455e-05
0: Testing Size 4
0: PMPI Allreduce Time: 2.953386e-05
0: MPIL GPU-Aware Recursive Doubling Time: 2.974747e-05
0: MPIL GPU-Aware Node-Aware Dissemination Time: 1.981487e-04
0: MPIL GPU-Aware NUMA-Aware Dissemination Time: 2.881492e-04
0: CopyToCPU PMPI Allreduce Time: 3.004019e-05
0: MPIL CopyToCPU Recursive Doubling Time: 3.178919e-05
0: MPIL CopyToCPU Node-Aware Dissemination Time: 4.182992e-05
0: MPIL CopyToCPU NUMA-Aware Dissemination Time: 2.427687e-05
0: MPIL CopyToCPU RADIX-3 Dissemination Time: 3.059531e-05
0: MPIL CopyToCPU RADIX-4 Dissemination Time: 3.035531e-05
0: MPIL CopyToCPU RADIX-5 Dissemination Time: 3.229730e-05
0: MPIL CopyToCPU RADIX-6 Dissemination Time: 3.105764e-05
0: MPIL CopyToCPU RADIX-7 Dissemination Time: 3.398915e-05
0: MPIL CopyToCPU RADIX-8 Dissemination Time: 3.024726e-05
0: MPIL CopyToCPU RADIX-9 Dissemination Time: 3.693848e-05
0: MPIL CopyToCPU RADIX-10 Dissemination Time: 3.833302e-05
0: MPIL CopyToCPU RADIX-11 Dissemination Time: 3.805365e-05
0: MPIL CopyToCPU RADIX-12 Dissemination Time: 4.086528e-05
0: MPIL CopyToCPU RADIX-13 Dissemination Time: 4.176294e-05
0: MPIL CopyToCPU RADIX-14 Dissemination Time: 4.069083e-05
0: Testing Size 8
0: PMPI Allreduce Time: 2.941010e-05
0: MPIL GPU-Aware Recursive Doubling Time: 2.940687e-05
0: MPIL GPU-Aware Node-Aware Dissemination Time: 2.006813e-04
0: MPIL GPU-Aware NUMA-Aware Dissemination Time: 2.857342e-04
0: CopyToCPU PMPI Allreduce Time: 2.951704e-05
0: MPIL CopyToCPU Recursive Doubling Time: 3.343171e-05
0: MPIL CopyToCPU Node-Aware Dissemination Time: 4.177748e-05
0: MPIL CopyToCPU NUMA-Aware Dissemination Time: 2.427743e-05
0: MPIL CopyToCPU RADIX-3 Dissemination Time: 3.180202e-05
0: MPIL CopyToCPU RADIX-4 Dissemination Time: 3.149993e-05
0: MPIL CopyToCPU RADIX-5 Dissemination Time: 3.129682e-05
0: MPIL CopyToCPU RADIX-6 Dissemination Time: 3.237165e-05
0: MPIL CopyToCPU RADIX-7 Dissemination Time: 3.537790e-05
0: MPIL CopyToCPU RADIX-8 Dissemination Time: 3.152787e-05
0: MPIL CopyToCPU RADIX-9 Dissemination Time: 3.817402e-05
0: MPIL CopyToCPU RADIX-10 Dissemination Time: 3.983213e-05
0: MPIL CopyToCPU RADIX-11 Dissemination Time: 3.986779e-05
0: MPIL CopyToCPU RADIX-12 Dissemination Time: 4.297990e-05
0: MPIL CopyToCPU RADIX-13 Dissemination Time: 4.390348e-05
0: MPIL CopyToCPU RADIX-14 Dissemination Time: 4.298966e-05
0: Testing Size 16
0: PMPI Allreduce Time: 3.124859e-05
0: MPIL GPU-Aware Recursive Doubling Time: 3.128831e-05
0: MPIL GPU-Aware Node-Aware Dissemination Time: 2.011494e-04
0: MPIL GPU-Aware NUMA-Aware Dissemination Time: 2.844070e-04
0: CopyToCPU PMPI Allreduce Time: 3.147550e-05
0: MPIL CopyToCPU Recursive Doubling Time: 3.712312e-05
0: MPIL CopyToCPU Node-Aware Dissemination Time: 4.363727e-05
0: MPIL CopyToCPU NUMA-Aware Dissemination Time: 2.612597e-05
0: MPIL CopyToCPU RADIX-3 Dissemination Time: 3.390665e-05
0: MPIL CopyToCPU RADIX-4 Dissemination Time: 3.339364e-05
0: MPIL CopyToCPU RADIX-5 Dissemination Time: 3.279075e-05
0: MPIL CopyToCPU RADIX-6 Dissemination Time: 3.438439e-05
0: MPIL CopyToCPU RADIX-7 Dissemination Time: 3.717111e-05
0: MPIL CopyToCPU RADIX-8 Dissemination Time: 3.317680e-05
0: MPIL CopyToCPU RADIX-9 Dissemination Time: 4.125231e-05
0: MPIL CopyToCPU RADIX-10 Dissemination Time: 4.339520e-05
0: MPIL CopyToCPU RADIX-11 Dissemination Time: 4.234732e-05
0: MPIL CopyToCPU RADIX-12 Dissemination Time: 4.570129e-05
0: MPIL CopyToCPU RADIX-13 Dissemination Time: 4.650274e-05
0: MPIL CopyToCPU RADIX-14 Dissemination Time: 4.551098e-05
0: Testing Size 32
0: PMPI Allreduce Time: 5.199890e-05
0: MPIL GPU-Aware Recursive Doubling Time: 5.186779e-05
0: MPIL GPU-Aware Node-Aware Dissemination Time: 1.905393e-04
0: MPIL GPU-Aware NUMA-Aware Dissemination Time: 2.849325e-04
0: CopyToCPU PMPI Allreduce Time: 4.183524e-05
0: MPIL CopyToCPU Recursive Doubling Time: 5.319566e-05
0: MPIL CopyToCPU Node-Aware Dissemination Time: 4.998258e-05
0: MPIL CopyToCPU NUMA-Aware Dissemination Time: 3.632780e-05
0: MPIL CopyToCPU RADIX-3 Dissemination Time: 4.760646e-05
0: MPIL CopyToCPU RADIX-4 Dissemination Time: 4.316928e-05
0: MPIL CopyToCPU RADIX-5 Dissemination Time: 4.540327e-05
0: MPIL CopyToCPU RADIX-6 Dissemination Time: 4.276484e-05
0: MPIL CopyToCPU RADIX-7 Dissemination Time: 4.672886e-05
0: MPIL CopyToCPU RADIX-8 Dissemination Time: 3.950860e-05
0: MPIL CopyToCPU RADIX-9 Dissemination Time: 4.930014e-05
0: MPIL CopyToCPU RADIX-10 Dissemination Time: 5.057376e-05
0: MPIL CopyToCPU RADIX-11 Dissemination Time: 5.217998e-05
0: MPIL CopyToCPU RADIX-12 Dissemination Time: 5.358364e-05
0: MPIL CopyToCPU RADIX-13 Dissemination Time: 5.544493e-05
0: MPIL CopyToCPU RADIX-14 Dissemination Time: 5.128925e-05
0: Testing Size 64
0: PMPI Allreduce Time: 5.210485e-05
0: MPIL GPU-Aware Recursive Doubling Time: 5.206385e-05
0: MPIL GPU-Aware Node-Aware Dissemination Time: 2.167939e-04
0: MPIL GPU-Aware NUMA-Aware Dissemination Time: 2.845411e-04
0: CopyToCPU PMPI Allreduce Time: 5.182650e-05
0: MPIL CopyToCPU Recursive Doubling Time: 5.387431e-05
0: MPIL CopyToCPU Node-Aware Dissemination Time: 5.569877e-05
0: MPIL CopyToCPU NUMA-Aware Dissemination Time: 4.419866e-05
0: MPIL CopyToCPU RADIX-3 Dissemination Time: 4.834705e-05
0: MPIL CopyToCPU RADIX-4 Dissemination Time: 4.410709e-05
0: MPIL CopyToCPU RADIX-5 Dissemination Time: 4.621503e-05
0: MPIL CopyToCPU RADIX-6 Dissemination Time: 4.370975e-05
0: MPIL CopyToCPU RADIX-7 Dissemination Time: 4.733773e-05
0: MPIL CopyToCPU RADIX-8 Dissemination Time: 4.018495e-05
0: MPIL CopyToCPU RADIX-9 Dissemination Time: 4.986559e-05
0: MPIL CopyToCPU RADIX-10 Dissemination Time: 5.160299e-05
0: MPIL CopyToCPU RADIX-11 Dissemination Time: 5.299690e-05
0: MPIL CopyToCPU RADIX-12 Dissemination Time: 5.446398e-05
0: MPIL CopyToCPU RADIX-13 Dissemination Time: 5.635865e-05
0: MPIL CopyToCPU RADIX-14 Dissemination Time: 5.262998e-05
0: Testing Size 128
0: PMPI Allreduce Time: 6.514912e-05
0: MPIL GPU-Aware Recursive Doubling Time: 6.508469e-05
0: MPIL GPU-Aware Node-Aware Dissemination Time: 2.487078e-04
0: MPIL GPU-Aware NUMA-Aware Dissemination Time: 2.545689e-04
0: CopyToCPU PMPI Allreduce Time: 6.582963e-05
0: MPIL CopyToCPU Recursive Doubling Time: 6.889845e-05
0: MPIL CopyToCPU Node-Aware Dissemination Time: 1.224296e-04
0: MPIL CopyToCPU NUMA-Aware Dissemination Time: 6.807863e-05
0: MPIL CopyToCPU RADIX-3 Dissemination Time: 5.628936e-05
0: MPIL CopyToCPU RADIX-4 Dissemination Time: 5.519463e-05
0: MPIL CopyToCPU RADIX-5 Dissemination Time: 5.831047e-05
0: MPIL CopyToCPU RADIX-6 Dissemination Time: 5.576605e-05
0: MPIL CopyToCPU RADIX-7 Dissemination Time: 5.898172e-05
0: MPIL CopyToCPU RADIX-8 Dissemination Time: 5.447217e-05
0: MPIL CopyToCPU RADIX-9 Dissemination Time: 6.213567e-05
0: MPIL CopyToCPU RADIX-10 Dissemination Time: 6.409747e-05
0: MPIL CopyToCPU RADIX-11 Dissemination Time: 6.491369e-05
0: MPIL CopyToCPU RADIX-12 Dissemination Time: 6.579198e-05
0: MPIL CopyToCPU RADIX-13 Dissemination Time: 6.771462e-05
0: MPIL CopyToCPU RADIX-14 Dissemination Time: 6.391102e-05
0: Testing Size 256
0: PMPI Allreduce Time: 7.478917e-05
0: MPIL GPU-Aware Recursive Doubling Time: 7.474220e-05
0: MPIL GPU-Aware Node-Aware Dissemination Time: 2.787910e-04
0: MPIL GPU-Aware NUMA-Aware Dissemination Time: 2.492421e-04
0: CopyToCPU PMPI Allreduce Time: 8.171302e-05
0: MPIL CopyToCPU Recursive Doubling Time: 8.572247e-05
0: MPIL CopyToCPU Node-Aware Dissemination Time: 1.671870e-04
0: MPIL CopyToCPU NUMA-Aware Dissemination Time: 8.630611e-05
0: MPIL CopyToCPU RADIX-3 Dissemination Time: 6.252409e-05
0: MPIL CopyToCPU RADIX-4 Dissemination Time: 6.051121e-05
0: MPIL CopyToCPU RADIX-5 Dissemination Time: 6.618380e-05
0: MPIL CopyToCPU RADIX-6 Dissemination Time: 6.571945e-05
0: MPIL CopyToCPU RADIX-7 Dissemination Time: 6.569804e-05
0: MPIL CopyToCPU RADIX-8 Dissemination Time: 6.679306e-05
0: MPIL CopyToCPU RADIX-9 Dissemination Time: 7.115451e-05
0: MPIL CopyToCPU RADIX-10 Dissemination Time: 7.205187e-05
0: MPIL CopyToCPU RADIX-11 Dissemination Time: 7.480742e-05
0: MPIL CopyToCPU RADIX-12 Dissemination Time: 7.494412e-05
0: MPIL CopyToCPU RADIX-13 Dissemination Time: 7.792014e-05
0: MPIL CopyToCPU RADIX-14 Dissemination Time: 7.903114e-05
0: Testing Size 512
0: PMPI Allreduce Time: 9.075968e-05
0: MPIL GPU-Aware Recursive Doubling Time: 9.088019e-05
0: MPIL GPU-Aware Node-Aware Dissemination Time: 2.932317e-04
0: MPIL GPU-Aware NUMA-Aware Dissemination Time: 2.598915e-04
0: CopyToCPU PMPI Allreduce Time: 9.030879e-05
0: MPIL CopyToCPU Recursive Doubling Time: 8.881476e-05
0: MPIL CopyToCPU Node-Aware Dissemination Time: 1.944043e-04
0: MPIL CopyToCPU NUMA-Aware Dissemination Time: 1.057005e-04
0: MPIL CopyToCPU RADIX-3 Dissemination Time: 7.350723e-05
0: MPIL CopyToCPU RADIX-4 Dissemination Time: 6.922115e-05
0: MPIL CopyToCPU RADIX-5 Dissemination Time: 7.544266e-05
0: MPIL CopyToCPU RADIX-6 Dissemination Time: 7.277230e-05
0: MPIL CopyToCPU RADIX-7 Dissemination Time: 7.737469e-05
0: MPIL CopyToCPU RADIX-8 Dissemination Time: 7.263871e-05
0: MPIL CopyToCPU RADIX-9 Dissemination Time: 7.938506e-05
0: MPIL CopyToCPU RADIX-10 Dissemination Time: 8.031455e-05
0: MPIL CopyToCPU RADIX-11 Dissemination Time: 8.021701e-05
0: MPIL CopyToCPU RADIX-12 Dissemination Time: 8.254434e-05
0: MPIL CopyToCPU RADIX-13 Dissemination Time: 8.595384e-05
0: MPIL CopyToCPU RADIX-14 Dissemination Time: 8.321366e-05
0: Testing Size 1024
0: PMPI Allreduce Time: 2.284983e-04
0: MPIL GPU-Aware Recursive Doubling Time: 2.295844e-04
0: MPIL GPU-Aware Node-Aware Dissemination Time: 8.962025e-04
0: MPIL GPU-Aware NUMA-Aware Dissemination Time: 1.089877e-03
0: CopyToCPU PMPI Allreduce Time: 1.291390e-04
0: MPIL CopyToCPU Recursive Doubling Time: 1.246878e-04
0: MPIL CopyToCPU Node-Aware Dissemination Time: 2.982963e-04
0: MPIL CopyToCPU NUMA-Aware Dissemination Time: 1.624001e-04
0: MPIL CopyToCPU RADIX-3 Dissemination Time: 9.839020e-05
0: MPIL CopyToCPU RADIX-4 Dissemination Time: 8.975913e-05
0: MPIL CopyToCPU RADIX-5 Dissemination Time: 9.384669e-05
0: MPIL CopyToCPU RADIX-6 Dissemination Time: 9.644494e-05
0: MPIL CopyToCPU RADIX-7 Dissemination Time: 1.002245e-04
0: MPIL CopyToCPU RADIX-8 Dissemination Time: 9.903301e-05
0: MPIL CopyToCPU RADIX-9 Dissemination Time: 1.068458e-04
0: MPIL CopyToCPU RADIX-10 Dissemination Time: 1.071570e-04
0: MPIL CopyToCPU RADIX-11 Dissemination Time: 1.129366e-04
0: MPIL CopyToCPU RADIX-12 Dissemination Time: 1.131664e-04
0: MPIL CopyToCPU RADIX-13 Dissemination Time: 1.097205e-04
0: MPIL CopyToCPU RADIX-14 Dissemination Time: 1.072906e-04
0: Testing Size 2048
0: PMPI Allreduce Time: 2.516284e-04
0: MPIL GPU-Aware Recursive Doubling Time: 2.490227e-04
0: MPIL GPU-Aware Node-Aware Dissemination Time: 1.389615e-03
0: MPIL GPU-Aware NUMA-Aware Dissemination Time: 1.769981e-03
0: CopyToCPU PMPI Allreduce Time: 1.842930e-04
0: MPIL CopyToCPU Recursive Doubling Time: 1.919063e-04
0: MPIL CopyToCPU Node-Aware Dissemination Time: 4.021860e-04
0: MPIL CopyToCPU NUMA-Aware Dissemination Time: 2.577754e-04
0: MPIL CopyToCPU RADIX-3 Dissemination Time: 1.524327e-04
0: MPIL CopyToCPU RADIX-4 Dissemination Time: 1.303501e-04
0: MPIL CopyToCPU RADIX-5 Dissemination Time: 1.336428e-04
0: MPIL CopyToCPU RADIX-6 Dissemination Time: 1.421201e-04
0: MPIL CopyToCPU RADIX-7 Dissemination Time: 1.449258e-04
0: MPIL CopyToCPU RADIX-8 Dissemination Time: 1.451480e-04
0: MPIL CopyToCPU RADIX-9 Dissemination Time: 1.510771e-04
0: MPIL CopyToCPU RADIX-10 Dissemination Time: 1.556786e-04
0: MPIL CopyToCPU RADIX-11 Dissemination Time: 1.448507e-04
0: MPIL CopyToCPU RADIX-12 Dissemination Time: 1.457648e-04
0: MPIL CopyToCPU RADIX-13 Dissemination Time: 1.506741e-04
0: MPIL CopyToCPU RADIX-14 Dissemination Time: 1.550323e-04
0: Testing Size 4096
0: PMPI Allreduce Time: 2.633491e-04
0: MPIL GPU-Aware Recursive Doubling Time: 2.625978e-04
0: MPIL GPU-Aware Node-Aware Dissemination Time: 2.005788e-03
0: MPIL GPU-Aware NUMA-Aware Dissemination Time: 2.571105e-03
0: CopyToCPU PMPI Allreduce Time: 2.867061e-04
0: MPIL CopyToCPU Recursive Doubling Time: 3.566946e-04
0: MPIL CopyToCPU Node-Aware Dissemination Time: 6.907144e-04
0: MPIL CopyToCPU NUMA-Aware Dissemination Time: 4.408730e-04
0: MPIL CopyToCPU RADIX-3 Dissemination Time: 2.805413e-04
0: MPIL CopyToCPU RADIX-4 Dissemination Time: 2.353345e-04
0: MPIL CopyToCPU RADIX-5 Dissemination Time: 2.454202e-04
0: MPIL CopyToCPU RADIX-6 Dissemination Time: 2.472059e-04
0: MPIL CopyToCPU RADIX-7 Dissemination Time: 2.669703e-04
0: MPIL CopyToCPU RADIX-8 Dissemination Time: 2.618070e-04
0: MPIL CopyToCPU RADIX-9 Dissemination Time: 2.805271e-04
0: MPIL CopyToCPU RADIX-10 Dissemination Time: 2.872863e-04
0: MPIL CopyToCPU RADIX-11 Dissemination Time: 2.721599e-04
0: MPIL CopyToCPU RADIX-12 Dissemination Time: 2.742577e-04
0: MPIL CopyToCPU RADIX-13 Dissemination Time: 2.876283e-04
0: MPIL CopyToCPU RADIX-14 Dissemination Time: 2.888427e-04
0: Testing Size 8192
0: PMPI Allreduce Time: 2.677622e-04
0: MPIL GPU-Aware Recursive Doubling Time: 2.661054e-04
0: MPIL GPU-Aware Node-Aware Dissemination Time: 2.794055e-03
0: MPIL GPU-Aware NUMA-Aware Dissemination Time: 3.033543e-03
0: CopyToCPU PMPI Allreduce Time: 4.691411e-04
0: MPIL CopyToCPU Recursive Doubling Time: 5.825288e-04
0: MPIL CopyToCPU Node-Aware Dissemination Time: 1.203537e-03
0: MPIL CopyToCPU NUMA-Aware Dissemination Time: 7.250308e-04
0: MPIL CopyToCPU RADIX-3 Dissemination Time: 4.606670e-04
0: MPIL CopyToCPU RADIX-4 Dissemination Time: 3.882149e-04
0: MPIL CopyToCPU RADIX-5 Dissemination Time: 4.093285e-04
0: MPIL CopyToCPU RADIX-6 Dissemination Time: 4.249596e-04
0: MPIL CopyToCPU RADIX-7 Dissemination Time: 4.669398e-04
0: MPIL CopyToCPU RADIX-8 Dissemination Time: 4.631553e-04
0: MPIL CopyToCPU RADIX-9 Dissemination Time: 4.869830e-04
0: MPIL CopyToCPU RADIX-10 Dissemination Time: 5.076854e-04
0: MPIL CopyToCPU RADIX-11 Dissemination Time: 4.917496e-04
0: MPIL CopyToCPU RADIX-12 Dissemination Time: 4.674123e-04
0: MPIL CopyToCPU RADIX-13 Dissemination Time: 4.882918e-04
0: MPIL CopyToCPU RADIX-14 Dissemination Time: 5.052169e-04
0: Testing Size 16384
0: PMPI Allreduce Time: 2.750021e-04
0: MPIL GPU-Aware Recursive Doubling Time: 2.738616e-04
0: MPIL GPU-Aware Node-Aware Dissemination Time: 3.191783e-03
0: MPIL GPU-Aware NUMA-Aware Dissemination Time: 3.738163e-03
0: CopyToCPU PMPI Allreduce Time: 8.224546e-04
0: MPIL CopyToCPU Recursive Doubling Time: 1.048629e-03
0: MPIL CopyToCPU Node-Aware Dissemination Time: 2.395212e-03
0: MPIL CopyToCPU NUMA-Aware Dissemination Time: 1.359961e-03
0: MPIL CopyToCPU RADIX-3 Dissemination Time: 8.425045e-04
0: MPIL CopyToCPU RADIX-4 Dissemination Time: 7.126609e-04
0: MPIL CopyToCPU RADIX-5 Dissemination Time: 7.412516e-04
0: MPIL CopyToCPU RADIX-6 Dissemination Time: 7.696768e-04
0: MPIL CopyToCPU RADIX-7 Dissemination Time: 8.479314e-04
0: MPIL CopyToCPU RADIX-8 Dissemination Time: 8.476406e-04
0: MPIL CopyToCPU RADIX-9 Dissemination Time: 8.815273e-04
0: MPIL CopyToCPU RADIX-10 Dissemination Time: 9.091718e-04
0: MPIL CopyToCPU RADIX-11 Dissemination Time: 9.205623e-04
0: MPIL CopyToCPU RADIX-12 Dissemination Time: 8.830915e-04
0: MPIL CopyToCPU RADIX-13 Dissemination Time: 9.317513e-04
0: MPIL CopyToCPU RADIX-14 Dissemination Time: 9.709197e-04
0: Testing Size 32768
0: PMPI Allreduce Time: 2.955842e-04
0: MPIL GPU-Aware Recursive Doubling Time: 2.942008e-04
0: MPIL GPU-Aware Node-Aware Dissemination Time: 1.198602e-02
0: MPIL GPU-Aware NUMA-Aware Dissemination Time: 4.646145e-03
0: CopyToCPU PMPI Allreduce Time: 1.490411e-03
0: MPIL CopyToCPU Recursive Doubling Time: 1.844217e-03
0: MPIL CopyToCPU Node-Aware Dissemination Time: 4.242804e-03
0: MPIL CopyToCPU NUMA-Aware Dissemination Time: 2.475041e-03
0: MPIL CopyToCPU RADIX-3 Dissemination Time: 1.589403e-03
0: MPIL CopyToCPU RADIX-4 Dissemination Time: 1.330471e-03
0: MPIL CopyToCPU RADIX-5 Dissemination Time: 1.413026e-03
0: MPIL CopyToCPU RADIX-6 Dissemination Time: 1.478265e-03
0: MPIL CopyToCPU RADIX-7 Dissemination Time: 1.583555e-03
0: MPIL CopyToCPU RADIX-8 Dissemination Time: 1.596963e-03
0: MPIL CopyToCPU RADIX-9 Dissemination Time: 1.656089e-03
0: MPIL CopyToCPU RADIX-10 Dissemination Time: 1.630136e-03
0: MPIL CopyToCPU RADIX-11 Dissemination Time: 1.602019e-03
0: MPIL CopyToCPU RADIX-12 Dissemination Time: 1.705560e-03
0: MPIL CopyToCPU RADIX-13 Dissemination Time: 1.799967e-03
0: MPIL CopyToCPU RADIX-14 Dissemination Time: 1.915827e-03
0: Testing Size 65536
0: PMPI Allreduce Time: 3.386240e-04
0: MPIL GPU-Aware Recursive Doubling Time: 3.369052e-04
0: MPIL GPU-Aware Node-Aware Dissemination Time: 1.538872e-02
0: MPIL GPU-Aware NUMA-Aware Dissemination Time: 7.207369e-03
0: CopyToCPU PMPI Allreduce Time: 2.629750e-03
0: MPIL CopyToCPU Recursive Doubling Time: 3.588486e-03
0: MPIL CopyToCPU Node-Aware Dissemination Time: 6.909934e-03
0: MPIL CopyToCPU NUMA-Aware Dissemination Time: 4.959458e-03
0: MPIL CopyToCPU RADIX-3 Dissemination Time: 3.045065e-03
0: MPIL CopyToCPU RADIX-4 Dissemination Time: 2.582676e-03
0: MPIL CopyToCPU RADIX-5 Dissemination Time: 2.739043e-03
0: MPIL CopyToCPU RADIX-6 Dissemination Time: 2.839236e-03
0: MPIL CopyToCPU RADIX-7 Dissemination Time: 3.037132e-03
0: MPIL CopyToCPU RADIX-8 Dissemination Time: 3.050873e-03
0: MPIL CopyToCPU RADIX-9 Dissemination Time: 3.013074e-03
0: MPIL CopyToCPU RADIX-10 Dissemination Time: 2.837386e-03
0: MPIL CopyToCPU RADIX-11 Dissemination Time: 3.059831e-03
0: MPIL CopyToCPU RADIX-12 Dissemination Time: 3.267314e-03
0: MPIL CopyToCPU RADIX-13 Dissemination Time: 3.427981e-03
0: MPIL CopyToCPU RADIX-14 Dissemination Time: 3.694096e-03
0: Testing Size 131072
0: PMPI Allreduce Time: 4.186109e-04
0: MPIL GPU-Aware Recursive Doubling Time: 4.176156e-04
0: MPIL GPU-Aware Node-Aware Dissemination Time: 2.192926e-02
0: MPIL GPU-Aware NUMA-Aware Dissemination Time: 1.506713e-02
0: CopyToCPU PMPI Allreduce Time: 5.256925e-03
0: MPIL CopyToCPU Recursive Doubling Time: 5.996847e-03
0: MPIL CopyToCPU Node-Aware Dissemination Time: 1.385469e-02
0: MPIL CopyToCPU NUMA-Aware Dissemination Time: 9.760196e-03
0: MPIL CopyToCPU RADIX-3 Dissemination Time: 5.929120e-03
0: MPIL CopyToCPU RADIX-4 Dissemination Time: 5.047835e-03
0: MPIL CopyToCPU RADIX-5 Dissemination Time: 5.246894e-03
0: MPIL CopyToCPU RADIX-6 Dissemination Time: 5.511022e-03
0: MPIL CopyToCPU RADIX-7 Dissemination Time: 5.784223e-03
0: MPIL CopyToCPU RADIX-8 Dissemination Time: 5.791476e-03
0: MPIL CopyToCPU RADIX-9 Dissemination Time: 5.865504e-03
0: MPIL CopyToCPU RADIX-10 Dissemination Time: 5.757249e-03
0: MPIL CopyToCPU RADIX-11 Dissemination Time: 5.951362e-03
0: MPIL CopyToCPU RADIX-12 Dissemination Time: 6.198345e-03
0: MPIL CopyToCPU RADIX-13 Dissemination Time: 6.453824e-03
0: MPIL CopyToCPU RADIX-14 Dissemination Time: 6.938130e-03
0: Testing Size 262144
0: PMPI Allreduce Time: 5.757720e-04
0: MPIL GPU-Aware Recursive Doubling Time: 5.750530e-04
0: MPIL GPU-Aware Node-Aware Dissemination Time: 3.846215e-02
0: MPIL GPU-Aware NUMA-Aware Dissemination Time: 2.999044e-02
0: CopyToCPU PMPI Allreduce Time: 9.633944e-03
0: MPIL CopyToCPU Recursive Doubling Time: 1.334394e-02
0: MPIL CopyToCPU Node-Aware Dissemination Time: 2.657016e-02
0: MPIL CopyToCPU NUMA-Aware Dissemination Time: 1.793524e-02
0: MPIL CopyToCPU RADIX-3 Dissemination Time: 1.181939e-02
0: MPIL CopyToCPU RADIX-4 Dissemination Time: 9.882887e-03
0: MPIL CopyToCPU RADIX-5 Dissemination Time: 1.026322e-02
0: MPIL CopyToCPU RADIX-6 Dissemination Time: 1.071544e-02
0: MPIL CopyToCPU RADIX-7 Dissemination Time: 1.121576e-02
0: MPIL CopyToCPU RADIX-8 Dissemination Time: 1.126342e-02
0: MPIL CopyToCPU RADIX-9 Dissemination Time: 1.120934e-02
0: MPIL CopyToCPU RADIX-10 Dissemination Time: 1.098130e-02
0: MPIL CopyToCPU RADIX-11 Dissemination Time: 1.162101e-02
0: MPIL CopyToCPU RADIX-12 Dissemination Time: 1.234037e-02
0: MPIL CopyToCPU RADIX-13 Dissemination Time: 1.303981e-02
0: MPIL CopyToCPU RADIX-14 Dissemination Time: 1.402242e-02
0: Testing Size 524288
0: PMPI Allreduce Time: 8.946709e-04
0: MPIL GPU-Aware Recursive Doubling Time: 8.938908e-04
0: MPIL GPU-Aware Node-Aware Dissemination Time: 7.085869e-02
0: MPIL GPU-Aware NUMA-Aware Dissemination Time: 6.021013e-02
0: CopyToCPU PMPI Allreduce Time: 2.170498e-02
0: MPIL CopyToCPU Recursive Doubling Time: 2.334747e-02
0: MPIL CopyToCPU Node-Aware Dissemination Time: 5.475290e-02
0: MPIL CopyToCPU NUMA-Aware Dissemination Time: 3.551724e-02
0: MPIL CopyToCPU RADIX-3 Dissemination Time: 2.328515e-02
0: MPIL CopyToCPU RADIX-4 Dissemination Time: 1.927786e-02
0: MPIL CopyToCPU RADIX-5 Dissemination Time: 1.963264e-02
0: MPIL CopyToCPU RADIX-6 Dissemination Time: 1.937669e-02
0: MPIL CopyToCPU RADIX-7 Dissemination Time: 2.088496e-02
0: MPIL CopyToCPU RADIX-8 Dissemination Time: 2.691034e-02
0: MPIL CopyToCPU RADIX-9 Dissemination Time: 2.869270e-02
0: MPIL CopyToCPU RADIX-10 Dissemination Time: 3.003801e-02
0: MPIL CopyToCPU RADIX-11 Dissemination Time: 3.118821e-02
0: MPIL CopyToCPU RADIX-12 Dissemination Time: 3.327793e-02
0: MPIL CopyToCPU RADIX-13 Dissemination Time: 3.469964e-02
0: MPIL CopyToCPU RADIX-14 Dissemination Time: 3.712178e-02
