0: Testing Size 1
0: PMPI Allreduce Time: 1.338380e-05
0: MPIL GPU-Aware Recursive Doubling Time: 1.338635e-05
0: MPIL GPU-Aware Node-Aware Dissemination Time: 6.176547e-05
0: MPIL GPU-Aware NUMA-Aware Dissemination Time: 1.328014e-04
0: CopyToCPU PMPI Allreduce Time: 1.401347e-05
0: MPIL CopyToCPU Recursive Doubling Time: 1.549809e-05
0: MPIL CopyToCPU Node-Aware Dissemination Time: 2.060835e-05
0: MPIL CopyToCPU NUMA-Aware Dissemination Time: 1.230863e-05
0: MPIL CopyToCPU RADIX-3 Dissemination Time: 1.808662e-05
0: MPIL CopyToCPU RADIX-4 Dissemination Time: 1.842951e-05
0: MPIL CopyToCPU RADIX-5 Dissemination Time: 1.947259e-05
0: MPIL CopyToCPU RADIX-6 Dissemination Time: 1.574586e-05
0: MPIL CopyToCPU RADIX-7 Dissemination Time: 1.880307e-05
0: MPIL CopyToCPU RADIX-8 Dissemination Time: 1.819096e-05
0: MPIL CopyToCPU RADIX-9 Dissemination Time: 2.059071e-05
0: MPIL CopyToCPU RADIX-10 Dissemination Time: 2.067963e-05
0: MPIL CopyToCPU RADIX-11 Dissemination Time: 2.030879e-05
0: MPIL CopyToCPU RADIX-12 Dissemination Time: 2.064631e-05
0: MPIL CopyToCPU RADIX-13 Dissemination Time: 2.516187e-05
0: MPIL CopyToCPU RADIX-14 Dissemination Time: 2.599305e-05
0: Testing Size 2
0: PMPI Allreduce Time: 1.371595e-05
0: MPIL GPU-Aware Recursive Doubling Time: 1.374664e-05
0: MPIL GPU-Aware Node-Aware Dissemination Time: 6.052621e-05
0: MPIL GPU-Aware NUMA-Aware Dissemination Time: 1.356145e-04
0: CopyToCPU PMPI Allreduce Time: 1.407161e-05
0: MPIL CopyToCPU Recursive Doubling Time: 1.530824e-05
0: MPIL CopyToCPU Node-Aware Dissemination Time: 2.031900e-05
0: MPIL CopyToCPU NUMA-Aware Dissemination Time: 1.204269e-05
0: MPIL CopyToCPU RADIX-3 Dissemination Time: 1.814375e-05
0: MPIL CopyToCPU RADIX-4 Dissemination Time: 1.848832e-05
0: MPIL CopyToCPU RADIX-5 Dissemination Time: 1.958582e-05
0: MPIL CopyToCPU RADIX-6 Dissemination Time: 1.556251e-05
0: MPIL CopyToCPU RADIX-7 Dissemination Time: 1.839996e-05
0: MPIL CopyToCPU RADIX-8 Dissemination Time: 1.820190e-05
0: MPIL CopyToCPU RADIX-9 Dissemination Time: 2.059660e-05
0: MPIL CopyToCPU RADIX-10 Dissemination Time: 2.071315e-05
0: MPIL CopyToCPU RADIX-11 Dissemination Time: 2.048225e-05
0: MPIL CopyToCPU RADIX-12 Dissemination Time: 2.066400e-05
0: MPIL CopyToCPU RADIX-13 Dissemination Time: 2.525556e-05
0: MPIL CopyToCPU RADIX-14 Dissemination Time: 2.605771e-05
0: Testing Size 4
0: PMPI Allreduce Time: 1.383944e-05
0: MPIL GPU-Aware Recursive Doubling Time: 1.373504e-05
0: MPIL GPU-Aware Node-Aware Dissemination Time: 5.938870e-05
0: MPIL GPU-Aware NUMA-Aware Dissemination Time: 1.319580e-04
0: CopyToCPU PMPI Allreduce Time: 1.361520e-05
0: MPIL CopyToCPU Recursive Doubling Time: 1.527019e-05
0: MPIL CopyToCPU Node-Aware Dissemination Time: 1.964928e-05
0: MPIL CopyToCPU NUMA-Aware Dissemination Time: 1.225368e-05
0: MPIL CopyToCPU RADIX-3 Dissemination Time: 1.813382e-05
0: MPIL CopyToCPU RADIX-4 Dissemination Time: 1.862762e-05
0: MPIL CopyToCPU RADIX-5 Dissemination Time: 1.965847e-05
0: MPIL CopyToCPU RADIX-6 Dissemination Time: 1.582260e-05
0: MPIL CopyToCPU RADIX-7 Dissemination Time: 1.892651e-05
0: MPIL CopyToCPU RADIX-8 Dissemination Time: 1.821907e-05
0: MPIL CopyToCPU RADIX-9 Dissemination Time: 2.073018e-05
0: MPIL CopyToCPU RADIX-10 Dissemination Time: 2.076031e-05
0: MPIL CopyToCPU RADIX-11 Dissemination Time: 2.042504e-05
0: MPIL CopyToCPU RADIX-12 Dissemination Time: 2.096797e-05
0: MPIL CopyToCPU RADIX-13 Dissemination Time: 2.533746e-05
0: MPIL CopyToCPU RADIX-14 Dissemination Time: 2.634648e-05
0: Testing Size 8
0: PMPI Allreduce Time: 1.414167e-05
0: MPIL GPU-Aware Recursive Doubling Time: 1.413730e-05
0: MPIL GPU-Aware Node-Aware Dissemination Time: 5.909132e-05
0: MPIL GPU-Aware NUMA-Aware Dissemination Time: 1.325052e-04
0: CopyToCPU PMPI Allreduce Time: 1.406312e-05
0: MPIL CopyToCPU Recursive Doubling Time: 1.742388e-05
0: MPIL CopyToCPU Node-Aware Dissemination Time: 2.058333e-05
0: MPIL CopyToCPU NUMA-Aware Dissemination Time: 1.256366e-05
0: MPIL CopyToCPU RADIX-3 Dissemination Time: 1.923453e-05
0: MPIL CopyToCPU RADIX-4 Dissemination Time: 1.944266e-05
0: MPIL CopyToCPU RADIX-5 Dissemination Time: 2.033283e-05
0: MPIL CopyToCPU RADIX-6 Dissemination Time: 1.713440e-05
0: MPIL CopyToCPU RADIX-7 Dissemination Time: 2.010834e-05
0: MPIL CopyToCPU RADIX-8 Dissemination Time: 1.987380e-05
0: MPIL CopyToCPU RADIX-9 Dissemination Time: 2.188332e-05
0: MPIL CopyToCPU RADIX-10 Dissemination Time: 2.194131e-05
0: MPIL CopyToCPU RADIX-11 Dissemination Time: 2.210046e-05
0: MPIL CopyToCPU RADIX-12 Dissemination Time: 2.324240e-05
0: MPIL CopyToCPU RADIX-13 Dissemination Time: 2.672088e-05
0: MPIL CopyToCPU RADIX-14 Dissemination Time: 2.779220e-05
0: Testing Size 16
0: PMPI Allreduce Time: 1.450736e-05
0: MPIL GPU-Aware Recursive Doubling Time: 1.452915e-05
0: MPIL GPU-Aware Node-Aware Dissemination Time: 5.974342e-05
0: MPIL GPU-Aware NUMA-Aware Dissemination Time: 1.314367e-04
0: CopyToCPU PMPI Allreduce Time: 1.448077e-05
0: MPIL CopyToCPU Recursive Doubling Time: 1.815355e-05
0: MPIL CopyToCPU Node-Aware Dissemination Time: 2.025590e-05
0: MPIL CopyToCPU NUMA-Aware Dissemination Time: 1.341719e-05
0: MPIL CopyToCPU RADIX-3 Dissemination Time: 2.078012e-05
0: MPIL CopyToCPU RADIX-4 Dissemination Time: 2.087647e-05
0: MPIL CopyToCPU RADIX-5 Dissemination Time: 2.150451e-05
0: MPIL CopyToCPU RADIX-6 Dissemination Time: 1.846155e-05
0: MPIL CopyToCPU RADIX-7 Dissemination Time: 2.132349e-05
0: MPIL CopyToCPU RADIX-8 Dissemination Time: 2.127293e-05
0: MPIL CopyToCPU RADIX-9 Dissemination Time: 2.376999e-05
0: MPIL CopyToCPU RADIX-10 Dissemination Time: 2.367078e-05
0: MPIL CopyToCPU RADIX-11 Dissemination Time: 2.344144e-05
0: MPIL CopyToCPU RADIX-12 Dissemination Time: 2.385293e-05
0: MPIL CopyToCPU RADIX-13 Dissemination Time: 2.965465e-05
0: MPIL CopyToCPU RADIX-14 Dissemination Time: 3.050156e-05
0: Testing Size 32
0: PMPI Allreduce Time: 2.165072e-05
0: MPIL GPU-Aware Recursive Doubling Time: 2.150153e-05
0: MPIL GPU-Aware Node-Aware Dissemination Time: 5.769904e-05
0: MPIL GPU-Aware NUMA-Aware Dissemination Time: 1.082843e-04
0: CopyToCPU PMPI Allreduce Time: 1.739569e-05
0: MPIL CopyToCPU Recursive Doubling Time: 2.264311e-05
0: MPIL CopyToCPU Node-Aware Dissemination Time: 2.161004e-05
0: MPIL CopyToCPU NUMA-Aware Dissemination Time: 1.869272e-05
0: MPIL CopyToCPU RADIX-3 Dissemination Time: 2.617249e-05
0: MPIL CopyToCPU RADIX-4 Dissemination Time: 2.540320e-05
0: MPIL CopyToCPU RADIX-5 Dissemination Time: 2.745171e-05
0: MPIL CopyToCPU RADIX-6 Dissemination Time: 2.247765e-05
0: MPIL CopyToCPU RADIX-7 Dissemination Time: 2.680539e-05
0: MPIL CopyToCPU RADIX-8 Dissemination Time: 2.556330e-05
0: MPIL CopyToCPU RADIX-9 Dissemination Time: 3.026331e-05
0: MPIL CopyToCPU RADIX-10 Dissemination Time: 2.946589e-05
0: MPIL CopyToCPU RADIX-11 Dissemination Time: 3.008637e-05
0: MPIL CopyToCPU RADIX-12 Dissemination Time: 2.947311e-05
0: MPIL CopyToCPU RADIX-13 Dissemination Time: 3.411633e-05
0: MPIL CopyToCPU RADIX-14 Dissemination Time: 3.448898e-05
0: Testing Size 64
0: PMPI Allreduce Time: 2.178137e-05
0: MPIL GPU-Aware Recursive Doubling Time: 2.173116e-05
0: MPIL GPU-Aware Node-Aware Dissemination Time: 7.119288e-05
0: MPIL GPU-Aware NUMA-Aware Dissemination Time: 9.683683e-05
0: CopyToCPU PMPI Allreduce Time: 2.098777e-05
0: MPIL CopyToCPU Recursive Doubling Time: 2.301773e-05
0: MPIL CopyToCPU Node-Aware Dissemination Time: 2.646901e-05
0: MPIL CopyToCPU NUMA-Aware Dissemination Time: 2.368616e-05
0: MPIL CopyToCPU RADIX-3 Dissemination Time: 2.667111e-05
0: MPIL CopyToCPU RADIX-4 Dissemination Time: 2.576631e-05
0: MPIL CopyToCPU RADIX-5 Dissemination Time: 2.794976e-05
0: MPIL CopyToCPU RADIX-6 Dissemination Time: 2.265966e-05
0: MPIL CopyToCPU RADIX-7 Dissemination Time: 2.642441e-05
0: MPIL CopyToCPU RADIX-8 Dissemination Time: 2.598067e-05
0: MPIL CopyToCPU RADIX-9 Dissemination Time: 3.079031e-05
0: MPIL CopyToCPU RADIX-10 Dissemination Time: 2.993450e-05
0: MPIL CopyToCPU RADIX-11 Dissemination Time: 3.076646e-05
0: MPIL CopyToCPU RADIX-12 Dissemination Time: 3.005724e-05
0: MPIL CopyToCPU RADIX-13 Dissemination Time: 3.621069e-05
0: MPIL CopyToCPU RADIX-14 Dissemination Time: 3.454895e-05
0: Testing Size 128
0: PMPI Allreduce Time: 3.842857e-05
0: MPIL GPU-Aware Recursive Doubling Time: 3.845858e-05
0: MPIL GPU-Aware Node-Aware Dissemination Time: 9.902716e-05
0: MPIL GPU-Aware NUMA-Aware Dissemination Time: 9.895963e-05
0: CopyToCPU PMPI Allreduce Time: 3.798812e-05
0: MPIL CopyToCPU Recursive Doubling Time: 4.425969e-05
0: MPIL CopyToCPU Node-Aware Dissemination Time: 7.125186e-05
0: MPIL CopyToCPU NUMA-Aware Dissemination Time: 3.981109e-05
0: MPIL CopyToCPU RADIX-3 Dissemination Time: 3.626184e-05
0: MPIL CopyToCPU RADIX-4 Dissemination Time: 3.602174e-05
0: MPIL CopyToCPU RADIX-5 Dissemination Time: 3.854096e-05
0: MPIL CopyToCPU RADIX-6 Dissemination Time: 3.536566e-05
0: MPIL CopyToCPU RADIX-7 Dissemination Time: 3.846674e-05
0: MPIL CopyToCPU RADIX-8 Dissemination Time: 3.773413e-05
0: MPIL CopyToCPU RADIX-9 Dissemination Time: 4.447651e-05
0: MPIL CopyToCPU RADIX-10 Dissemination Time: 4.479375e-05
0: MPIL CopyToCPU RADIX-11 Dissemination Time: 4.199019e-05
0: MPIL CopyToCPU RADIX-12 Dissemination Time: 4.124490e-05
0: MPIL CopyToCPU RADIX-13 Dissemination Time: 5.560345e-05
0: MPIL CopyToCPU RADIX-14 Dissemination Time: 5.685498e-05
0: Testing Size 256
0: PMPI Allreduce Time: 4.720479e-05
0: MPIL GPU-Aware Recursive Doubling Time: 4.725281e-05
0: MPIL GPU-Aware Node-Aware Dissemination Time: 1.090956e-04
0: MPIL GPU-Aware NUMA-Aware Dissemination Time: 9.986835e-05
0: CopyToCPU PMPI Allreduce Time: 4.940470e-05
0: MPIL CopyToCPU Recursive Doubling Time: 5.745844e-05
0: MPIL CopyToCPU Node-Aware Dissemination Time: 9.935919e-05
0: MPIL CopyToCPU NUMA-Aware Dissemination Time: 5.163897e-05
0: MPIL CopyToCPU RADIX-3 Dissemination Time: 4.021777e-05
0: MPIL CopyToCPU RADIX-4 Dissemination Time: 4.023855e-05
0: MPIL CopyToCPU RADIX-5 Dissemination Time: 4.246809e-05
0: MPIL CopyToCPU RADIX-6 Dissemination Time: 4.045570e-05
0: MPIL CopyToCPU RADIX-7 Dissemination Time: 4.193065e-05
0: MPIL CopyToCPU RADIX-8 Dissemination Time: 4.404419e-05
0: MPIL CopyToCPU RADIX-9 Dissemination Time: 4.859522e-05
0: MPIL CopyToCPU RADIX-10 Dissemination Time: 4.750264e-05
0: MPIL CopyToCPU RADIX-11 Dissemination Time: 4.599819e-05
0: MPIL CopyToCPU RADIX-12 Dissemination Time: 4.528692e-05
0: MPIL CopyToCPU RADIX-13 Dissemination Time: 6.061580e-05
0: MPIL CopyToCPU RADIX-14 Dissemination Time: 6.212587e-05
0: Testing Size 512
0: PMPI Allreduce Time: 6.382276e-05
0: MPIL GPU-Aware Recursive Doubling Time: 6.373570e-05
0: MPIL GPU-Aware Node-Aware Dissemination Time: 1.329035e-04
0: MPIL GPU-Aware NUMA-Aware Dissemination Time: 1.117327e-04
0: CopyToCPU PMPI Allreduce Time: 6.477630e-05
0: MPIL CopyToCPU Recursive Doubling Time: 6.503749e-05
0: MPIL CopyToCPU Node-Aware Dissemination Time: 1.175499e-04
0: MPIL CopyToCPU NUMA-Aware Dissemination Time: 6.209027e-05
0: MPIL CopyToCPU RADIX-3 Dissemination Time: 5.105083e-05
0: MPIL CopyToCPU RADIX-4 Dissemination Time: 4.921644e-05
0: MPIL CopyToCPU RADIX-5 Dissemination Time: 5.110745e-05
0: MPIL CopyToCPU RADIX-6 Dissemination Time: 5.042812e-05
0: MPIL CopyToCPU RADIX-7 Dissemination Time: 5.130639e-05
0: MPIL CopyToCPU RADIX-8 Dissemination Time: 5.181415e-05
0: MPIL CopyToCPU RADIX-9 Dissemination Time: 5.692741e-05
0: MPIL CopyToCPU RADIX-10 Dissemination Time: 5.853347e-05
0: MPIL CopyToCPU RADIX-11 Dissemination Time: 5.417036e-05
0: MPIL CopyToCPU RADIX-12 Dissemination Time: 4.994494e-05
0: MPIL CopyToCPU RADIX-13 Dissemination Time: 6.978642e-05
0: MPIL CopyToCPU RADIX-14 Dissemination Time: 7.157686e-05
0: Testing Size 1024
0: PMPI Allreduce Time: 1.370623e-04
0: MPIL GPU-Aware Recursive Doubling Time: 1.385387e-04
0: MPIL GPU-Aware Node-Aware Dissemination Time: 3.614681e-04
0: MPIL GPU-Aware NUMA-Aware Dissemination Time: 4.965535e-04
0: CopyToCPU PMPI Allreduce Time: 9.819294e-05
0: MPIL CopyToCPU Recursive Doubling Time: 9.701520e-05
0: MPIL CopyToCPU Node-Aware Dissemination Time: 1.843444e-04
0: MPIL CopyToCPU NUMA-Aware Dissemination Time: 9.325596e-05
0: MPIL CopyToCPU RADIX-3 Dissemination Time: 7.508343e-05
0: MPIL CopyToCPU RADIX-4 Dissemination Time: 6.573878e-05
0: MPIL CopyToCPU RADIX-5 Dissemination Time: 6.644839e-05
0: MPIL CopyToCPU RADIX-6 Dissemination Time: 6.750830e-05
0: MPIL CopyToCPU RADIX-7 Dissemination Time: 6.844383e-05
0: MPIL CopyToCPU RADIX-8 Dissemination Time: 6.788306e-05
0: MPIL CopyToCPU RADIX-9 Dissemination Time: 7.569397e-05
0: MPIL CopyToCPU RADIX-10 Dissemination Time: 7.810643e-05
0: MPIL CopyToCPU RADIX-11 Dissemination Time: 7.029609e-05
0: MPIL CopyToCPU RADIX-12 Dissemination Time: 6.984312e-05
0: MPIL CopyToCPU RADIX-13 Dissemination Time: 8.911979e-05
0: MPIL CopyToCPU RADIX-14 Dissemination Time: 8.754268e-05
0: Testing Size 2048
0: PMPI Allreduce Time: 1.518961e-04
0: MPIL GPU-Aware Recursive Doubling Time: 1.510916e-04
0: MPIL GPU-Aware Node-Aware Dissemination Time: 6.344438e-04
0: MPIL GPU-Aware NUMA-Aware Dissemination Time: 8.991123e-04
0: CopyToCPU PMPI Allreduce Time: 1.367181e-04
0: MPIL CopyToCPU Recursive Doubling Time: 1.527654e-04
0: MPIL CopyToCPU Node-Aware Dissemination Time: 2.593232e-04
0: MPIL CopyToCPU NUMA-Aware Dissemination Time: 1.517904e-04
0: MPIL CopyToCPU RADIX-3 Dissemination Time: 1.135217e-04
0: MPIL CopyToCPU RADIX-4 Dissemination Time: 1.000867e-04
0: MPIL CopyToCPU RADIX-5 Dissemination Time: 9.945068e-05
0: MPIL CopyToCPU RADIX-6 Dissemination Time: 9.922032e-05
0: MPIL CopyToCPU RADIX-7 Dissemination Time: 1.040717e-04
0: MPIL CopyToCPU RADIX-8 Dissemination Time: 1.057323e-04
0: MPIL CopyToCPU RADIX-9 Dissemination Time: 1.140001e-04
0: MPIL CopyToCPU RADIX-10 Dissemination Time: 1.175745e-04
0: MPIL CopyToCPU RADIX-11 Dissemination Time: 9.702310e-05
0: MPIL CopyToCPU RADIX-12 Dissemination Time: 9.401441e-05
0: MPIL CopyToCPU RADIX-13 Dissemination Time: 1.219987e-04
0: MPIL CopyToCPU RADIX-14 Dissemination Time: 1.248219e-04
0: Testing Size 4096
0: PMPI Allreduce Time: 1.592010e-04
0: MPIL GPU-Aware Recursive Doubling Time: 1.591196e-04
0: MPIL GPU-Aware Node-Aware Dissemination Time: 8.437701e-04
0: MPIL GPU-Aware NUMA-Aware Dissemination Time: 1.508829e-03
0: CopyToCPU PMPI Allreduce Time: 2.351763e-04
0: MPIL CopyToCPU Recursive Doubling Time: 2.848124e-04
0: MPIL CopyToCPU Node-Aware Dissemination Time: 4.342057e-04
0: MPIL CopyToCPU NUMA-Aware Dissemination Time: 2.789468e-04
0: MPIL CopyToCPU RADIX-3 Dissemination Time: 2.161819e-04
0: MPIL CopyToCPU RADIX-4 Dissemination Time: 1.781207e-04
0: MPIL CopyToCPU RADIX-5 Dissemination Time: 1.801676e-04
0: MPIL CopyToCPU RADIX-6 Dissemination Time: 1.784829e-04
0: MPIL CopyToCPU RADIX-7 Dissemination Time: 1.892703e-04
0: MPIL CopyToCPU RADIX-8 Dissemination Time: 1.874507e-04
0: MPIL CopyToCPU RADIX-9 Dissemination Time: 2.115734e-04
0: MPIL CopyToCPU RADIX-10 Dissemination Time: 2.158650e-04
0: MPIL CopyToCPU RADIX-11 Dissemination Time: 1.763775e-04
0: MPIL CopyToCPU RADIX-12 Dissemination Time: 1.585066e-04
0: MPIL CopyToCPU RADIX-13 Dissemination Time: 1.930654e-04
0: MPIL CopyToCPU RADIX-14 Dissemination Time: 1.968853e-04
0: Testing Size 8192
0: PMPI Allreduce Time: 1.630632e-04
0: MPIL GPU-Aware Recursive Doubling Time: 1.632654e-04
0: MPIL GPU-Aware Node-Aware Dissemination Time: 1.073091e-03
0: MPIL GPU-Aware NUMA-Aware Dissemination Time: 1.605198e-03
0: CopyToCPU PMPI Allreduce Time: 4.110840e-04
0: MPIL CopyToCPU Recursive Doubling Time: 5.009442e-04
0: MPIL CopyToCPU Node-Aware Dissemination Time: 7.612285e-04
0: MPIL CopyToCPU NUMA-Aware Dissemination Time: 4.999163e-04
0: MPIL CopyToCPU RADIX-3 Dissemination Time: 3.771351e-04
0: MPIL CopyToCPU RADIX-4 Dissemination Time: 3.145042e-04
0: MPIL CopyToCPU RADIX-5 Dissemination Time: 3.104970e-04
0: MPIL CopyToCPU RADIX-6 Dissemination Time: 3.131531e-04
0: MPIL CopyToCPU RADIX-7 Dissemination Time: 3.180631e-04
0: MPIL CopyToCPU RADIX-8 Dissemination Time: 3.318652e-04
0: MPIL CopyToCPU RADIX-9 Dissemination Time: 3.564752e-04
0: MPIL CopyToCPU RADIX-10 Dissemination Time: 3.631167e-04
0: MPIL CopyToCPU RADIX-11 Dissemination Time: 3.116769e-04
0: MPIL CopyToCPU RADIX-12 Dissemination Time: 2.663768e-04
0: MPIL CopyToCPU RADIX-13 Dissemination Time: 2.974849e-04
0: MPIL CopyToCPU RADIX-14 Dissemination Time: 3.049557e-04
0: Testing Size 16384
0: PMPI Allreduce Time: 1.730741e-04
0: MPIL GPU-Aware Recursive Doubling Time: 1.730655e-04
0: MPIL GPU-Aware Node-Aware Dissemination Time: 1.454304e-03
0: MPIL GPU-Aware NUMA-Aware Dissemination Time: 1.926811e-03
0: CopyToCPU PMPI Allreduce Time: 7.409675e-04
0: MPIL CopyToCPU Recursive Doubling Time: 8.704967e-04
0: MPIL CopyToCPU Node-Aware Dissemination Time: 1.423566e-03
0: MPIL CopyToCPU NUMA-Aware Dissemination Time: 9.271162e-04
0: MPIL CopyToCPU RADIX-3 Dissemination Time: 6.915439e-04
0: MPIL CopyToCPU RADIX-4 Dissemination Time: 5.668510e-04
0: MPIL CopyToCPU RADIX-5 Dissemination Time: 5.670322e-04
0: MPIL CopyToCPU RADIX-6 Dissemination Time: 5.655551e-04
0: MPIL CopyToCPU RADIX-7 Dissemination Time: 5.827924e-04
0: MPIL CopyToCPU RADIX-8 Dissemination Time: 6.034085e-04
0: MPIL CopyToCPU RADIX-9 Dissemination Time: 6.412084e-04
0: MPIL CopyToCPU RADIX-10 Dissemination Time: 6.577746e-04
0: MPIL CopyToCPU RADIX-11 Dissemination Time: 5.672639e-04
0: MPIL CopyToCPU RADIX-12 Dissemination Time: 4.893469e-04
0: MPIL CopyToCPU RADIX-13 Dissemination Time: 5.147574e-04
0: MPIL CopyToCPU RADIX-14 Dissemination Time: 5.289468e-04
0: Testing Size 32768
0: PMPI Allreduce Time: 2.004008e-04
0: MPIL GPU-Aware Recursive Doubling Time: 2.002916e-04
0: MPIL GPU-Aware Node-Aware Dissemination Time: 6.428463e-03
0: MPIL GPU-Aware NUMA-Aware Dissemination Time: 2.400539e-03
0: CopyToCPU PMPI Allreduce Time: 1.268579e-03
0: MPIL CopyToCPU Recursive Doubling Time: 1.650186e-03
0: MPIL CopyToCPU Node-Aware Dissemination Time: 2.479994e-03
0: MPIL CopyToCPU NUMA-Aware Dissemination Time: 1.757353e-03
0: MPIL CopyToCPU RADIX-3 Dissemination Time: 1.314776e-03
0: MPIL CopyToCPU RADIX-4 Dissemination Time: 1.082102e-03
0: MPIL CopyToCPU RADIX-5 Dissemination Time: 1.089262e-03
0: MPIL CopyToCPU RADIX-6 Dissemination Time: 1.099983e-03
0: MPIL CopyToCPU RADIX-7 Dissemination Time: 1.139595e-03
0: MPIL CopyToCPU RADIX-8 Dissemination Time: 1.153185e-03
0: MPIL CopyToCPU RADIX-9 Dissemination Time: 1.202527e-03
0: MPIL CopyToCPU RADIX-10 Dissemination Time: 1.247374e-03
0: MPIL CopyToCPU RADIX-11 Dissemination Time: 1.098665e-03
0: MPIL CopyToCPU RADIX-12 Dissemination Time: 9.299669e-04
0: MPIL CopyToCPU RADIX-13 Dissemination Time: 9.493197e-04
0: MPIL CopyToCPU RADIX-14 Dissemination Time: 9.849253e-04
0: Testing Size 65536
0: PMPI Allreduce Time: 2.381297e-04
0: MPIL GPU-Aware Recursive Doubling Time: 2.385954e-04
0: MPIL GPU-Aware Node-Aware Dissemination Time: 7.972870e-03
0: MPIL GPU-Aware NUMA-Aware Dissemination Time: 3.837384e-03
0: CopyToCPU PMPI Allreduce Time: 2.324552e-03
0: MPIL CopyToCPU Recursive Doubling Time: 3.271374e-03
0: MPIL CopyToCPU Node-Aware Dissemination Time: 4.734065e-03
0: MPIL CopyToCPU NUMA-Aware Dissemination Time: 3.375309e-03
0: MPIL CopyToCPU RADIX-3 Dissemination Time: 2.548392e-03
0: MPIL CopyToCPU RADIX-4 Dissemination Time: 2.083368e-03
0: MPIL CopyToCPU RADIX-5 Dissemination Time: 2.109869e-03
0: MPIL CopyToCPU RADIX-6 Dissemination Time: 2.129741e-03
0: MPIL CopyToCPU RADIX-7 Dissemination Time: 2.191877e-03
0: MPIL CopyToCPU RADIX-8 Dissemination Time: 2.259993e-03
0: MPIL CopyToCPU RADIX-9 Dissemination Time: 2.311052e-03
0: MPIL CopyToCPU RADIX-10 Dissemination Time: 2.425305e-03
0: MPIL CopyToCPU RADIX-11 Dissemination Time: 2.074643e-03
0: MPIL CopyToCPU RADIX-12 Dissemination Time: 1.783507e-03
0: MPIL CopyToCPU RADIX-13 Dissemination Time: 1.854095e-03
0: MPIL CopyToCPU RADIX-14 Dissemination Time: 1.887511e-03
0: Testing Size 131072
0: PMPI Allreduce Time: 3.119826e-04
0: MPIL GPU-Aware Recursive Doubling Time: 3.109500e-04
0: MPIL GPU-Aware Node-Aware Dissemination Time: 1.075344e-02
0: MPIL GPU-Aware NUMA-Aware Dissemination Time: 7.506170e-03
0: CopyToCPU PMPI Allreduce Time: 4.622612e-03
0: MPIL CopyToCPU Recursive Doubling Time: 4.295454e-03
0: MPIL CopyToCPU Node-Aware Dissemination Time: 9.799741e-03
0: MPIL CopyToCPU NUMA-Aware Dissemination Time: 6.561445e-03
0: MPIL CopyToCPU RADIX-3 Dissemination Time: 4.963736e-03
0: MPIL CopyToCPU RADIX-4 Dissemination Time: 3.946387e-03
0: MPIL CopyToCPU RADIX-5 Dissemination Time: 3.893181e-03
0: MPIL CopyToCPU RADIX-6 Dissemination Time: 3.446974e-03
0: MPIL CopyToCPU RADIX-7 Dissemination Time: 3.399285e-03
0: MPIL CopyToCPU RADIX-8 Dissemination Time: 3.801750e-03
0: MPIL CopyToCPU RADIX-9 Dissemination Time: 3.368595e-03
0: MPIL CopyToCPU RADIX-10 Dissemination Time: 3.454634e-03
0: MPIL CopyToCPU RADIX-11 Dissemination Time: 3.281446e-03
0: MPIL CopyToCPU RADIX-12 Dissemination Time: 3.367296e-03
0: MPIL CopyToCPU RADIX-13 Dissemination Time: 3.642780e-03
0: MPIL CopyToCPU RADIX-14 Dissemination Time: 3.697493e-03
0: Testing Size 262144
0: PMPI Allreduce Time: 4.475457e-04
0: MPIL GPU-Aware Recursive Doubling Time: 4.472485e-04
0: MPIL GPU-Aware Node-Aware Dissemination Time: 1.780205e-02
0: MPIL GPU-Aware NUMA-Aware Dissemination Time: 1.482023e-02
0: CopyToCPU PMPI Allreduce Time: 9.026720e-03
0: MPIL CopyToCPU Recursive Doubling Time: 7.455449e-03
0: MPIL CopyToCPU Node-Aware Dissemination Time: 1.976919e-02
0: MPIL CopyToCPU NUMA-Aware Dissemination Time: 1.258067e-02
0: MPIL CopyToCPU RADIX-3 Dissemination Time: 8.093985e-03
0: MPIL CopyToCPU RADIX-4 Dissemination Time: 7.890314e-03
0: MPIL CopyToCPU RADIX-5 Dissemination Time: 7.887399e-03
0: MPIL CopyToCPU RADIX-6 Dissemination Time: 8.112815e-03
0: MPIL CopyToCPU RADIX-7 Dissemination Time: 7.792022e-03
0: MPIL CopyToCPU RADIX-8 Dissemination Time: 8.057094e-03
0: MPIL CopyToCPU RADIX-9 Dissemination Time: 6.739828e-03
0: MPIL CopyToCPU RADIX-10 Dissemination Time: 7.371628e-03
0: MPIL CopyToCPU RADIX-11 Dissemination Time: 6.630622e-03
0: MPIL CopyToCPU RADIX-12 Dissemination Time: 6.722327e-03
0: MPIL CopyToCPU RADIX-13 Dissemination Time: 7.959359e-03
0: MPIL CopyToCPU RADIX-14 Dissemination Time: 8.109490e-03
0: Testing Size 524288
0: PMPI Allreduce Time: 7.123145e-04
0: MPIL GPU-Aware Recursive Doubling Time: 7.119651e-04
0: MPIL GPU-Aware Node-Aware Dissemination Time: 3.100004e-02
0: MPIL GPU-Aware NUMA-Aware Dissemination Time: 2.864903e-02
0: CopyToCPU PMPI Allreduce Time: 1.939074e-02
0: MPIL CopyToCPU Recursive Doubling Time: 1.844133e-02
0: MPIL CopyToCPU Node-Aware Dissemination Time: 3.641043e-02
0: MPIL CopyToCPU NUMA-Aware Dissemination Time: 2.546448e-02
0: MPIL CopyToCPU RADIX-3 Dissemination Time: 1.702795e-02
0: MPIL CopyToCPU RADIX-4 Dissemination Time: 1.605039e-02
0: MPIL CopyToCPU RADIX-5 Dissemination Time: 1.580433e-02
0: MPIL CopyToCPU RADIX-6 Dissemination Time: 1.616651e-02
0: MPIL CopyToCPU RADIX-7 Dissemination Time: 1.611054e-02
0: MPIL CopyToCPU RADIX-8 Dissemination Time: 2.192901e-02
0: MPIL CopyToCPU RADIX-9 Dissemination Time: 2.477273e-02
0: MPIL CopyToCPU RADIX-10 Dissemination Time: 2.442143e-02
0: MPIL CopyToCPU RADIX-11 Dissemination Time: 2.322343e-02
0: MPIL CopyToCPU RADIX-12 Dissemination Time: 2.412871e-02
0: MPIL CopyToCPU RADIX-13 Dissemination Time: 2.737073e-02
0: MPIL CopyToCPU RADIX-14 Dissemination Time: 2.821814e-02
