0: Testing Size 1
0: PMPI Allreduce Time: 2.539916e-05
0: MPIL GPU-Aware Recursive Doubling Time: 2.494560e-05
0: MPIL GPU-Aware Node-Aware Dissemination Time: 1.069848e-04
0: MPIL GPU-Aware NUMA-Aware Dissemination Time: 2.098450e-04
0: CopyToCPU PMPI Allreduce Time: 2.577241e-05
0: MPIL CopyToCPU Recursive Doubling Time: 2.985127e-05
0: MPIL CopyToCPU Node-Aware Dissemination Time: 3.034524e-05
0: MPIL CopyToCPU NUMA-Aware Dissemination Time: 1.936830e-05
0: MPIL CopyToCPU RADIX-3 Dissemination Time: 2.768738e-05
0: MPIL CopyToCPU RADIX-4 Dissemination Time: 2.312981e-05
0: MPIL CopyToCPU RADIX-5 Dissemination Time: 2.777457e-05
0: MPIL CopyToCPU RADIX-6 Dissemination Time: 2.893964e-05
0: MPIL CopyToCPU RADIX-7 Dissemination Time: 3.072300e-05
0: MPIL CopyToCPU RADIX-8 Dissemination Time: 2.765527e-05
0: MPIL CopyToCPU RADIX-9 Dissemination Time: 3.373748e-05
0: MPIL CopyToCPU RADIX-10 Dissemination Time: 3.439172e-05
0: MPIL CopyToCPU RADIX-11 Dissemination Time: 3.653764e-05
0: MPIL CopyToCPU RADIX-12 Dissemination Time: 3.767313e-05
0: MPIL CopyToCPU RADIX-13 Dissemination Time: 3.947738e-05
0: MPIL CopyToCPU RADIX-14 Dissemination Time: 3.917833e-05
0: Testing Size 2
0: PMPI Allreduce Time: 2.517689e-05
0: MPIL GPU-Aware Recursive Doubling Time: 2.508394e-05
0: MPIL GPU-Aware Node-Aware Dissemination Time: 1.012344e-04
0: MPIL GPU-Aware NUMA-Aware Dissemination Time: 2.102439e-04
0: CopyToCPU PMPI Allreduce Time: 2.574787e-05
0: MPIL CopyToCPU Recursive Doubling Time: 2.908365e-05
0: MPIL CopyToCPU Node-Aware Dissemination Time: 3.019730e-05
0: MPIL CopyToCPU NUMA-Aware Dissemination Time: 1.929710e-05
0: MPIL CopyToCPU RADIX-3 Dissemination Time: 2.826247e-05
0: MPIL CopyToCPU RADIX-4 Dissemination Time: 2.380807e-05
0: MPIL CopyToCPU RADIX-5 Dissemination Time: 2.846825e-05
0: MPIL CopyToCPU RADIX-6 Dissemination Time: 3.012499e-05
0: MPIL CopyToCPU RADIX-7 Dissemination Time: 3.127748e-05
0: MPIL CopyToCPU RADIX-8 Dissemination Time: 2.811907e-05
0: MPIL CopyToCPU RADIX-9 Dissemination Time: 3.395887e-05
0: MPIL CopyToCPU RADIX-10 Dissemination Time: 3.327355e-05
0: MPIL CopyToCPU RADIX-11 Dissemination Time: 3.500384e-05
0: MPIL CopyToCPU RADIX-12 Dissemination Time: 3.705593e-05
0: MPIL CopyToCPU RADIX-13 Dissemination Time: 3.837895e-05
0: MPIL CopyToCPU RADIX-14 Dissemination Time: 3.753769e-05
0: Testing Size 4
0: PMPI Allreduce Time: 2.563451e-05
0: MPIL GPU-Aware Recursive Doubling Time: 2.555313e-05
0: MPIL GPU-Aware Node-Aware Dissemination Time: 1.019715e-04
0: MPIL GPU-Aware NUMA-Aware Dissemination Time: 2.097997e-04
0: CopyToCPU PMPI Allreduce Time: 2.578042e-05
0: MPIL CopyToCPU Recursive Doubling Time: 2.805506e-05
0: MPIL CopyToCPU Node-Aware Dissemination Time: 3.022303e-05
0: MPIL CopyToCPU NUMA-Aware Dissemination Time: 1.929588e-05
0: MPIL CopyToCPU RADIX-3 Dissemination Time: 2.804882e-05
0: MPIL CopyToCPU RADIX-4 Dissemination Time: 2.335181e-05
0: MPIL CopyToCPU RADIX-5 Dissemination Time: 2.821765e-05
0: MPIL CopyToCPU RADIX-6 Dissemination Time: 2.933449e-05
0: MPIL CopyToCPU RADIX-7 Dissemination Time: 3.082227e-05
0: MPIL CopyToCPU RADIX-8 Dissemination Time: 2.783030e-05
0: MPIL CopyToCPU RADIX-9 Dissemination Time: 3.313609e-05
0: MPIL CopyToCPU RADIX-10 Dissemination Time: 3.319180e-05
0: MPIL CopyToCPU RADIX-11 Dissemination Time: 3.516566e-05
0: MPIL CopyToCPU RADIX-12 Dissemination Time: 3.701784e-05
0: MPIL CopyToCPU RADIX-13 Dissemination Time: 3.778599e-05
0: MPIL CopyToCPU RADIX-14 Dissemination Time: 3.735935e-05
0: Testing Size 8
0: PMPI Allreduce Time: 2.558416e-05
0: MPIL GPU-Aware Recursive Doubling Time: 2.564306e-05
0: MPIL GPU-Aware Node-Aware Dissemination Time: 1.019068e-04
0: MPIL GPU-Aware NUMA-Aware Dissemination Time: 2.104760e-04
0: CopyToCPU PMPI Allreduce Time: 2.564351e-05
0: MPIL CopyToCPU Recursive Doubling Time: 3.003273e-05
0: MPIL CopyToCPU Node-Aware Dissemination Time: 2.988587e-05
0: MPIL CopyToCPU NUMA-Aware Dissemination Time: 1.946399e-05
0: MPIL CopyToCPU RADIX-3 Dissemination Time: 2.895245e-05
0: MPIL CopyToCPU RADIX-4 Dissemination Time: 2.481263e-05
0: MPIL CopyToCPU RADIX-5 Dissemination Time: 2.904251e-05
0: MPIL CopyToCPU RADIX-6 Dissemination Time: 3.009664e-05
0: MPIL CopyToCPU RADIX-7 Dissemination Time: 3.251143e-05
0: MPIL CopyToCPU RADIX-8 Dissemination Time: 2.931897e-05
0: MPIL CopyToCPU RADIX-9 Dissemination Time: 3.543465e-05
0: MPIL CopyToCPU RADIX-10 Dissemination Time: 3.517931e-05
0: MPIL CopyToCPU RADIX-11 Dissemination Time: 3.693136e-05
0: MPIL CopyToCPU RADIX-12 Dissemination Time: 3.863770e-05
0: MPIL CopyToCPU RADIX-13 Dissemination Time: 3.957319e-05
0: MPIL CopyToCPU RADIX-14 Dissemination Time: 3.982453e-05
0: Testing Size 16
0: PMPI Allreduce Time: 2.696492e-05
0: MPIL GPU-Aware Recursive Doubling Time: 2.697370e-05
0: MPIL GPU-Aware Node-Aware Dissemination Time: 1.027585e-04
0: MPIL GPU-Aware NUMA-Aware Dissemination Time: 2.097735e-04
0: CopyToCPU PMPI Allreduce Time: 2.722896e-05
0: MPIL CopyToCPU Recursive Doubling Time: 3.215713e-05
0: MPIL CopyToCPU Node-Aware Dissemination Time: 3.164011e-05
0: MPIL CopyToCPU NUMA-Aware Dissemination Time: 2.078537e-05
0: MPIL CopyToCPU RADIX-3 Dissemination Time: 3.137143e-05
0: MPIL CopyToCPU RADIX-4 Dissemination Time: 2.603641e-05
0: MPIL CopyToCPU RADIX-5 Dissemination Time: 3.117045e-05
0: MPIL CopyToCPU RADIX-6 Dissemination Time: 3.187746e-05
0: MPIL CopyToCPU RADIX-7 Dissemination Time: 3.448068e-05
0: MPIL CopyToCPU RADIX-8 Dissemination Time: 3.057643e-05
0: MPIL CopyToCPU RADIX-9 Dissemination Time: 3.733812e-05
0: MPIL CopyToCPU RADIX-10 Dissemination Time: 3.737880e-05
0: MPIL CopyToCPU RADIX-11 Dissemination Time: 3.901099e-05
0: MPIL CopyToCPU RADIX-12 Dissemination Time: 4.011783e-05
0: MPIL CopyToCPU RADIX-13 Dissemination Time: 4.095845e-05
0: MPIL CopyToCPU RADIX-14 Dissemination Time: 4.155627e-05
0: Testing Size 32
0: PMPI Allreduce Time: 4.485657e-05
0: MPIL GPU-Aware Recursive Doubling Time: 4.464328e-05
0: MPIL GPU-Aware Node-Aware Dissemination Time: 9.469702e-05
0: MPIL GPU-Aware NUMA-Aware Dissemination Time: 2.095210e-04
0: CopyToCPU PMPI Allreduce Time: 3.491998e-05
0: MPIL CopyToCPU Recursive Doubling Time: 4.612774e-05
0: MPIL CopyToCPU Node-Aware Dissemination Time: 3.649044e-05
0: MPIL CopyToCPU NUMA-Aware Dissemination Time: 2.891709e-05
0: MPIL CopyToCPU RADIX-3 Dissemination Time: 4.610308e-05
0: MPIL CopyToCPU RADIX-4 Dissemination Time: 3.349513e-05
0: MPIL CopyToCPU RADIX-5 Dissemination Time: 3.837179e-05
0: MPIL CopyToCPU RADIX-6 Dissemination Time: 4.073254e-05
0: MPIL CopyToCPU RADIX-7 Dissemination Time: 4.288902e-05
0: MPIL CopyToCPU RADIX-8 Dissemination Time: 3.695611e-05
0: MPIL CopyToCPU RADIX-9 Dissemination Time: 4.655501e-05
0: MPIL CopyToCPU RADIX-10 Dissemination Time: 4.295775e-05
0: MPIL CopyToCPU RADIX-11 Dissemination Time: 4.479810e-05
0: MPIL CopyToCPU RADIX-12 Dissemination Time: 4.706521e-05
0: MPIL CopyToCPU RADIX-13 Dissemination Time: 4.970367e-05
0: MPIL CopyToCPU RADIX-14 Dissemination Time: 4.863878e-05
0: Testing Size 64
0: PMPI Allreduce Time: 4.513418e-05
0: MPIL GPU-Aware Recursive Doubling Time: 4.510793e-05
0: MPIL GPU-Aware Node-Aware Dissemination Time: 1.075438e-04
0: MPIL GPU-Aware NUMA-Aware Dissemination Time: 2.097545e-04
0: CopyToCPU PMPI Allreduce Time: 4.423509e-05
0: MPIL CopyToCPU Recursive Doubling Time: 4.673769e-05
0: MPIL CopyToCPU Node-Aware Dissemination Time: 3.882341e-05
0: MPIL CopyToCPU NUMA-Aware Dissemination Time: 3.417012e-05
0: MPIL CopyToCPU RADIX-3 Dissemination Time: 4.682255e-05
0: MPIL CopyToCPU RADIX-4 Dissemination Time: 3.417696e-05
0: MPIL CopyToCPU RADIX-5 Dissemination Time: 3.900323e-05
0: MPIL CopyToCPU RADIX-6 Dissemination Time: 4.141756e-05
0: MPIL CopyToCPU RADIX-7 Dissemination Time: 4.362102e-05
0: MPIL CopyToCPU RADIX-8 Dissemination Time: 3.757659e-05
0: MPIL CopyToCPU RADIX-9 Dissemination Time: 4.726978e-05
0: MPIL CopyToCPU RADIX-10 Dissemination Time: 4.380400e-05
0: MPIL CopyToCPU RADIX-11 Dissemination Time: 4.564595e-05
0: MPIL CopyToCPU RADIX-12 Dissemination Time: 4.776641e-05
0: MPIL CopyToCPU RADIX-13 Dissemination Time: 4.982511e-05
0: MPIL CopyToCPU RADIX-14 Dissemination Time: 4.902456e-05
0: Testing Size 128
0: PMPI Allreduce Time: 5.766319e-05
0: MPIL GPU-Aware Recursive Doubling Time: 5.765252e-05
0: MPIL GPU-Aware Node-Aware Dissemination Time: 1.319486e-04
0: MPIL GPU-Aware NUMA-Aware Dissemination Time: 1.798422e-04
0: CopyToCPU PMPI Allreduce Time: 5.731905e-05
0: MPIL CopyToCPU Recursive Doubling Time: 6.113639e-05
0: MPIL CopyToCPU Node-Aware Dissemination Time: 8.116790e-05
0: MPIL CopyToCPU NUMA-Aware Dissemination Time: 5.477740e-05
0: MPIL CopyToCPU RADIX-3 Dissemination Time: 5.325526e-05
0: MPIL CopyToCPU RADIX-4 Dissemination Time: 4.525315e-05
0: MPIL CopyToCPU RADIX-5 Dissemination Time: 5.163240e-05
0: MPIL CopyToCPU RADIX-6 Dissemination Time: 5.358357e-05
0: MPIL CopyToCPU RADIX-7 Dissemination Time: 5.576217e-05
0: MPIL CopyToCPU RADIX-8 Dissemination Time: 5.131849e-05
0: MPIL CopyToCPU RADIX-9 Dissemination Time: 5.858688e-05
0: MPIL CopyToCPU RADIX-10 Dissemination Time: 5.588440e-05
0: MPIL CopyToCPU RADIX-11 Dissemination Time: 5.808988e-05
0: MPIL CopyToCPU RADIX-12 Dissemination Time: 5.824475e-05
0: MPIL CopyToCPU RADIX-13 Dissemination Time: 5.900018e-05
0: MPIL CopyToCPU RADIX-14 Dissemination Time: 6.071049e-05
0: Testing Size 256
0: PMPI Allreduce Time: 6.603111e-05
0: MPIL GPU-Aware Recursive Doubling Time: 6.600376e-05
0: MPIL GPU-Aware Node-Aware Dissemination Time: 1.446369e-04
0: MPIL GPU-Aware NUMA-Aware Dissemination Time: 1.689876e-04
0: CopyToCPU PMPI Allreduce Time: 6.997854e-05
0: MPIL CopyToCPU Recursive Doubling Time: 7.696152e-05
0: MPIL CopyToCPU Node-Aware Dissemination Time: 1.123948e-04
0: MPIL CopyToCPU NUMA-Aware Dissemination Time: 6.972371e-05
0: MPIL CopyToCPU RADIX-3 Dissemination Time: 5.868669e-05
0: MPIL CopyToCPU RADIX-4 Dissemination Time: 5.130780e-05
0: MPIL CopyToCPU RADIX-5 Dissemination Time: 5.771103e-05
0: MPIL CopyToCPU RADIX-6 Dissemination Time: 6.170307e-05
0: MPIL CopyToCPU RADIX-7 Dissemination Time: 6.197569e-05
0: MPIL CopyToCPU RADIX-8 Dissemination Time: 6.107440e-05
0: MPIL CopyToCPU RADIX-9 Dissemination Time: 6.542840e-05
0: MPIL CopyToCPU RADIX-10 Dissemination Time: 6.930447e-05
0: MPIL CopyToCPU RADIX-11 Dissemination Time: 7.277610e-05
0: MPIL CopyToCPU RADIX-12 Dissemination Time: 6.692552e-05
0: MPIL CopyToCPU RADIX-13 Dissemination Time: 6.927170e-05
0: MPIL CopyToCPU RADIX-14 Dissemination Time: 7.267931e-05
0: Testing Size 512
0: PMPI Allreduce Time: 8.263230e-05
0: MPIL GPU-Aware Recursive Doubling Time: 8.259058e-05
0: MPIL GPU-Aware Node-Aware Dissemination Time: 1.656830e-04
0: MPIL GPU-Aware NUMA-Aware Dissemination Time: 1.811932e-04
0: CopyToCPU PMPI Allreduce Time: 8.398835e-05
0: MPIL CopyToCPU Recursive Doubling Time: 8.259402e-05
0: MPIL CopyToCPU Node-Aware Dissemination Time: 1.393877e-04
0: MPIL CopyToCPU NUMA-Aware Dissemination Time: 8.475221e-05
0: MPIL CopyToCPU RADIX-3 Dissemination Time: 7.054617e-05
0: MPIL CopyToCPU RADIX-4 Dissemination Time: 5.947291e-05
0: MPIL CopyToCPU RADIX-5 Dissemination Time: 6.717351e-05
0: MPIL CopyToCPU RADIX-6 Dissemination Time: 6.994996e-05
0: MPIL CopyToCPU RADIX-7 Dissemination Time: 7.240141e-05
0: MPIL CopyToCPU RADIX-8 Dissemination Time: 6.911323e-05
0: MPIL CopyToCPU RADIX-9 Dissemination Time: 7.916972e-05
0: MPIL CopyToCPU RADIX-10 Dissemination Time: 7.110721e-05
0: MPIL CopyToCPU RADIX-11 Dissemination Time: 7.286335e-05
0: MPIL CopyToCPU RADIX-12 Dissemination Time: 7.386088e-05
0: MPIL CopyToCPU RADIX-13 Dissemination Time: 7.488962e-05
0: MPIL CopyToCPU RADIX-14 Dissemination Time: 7.690686e-05
0: Testing Size 1024
0: PMPI Allreduce Time: 1.999563e-04
0: MPIL GPU-Aware Recursive Doubling Time: 2.032906e-04
0: MPIL GPU-Aware Node-Aware Dissemination Time: 6.750779e-04
0: MPIL GPU-Aware NUMA-Aware Dissemination Time: 8.007939e-04
0: CopyToCPU PMPI Allreduce Time: 1.207180e-04
0: MPIL CopyToCPU Recursive Doubling Time: 1.160945e-04
0: MPIL CopyToCPU Node-Aware Dissemination Time: 2.015534e-04
0: MPIL CopyToCPU NUMA-Aware Dissemination Time: 1.305146e-04
0: MPIL CopyToCPU RADIX-3 Dissemination Time: 9.374924e-05
0: MPIL CopyToCPU RADIX-4 Dissemination Time: 7.842424e-05
0: MPIL CopyToCPU RADIX-5 Dissemination Time: 8.928734e-05
0: MPIL CopyToCPU RADIX-6 Dissemination Time: 9.208186e-05
0: MPIL CopyToCPU RADIX-7 Dissemination Time: 9.608667e-05
0: MPIL CopyToCPU RADIX-8 Dissemination Time: 9.275725e-05
0: MPIL CopyToCPU RADIX-9 Dissemination Time: 1.070311e-04
0: MPIL CopyToCPU RADIX-10 Dissemination Time: 9.266980e-05
0: MPIL CopyToCPU RADIX-11 Dissemination Time: 9.933319e-05
0: MPIL CopyToCPU RADIX-12 Dissemination Time: 1.037452e-04
0: MPIL CopyToCPU RADIX-13 Dissemination Time: 9.777663e-05
0: MPIL CopyToCPU RADIX-14 Dissemination Time: 9.885493e-05
0: Testing Size 2048
0: PMPI Allreduce Time: 2.354607e-04
0: MPIL GPU-Aware Recursive Doubling Time: 2.320791e-04
0: MPIL GPU-Aware Node-Aware Dissemination Time: 9.154552e-04
0: MPIL GPU-Aware NUMA-Aware Dissemination Time: 1.342659e-03
0: CopyToCPU PMPI Allreduce Time: 1.784110e-04
0: MPIL CopyToCPU Recursive Doubling Time: 1.808329e-04
0: MPIL CopyToCPU Node-Aware Dissemination Time: 2.669119e-04
0: MPIL CopyToCPU NUMA-Aware Dissemination Time: 2.028685e-04
0: MPIL CopyToCPU RADIX-3 Dissemination Time: 1.476711e-04
0: MPIL CopyToCPU RADIX-4 Dissemination Time: 1.146665e-04
0: MPIL CopyToCPU RADIX-5 Dissemination Time: 1.248003e-04
0: MPIL CopyToCPU RADIX-6 Dissemination Time: 1.312049e-04
0: MPIL CopyToCPU RADIX-7 Dissemination Time: 1.367700e-04
0: MPIL CopyToCPU RADIX-8 Dissemination Time: 1.358265e-04
0: MPIL CopyToCPU RADIX-9 Dissemination Time: 1.408175e-04
0: MPIL CopyToCPU RADIX-10 Dissemination Time: 1.428415e-04
0: MPIL CopyToCPU RADIX-11 Dissemination Time: 1.423497e-04
0: MPIL CopyToCPU RADIX-12 Dissemination Time: 1.341237e-04
0: MPIL CopyToCPU RADIX-13 Dissemination Time: 1.410122e-04
0: MPIL CopyToCPU RADIX-14 Dissemination Time: 1.435614e-04
0: Testing Size 4096
0: PMPI Allreduce Time: 2.454827e-04
0: MPIL GPU-Aware Recursive Doubling Time: 2.450721e-04
0: MPIL GPU-Aware Node-Aware Dissemination Time: 1.144856e-03
0: MPIL GPU-Aware NUMA-Aware Dissemination Time: 1.748942e-03
0: CopyToCPU PMPI Allreduce Time: 2.764109e-04
0: MPIL CopyToCPU Recursive Doubling Time: 3.311924e-04
0: MPIL CopyToCPU Node-Aware Dissemination Time: 4.732397e-04
0: MPIL CopyToCPU NUMA-Aware Dissemination Time: 3.360478e-04
0: MPIL CopyToCPU RADIX-3 Dissemination Time: 2.627680e-04
0: MPIL CopyToCPU RADIX-4 Dissemination Time: 2.035130e-04
0: MPIL CopyToCPU RADIX-5 Dissemination Time: 2.293035e-04
0: MPIL CopyToCPU RADIX-6 Dissemination Time: 2.376586e-04
0: MPIL CopyToCPU RADIX-7 Dissemination Time: 2.441512e-04
0: MPIL CopyToCPU RADIX-8 Dissemination Time: 2.434755e-04
0: MPIL CopyToCPU RADIX-9 Dissemination Time: 2.587791e-04
0: MPIL CopyToCPU RADIX-10 Dissemination Time: 2.569372e-04
0: MPIL CopyToCPU RADIX-11 Dissemination Time: 2.663106e-04
0: MPIL CopyToCPU RADIX-12 Dissemination Time: 2.521238e-04
0: MPIL CopyToCPU RADIX-13 Dissemination Time: 2.624421e-04
0: MPIL CopyToCPU RADIX-14 Dissemination Time: 2.698733e-04
0: Testing Size 8192
0: PMPI Allreduce Time: 2.460748e-04
0: MPIL GPU-Aware Recursive Doubling Time: 2.455605e-04
0: MPIL GPU-Aware Node-Aware Dissemination Time: 1.795010e-03
0: MPIL GPU-Aware NUMA-Aware Dissemination Time: 2.688627e-03
0: CopyToCPU PMPI Allreduce Time: 4.587736e-04
0: MPIL CopyToCPU Recursive Doubling Time: 5.531427e-04
0: MPIL CopyToCPU Node-Aware Dissemination Time: 7.992897e-04
0: MPIL CopyToCPU NUMA-Aware Dissemination Time: 5.834335e-04
0: MPIL CopyToCPU RADIX-3 Dissemination Time: 4.401935e-04
0: MPIL CopyToCPU RADIX-4 Dissemination Time: 3.546551e-04
0: MPIL CopyToCPU RADIX-5 Dissemination Time: 3.959305e-04
0: MPIL CopyToCPU RADIX-6 Dissemination Time: 3.964511e-04
0: MPIL CopyToCPU RADIX-7 Dissemination Time: 4.124437e-04
0: MPIL CopyToCPU RADIX-8 Dissemination Time: 4.322214e-04
0: MPIL CopyToCPU RADIX-9 Dissemination Time: 4.506932e-04
0: MPIL CopyToCPU RADIX-10 Dissemination Time: 4.479333e-04
0: MPIL CopyToCPU RADIX-11 Dissemination Time: 4.681961e-04
0: MPIL CopyToCPU RADIX-12 Dissemination Time: 4.383686e-04
0: MPIL CopyToCPU RADIX-13 Dissemination Time: 4.595997e-04
0: MPIL CopyToCPU RADIX-14 Dissemination Time: 4.655686e-04
0: Testing Size 16384
0: PMPI Allreduce Time: 2.545536e-04
0: MPIL GPU-Aware Recursive Doubling Time: 2.543117e-04
0: MPIL GPU-Aware Node-Aware Dissemination Time: 2.078455e-03
0: MPIL GPU-Aware NUMA-Aware Dissemination Time: 2.622206e-03
0: CopyToCPU PMPI Allreduce Time: 8.082397e-04
0: MPIL CopyToCPU Recursive Doubling Time: 1.006756e-03
0: MPIL CopyToCPU Node-Aware Dissemination Time: 1.487207e-03
0: MPIL CopyToCPU NUMA-Aware Dissemination Time: 1.096169e-03
0: MPIL CopyToCPU RADIX-3 Dissemination Time: 8.055398e-04
0: MPIL CopyToCPU RADIX-4 Dissemination Time: 6.508239e-04
0: MPIL CopyToCPU RADIX-5 Dissemination Time: 7.159439e-04
0: MPIL CopyToCPU RADIX-6 Dissemination Time: 7.199104e-04
0: MPIL CopyToCPU RADIX-7 Dissemination Time: 7.473227e-04
0: MPIL CopyToCPU RADIX-8 Dissemination Time: 7.853163e-04
0: MPIL CopyToCPU RADIX-9 Dissemination Time: 8.276547e-04
0: MPIL CopyToCPU RADIX-10 Dissemination Time: 8.442728e-04
0: MPIL CopyToCPU RADIX-11 Dissemination Time: 8.700790e-04
0: MPIL CopyToCPU RADIX-12 Dissemination Time: 8.299310e-04
0: MPIL CopyToCPU RADIX-13 Dissemination Time: 8.746315e-04
0: MPIL CopyToCPU RADIX-14 Dissemination Time: 9.066480e-04
0: Testing Size 32768
0: PMPI Allreduce Time: 2.755033e-04
0: MPIL GPU-Aware Recursive Doubling Time: 2.745939e-04
0: MPIL GPU-Aware Node-Aware Dissemination Time: 8.597643e-03
0: MPIL GPU-Aware NUMA-Aware Dissemination Time: 3.254213e-03
0: CopyToCPU PMPI Allreduce Time: 1.474905e-03
0: MPIL CopyToCPU Recursive Doubling Time: 1.790380e-03
0: MPIL CopyToCPU Node-Aware Dissemination Time: 2.809165e-03
0: MPIL CopyToCPU NUMA-Aware Dissemination Time: 1.977637e-03
0: MPIL CopyToCPU RADIX-3 Dissemination Time: 1.525856e-03
0: MPIL CopyToCPU RADIX-4 Dissemination Time: 1.223616e-03
0: MPIL CopyToCPU RADIX-5 Dissemination Time: 1.358233e-03
0: MPIL CopyToCPU RADIX-6 Dissemination Time: 1.368450e-03
0: MPIL CopyToCPU RADIX-7 Dissemination Time: 1.444075e-03
0: MPIL CopyToCPU RADIX-8 Dissemination Time: 1.471714e-03
0: MPIL CopyToCPU RADIX-9 Dissemination Time: 1.556448e-03
0: MPIL CopyToCPU RADIX-10 Dissemination Time: 1.647950e-03
0: MPIL CopyToCPU RADIX-11 Dissemination Time: 1.696143e-03
0: MPIL CopyToCPU RADIX-12 Dissemination Time: 1.603793e-03
0: MPIL CopyToCPU RADIX-13 Dissemination Time: 1.707807e-03
0: MPIL CopyToCPU RADIX-14 Dissemination Time: 1.754079e-03
0: Testing Size 65536
0: PMPI Allreduce Time: 3.182614e-04
0: MPIL GPU-Aware Recursive Doubling Time: 3.170776e-04
0: MPIL GPU-Aware Node-Aware Dissemination Time: 9.936683e-03
0: MPIL GPU-Aware NUMA-Aware Dissemination Time: 5.210247e-03
0: CopyToCPU PMPI Allreduce Time: 2.529353e-03
0: MPIL CopyToCPU Recursive Doubling Time: 3.524607e-03
0: MPIL CopyToCPU Node-Aware Dissemination Time: 4.867613e-03
0: MPIL CopyToCPU NUMA-Aware Dissemination Time: 4.088182e-03
0: MPIL CopyToCPU RADIX-3 Dissemination Time: 2.902521e-03
0: MPIL CopyToCPU RADIX-4 Dissemination Time: 2.397629e-03
0: MPIL CopyToCPU RADIX-5 Dissemination Time: 2.626426e-03
0: MPIL CopyToCPU RADIX-6 Dissemination Time: 2.636796e-03
0: MPIL CopyToCPU RADIX-7 Dissemination Time: 2.728127e-03
0: MPIL CopyToCPU RADIX-8 Dissemination Time: 2.808021e-03
0: MPIL CopyToCPU RADIX-9 Dissemination Time: 2.946051e-03
0: MPIL CopyToCPU RADIX-10 Dissemination Time: 3.151567e-03
0: MPIL CopyToCPU RADIX-11 Dissemination Time: 3.244922e-03
0: MPIL CopyToCPU RADIX-12 Dissemination Time: 3.093908e-03
0: MPIL CopyToCPU RADIX-13 Dissemination Time: 3.293542e-03
0: MPIL CopyToCPU RADIX-14 Dissemination Time: 3.386673e-03
0: Testing Size 131072
0: PMPI Allreduce Time: 3.981903e-04
0: MPIL GPU-Aware Recursive Doubling Time: 3.972354e-04
0: MPIL GPU-Aware Node-Aware Dissemination Time: 1.530981e-02
0: MPIL GPU-Aware NUMA-Aware Dissemination Time: 1.160155e-02
0: CopyToCPU PMPI Allreduce Time: 5.134383e-03
0: MPIL CopyToCPU Recursive Doubling Time: 5.968924e-03
0: MPIL CopyToCPU Node-Aware Dissemination Time: 9.669125e-03
0: MPIL CopyToCPU NUMA-Aware Dissemination Time: 7.257711e-03
0: MPIL CopyToCPU RADIX-3 Dissemination Time: 5.650508e-03
0: MPIL CopyToCPU RADIX-4 Dissemination Time: 4.646979e-03
0: MPIL CopyToCPU RADIX-5 Dissemination Time: 5.038699e-03
0: MPIL CopyToCPU RADIX-6 Dissemination Time: 5.190778e-03
0: MPIL CopyToCPU RADIX-7 Dissemination Time: 5.224353e-03
0: MPIL CopyToCPU RADIX-8 Dissemination Time: 5.364879e-03
0: MPIL CopyToCPU RADIX-9 Dissemination Time: 5.385285e-03
0: MPIL CopyToCPU RADIX-10 Dissemination Time: 5.686990e-03
0: MPIL CopyToCPU RADIX-11 Dissemination Time: 5.930314e-03
0: MPIL CopyToCPU RADIX-12 Dissemination Time: 5.852789e-03
0: MPIL CopyToCPU RADIX-13 Dissemination Time: 6.218827e-03
0: MPIL CopyToCPU RADIX-14 Dissemination Time: 6.412533e-03
0: Testing Size 262144
0: PMPI Allreduce Time: 5.569362e-04
0: MPIL GPU-Aware Recursive Doubling Time: 5.563999e-04
0: MPIL GPU-Aware Node-Aware Dissemination Time: 2.505956e-02
0: MPIL GPU-Aware NUMA-Aware Dissemination Time: 2.084654e-02
0: CopyToCPU PMPI Allreduce Time: 9.538587e-03
0: MPIL CopyToCPU Recursive Doubling Time: 1.210998e-02
0: MPIL CopyToCPU Node-Aware Dissemination Time: 1.839159e-02
0: MPIL CopyToCPU NUMA-Aware Dissemination Time: 1.404762e-02
0: MPIL CopyToCPU RADIX-3 Dissemination Time: 1.133649e-02
0: MPIL CopyToCPU RADIX-4 Dissemination Time: 9.208001e-03
0: MPIL CopyToCPU RADIX-5 Dissemination Time: 9.807167e-03
0: MPIL CopyToCPU RADIX-6 Dissemination Time: 1.000389e-02
0: MPIL CopyToCPU RADIX-7 Dissemination Time: 9.918415e-03
0: MPIL CopyToCPU RADIX-8 Dissemination Time: 1.033632e-02
0: MPIL CopyToCPU RADIX-9 Dissemination Time: 1.026658e-02
0: MPIL CopyToCPU RADIX-10 Dissemination Time: 1.189054e-02
0: MPIL CopyToCPU RADIX-11 Dissemination Time: 1.226491e-02
0: MPIL CopyToCPU RADIX-12 Dissemination Time: 1.172553e-02
0: MPIL CopyToCPU RADIX-13 Dissemination Time: 1.258192e-02
0: MPIL CopyToCPU RADIX-14 Dissemination Time: 1.294422e-02
0: Testing Size 524288
0: PMPI Allreduce Time: 8.734743e-04
0: MPIL GPU-Aware Recursive Doubling Time: 8.723879e-04
0: MPIL GPU-Aware Node-Aware Dissemination Time: 4.565217e-02
0: MPIL GPU-Aware NUMA-Aware Dissemination Time: 3.987820e-02
0: CopyToCPU PMPI Allreduce Time: 2.089623e-02
0: MPIL CopyToCPU Recursive Doubling Time: 2.220916e-02
0: MPIL CopyToCPU Node-Aware Dissemination Time: 3.599200e-02
0: MPIL CopyToCPU NUMA-Aware Dissemination Time: 2.784832e-02
0: MPIL CopyToCPU RADIX-3 Dissemination Time: 2.224985e-02
0: MPIL CopyToCPU RADIX-4 Dissemination Time: 1.793222e-02
0: MPIL CopyToCPU RADIX-5 Dissemination Time: 1.839369e-02
0: MPIL CopyToCPU RADIX-6 Dissemination Time: 1.833814e-02
0: MPIL CopyToCPU RADIX-7 Dissemination Time: 1.758628e-02
0: MPIL CopyToCPU RADIX-8 Dissemination Time: 2.458987e-02
0: MPIL CopyToCPU RADIX-9 Dissemination Time: 2.664980e-02
0: MPIL CopyToCPU RADIX-10 Dissemination Time: 2.924406e-02
0: MPIL CopyToCPU RADIX-11 Dissemination Time: 3.055417e-02
0: MPIL CopyToCPU RADIX-12 Dissemination Time: 3.210876e-02
0: MPIL CopyToCPU RADIX-13 Dissemination Time: 3.345300e-02
0: MPIL CopyToCPU RADIX-14 Dissemination Time: 3.438904e-02
