0: Testing Size 1
0: PMPI Allreduce Time: 3.372462e-05
0: MPIL GPU-Aware Recursive Doubling Time: 3.309890e-05
0: MPIL GPU-Aware Node-Aware Dissemination Time: 2.180738e-04
0: MPIL GPU-Aware NUMA-Aware Dissemination Time: 2.868674e-04
0: CopyToCPU PMPI Allreduce Time: 3.373747e-05
0: MPIL CopyToCPU Recursive Doubling Time: 3.869077e-05
0: MPIL CopyToCPU Node-Aware Dissemination Time: 4.460640e-05
0: MPIL CopyToCPU NUMA-Aware Dissemination Time: 2.514258e-05
0: MPIL CopyToCPU RADIX-3 Dissemination Time: 3.322578e-05
0: MPIL CopyToCPU RADIX-4 Dissemination Time: 2.832821e-05
0: MPIL CopyToCPU RADIX-5 Dissemination Time: 3.387280e-05
0: MPIL CopyToCPU RADIX-6 Dissemination Time: 3.516879e-05
0: MPIL CopyToCPU RADIX-7 Dissemination Time: 3.697455e-05
0: MPIL CopyToCPU RADIX-8 Dissemination Time: 3.865179e-05
0: MPIL CopyToCPU RADIX-9 Dissemination Time: 4.501909e-05
0: MPIL CopyToCPU RADIX-10 Dissemination Time: 5.176856e-05
0: MPIL CopyToCPU RADIX-11 Dissemination Time: 5.044614e-05
0: MPIL CopyToCPU RADIX-12 Dissemination Time: 4.929779e-05
0: MPIL CopyToCPU RADIX-13 Dissemination Time: 5.075186e-05
0: MPIL CopyToCPU RADIX-14 Dissemination Time: 5.196108e-05
0: Testing Size 2
0: PMPI Allreduce Time: 3.367251e-05
0: MPIL GPU-Aware Recursive Doubling Time: 3.353384e-05
0: MPIL GPU-Aware Node-Aware Dissemination Time: 2.041919e-04
0: MPIL GPU-Aware NUMA-Aware Dissemination Time: 2.870656e-04
0: CopyToCPU PMPI Allreduce Time: 3.490669e-05
0: MPIL CopyToCPU Recursive Doubling Time: 3.788087e-05
0: MPIL CopyToCPU Node-Aware Dissemination Time: 4.375307e-05
0: MPIL CopyToCPU NUMA-Aware Dissemination Time: 2.573733e-05
0: MPIL CopyToCPU RADIX-3 Dissemination Time: 3.912904e-05
0: MPIL CopyToCPU RADIX-4 Dissemination Time: 3.236405e-05
0: MPIL CopyToCPU RADIX-5 Dissemination Time: 3.890532e-05
0: MPIL CopyToCPU RADIX-6 Dissemination Time: 3.862812e-05
0: MPIL CopyToCPU RADIX-7 Dissemination Time: 4.079346e-05
0: MPIL CopyToCPU RADIX-8 Dissemination Time: 3.776404e-05
0: MPIL CopyToCPU RADIX-9 Dissemination Time: 4.177590e-05
0: MPIL CopyToCPU RADIX-10 Dissemination Time: 4.078387e-05
0: MPIL CopyToCPU RADIX-11 Dissemination Time: 4.113322e-05
0: MPIL CopyToCPU RADIX-12 Dissemination Time: 4.294881e-05
0: MPIL CopyToCPU RADIX-13 Dissemination Time: 4.461898e-05
0: MPIL CopyToCPU RADIX-14 Dissemination Time: 4.650933e-05
0: Testing Size 4
0: PMPI Allreduce Time: 3.304535e-05
0: MPIL GPU-Aware Recursive Doubling Time: 3.307795e-05
0: MPIL GPU-Aware Node-Aware Dissemination Time: 2.038310e-04
0: MPIL GPU-Aware NUMA-Aware Dissemination Time: 2.865301e-04
0: CopyToCPU PMPI Allreduce Time: 3.381527e-05
0: MPIL CopyToCPU Recursive Doubling Time: 3.579898e-05
0: MPIL CopyToCPU Node-Aware Dissemination Time: 4.292677e-05
0: MPIL CopyToCPU NUMA-Aware Dissemination Time: 2.467393e-05
0: MPIL CopyToCPU RADIX-3 Dissemination Time: 3.348455e-05
0: MPIL CopyToCPU RADIX-4 Dissemination Time: 2.983665e-05
0: MPIL CopyToCPU RADIX-5 Dissemination Time: 3.432530e-05
0: MPIL CopyToCPU RADIX-6 Dissemination Time: 3.541091e-05
0: MPIL CopyToCPU RADIX-7 Dissemination Time: 3.732359e-05
0: MPIL CopyToCPU RADIX-8 Dissemination Time: 3.762537e-05
0: MPIL CopyToCPU RADIX-9 Dissemination Time: 3.964680e-05
0: MPIL CopyToCPU RADIX-10 Dissemination Time: 4.093649e-05
0: MPIL CopyToCPU RADIX-11 Dissemination Time: 4.103960e-05
0: MPIL CopyToCPU RADIX-12 Dissemination Time: 4.306361e-05
0: MPIL CopyToCPU RADIX-13 Dissemination Time: 4.488057e-05
0: MPIL CopyToCPU RADIX-14 Dissemination Time: 4.665369e-05
0: Testing Size 8
0: PMPI Allreduce Time: 3.328164e-05
0: MPIL GPU-Aware Recursive Doubling Time: 3.341917e-05
0: MPIL GPU-Aware Node-Aware Dissemination Time: 2.054754e-04
0: MPIL GPU-Aware NUMA-Aware Dissemination Time: 2.869807e-04
0: CopyToCPU PMPI Allreduce Time: 3.362004e-05
0: MPIL CopyToCPU Recursive Doubling Time: 3.984094e-05
0: MPIL CopyToCPU Node-Aware Dissemination Time: 4.308593e-05
0: MPIL CopyToCPU NUMA-Aware Dissemination Time: 2.507219e-05
0: MPIL CopyToCPU RADIX-3 Dissemination Time: 3.494350e-05
0: MPIL CopyToCPU RADIX-4 Dissemination Time: 3.091189e-05
0: MPIL CopyToCPU RADIX-5 Dissemination Time: 3.509583e-05
0: MPIL CopyToCPU RADIX-6 Dissemination Time: 3.691328e-05
0: MPIL CopyToCPU RADIX-7 Dissemination Time: 3.929405e-05
0: MPIL CopyToCPU RADIX-8 Dissemination Time: 3.952600e-05
0: MPIL CopyToCPU RADIX-9 Dissemination Time: 4.150365e-05
0: MPIL CopyToCPU RADIX-10 Dissemination Time: 4.307490e-05
0: MPIL CopyToCPU RADIX-11 Dissemination Time: 4.345219e-05
0: MPIL CopyToCPU RADIX-12 Dissemination Time: 4.506378e-05
0: MPIL CopyToCPU RADIX-13 Dissemination Time: 4.640603e-05
0: MPIL CopyToCPU RADIX-14 Dissemination Time: 4.820344e-05
0: Testing Size 16
0: PMPI Allreduce Time: 3.697469e-05
0: MPIL GPU-Aware Recursive Doubling Time: 3.712024e-05
0: MPIL GPU-Aware Node-Aware Dissemination Time: 2.036068e-04
0: MPIL GPU-Aware NUMA-Aware Dissemination Time: 2.883921e-04
0: CopyToCPU PMPI Allreduce Time: 3.668853e-05
0: MPIL CopyToCPU Recursive Doubling Time: 4.354791e-05
0: MPIL CopyToCPU Node-Aware Dissemination Time: 4.514161e-05
0: MPIL CopyToCPU NUMA-Aware Dissemination Time: 2.689010e-05
0: MPIL CopyToCPU RADIX-3 Dissemination Time: 3.703080e-05
0: MPIL CopyToCPU RADIX-4 Dissemination Time: 3.162383e-05
0: MPIL CopyToCPU RADIX-5 Dissemination Time: 3.747373e-05
0: MPIL CopyToCPU RADIX-6 Dissemination Time: 4.025588e-05
0: MPIL CopyToCPU RADIX-7 Dissemination Time: 4.326074e-05
0: MPIL CopyToCPU RADIX-8 Dissemination Time: 4.302091e-05
0: MPIL CopyToCPU RADIX-9 Dissemination Time: 4.445447e-05
0: MPIL CopyToCPU RADIX-10 Dissemination Time: 4.588272e-05
0: MPIL CopyToCPU RADIX-11 Dissemination Time: 4.582472e-05
0: MPIL CopyToCPU RADIX-12 Dissemination Time: 4.710341e-05
0: MPIL CopyToCPU RADIX-13 Dissemination Time: 4.880322e-05
0: MPIL CopyToCPU RADIX-14 Dissemination Time: 5.030460e-05
0: Testing Size 32
0: PMPI Allreduce Time: 5.586767e-05
0: MPIL GPU-Aware Recursive Doubling Time: 5.562004e-05
0: MPIL GPU-Aware Node-Aware Dissemination Time: 1.937477e-04
0: MPIL GPU-Aware NUMA-Aware Dissemination Time: 2.868933e-04
0: CopyToCPU PMPI Allreduce Time: 4.905665e-05
0: MPIL CopyToCPU Recursive Doubling Time: 5.777292e-05
0: MPIL CopyToCPU Node-Aware Dissemination Time: 5.038118e-05
0: MPIL CopyToCPU NUMA-Aware Dissemination Time: 3.661590e-05
0: MPIL CopyToCPU RADIX-3 Dissemination Time: 5.435827e-05
0: MPIL CopyToCPU RADIX-4 Dissemination Time: 4.261919e-05
0: MPIL CopyToCPU RADIX-5 Dissemination Time: 4.841571e-05
0: MPIL CopyToCPU RADIX-6 Dissemination Time: 5.044256e-05
0: MPIL CopyToCPU RADIX-7 Dissemination Time: 5.264553e-05
0: MPIL CopyToCPU RADIX-8 Dissemination Time: 5.036882e-05
0: MPIL CopyToCPU RADIX-9 Dissemination Time: 5.183629e-05
0: MPIL CopyToCPU RADIX-10 Dissemination Time: 5.301825e-05
0: MPIL CopyToCPU RADIX-11 Dissemination Time: 5.435508e-05
0: MPIL CopyToCPU RADIX-12 Dissemination Time: 5.571406e-05
0: MPIL CopyToCPU RADIX-13 Dissemination Time: 5.773427e-05
0: MPIL CopyToCPU RADIX-14 Dissemination Time: 5.878716e-05
0: Testing Size 64
0: PMPI Allreduce Time: 5.623753e-05
0: MPIL GPU-Aware Recursive Doubling Time: 5.632504e-05
0: MPIL GPU-Aware Node-Aware Dissemination Time: 2.274891e-04
0: MPIL GPU-Aware NUMA-Aware Dissemination Time: 2.858207e-04
0: CopyToCPU PMPI Allreduce Time: 5.584867e-05
0: MPIL CopyToCPU Recursive Doubling Time: 5.845376e-05
0: MPIL CopyToCPU Node-Aware Dissemination Time: 5.692423e-05
0: MPIL CopyToCPU NUMA-Aware Dissemination Time: 4.472686e-05
0: MPIL CopyToCPU RADIX-3 Dissemination Time: 5.504472e-05
0: MPIL CopyToCPU RADIX-4 Dissemination Time: 4.333555e-05
0: MPIL CopyToCPU RADIX-5 Dissemination Time: 4.899440e-05
0: MPIL CopyToCPU RADIX-6 Dissemination Time: 5.108131e-05
0: MPIL CopyToCPU RADIX-7 Dissemination Time: 5.329908e-05
0: MPIL CopyToCPU RADIX-8 Dissemination Time: 5.120738e-05
0: MPIL CopyToCPU RADIX-9 Dissemination Time: 5.240991e-05
0: MPIL CopyToCPU RADIX-10 Dissemination Time: 5.442582e-05
0: MPIL CopyToCPU RADIX-11 Dissemination Time: 5.550474e-05
0: MPIL CopyToCPU RADIX-12 Dissemination Time: 5.692258e-05
0: MPIL CopyToCPU RADIX-13 Dissemination Time: 5.824297e-05
0: MPIL CopyToCPU RADIX-14 Dissemination Time: 5.974364e-05
0: Testing Size 128
0: PMPI Allreduce Time: 7.072328e-05
0: MPIL GPU-Aware Recursive Doubling Time: 7.083378e-05
0: MPIL GPU-Aware Node-Aware Dissemination Time: 2.530315e-04
0: MPIL GPU-Aware NUMA-Aware Dissemination Time: 2.664927e-04
0: CopyToCPU PMPI Allreduce Time: 7.111782e-05
0: MPIL CopyToCPU Recursive Doubling Time: 7.457946e-05
0: MPIL CopyToCPU Node-Aware Dissemination Time: 1.193832e-04
0: MPIL CopyToCPU NUMA-Aware Dissemination Time: 6.933845e-05
0: MPIL CopyToCPU RADIX-3 Dissemination Time: 6.242558e-05
0: MPIL CopyToCPU RADIX-4 Dissemination Time: 5.458876e-05
0: MPIL CopyToCPU RADIX-5 Dissemination Time: 6.107408e-05
0: MPIL CopyToCPU RADIX-6 Dissemination Time: 6.359349e-05
0: MPIL CopyToCPU RADIX-7 Dissemination Time: 6.609577e-05
0: MPIL CopyToCPU RADIX-8 Dissemination Time: 6.458880e-05
0: MPIL CopyToCPU RADIX-9 Dissemination Time: 6.575546e-05
0: MPIL CopyToCPU RADIX-10 Dissemination Time: 6.695424e-05
0: MPIL CopyToCPU RADIX-11 Dissemination Time: 6.762755e-05
0: MPIL CopyToCPU RADIX-12 Dissemination Time: 6.871125e-05
0: MPIL CopyToCPU RADIX-13 Dissemination Time: 7.033250e-05
0: MPIL CopyToCPU RADIX-14 Dissemination Time: 7.232323e-05
0: Testing Size 256
0: PMPI Allreduce Time: 7.924495e-05
0: MPIL GPU-Aware Recursive Doubling Time: 7.915284e-05
0: MPIL GPU-Aware Node-Aware Dissemination Time: 2.769172e-04
0: MPIL GPU-Aware NUMA-Aware Dissemination Time: 2.613867e-04
0: CopyToCPU PMPI Allreduce Time: 8.664934e-05
0: MPIL CopyToCPU Recursive Doubling Time: 9.088640e-05
0: MPIL CopyToCPU Node-Aware Dissemination Time: 1.696367e-04
0: MPIL CopyToCPU NUMA-Aware Dissemination Time: 8.630950e-05
0: MPIL CopyToCPU RADIX-3 Dissemination Time: 6.935387e-05
0: MPIL CopyToCPU RADIX-4 Dissemination Time: 5.991267e-05
0: MPIL CopyToCPU RADIX-5 Dissemination Time: 6.714854e-05
0: MPIL CopyToCPU RADIX-6 Dissemination Time: 7.191210e-05
0: MPIL CopyToCPU RADIX-7 Dissemination Time: 7.566128e-05
0: MPIL CopyToCPU RADIX-8 Dissemination Time: 7.721028e-05
0: MPIL CopyToCPU RADIX-9 Dissemination Time: 7.828438e-05
0: MPIL CopyToCPU RADIX-10 Dissemination Time: 7.536259e-05
0: MPIL CopyToCPU RADIX-11 Dissemination Time: 7.453110e-05
0: MPIL CopyToCPU RADIX-12 Dissemination Time: 7.631484e-05
0: MPIL CopyToCPU RADIX-13 Dissemination Time: 7.865569e-05
0: MPIL CopyToCPU RADIX-14 Dissemination Time: 8.370929e-05
0: Testing Size 512
0: PMPI Allreduce Time: 9.619050e-05
0: MPIL GPU-Aware Recursive Doubling Time: 9.617804e-05
0: MPIL GPU-Aware Node-Aware Dissemination Time: 2.932764e-04
0: MPIL GPU-Aware NUMA-Aware Dissemination Time: 2.668190e-04
0: CopyToCPU PMPI Allreduce Time: 1.044094e-04
0: MPIL CopyToCPU Recursive Doubling Time: 1.070663e-04
0: MPIL CopyToCPU Node-Aware Dissemination Time: 2.209657e-04
0: MPIL CopyToCPU NUMA-Aware Dissemination Time: 1.110251e-04
0: MPIL CopyToCPU RADIX-3 Dissemination Time: 7.924080e-05
0: MPIL CopyToCPU RADIX-4 Dissemination Time: 6.929144e-05
0: MPIL CopyToCPU RADIX-5 Dissemination Time: 7.721444e-05
0: MPIL CopyToCPU RADIX-6 Dissemination Time: 8.157079e-05
0: MPIL CopyToCPU RADIX-7 Dissemination Time: 9.083818e-05
0: MPIL CopyToCPU RADIX-8 Dissemination Time: 8.225528e-05
0: MPIL CopyToCPU RADIX-9 Dissemination Time: 8.222943e-05
0: MPIL CopyToCPU RADIX-10 Dissemination Time: 8.338481e-05
0: MPIL CopyToCPU RADIX-11 Dissemination Time: 8.402529e-05
0: MPIL CopyToCPU RADIX-12 Dissemination Time: 8.468760e-05
0: MPIL CopyToCPU RADIX-13 Dissemination Time: 8.844307e-05
0: MPIL CopyToCPU RADIX-14 Dissemination Time: 9.248010e-05
0: Testing Size 1024
0: PMPI Allreduce Time: 2.406449e-04
0: MPIL GPU-Aware Recursive Doubling Time: 2.407291e-04
0: MPIL GPU-Aware Node-Aware Dissemination Time: 1.086035e-03
0: MPIL GPU-Aware NUMA-Aware Dissemination Time: 1.201263e-03
0: CopyToCPU PMPI Allreduce Time: 1.358686e-04
0: MPIL CopyToCPU Recursive Doubling Time: 1.327054e-04
0: MPIL CopyToCPU Node-Aware Dissemination Time: 3.030252e-04
0: MPIL CopyToCPU NUMA-Aware Dissemination Time: 1.640788e-04
0: MPIL CopyToCPU RADIX-3 Dissemination Time: 1.050965e-04
0: MPIL CopyToCPU RADIX-4 Dissemination Time: 8.908512e-05
0: MPIL CopyToCPU RADIX-5 Dissemination Time: 9.886924e-05
0: MPIL CopyToCPU RADIX-6 Dissemination Time: 1.082232e-04
0: MPIL CopyToCPU RADIX-7 Dissemination Time: 1.185255e-04
0: MPIL CopyToCPU RADIX-8 Dissemination Time: 1.111738e-04
0: MPIL CopyToCPU RADIX-9 Dissemination Time: 1.106172e-04
0: MPIL CopyToCPU RADIX-10 Dissemination Time: 1.214588e-04
0: MPIL CopyToCPU RADIX-11 Dissemination Time: 1.163687e-04
0: MPIL CopyToCPU RADIX-12 Dissemination Time: 1.057445e-04
0: MPIL CopyToCPU RADIX-13 Dissemination Time: 1.221186e-04
0: MPIL CopyToCPU RADIX-14 Dissemination Time: 1.148500e-04
0: Testing Size 2048
0: PMPI Allreduce Time: 2.724315e-04
0: MPIL GPU-Aware Recursive Doubling Time: 2.696387e-04
0: MPIL GPU-Aware Node-Aware Dissemination Time: 1.417379e-03
0: MPIL GPU-Aware NUMA-Aware Dissemination Time: 1.790066e-03
0: CopyToCPU PMPI Allreduce Time: 1.917821e-04
0: MPIL CopyToCPU Recursive Doubling Time: 2.037801e-04
0: MPIL CopyToCPU Node-Aware Dissemination Time: 4.027550e-04
0: MPIL CopyToCPU NUMA-Aware Dissemination Time: 2.611886e-04
0: MPIL CopyToCPU RADIX-3 Dissemination Time: 1.580728e-04
0: MPIL CopyToCPU RADIX-4 Dissemination Time: 1.268477e-04
0: MPIL CopyToCPU RADIX-5 Dissemination Time: 1.510293e-04
0: MPIL CopyToCPU RADIX-6 Dissemination Time: 1.530407e-04
0: MPIL CopyToCPU RADIX-7 Dissemination Time: 1.526670e-04
0: MPIL CopyToCPU RADIX-8 Dissemination Time: 1.644392e-04
0: MPIL CopyToCPU RADIX-9 Dissemination Time: 1.644670e-04
0: MPIL CopyToCPU RADIX-10 Dissemination Time: 1.644922e-04
0: MPIL CopyToCPU RADIX-11 Dissemination Time: 1.587648e-04
0: MPIL CopyToCPU RADIX-12 Dissemination Time: 1.507831e-04
0: MPIL CopyToCPU RADIX-13 Dissemination Time: 1.585186e-04
0: MPIL CopyToCPU RADIX-14 Dissemination Time: 1.645415e-04
0: Testing Size 4096
0: PMPI Allreduce Time: 2.822972e-04
0: MPIL GPU-Aware Recursive Doubling Time: 2.815545e-04
0: MPIL GPU-Aware Node-Aware Dissemination Time: 1.890470e-03
0: MPIL GPU-Aware NUMA-Aware Dissemination Time: 2.607829e-03
0: CopyToCPU PMPI Allreduce Time: 2.945712e-04
0: MPIL CopyToCPU Recursive Doubling Time: 3.687421e-04
0: MPIL CopyToCPU Node-Aware Dissemination Time: 6.951561e-04
0: MPIL CopyToCPU NUMA-Aware Dissemination Time: 4.164974e-04
0: MPIL CopyToCPU RADIX-3 Dissemination Time: 2.982530e-04
0: MPIL CopyToCPU RADIX-4 Dissemination Time: 2.286726e-04
0: MPIL CopyToCPU RADIX-5 Dissemination Time: 2.609999e-04
0: MPIL CopyToCPU RADIX-6 Dissemination Time: 2.688196e-04
0: MPIL CopyToCPU RADIX-7 Dissemination Time: 2.827807e-04
0: MPIL CopyToCPU RADIX-8 Dissemination Time: 2.977535e-04
0: MPIL CopyToCPU RADIX-9 Dissemination Time: 3.016286e-04
0: MPIL CopyToCPU RADIX-10 Dissemination Time: 3.003696e-04
0: MPIL CopyToCPU RADIX-11 Dissemination Time: 3.021534e-04
0: MPIL CopyToCPU RADIX-12 Dissemination Time: 2.857251e-04
0: MPIL CopyToCPU RADIX-13 Dissemination Time: 3.028464e-04
0: MPIL CopyToCPU RADIX-14 Dissemination Time: 3.141038e-04
0: Testing Size 8192
0: PMPI Allreduce Time: 2.902083e-04
0: MPIL GPU-Aware Recursive Doubling Time: 2.894236e-04
0: MPIL GPU-Aware Node-Aware Dissemination Time: 2.602347e-03
0: MPIL GPU-Aware NUMA-Aware Dissemination Time: 3.109388e-03
0: CopyToCPU PMPI Allreduce Time: 4.776828e-04
0: MPIL CopyToCPU Recursive Doubling Time: 6.029848e-04
0: MPIL CopyToCPU Node-Aware Dissemination Time: 1.292483e-03
0: MPIL CopyToCPU NUMA-Aware Dissemination Time: 7.211168e-04
0: MPIL CopyToCPU RADIX-3 Dissemination Time: 5.289309e-04
0: MPIL CopyToCPU RADIX-4 Dissemination Time: 3.986787e-04
0: MPIL CopyToCPU RADIX-5 Dissemination Time: 4.523869e-04
0: MPIL CopyToCPU RADIX-6 Dissemination Time: 4.547756e-04
0: MPIL CopyToCPU RADIX-7 Dissemination Time: 4.947266e-04
0: MPIL CopyToCPU RADIX-8 Dissemination Time: 5.167632e-04
0: MPIL CopyToCPU RADIX-9 Dissemination Time: 5.445955e-04
0: MPIL CopyToCPU RADIX-10 Dissemination Time: 5.413630e-04
0: MPIL CopyToCPU RADIX-11 Dissemination Time: 5.434900e-04
0: MPIL CopyToCPU RADIX-12 Dissemination Time: 4.922645e-04
0: MPIL CopyToCPU RADIX-13 Dissemination Time: 5.239180e-04
0: MPIL CopyToCPU RADIX-14 Dissemination Time: 5.410342e-04
0: Testing Size 16384
0: PMPI Allreduce Time: 2.976111e-04
0: MPIL GPU-Aware Recursive Doubling Time: 2.956995e-04
0: MPIL GPU-Aware Node-Aware Dissemination Time: 3.451696e-03
0: MPIL GPU-Aware NUMA-Aware Dissemination Time: 3.923908e-03
0: CopyToCPU PMPI Allreduce Time: 8.328106e-04
0: MPIL CopyToCPU Recursive Doubling Time: 1.076898e-03
0: MPIL CopyToCPU Node-Aware Dissemination Time: 2.231965e-03
0: MPIL CopyToCPU NUMA-Aware Dissemination Time: 1.340852e-03
0: MPIL CopyToCPU RADIX-3 Dissemination Time: 8.744747e-04
0: MPIL CopyToCPU RADIX-4 Dissemination Time: 7.287720e-04
0: MPIL CopyToCPU RADIX-5 Dissemination Time: 8.273432e-04
0: MPIL CopyToCPU RADIX-6 Dissemination Time: 8.201269e-04
0: MPIL CopyToCPU RADIX-7 Dissemination Time: 8.869397e-04
0: MPIL CopyToCPU RADIX-8 Dissemination Time: 9.418365e-04
0: MPIL CopyToCPU RADIX-9 Dissemination Time: 1.010694e-03
0: MPIL CopyToCPU RADIX-10 Dissemination Time: 1.011460e-03
0: MPIL CopyToCPU RADIX-11 Dissemination Time: 9.975816e-04
0: MPIL CopyToCPU RADIX-12 Dissemination Time: 9.410330e-04
0: MPIL CopyToCPU RADIX-13 Dissemination Time: 9.822887e-04
0: MPIL CopyToCPU RADIX-14 Dissemination Time: 1.022913e-03
0: Testing Size 32768
0: PMPI Allreduce Time: 3.170717e-04
0: MPIL GPU-Aware Recursive Doubling Time: 3.164793e-04
0: MPIL GPU-Aware Node-Aware Dissemination Time: 1.243125e-02
0: MPIL GPU-Aware NUMA-Aware Dissemination Time: 4.708699e-03
0: CopyToCPU PMPI Allreduce Time: 1.499320e-03
0: MPIL CopyToCPU Recursive Doubling Time: 1.914181e-03
0: MPIL CopyToCPU Node-Aware Dissemination Time: 4.949751e-03
0: MPIL CopyToCPU NUMA-Aware Dissemination Time: 2.421562e-03
0: MPIL CopyToCPU RADIX-3 Dissemination Time: 1.645982e-03
0: MPIL CopyToCPU RADIX-4 Dissemination Time: 1.379362e-03
0: MPIL CopyToCPU RADIX-5 Dissemination Time: 1.561811e-03
0: MPIL CopyToCPU RADIX-6 Dissemination Time: 1.547016e-03
0: MPIL CopyToCPU RADIX-7 Dissemination Time: 1.643853e-03
0: MPIL CopyToCPU RADIX-8 Dissemination Time: 1.727262e-03
0: MPIL CopyToCPU RADIX-9 Dissemination Time: 1.862795e-03
0: MPIL CopyToCPU RADIX-10 Dissemination Time: 1.837730e-03
0: MPIL CopyToCPU RADIX-11 Dissemination Time: 1.781813e-03
0: MPIL CopyToCPU RADIX-12 Dissemination Time: 1.820707e-03
0: MPIL CopyToCPU RADIX-13 Dissemination Time: 1.898039e-03
0: MPIL CopyToCPU RADIX-14 Dissemination Time: 1.984649e-03
0: Testing Size 65536
0: PMPI Allreduce Time: 3.724851e-04
0: MPIL GPU-Aware Recursive Doubling Time: 3.655128e-04
0: MPIL GPU-Aware Node-Aware Dissemination Time: 1.572174e-02
0: MPIL GPU-Aware NUMA-Aware Dissemination Time: 7.285895e-03
0: CopyToCPU PMPI Allreduce Time: 2.685800e-03
0: MPIL CopyToCPU Recursive Doubling Time: 3.778163e-03
0: MPIL CopyToCPU Node-Aware Dissemination Time: 7.121067e-03
0: MPIL CopyToCPU NUMA-Aware Dissemination Time: 4.509308e-03
0: MPIL CopyToCPU RADIX-3 Dissemination Time: 3.176964e-03
0: MPIL CopyToCPU RADIX-4 Dissemination Time: 2.696615e-03
0: MPIL CopyToCPU RADIX-5 Dissemination Time: 3.031704e-03
0: MPIL CopyToCPU RADIX-6 Dissemination Time: 3.010851e-03
0: MPIL CopyToCPU RADIX-7 Dissemination Time: 3.126585e-03
0: MPIL CopyToCPU RADIX-8 Dissemination Time: 3.299400e-03
0: MPIL CopyToCPU RADIX-9 Dissemination Time: 3.442326e-03
0: MPIL CopyToCPU RADIX-10 Dissemination Time: 3.307726e-03
0: MPIL CopyToCPU RADIX-11 Dissemination Time: 3.400865e-03
0: MPIL CopyToCPU RADIX-12 Dissemination Time: 3.514333e-03
0: MPIL CopyToCPU RADIX-13 Dissemination Time: 3.648169e-03
0: MPIL CopyToCPU RADIX-14 Dissemination Time: 3.795424e-03
0: Testing Size 131072
0: PMPI Allreduce Time: 4.536510e-04
0: MPIL GPU-Aware Recursive Doubling Time: 4.460760e-04
0: MPIL GPU-Aware Node-Aware Dissemination Time: 2.263357e-02
0: MPIL GPU-Aware NUMA-Aware Dissemination Time: 1.487766e-02
0: CopyToCPU PMPI Allreduce Time: 5.456454e-03
0: MPIL CopyToCPU Recursive Doubling Time: 6.253223e-03
0: MPIL CopyToCPU Node-Aware Dissemination Time: 1.391519e-02
0: MPIL CopyToCPU NUMA-Aware Dissemination Time: 1.042933e-02
0: MPIL CopyToCPU RADIX-3 Dissemination Time: 6.196264e-03
0: MPIL CopyToCPU RADIX-4 Dissemination Time: 5.239861e-03
0: MPIL CopyToCPU RADIX-5 Dissemination Time: 5.752144e-03
0: MPIL CopyToCPU RADIX-6 Dissemination Time: 5.789053e-03
0: MPIL CopyToCPU RADIX-7 Dissemination Time: 5.945616e-03
0: MPIL CopyToCPU RADIX-8 Dissemination Time: 6.182156e-03
0: MPIL CopyToCPU RADIX-9 Dissemination Time: 6.592316e-03
0: MPIL CopyToCPU RADIX-10 Dissemination Time: 6.474639e-03
0: MPIL CopyToCPU RADIX-11 Dissemination Time: 6.513539e-03
0: MPIL CopyToCPU RADIX-12 Dissemination Time: 6.720462e-03
0: MPIL CopyToCPU RADIX-13 Dissemination Time: 6.839786e-03
0: MPIL CopyToCPU RADIX-14 Dissemination Time: 7.151075e-03
0: Testing Size 262144
0: PMPI Allreduce Time: 6.028384e-04
0: MPIL GPU-Aware Recursive Doubling Time: 6.019684e-04
0: MPIL GPU-Aware Node-Aware Dissemination Time: 3.920113e-02
0: MPIL GPU-Aware NUMA-Aware Dissemination Time: 3.226292e-02
0: CopyToCPU PMPI Allreduce Time: 9.984831e-03
0: MPIL CopyToCPU Recursive Doubling Time: 1.398003e-02
0: MPIL CopyToCPU Node-Aware Dissemination Time: 2.621292e-02
0: MPIL CopyToCPU NUMA-Aware Dissemination Time: 1.721156e-02
0: MPIL CopyToCPU RADIX-3 Dissemination Time: 1.242748e-02
0: MPIL CopyToCPU RADIX-4 Dissemination Time: 1.034738e-02
0: MPIL CopyToCPU RADIX-5 Dissemination Time: 1.124286e-02
0: MPIL CopyToCPU RADIX-6 Dissemination Time: 1.121145e-02
0: MPIL CopyToCPU RADIX-7 Dissemination Time: 1.158852e-02
0: MPIL CopyToCPU RADIX-8 Dissemination Time: 1.199905e-02
0: MPIL CopyToCPU RADIX-9 Dissemination Time: 1.291209e-02
0: MPIL CopyToCPU RADIX-10 Dissemination Time: 1.237051e-02
0: MPIL CopyToCPU RADIX-11 Dissemination Time: 1.284790e-02
0: MPIL CopyToCPU RADIX-12 Dissemination Time: 1.348319e-02
0: MPIL CopyToCPU RADIX-13 Dissemination Time: 1.381414e-02
0: MPIL CopyToCPU RADIX-14 Dissemination Time: 1.460052e-02
0: Testing Size 524288
0: PMPI Allreduce Time: 9.180583e-04
0: MPIL GPU-Aware Recursive Doubling Time: 9.174384e-04
0: MPIL GPU-Aware Node-Aware Dissemination Time: 7.246788e-02
0: MPIL GPU-Aware NUMA-Aware Dissemination Time: 5.587462e-02
0: CopyToCPU PMPI Allreduce Time: 2.132582e-02
0: MPIL CopyToCPU Recursive Doubling Time: 2.607786e-02
0: MPIL CopyToCPU Node-Aware Dissemination Time: 5.434474e-02
0: MPIL CopyToCPU NUMA-Aware Dissemination Time: 3.350679e-02
0: MPIL CopyToCPU RADIX-3 Dissemination Time: 2.449720e-02
0: MPIL CopyToCPU RADIX-4 Dissemination Time: 2.041380e-02
0: MPIL CopyToCPU RADIX-5 Dissemination Time: 2.123286e-02
0: MPIL CopyToCPU RADIX-6 Dissemination Time: 2.085635e-02
0: MPIL CopyToCPU RADIX-7 Dissemination Time: 2.181750e-02
0: MPIL CopyToCPU RADIX-8 Dissemination Time: 3.066086e-02
0: MPIL CopyToCPU RADIX-9 Dissemination Time: 3.268048e-02
0: MPIL CopyToCPU RADIX-10 Dissemination Time: 3.350547e-02
0: MPIL CopyToCPU RADIX-11 Dissemination Time: 3.437109e-02
0: MPIL CopyToCPU RADIX-12 Dissemination Time: 3.579690e-02
0: MPIL CopyToCPU RADIX-13 Dissemination Time: 3.664105e-02
0: MPIL CopyToCPU RADIX-14 Dissemination Time: 3.816198e-02
