0: Testing Size 1
0: PMPI Allreduce Time: 1.303434e-05
0: MPIL GPU-Aware Recursive Doubling Time: 1.299142e-05
0: MPIL GPU-Aware Node-Aware Dissemination Time: 2.997724e-05
0: MPIL GPU-Aware NUMA-Aware Dissemination Time: 1.111520e-04
0: CopyToCPU PMPI Allreduce Time: 1.299939e-05
0: MPIL CopyToCPU Recursive Doubling Time: 1.551267e-05
0: MPIL CopyToCPU Node-Aware Dissemination Time: 2.013851e-05
0: MPIL CopyToCPU NUMA-Aware Dissemination Time: 1.258188e-05
0: MPIL CopyToCPU RADIX-3 Dissemination Time: 1.807549e-05
0: MPIL CopyToCPU RADIX-4 Dissemination Time: 1.848554e-05
0: MPIL CopyToCPU RADIX-5 Dissemination Time: 1.942416e-05
0: MPIL CopyToCPU RADIX-6 Dissemination Time: 1.572435e-05
0: MPIL CopyToCPU RADIX-7 Dissemination Time: 1.865080e-05
0: MPIL CopyToCPU RADIX-8 Dissemination Time: 1.807947e-05
0: MPIL CopyToCPU RADIX-9 Dissemination Time: 2.054138e-05
0: MPIL CopyToCPU RADIX-10 Dissemination Time: 2.069490e-05
0: MPIL CopyToCPU RADIX-11 Dissemination Time: 2.027638e-05
0: MPIL CopyToCPU RADIX-12 Dissemination Time: 2.068640e-05
0: MPIL CopyToCPU RADIX-13 Dissemination Time: 2.547400e-05
0: MPIL CopyToCPU RADIX-14 Dissemination Time: 2.617270e-05
0: Testing Size 2
0: PMPI Allreduce Time: 1.312620e-05
0: MPIL GPU-Aware Recursive Doubling Time: 1.309238e-05
0: MPIL GPU-Aware Node-Aware Dissemination Time: 2.955601e-05
0: MPIL GPU-Aware NUMA-Aware Dissemination Time: 8.285941e-05
0: CopyToCPU PMPI Allreduce Time: 1.291420e-05
0: MPIL CopyToCPU Recursive Doubling Time: 1.524878e-05
0: MPIL CopyToCPU Node-Aware Dissemination Time: 2.016968e-05
0: MPIL CopyToCPU NUMA-Aware Dissemination Time: 1.236115e-05
0: MPIL CopyToCPU RADIX-3 Dissemination Time: 1.813539e-05
0: MPIL CopyToCPU RADIX-4 Dissemination Time: 1.840599e-05
0: MPIL CopyToCPU RADIX-5 Dissemination Time: 1.966889e-05
0: MPIL CopyToCPU RADIX-6 Dissemination Time: 1.561392e-05
0: MPIL CopyToCPU RADIX-7 Dissemination Time: 1.835566e-05
0: MPIL CopyToCPU RADIX-8 Dissemination Time: 1.813176e-05
0: MPIL CopyToCPU RADIX-9 Dissemination Time: 2.052931e-05
0: MPIL CopyToCPU RADIX-10 Dissemination Time: 2.072646e-05
0: MPIL CopyToCPU RADIX-11 Dissemination Time: 2.043680e-05
0: MPIL CopyToCPU RADIX-12 Dissemination Time: 2.069755e-05
0: MPIL CopyToCPU RADIX-13 Dissemination Time: 2.579181e-05
0: MPIL CopyToCPU RADIX-14 Dissemination Time: 2.613273e-05
0: Testing Size 4
0: PMPI Allreduce Time: 1.343033e-05
0: MPIL GPU-Aware Recursive Doubling Time: 1.341930e-05
0: MPIL GPU-Aware Node-Aware Dissemination Time: 2.979584e-05
0: MPIL GPU-Aware NUMA-Aware Dissemination Time: 1.015746e-04
0: CopyToCPU PMPI Allreduce Time: 1.309947e-05
0: MPIL CopyToCPU Recursive Doubling Time: 1.524466e-05
0: MPIL CopyToCPU Node-Aware Dissemination Time: 2.001279e-05
0: MPIL CopyToCPU NUMA-Aware Dissemination Time: 1.249355e-05
0: MPIL CopyToCPU RADIX-3 Dissemination Time: 1.818063e-05
0: MPIL CopyToCPU RADIX-4 Dissemination Time: 1.852065e-05
0: MPIL CopyToCPU RADIX-5 Dissemination Time: 1.948190e-05
0: MPIL CopyToCPU RADIX-6 Dissemination Time: 1.579774e-05
0: MPIL CopyToCPU RADIX-7 Dissemination Time: 1.833523e-05
0: MPIL CopyToCPU RADIX-8 Dissemination Time: 1.813929e-05
0: MPIL CopyToCPU RADIX-9 Dissemination Time: 2.065020e-05
0: MPIL CopyToCPU RADIX-10 Dissemination Time: 2.076658e-05
0: MPIL CopyToCPU RADIX-11 Dissemination Time: 2.028335e-05
0: MPIL CopyToCPU RADIX-12 Dissemination Time: 2.108739e-05
0: MPIL CopyToCPU RADIX-13 Dissemination Time: 2.547437e-05
0: MPIL CopyToCPU RADIX-14 Dissemination Time: 2.627108e-05
0: Testing Size 8
0: PMPI Allreduce Time: 1.315266e-05
0: MPIL GPU-Aware Recursive Doubling Time: 1.309324e-05
0: MPIL GPU-Aware Node-Aware Dissemination Time: 2.957261e-05
0: MPIL GPU-Aware NUMA-Aware Dissemination Time: 1.368587e-04
0: CopyToCPU PMPI Allreduce Time: 1.312536e-05
0: MPIL CopyToCPU Recursive Doubling Time: 1.750894e-05
0: MPIL CopyToCPU Node-Aware Dissemination Time: 2.005119e-05
0: MPIL CopyToCPU NUMA-Aware Dissemination Time: 1.268480e-05
0: MPIL CopyToCPU RADIX-3 Dissemination Time: 1.912771e-05
0: MPIL CopyToCPU RADIX-4 Dissemination Time: 1.938785e-05
0: MPIL CopyToCPU RADIX-5 Dissemination Time: 2.033056e-05
0: MPIL CopyToCPU RADIX-6 Dissemination Time: 1.725155e-05
0: MPIL CopyToCPU RADIX-7 Dissemination Time: 1.971994e-05
0: MPIL CopyToCPU RADIX-8 Dissemination Time: 1.985586e-05
0: MPIL CopyToCPU RADIX-9 Dissemination Time: 2.169085e-05
0: MPIL CopyToCPU RADIX-10 Dissemination Time: 2.199142e-05
0: MPIL CopyToCPU RADIX-11 Dissemination Time: 2.186611e-05
0: MPIL CopyToCPU RADIX-12 Dissemination Time: 2.270316e-05
0: MPIL CopyToCPU RADIX-13 Dissemination Time: 2.728853e-05
0: MPIL CopyToCPU RADIX-14 Dissemination Time: 2.780948e-05
0: Testing Size 16
0: PMPI Allreduce Time: 1.399153e-05
0: MPIL GPU-Aware Recursive Doubling Time: 1.407381e-05
0: MPIL GPU-Aware Node-Aware Dissemination Time: 2.984596e-05
0: MPIL GPU-Aware NUMA-Aware Dissemination Time: 1.360134e-04
0: CopyToCPU PMPI Allreduce Time: 1.358770e-05
0: MPIL CopyToCPU Recursive Doubling Time: 1.823905e-05
0: MPIL CopyToCPU Node-Aware Dissemination Time: 1.961325e-05
0: MPIL CopyToCPU NUMA-Aware Dissemination Time: 1.356142e-05
0: MPIL CopyToCPU RADIX-3 Dissemination Time: 2.070682e-05
0: MPIL CopyToCPU RADIX-4 Dissemination Time: 2.093113e-05
0: MPIL CopyToCPU RADIX-5 Dissemination Time: 2.143395e-05
0: MPIL CopyToCPU RADIX-6 Dissemination Time: 1.826479e-05
0: MPIL CopyToCPU RADIX-7 Dissemination Time: 2.065947e-05
0: MPIL CopyToCPU RADIX-8 Dissemination Time: 2.141913e-05
0: MPIL CopyToCPU RADIX-9 Dissemination Time: 2.359551e-05
0: MPIL CopyToCPU RADIX-10 Dissemination Time: 2.362627e-05
0: MPIL CopyToCPU RADIX-11 Dissemination Time: 2.344096e-05
0: MPIL CopyToCPU RADIX-12 Dissemination Time: 2.414500e-05
0: MPIL CopyToCPU RADIX-13 Dissemination Time: 2.990225e-05
0: MPIL CopyToCPU RADIX-14 Dissemination Time: 3.051146e-05
0: Testing Size 32
0: PMPI Allreduce Time: 2.181119e-05
0: MPIL GPU-Aware Recursive Doubling Time: 2.164499e-05
0: MPIL GPU-Aware Node-Aware Dissemination Time: 3.669578e-05
0: MPIL GPU-Aware NUMA-Aware Dissemination Time: 4.773850e-05
0: CopyToCPU PMPI Allreduce Time: 1.632130e-05
0: MPIL CopyToCPU Recursive Doubling Time: 2.245811e-05
0: MPIL CopyToCPU Node-Aware Dissemination Time: 2.087684e-05
0: MPIL CopyToCPU NUMA-Aware Dissemination Time: 1.866250e-05
0: MPIL CopyToCPU RADIX-3 Dissemination Time: 2.618990e-05
0: MPIL CopyToCPU RADIX-4 Dissemination Time: 2.550320e-05
0: MPIL CopyToCPU RADIX-5 Dissemination Time: 2.735984e-05
0: MPIL CopyToCPU RADIX-6 Dissemination Time: 2.232622e-05
0: MPIL CopyToCPU RADIX-7 Dissemination Time: 2.647947e-05
0: MPIL CopyToCPU RADIX-8 Dissemination Time: 2.543058e-05
0: MPIL CopyToCPU RADIX-9 Dissemination Time: 3.028126e-05
0: MPIL CopyToCPU RADIX-10 Dissemination Time: 2.943404e-05
0: MPIL CopyToCPU RADIX-11 Dissemination Time: 2.986350e-05
0: MPIL CopyToCPU RADIX-12 Dissemination Time: 2.936159e-05
0: MPIL CopyToCPU RADIX-13 Dissemination Time: 3.403232e-05
0: MPIL CopyToCPU RADIX-14 Dissemination Time: 3.484725e-05
0: Testing Size 64
0: PMPI Allreduce Time: 2.184616e-05
0: MPIL GPU-Aware Recursive Doubling Time: 2.175672e-05
0: MPIL GPU-Aware Node-Aware Dissemination Time: 4.021694e-05
0: MPIL GPU-Aware NUMA-Aware Dissemination Time: 4.882940e-05
0: CopyToCPU PMPI Allreduce Time: 2.124974e-05
0: MPIL CopyToCPU Recursive Doubling Time: 2.280647e-05
0: MPIL CopyToCPU Node-Aware Dissemination Time: 2.686925e-05
0: MPIL CopyToCPU NUMA-Aware Dissemination Time: 2.399408e-05
0: MPIL CopyToCPU RADIX-3 Dissemination Time: 2.672952e-05
0: MPIL CopyToCPU RADIX-4 Dissemination Time: 2.605004e-05
0: MPIL CopyToCPU RADIX-5 Dissemination Time: 2.781531e-05
0: MPIL CopyToCPU RADIX-6 Dissemination Time: 2.288041e-05
0: MPIL CopyToCPU RADIX-7 Dissemination Time: 2.636516e-05
0: MPIL CopyToCPU RADIX-8 Dissemination Time: 2.589295e-05
0: MPIL CopyToCPU RADIX-9 Dissemination Time: 3.082150e-05
0: MPIL CopyToCPU RADIX-10 Dissemination Time: 2.989324e-05
0: MPIL CopyToCPU RADIX-11 Dissemination Time: 3.052834e-05
0: MPIL CopyToCPU RADIX-12 Dissemination Time: 3.011545e-05
0: MPIL CopyToCPU RADIX-13 Dissemination Time: 3.591584e-05
0: MPIL CopyToCPU RADIX-14 Dissemination Time: 3.496318e-05
0: Testing Size 128
0: PMPI Allreduce Time: 3.764181e-05
0: MPIL GPU-Aware Recursive Doubling Time: 3.761676e-05
0: MPIL GPU-Aware Node-Aware Dissemination Time: 7.856619e-05
0: MPIL GPU-Aware NUMA-Aware Dissemination Time: 6.130426e-05
0: CopyToCPU PMPI Allreduce Time: 4.014479e-05
0: MPIL CopyToCPU Recursive Doubling Time: 4.508012e-05
0: MPIL CopyToCPU Node-Aware Dissemination Time: 6.811191e-05
0: MPIL CopyToCPU NUMA-Aware Dissemination Time: 3.979931e-05
0: MPIL CopyToCPU RADIX-3 Dissemination Time: 3.797256e-05
0: MPIL CopyToCPU RADIX-4 Dissemination Time: 3.837348e-05
0: MPIL CopyToCPU RADIX-5 Dissemination Time: 3.962734e-05
0: MPIL CopyToCPU RADIX-6 Dissemination Time: 3.676438e-05
0: MPIL CopyToCPU RADIX-7 Dissemination Time: 3.797747e-05
0: MPIL CopyToCPU RADIX-8 Dissemination Time: 3.802128e-05
0: MPIL CopyToCPU RADIX-9 Dissemination Time: 4.573200e-05
0: MPIL CopyToCPU RADIX-10 Dissemination Time: 4.765158e-05
0: MPIL CopyToCPU RADIX-11 Dissemination Time: 4.299315e-05
0: MPIL CopyToCPU RADIX-12 Dissemination Time: 4.178338e-05
0: MPIL CopyToCPU RADIX-13 Dissemination Time: 5.747917e-05
0: MPIL CopyToCPU RADIX-14 Dissemination Time: 5.844747e-05
0: Testing Size 256
0: PMPI Allreduce Time: 4.574208e-05
0: MPIL GPU-Aware Recursive Doubling Time: 4.574293e-05
0: MPIL GPU-Aware Node-Aware Dissemination Time: 9.515090e-05
0: MPIL GPU-Aware NUMA-Aware Dissemination Time: 7.277944e-05
0: CopyToCPU PMPI Allreduce Time: 5.111375e-05
0: MPIL CopyToCPU Recursive Doubling Time: 5.749893e-05
0: MPIL CopyToCPU Node-Aware Dissemination Time: 1.015288e-04
0: MPIL CopyToCPU NUMA-Aware Dissemination Time: 4.891084e-05
0: MPIL CopyToCPU RADIX-3 Dissemination Time: 3.986757e-05
0: MPIL CopyToCPU RADIX-4 Dissemination Time: 4.021627e-05
0: MPIL CopyToCPU RADIX-5 Dissemination Time: 4.273356e-05
0: MPIL CopyToCPU RADIX-6 Dissemination Time: 4.003127e-05
0: MPIL CopyToCPU RADIX-7 Dissemination Time: 4.322837e-05
0: MPIL CopyToCPU RADIX-8 Dissemination Time: 4.257241e-05
0: MPIL CopyToCPU RADIX-9 Dissemination Time: 4.914993e-05
0: MPIL CopyToCPU RADIX-10 Dissemination Time: 4.865764e-05
0: MPIL CopyToCPU RADIX-11 Dissemination Time: 4.695844e-05
0: MPIL CopyToCPU RADIX-12 Dissemination Time: 4.518154e-05
0: MPIL CopyToCPU RADIX-13 Dissemination Time: 6.179542e-05
0: MPIL CopyToCPU RADIX-14 Dissemination Time: 6.399643e-05
0: Testing Size 512
0: PMPI Allreduce Time: 6.119188e-05
0: MPIL GPU-Aware Recursive Doubling Time: 6.115479e-05
0: MPIL GPU-Aware Node-Aware Dissemination Time: 1.285894e-04
0: MPIL GPU-Aware NUMA-Aware Dissemination Time: 8.652002e-05
0: CopyToCPU PMPI Allreduce Time: 6.380715e-05
0: MPIL CopyToCPU Recursive Doubling Time: 6.378594e-05
0: MPIL CopyToCPU Node-Aware Dissemination Time: 1.201933e-04
0: MPIL CopyToCPU NUMA-Aware Dissemination Time: 6.433245e-05
0: MPIL CopyToCPU RADIX-3 Dissemination Time: 5.031776e-05
0: MPIL CopyToCPU RADIX-4 Dissemination Time: 4.918151e-05
0: MPIL CopyToCPU RADIX-5 Dissemination Time: 5.081993e-05
0: MPIL CopyToCPU RADIX-6 Dissemination Time: 4.984275e-05
0: MPIL CopyToCPU RADIX-7 Dissemination Time: 5.151745e-05
0: MPIL CopyToCPU RADIX-8 Dissemination Time: 5.210611e-05
0: MPIL CopyToCPU RADIX-9 Dissemination Time: 5.752300e-05
0: MPIL CopyToCPU RADIX-10 Dissemination Time: 5.896956e-05
0: MPIL CopyToCPU RADIX-11 Dissemination Time: 5.507191e-05
0: MPIL CopyToCPU RADIX-12 Dissemination Time: 5.038372e-05
0: MPIL CopyToCPU RADIX-13 Dissemination Time: 7.057463e-05
0: MPIL CopyToCPU RADIX-14 Dissemination Time: 7.206373e-05
0: Testing Size 1024
0: PMPI Allreduce Time: 1.354785e-04
0: MPIL GPU-Aware Recursive Doubling Time: 1.380231e-04
0: MPIL GPU-Aware Node-Aware Dissemination Time: 3.439114e-04
0: MPIL GPU-Aware NUMA-Aware Dissemination Time: 4.631070e-04
0: CopyToCPU PMPI Allreduce Time: 9.581187e-05
0: MPIL CopyToCPU Recursive Doubling Time: 9.121461e-05
0: MPIL CopyToCPU Node-Aware Dissemination Time: 1.825447e-04
0: MPIL CopyToCPU NUMA-Aware Dissemination Time: 9.478981e-05
0: MPIL CopyToCPU RADIX-3 Dissemination Time: 7.407128e-05
0: MPIL CopyToCPU RADIX-4 Dissemination Time: 6.556820e-05
0: MPIL CopyToCPU RADIX-5 Dissemination Time: 6.553474e-05
0: MPIL CopyToCPU RADIX-6 Dissemination Time: 6.596301e-05
0: MPIL CopyToCPU RADIX-7 Dissemination Time: 6.710076e-05
0: MPIL CopyToCPU RADIX-8 Dissemination Time: 6.725449e-05
0: MPIL CopyToCPU RADIX-9 Dissemination Time: 7.555242e-05
0: MPIL CopyToCPU RADIX-10 Dissemination Time: 7.782507e-05
0: MPIL CopyToCPU RADIX-11 Dissemination Time: 6.974480e-05
0: MPIL CopyToCPU RADIX-12 Dissemination Time: 6.594221e-05
0: MPIL CopyToCPU RADIX-13 Dissemination Time: 8.817380e-05
0: MPIL CopyToCPU RADIX-14 Dissemination Time: 8.781333e-05
0: Testing Size 2048
0: PMPI Allreduce Time: 1.519024e-04
0: MPIL GPU-Aware Recursive Doubling Time: 1.505863e-04
0: MPIL GPU-Aware Node-Aware Dissemination Time: 6.558780e-04
0: MPIL GPU-Aware NUMA-Aware Dissemination Time: 1.011481e-03
0: CopyToCPU PMPI Allreduce Time: 1.370840e-04
0: MPIL CopyToCPU Recursive Doubling Time: 1.514618e-04
0: MPIL CopyToCPU Node-Aware Dissemination Time: 2.457663e-04
0: MPIL CopyToCPU NUMA-Aware Dissemination Time: 1.494252e-04
0: MPIL CopyToCPU RADIX-3 Dissemination Time: 1.166274e-04
0: MPIL CopyToCPU RADIX-4 Dissemination Time: 1.005434e-04
0: MPIL CopyToCPU RADIX-5 Dissemination Time: 1.000887e-04
0: MPIL CopyToCPU RADIX-6 Dissemination Time: 9.980335e-05
0: MPIL CopyToCPU RADIX-7 Dissemination Time: 1.040579e-04
0: MPIL CopyToCPU RADIX-8 Dissemination Time: 1.045541e-04
0: MPIL CopyToCPU RADIX-9 Dissemination Time: 1.187980e-04
0: MPIL CopyToCPU RADIX-10 Dissemination Time: 1.201477e-04
0: MPIL CopyToCPU RADIX-11 Dissemination Time: 9.725150e-05
0: MPIL CopyToCPU RADIX-12 Dissemination Time: 9.288873e-05
0: MPIL CopyToCPU RADIX-13 Dissemination Time: 1.237141e-04
0: MPIL CopyToCPU RADIX-14 Dissemination Time: 1.258561e-04
0: Testing Size 4096
0: PMPI Allreduce Time: 1.589405e-04
0: MPIL GPU-Aware Recursive Doubling Time: 1.587130e-04
0: MPIL GPU-Aware Node-Aware Dissemination Time: 7.252231e-04
0: MPIL GPU-Aware NUMA-Aware Dissemination Time: 9.652230e-04
0: CopyToCPU PMPI Allreduce Time: 2.345416e-04
0: MPIL CopyToCPU Recursive Doubling Time: 2.772332e-04
0: MPIL CopyToCPU Node-Aware Dissemination Time: 4.354452e-04
0: MPIL CopyToCPU NUMA-Aware Dissemination Time: 2.789027e-04
0: MPIL CopyToCPU RADIX-3 Dissemination Time: 2.144037e-04
0: MPIL CopyToCPU RADIX-4 Dissemination Time: 1.789606e-04
0: MPIL CopyToCPU RADIX-5 Dissemination Time: 1.798514e-04
0: MPIL CopyToCPU RADIX-6 Dissemination Time: 1.758922e-04
0: MPIL CopyToCPU RADIX-7 Dissemination Time: 1.859023e-04
0: MPIL CopyToCPU RADIX-8 Dissemination Time: 1.862666e-04
0: MPIL CopyToCPU RADIX-9 Dissemination Time: 2.104374e-04
0: MPIL CopyToCPU RADIX-10 Dissemination Time: 2.168746e-04
0: MPIL CopyToCPU RADIX-11 Dissemination Time: 1.745339e-04
0: MPIL CopyToCPU RADIX-12 Dissemination Time: 1.602879e-04
0: MPIL CopyToCPU RADIX-13 Dissemination Time: 1.889819e-04
0: MPIL CopyToCPU RADIX-14 Dissemination Time: 1.934571e-04
0: Testing Size 8192
0: PMPI Allreduce Time: 1.621683e-04
0: MPIL GPU-Aware Recursive Doubling Time: 1.617068e-04
0: MPIL GPU-Aware Node-Aware Dissemination Time: 1.015504e-03
0: MPIL GPU-Aware NUMA-Aware Dissemination Time: 1.257096e-03
0: CopyToCPU PMPI Allreduce Time: 4.048753e-04
0: MPIL CopyToCPU Recursive Doubling Time: 5.001941e-04
0: MPIL CopyToCPU Node-Aware Dissemination Time: 7.703702e-04
0: MPIL CopyToCPU NUMA-Aware Dissemination Time: 4.915763e-04
0: MPIL CopyToCPU RADIX-3 Dissemination Time: 3.730857e-04
0: MPIL CopyToCPU RADIX-4 Dissemination Time: 3.131650e-04
0: MPIL CopyToCPU RADIX-5 Dissemination Time: 3.107660e-04
0: MPIL CopyToCPU RADIX-6 Dissemination Time: 3.122313e-04
0: MPIL CopyToCPU RADIX-7 Dissemination Time: 3.173221e-04
0: MPIL CopyToCPU RADIX-8 Dissemination Time: 3.306090e-04
0: MPIL CopyToCPU RADIX-9 Dissemination Time: 3.562374e-04
0: MPIL CopyToCPU RADIX-10 Dissemination Time: 3.661861e-04
0: MPIL CopyToCPU RADIX-11 Dissemination Time: 3.105772e-04
0: MPIL CopyToCPU RADIX-12 Dissemination Time: 2.661286e-04
0: MPIL CopyToCPU RADIX-13 Dissemination Time: 2.954552e-04
0: MPIL CopyToCPU RADIX-14 Dissemination Time: 3.040578e-04
0: Testing Size 16384
0: PMPI Allreduce Time: 1.732730e-04
0: MPIL GPU-Aware Recursive Doubling Time: 1.725315e-04
0: MPIL GPU-Aware Node-Aware Dissemination Time: 1.456835e-03
0: MPIL GPU-Aware NUMA-Aware Dissemination Time: 1.725281e-03
0: CopyToCPU PMPI Allreduce Time: 7.375332e-04
0: MPIL CopyToCPU Recursive Doubling Time: 8.677883e-04
0: MPIL CopyToCPU Node-Aware Dissemination Time: 1.442083e-03
0: MPIL CopyToCPU NUMA-Aware Dissemination Time: 9.306414e-04
0: MPIL CopyToCPU RADIX-3 Dissemination Time: 6.929057e-04
0: MPIL CopyToCPU RADIX-4 Dissemination Time: 5.662190e-04
0: MPIL CopyToCPU RADIX-5 Dissemination Time: 5.676879e-04
0: MPIL CopyToCPU RADIX-6 Dissemination Time: 5.641186e-04
0: MPIL CopyToCPU RADIX-7 Dissemination Time: 5.872444e-04
0: MPIL CopyToCPU RADIX-8 Dissemination Time: 6.030043e-04
0: MPIL CopyToCPU RADIX-9 Dissemination Time: 6.431698e-04
0: MPIL CopyToCPU RADIX-10 Dissemination Time: 6.622646e-04
0: MPIL CopyToCPU RADIX-11 Dissemination Time: 5.688518e-04
0: MPIL CopyToCPU RADIX-12 Dissemination Time: 4.870069e-04
0: MPIL CopyToCPU RADIX-13 Dissemination Time: 5.149579e-04
0: MPIL CopyToCPU RADIX-14 Dissemination Time: 5.317859e-04
0: Testing Size 32768
0: PMPI Allreduce Time: 2.008193e-04
0: MPIL GPU-Aware Recursive Doubling Time: 2.007697e-04
0: MPIL GPU-Aware Node-Aware Dissemination Time: 6.474908e-03
0: MPIL GPU-Aware NUMA-Aware Dissemination Time: 2.273404e-03
0: CopyToCPU PMPI Allreduce Time: 1.362477e-03
0: MPIL CopyToCPU Recursive Doubling Time: 1.655374e-03
0: MPIL CopyToCPU Node-Aware Dissemination Time: 2.448442e-03
0: MPIL CopyToCPU NUMA-Aware Dissemination Time: 1.746513e-03
0: MPIL CopyToCPU RADIX-3 Dissemination Time: 1.320465e-03
0: MPIL CopyToCPU RADIX-4 Dissemination Time: 1.086901e-03
0: MPIL CopyToCPU RADIX-5 Dissemination Time: 1.093337e-03
0: MPIL CopyToCPU RADIX-6 Dissemination Time: 1.098236e-03
0: MPIL CopyToCPU RADIX-7 Dissemination Time: 1.133479e-03
0: MPIL CopyToCPU RADIX-8 Dissemination Time: 1.158048e-03
0: MPIL CopyToCPU RADIX-9 Dissemination Time: 1.211739e-03
0: MPIL CopyToCPU RADIX-10 Dissemination Time: 1.263630e-03
0: MPIL CopyToCPU RADIX-11 Dissemination Time: 1.087408e-03
0: MPIL CopyToCPU RADIX-12 Dissemination Time: 9.359357e-04
0: MPIL CopyToCPU RADIX-13 Dissemination Time: 9.552478e-04
0: MPIL CopyToCPU RADIX-14 Dissemination Time: 9.848966e-04
0: Testing Size 65536
0: PMPI Allreduce Time: 2.411660e-04
0: MPIL GPU-Aware Recursive Doubling Time: 2.397673e-04
0: MPIL GPU-Aware Node-Aware Dissemination Time: 7.789589e-03
0: MPIL GPU-Aware NUMA-Aware Dissemination Time: 3.755729e-03
0: CopyToCPU PMPI Allreduce Time: 2.293993e-03
0: MPIL CopyToCPU Recursive Doubling Time: 3.280517e-03
0: MPIL CopyToCPU Node-Aware Dissemination Time: 4.955543e-03
0: MPIL CopyToCPU NUMA-Aware Dissemination Time: 3.532849e-03
0: MPIL CopyToCPU RADIX-3 Dissemination Time: 2.547061e-03
0: MPIL CopyToCPU RADIX-4 Dissemination Time: 2.109658e-03
0: MPIL CopyToCPU RADIX-5 Dissemination Time: 2.115189e-03
0: MPIL CopyToCPU RADIX-6 Dissemination Time: 2.123083e-03
0: MPIL CopyToCPU RADIX-7 Dissemination Time: 2.129733e-03
0: MPIL CopyToCPU RADIX-8 Dissemination Time: 2.265811e-03
0: MPIL CopyToCPU RADIX-9 Dissemination Time: 2.331159e-03
0: MPIL CopyToCPU RADIX-10 Dissemination Time: 2.459080e-03
0: MPIL CopyToCPU RADIX-11 Dissemination Time: 2.086928e-03
0: MPIL CopyToCPU RADIX-12 Dissemination Time: 1.784673e-03
0: MPIL CopyToCPU RADIX-13 Dissemination Time: 1.879286e-03
0: MPIL CopyToCPU RADIX-14 Dissemination Time: 1.940787e-03
0: Testing Size 131072
0: PMPI Allreduce Time: 3.146600e-04
0: MPIL GPU-Aware Recursive Doubling Time: 3.143454e-04
0: MPIL GPU-Aware Node-Aware Dissemination Time: 1.067958e-02
0: MPIL GPU-Aware NUMA-Aware Dissemination Time: 7.615784e-03
0: CopyToCPU PMPI Allreduce Time: 5.136268e-03
0: MPIL CopyToCPU Recursive Doubling Time: 4.513989e-03
0: MPIL CopyToCPU Node-Aware Dissemination Time: 9.733775e-03
0: MPIL CopyToCPU NUMA-Aware Dissemination Time: 6.591200e-03
0: MPIL CopyToCPU RADIX-3 Dissemination Time: 4.838355e-03
0: MPIL CopyToCPU RADIX-4 Dissemination Time: 4.014714e-03
0: MPIL CopyToCPU RADIX-5 Dissemination Time: 4.086921e-03
0: MPIL CopyToCPU RADIX-6 Dissemination Time: 4.266804e-03
0: MPIL CopyToCPU RADIX-7 Dissemination Time: 4.157539e-03
0: MPIL CopyToCPU RADIX-8 Dissemination Time: 4.055077e-03
0: MPIL CopyToCPU RADIX-9 Dissemination Time: 3.883469e-03
0: MPIL CopyToCPU RADIX-10 Dissemination Time: 4.029277e-03
0: MPIL CopyToCPU RADIX-11 Dissemination Time: 3.342230e-03
0: MPIL CopyToCPU RADIX-12 Dissemination Time: 3.405792e-03
0: MPIL CopyToCPU RADIX-13 Dissemination Time: 3.797848e-03
0: MPIL CopyToCPU RADIX-14 Dissemination Time: 3.778056e-03
0: Testing Size 262144
0: PMPI Allreduce Time: 4.426559e-04
0: MPIL GPU-Aware Recursive Doubling Time: 4.423004e-04
0: MPIL GPU-Aware Node-Aware Dissemination Time: 1.725129e-02
0: MPIL GPU-Aware NUMA-Aware Dissemination Time: 1.450091e-02
0: CopyToCPU PMPI Allreduce Time: 8.984834e-03
0: MPIL CopyToCPU Recursive Doubling Time: 7.360757e-03
0: MPIL CopyToCPU Node-Aware Dissemination Time: 1.975073e-02
0: MPIL CopyToCPU NUMA-Aware Dissemination Time: 1.276684e-02
0: MPIL CopyToCPU RADIX-3 Dissemination Time: 7.877380e-03
0: MPIL CopyToCPU RADIX-4 Dissemination Time: 8.131535e-03
0: MPIL CopyToCPU RADIX-5 Dissemination Time: 8.031986e-03
0: MPIL CopyToCPU RADIX-6 Dissemination Time: 8.098283e-03
0: MPIL CopyToCPU RADIX-7 Dissemination Time: 7.834095e-03
0: MPIL CopyToCPU RADIX-8 Dissemination Time: 7.568847e-03
0: MPIL CopyToCPU RADIX-9 Dissemination Time: 7.028589e-03
0: MPIL CopyToCPU RADIX-10 Dissemination Time: 7.032770e-03
0: MPIL CopyToCPU RADIX-11 Dissemination Time: 6.688124e-03
0: MPIL CopyToCPU RADIX-12 Dissemination Time: 6.763819e-03
0: MPIL CopyToCPU RADIX-13 Dissemination Time: 8.165295e-03
0: MPIL CopyToCPU RADIX-14 Dissemination Time: 8.306120e-03
0: Testing Size 524288
0: PMPI Allreduce Time: 7.137183e-04
0: MPIL GPU-Aware Recursive Doubling Time: 7.132922e-04
0: MPIL GPU-Aware Node-Aware Dissemination Time: 2.800697e-02
0: MPIL GPU-Aware NUMA-Aware Dissemination Time: 2.530467e-02
0: CopyToCPU PMPI Allreduce Time: 1.861700e-02
0: MPIL CopyToCPU Recursive Doubling Time: 1.632943e-02
0: MPIL CopyToCPU Node-Aware Dissemination Time: 3.790392e-02
0: MPIL CopyToCPU NUMA-Aware Dissemination Time: 2.518725e-02
0: MPIL CopyToCPU RADIX-3 Dissemination Time: 1.818170e-02
0: MPIL CopyToCPU RADIX-4 Dissemination Time: 1.636970e-02
0: MPIL CopyToCPU RADIX-5 Dissemination Time: 1.590575e-02
0: MPIL CopyToCPU RADIX-6 Dissemination Time: 1.619551e-02
0: MPIL CopyToCPU RADIX-7 Dissemination Time: 1.664896e-02
0: MPIL CopyToCPU RADIX-8 Dissemination Time: 2.246975e-02
0: MPIL CopyToCPU RADIX-9 Dissemination Time: 2.628153e-02
0: MPIL CopyToCPU RADIX-10 Dissemination Time: 2.663405e-02
0: MPIL CopyToCPU RADIX-11 Dissemination Time: 2.326815e-02
0: MPIL CopyToCPU RADIX-12 Dissemination Time: 2.430100e-02
0: MPIL CopyToCPU RADIX-13 Dissemination Time: 2.834460e-02
0: MPIL CopyToCPU RADIX-14 Dissemination Time: 2.876155e-02
0: 
0: MPICH Slingshot Network Summary: 24 network timeouts
0: 
