0: Testing Size 1
0: PMPI Allreduce Time: 2.543677e-05
0: MPIL GPU-Aware Recursive Doubling Time: 2.514285e-05
0: MPIL GPU-Aware Node-Aware Dissemination Time: 1.086704e-04
0: MPIL GPU-Aware NUMA-Aware Dissemination Time: 2.098674e-04
0: CopyToCPU PMPI Allreduce Time: 2.586683e-05
0: MPIL CopyToCPU Recursive Doubling Time: 2.823162e-05
0: MPIL CopyToCPU Node-Aware Dissemination Time: 2.972572e-05
0: MPIL CopyToCPU NUMA-Aware Dissemination Time: 1.946960e-05
0: MPIL CopyToCPU RADIX-3 Dissemination Time: 2.873395e-05
0: MPIL CopyToCPU RADIX-4 Dissemination Time: 2.301600e-05
0: MPIL CopyToCPU RADIX-5 Dissemination Time: 2.716068e-05
0: MPIL CopyToCPU RADIX-6 Dissemination Time: 2.870372e-05
0: MPIL CopyToCPU RADIX-7 Dissemination Time: 3.035621e-05
0: MPIL CopyToCPU RADIX-8 Dissemination Time: 2.754121e-05
0: MPIL CopyToCPU RADIX-9 Dissemination Time: 3.377266e-05
0: MPIL CopyToCPU RADIX-10 Dissemination Time: 3.348976e-05
0: MPIL CopyToCPU RADIX-11 Dissemination Time: 3.482571e-05
0: MPIL CopyToCPU RADIX-12 Dissemination Time: 3.612486e-05
0: MPIL CopyToCPU RADIX-13 Dissemination Time: 3.873935e-05
0: MPIL CopyToCPU RADIX-14 Dissemination Time: 3.836203e-05
0: Testing Size 2
0: PMPI Allreduce Time: 2.539582e-05
0: MPIL GPU-Aware Recursive Doubling Time: 2.539005e-05
0: MPIL GPU-Aware Node-Aware Dissemination Time: 1.031141e-04
0: MPIL GPU-Aware NUMA-Aware Dissemination Time: 2.113180e-04
0: CopyToCPU PMPI Allreduce Time: 2.592696e-05
0: MPIL CopyToCPU Recursive Doubling Time: 2.637801e-05
0: MPIL CopyToCPU Node-Aware Dissemination Time: 2.985454e-05
0: MPIL CopyToCPU NUMA-Aware Dissemination Time: 1.928388e-05
0: MPIL CopyToCPU RADIX-3 Dissemination Time: 2.940218e-05
0: MPIL CopyToCPU RADIX-4 Dissemination Time: 2.373420e-05
0: MPIL CopyToCPU RADIX-5 Dissemination Time: 2.789690e-05
0: MPIL CopyToCPU RADIX-6 Dissemination Time: 2.945076e-05
0: MPIL CopyToCPU RADIX-7 Dissemination Time: 3.068276e-05
0: MPIL CopyToCPU RADIX-8 Dissemination Time: 2.869256e-05
0: MPIL CopyToCPU RADIX-9 Dissemination Time: 3.420922e-05
0: MPIL CopyToCPU RADIX-10 Dissemination Time: 3.262644e-05
0: MPIL CopyToCPU RADIX-11 Dissemination Time: 3.431781e-05
0: MPIL CopyToCPU RADIX-12 Dissemination Time: 3.591531e-05
0: MPIL CopyToCPU RADIX-13 Dissemination Time: 3.773500e-05
0: MPIL CopyToCPU RADIX-14 Dissemination Time: 3.731438e-05
0: Testing Size 4
0: PMPI Allreduce Time: 2.581570e-05
0: MPIL GPU-Aware Recursive Doubling Time: 2.570137e-05
0: MPIL GPU-Aware Node-Aware Dissemination Time: 1.025798e-04
0: MPIL GPU-Aware NUMA-Aware Dissemination Time: 2.100886e-04
0: CopyToCPU PMPI Allreduce Time: 2.618600e-05
0: MPIL CopyToCPU Recursive Doubling Time: 2.658167e-05
0: MPIL CopyToCPU Node-Aware Dissemination Time: 2.960966e-05
0: MPIL CopyToCPU NUMA-Aware Dissemination Time: 1.933443e-05
0: MPIL CopyToCPU RADIX-3 Dissemination Time: 2.896589e-05
0: MPIL CopyToCPU RADIX-4 Dissemination Time: 2.344771e-05
0: MPIL CopyToCPU RADIX-5 Dissemination Time: 2.740834e-05
0: MPIL CopyToCPU RADIX-6 Dissemination Time: 2.956092e-05
0: MPIL CopyToCPU RADIX-7 Dissemination Time: 3.047946e-05
0: MPIL CopyToCPU RADIX-8 Dissemination Time: 2.784221e-05
0: MPIL CopyToCPU RADIX-9 Dissemination Time: 3.326431e-05
0: MPIL CopyToCPU RADIX-10 Dissemination Time: 3.257437e-05
0: MPIL CopyToCPU RADIX-11 Dissemination Time: 3.411215e-05
0: MPIL CopyToCPU RADIX-12 Dissemination Time: 3.561875e-05
0: MPIL CopyToCPU RADIX-13 Dissemination Time: 3.733252e-05
0: MPIL CopyToCPU RADIX-14 Dissemination Time: 3.757974e-05
0: Testing Size 8
0: PMPI Allreduce Time: 2.578377e-05
0: MPIL GPU-Aware Recursive Doubling Time: 2.581336e-05
0: MPIL GPU-Aware Node-Aware Dissemination Time: 1.029232e-04
0: MPIL GPU-Aware NUMA-Aware Dissemination Time: 2.127681e-04
0: CopyToCPU PMPI Allreduce Time: 2.589006e-05
0: MPIL CopyToCPU Recursive Doubling Time: 2.823184e-05
0: MPIL CopyToCPU Node-Aware Dissemination Time: 2.969156e-05
0: MPIL CopyToCPU NUMA-Aware Dissemination Time: 1.947110e-05
0: MPIL CopyToCPU RADIX-3 Dissemination Time: 2.987629e-05
0: MPIL CopyToCPU RADIX-4 Dissemination Time: 2.463523e-05
0: MPIL CopyToCPU RADIX-5 Dissemination Time: 2.833992e-05
0: MPIL CopyToCPU RADIX-6 Dissemination Time: 3.006654e-05
0: MPIL CopyToCPU RADIX-7 Dissemination Time: 3.206762e-05
0: MPIL CopyToCPU RADIX-8 Dissemination Time: 2.911492e-05
0: MPIL CopyToCPU RADIX-9 Dissemination Time: 3.517425e-05
0: MPIL CopyToCPU RADIX-10 Dissemination Time: 3.450214e-05
0: MPIL CopyToCPU RADIX-11 Dissemination Time: 3.671087e-05
0: MPIL CopyToCPU RADIX-12 Dissemination Time: 3.797032e-05
0: MPIL CopyToCPU RADIX-13 Dissemination Time: 3.994084e-05
0: MPIL CopyToCPU RADIX-14 Dissemination Time: 3.951742e-05
0: Testing Size 16
0: PMPI Allreduce Time: 2.749251e-05
0: MPIL GPU-Aware Recursive Doubling Time: 2.750210e-05
0: MPIL GPU-Aware Node-Aware Dissemination Time: 1.069277e-04
0: MPIL GPU-Aware NUMA-Aware Dissemination Time: 2.106510e-04
0: CopyToCPU PMPI Allreduce Time: 2.731573e-05
0: MPIL CopyToCPU Recursive Doubling Time: 3.027769e-05
0: MPIL CopyToCPU Node-Aware Dissemination Time: 3.101071e-05
0: MPIL CopyToCPU NUMA-Aware Dissemination Time: 2.074689e-05
0: MPIL CopyToCPU RADIX-3 Dissemination Time: 3.227479e-05
0: MPIL CopyToCPU RADIX-4 Dissemination Time: 2.593344e-05
0: MPIL CopyToCPU RADIX-5 Dissemination Time: 3.025756e-05
0: MPIL CopyToCPU RADIX-6 Dissemination Time: 3.215973e-05
0: MPIL CopyToCPU RADIX-7 Dissemination Time: 3.406973e-05
0: MPIL CopyToCPU RADIX-8 Dissemination Time: 3.099398e-05
0: MPIL CopyToCPU RADIX-9 Dissemination Time: 3.760246e-05
0: MPIL CopyToCPU RADIX-10 Dissemination Time: 3.693992e-05
0: MPIL CopyToCPU RADIX-11 Dissemination Time: 3.859807e-05
0: MPIL CopyToCPU RADIX-12 Dissemination Time: 3.987999e-05
0: MPIL CopyToCPU RADIX-13 Dissemination Time: 4.133944e-05
0: MPIL CopyToCPU RADIX-14 Dissemination Time: 4.181928e-05
0: Testing Size 32
0: PMPI Allreduce Time: 4.522344e-05
0: MPIL GPU-Aware Recursive Doubling Time: 4.505680e-05
0: MPIL GPU-Aware Node-Aware Dissemination Time: 1.117665e-04
0: MPIL GPU-Aware NUMA-Aware Dissemination Time: 2.095674e-04
0: CopyToCPU PMPI Allreduce Time: 3.606884e-05
0: MPIL CopyToCPU Recursive Doubling Time: 4.647955e-05
0: MPIL CopyToCPU Node-Aware Dissemination Time: 3.614833e-05
0: MPIL CopyToCPU NUMA-Aware Dissemination Time: 2.820082e-05
0: MPIL CopyToCPU RADIX-3 Dissemination Time: 4.540149e-05
0: MPIL CopyToCPU RADIX-4 Dissemination Time: 3.359493e-05
0: MPIL CopyToCPU RADIX-5 Dissemination Time: 3.824688e-05
0: MPIL CopyToCPU RADIX-6 Dissemination Time: 4.039670e-05
0: MPIL CopyToCPU RADIX-7 Dissemination Time: 4.188482e-05
0: MPIL CopyToCPU RADIX-8 Dissemination Time: 3.706622e-05
0: MPIL CopyToCPU RADIX-9 Dissemination Time: 4.654857e-05
0: MPIL CopyToCPU RADIX-10 Dissemination Time: 4.288141e-05
0: MPIL CopyToCPU RADIX-11 Dissemination Time: 4.417502e-05
0: MPIL CopyToCPU RADIX-12 Dissemination Time: 4.489426e-05
0: MPIL CopyToCPU RADIX-13 Dissemination Time: 4.732564e-05
0: MPIL CopyToCPU RADIX-14 Dissemination Time: 4.750115e-05
0: Testing Size 64
0: PMPI Allreduce Time: 4.550645e-05
0: MPIL GPU-Aware Recursive Doubling Time: 4.548495e-05
0: MPIL GPU-Aware Node-Aware Dissemination Time: 1.337878e-04
0: MPIL GPU-Aware NUMA-Aware Dissemination Time: 2.096404e-04
0: CopyToCPU PMPI Allreduce Time: 4.500025e-05
0: MPIL CopyToCPU Recursive Doubling Time: 4.696975e-05
0: MPIL CopyToCPU Node-Aware Dissemination Time: 3.875953e-05
0: MPIL CopyToCPU NUMA-Aware Dissemination Time: 3.434531e-05
0: MPIL CopyToCPU RADIX-3 Dissemination Time: 4.619777e-05
0: MPIL CopyToCPU RADIX-4 Dissemination Time: 3.422131e-05
0: MPIL CopyToCPU RADIX-5 Dissemination Time: 3.901564e-05
0: MPIL CopyToCPU RADIX-6 Dissemination Time: 4.098506e-05
0: MPIL CopyToCPU RADIX-7 Dissemination Time: 4.253620e-05
0: MPIL CopyToCPU RADIX-8 Dissemination Time: 3.747267e-05
0: MPIL CopyToCPU RADIX-9 Dissemination Time: 4.730067e-05
0: MPIL CopyToCPU RADIX-10 Dissemination Time: 4.352266e-05
0: MPIL CopyToCPU RADIX-11 Dissemination Time: 4.521379e-05
0: MPIL CopyToCPU RADIX-12 Dissemination Time: 4.574457e-05
0: MPIL CopyToCPU RADIX-13 Dissemination Time: 4.821004e-05
0: MPIL CopyToCPU RADIX-14 Dissemination Time: 4.852004e-05
0: Testing Size 128
0: PMPI Allreduce Time: 5.840302e-05
0: MPIL GPU-Aware Recursive Doubling Time: 5.838364e-05
0: MPIL GPU-Aware Node-Aware Dissemination Time: 1.469199e-04
0: MPIL GPU-Aware NUMA-Aware Dissemination Time: 1.829908e-04
0: CopyToCPU PMPI Allreduce Time: 5.773059e-05
0: MPIL CopyToCPU Recursive Doubling Time: 5.866669e-05
0: MPIL CopyToCPU Node-Aware Dissemination Time: 7.944764e-05
0: MPIL CopyToCPU NUMA-Aware Dissemination Time: 5.434555e-05
0: MPIL CopyToCPU RADIX-3 Dissemination Time: 5.283677e-05
0: MPIL CopyToCPU RADIX-4 Dissemination Time: 4.546115e-05
0: MPIL CopyToCPU RADIX-5 Dissemination Time: 5.088164e-05
0: MPIL CopyToCPU RADIX-6 Dissemination Time: 5.302847e-05
0: MPIL CopyToCPU RADIX-7 Dissemination Time: 5.568879e-05
0: MPIL CopyToCPU RADIX-8 Dissemination Time: 5.205400e-05
0: MPIL CopyToCPU RADIX-9 Dissemination Time: 5.857260e-05
0: MPIL CopyToCPU RADIX-10 Dissemination Time: 5.547571e-05
0: MPIL CopyToCPU RADIX-11 Dissemination Time: 5.779193e-05
0: MPIL CopyToCPU RADIX-12 Dissemination Time: 5.675208e-05
0: MPIL CopyToCPU RADIX-13 Dissemination Time: 5.889396e-05
0: MPIL CopyToCPU RADIX-14 Dissemination Time: 5.926841e-05
0: Testing Size 256
0: PMPI Allreduce Time: 6.795812e-05
0: MPIL GPU-Aware Recursive Doubling Time: 6.800456e-05
0: MPIL GPU-Aware Node-Aware Dissemination Time: 1.545050e-04
0: MPIL GPU-Aware NUMA-Aware Dissemination Time: 1.700297e-04
0: CopyToCPU PMPI Allreduce Time: 7.427188e-05
0: MPIL CopyToCPU Recursive Doubling Time: 7.345154e-05
0: MPIL CopyToCPU Node-Aware Dissemination Time: 1.127183e-04
0: MPIL CopyToCPU NUMA-Aware Dissemination Time: 7.016678e-05
0: MPIL CopyToCPU RADIX-3 Dissemination Time: 5.807798e-05
0: MPIL CopyToCPU RADIX-4 Dissemination Time: 5.091351e-05
0: MPIL CopyToCPU RADIX-5 Dissemination Time: 5.746550e-05
0: MPIL CopyToCPU RADIX-6 Dissemination Time: 5.872845e-05
0: MPIL CopyToCPU RADIX-7 Dissemination Time: 6.334697e-05
0: MPIL CopyToCPU RADIX-8 Dissemination Time: 6.396248e-05
0: MPIL CopyToCPU RADIX-9 Dissemination Time: 7.696637e-05
0: MPIL CopyToCPU RADIX-10 Dissemination Time: 6.182481e-05
0: MPIL CopyToCPU RADIX-11 Dissemination Time: 7.486095e-05
0: MPIL CopyToCPU RADIX-12 Dissemination Time: 6.937772e-05
0: MPIL CopyToCPU RADIX-13 Dissemination Time: 7.320488e-05
0: MPIL CopyToCPU RADIX-14 Dissemination Time: 6.968169e-05
0: Testing Size 512
0: PMPI Allreduce Time: 8.427800e-05
0: MPIL GPU-Aware Recursive Doubling Time: 8.424058e-05
0: MPIL GPU-Aware Node-Aware Dissemination Time: 1.644529e-04
0: MPIL GPU-Aware NUMA-Aware Dissemination Time: 1.792419e-04
0: CopyToCPU PMPI Allreduce Time: 8.462474e-05
0: MPIL CopyToCPU Recursive Doubling Time: 8.081366e-05
0: MPIL CopyToCPU Node-Aware Dissemination Time: 1.378840e-04
0: MPIL CopyToCPU NUMA-Aware Dissemination Time: 8.651883e-05
0: MPIL CopyToCPU RADIX-3 Dissemination Time: 7.227859e-05
0: MPIL CopyToCPU RADIX-4 Dissemination Time: 5.950914e-05
0: MPIL CopyToCPU RADIX-5 Dissemination Time: 6.655028e-05
0: MPIL CopyToCPU RADIX-6 Dissemination Time: 7.040911e-05
0: MPIL CopyToCPU RADIX-7 Dissemination Time: 7.478776e-05
0: MPIL CopyToCPU RADIX-8 Dissemination Time: 6.981881e-05
0: MPIL CopyToCPU RADIX-9 Dissemination Time: 7.555884e-05
0: MPIL CopyToCPU RADIX-10 Dissemination Time: 7.073327e-05
0: MPIL CopyToCPU RADIX-11 Dissemination Time: 7.229531e-05
0: MPIL CopyToCPU RADIX-12 Dissemination Time: 7.447216e-05
0: MPIL CopyToCPU RADIX-13 Dissemination Time: 7.723884e-05
0: MPIL CopyToCPU RADIX-14 Dissemination Time: 8.062213e-05
0: Testing Size 1024
0: PMPI Allreduce Time: 2.073063e-04
0: MPIL GPU-Aware Recursive Doubling Time: 2.085676e-04
0: MPIL GPU-Aware Node-Aware Dissemination Time: 5.492578e-04
0: MPIL GPU-Aware NUMA-Aware Dissemination Time: 7.322401e-04
0: CopyToCPU PMPI Allreduce Time: 1.219951e-04
0: MPIL CopyToCPU Recursive Doubling Time: 1.167842e-04
0: MPIL CopyToCPU Node-Aware Dissemination Time: 2.026550e-04
0: MPIL CopyToCPU NUMA-Aware Dissemination Time: 1.303418e-04
0: MPIL CopyToCPU RADIX-3 Dissemination Time: 9.361299e-05
0: MPIL CopyToCPU RADIX-4 Dissemination Time: 7.846764e-05
0: MPIL CopyToCPU RADIX-5 Dissemination Time: 9.025145e-05
0: MPIL CopyToCPU RADIX-6 Dissemination Time: 9.292643e-05
0: MPIL CopyToCPU RADIX-7 Dissemination Time: 9.425428e-05
0: MPIL CopyToCPU RADIX-8 Dissemination Time: 9.332547e-05
0: MPIL CopyToCPU RADIX-9 Dissemination Time: 9.848800e-05
0: MPIL CopyToCPU RADIX-10 Dissemination Time: 9.462392e-05
0: MPIL CopyToCPU RADIX-11 Dissemination Time: 9.719044e-05
0: MPIL CopyToCPU RADIX-12 Dissemination Time: 9.410885e-05
0: MPIL CopyToCPU RADIX-13 Dissemination Time: 9.701870e-05
0: MPIL CopyToCPU RADIX-14 Dissemination Time: 1.000035e-04
0: Testing Size 2048
0: PMPI Allreduce Time: 2.334035e-04
0: MPIL GPU-Aware Recursive Doubling Time: 2.303748e-04
0: MPIL GPU-Aware Node-Aware Dissemination Time: 8.907097e-04
0: MPIL GPU-Aware NUMA-Aware Dissemination Time: 1.345035e-03
0: CopyToCPU PMPI Allreduce Time: 1.754654e-04
0: MPIL CopyToCPU Recursive Doubling Time: 1.918217e-04
0: MPIL CopyToCPU Node-Aware Dissemination Time: 2.641922e-04
0: MPIL CopyToCPU NUMA-Aware Dissemination Time: 2.039703e-04
0: MPIL CopyToCPU RADIX-3 Dissemination Time: 1.479011e-04
0: MPIL CopyToCPU RADIX-4 Dissemination Time: 1.195944e-04
0: MPIL CopyToCPU RADIX-5 Dissemination Time: 1.254211e-04
0: MPIL CopyToCPU RADIX-6 Dissemination Time: 1.286064e-04
0: MPIL CopyToCPU RADIX-7 Dissemination Time: 1.334195e-04
0: MPIL CopyToCPU RADIX-8 Dissemination Time: 1.367839e-04
0: MPIL CopyToCPU RADIX-9 Dissemination Time: 1.411232e-04
0: MPIL CopyToCPU RADIX-10 Dissemination Time: 1.424898e-04
0: MPIL CopyToCPU RADIX-11 Dissemination Time: 1.418945e-04
0: MPIL CopyToCPU RADIX-12 Dissemination Time: 1.341161e-04
0: MPIL CopyToCPU RADIX-13 Dissemination Time: 1.400209e-04
0: MPIL CopyToCPU RADIX-14 Dissemination Time: 1.439156e-04
0: Testing Size 4096
0: PMPI Allreduce Time: 2.427681e-04
0: MPIL GPU-Aware Recursive Doubling Time: 2.417027e-04
0: MPIL GPU-Aware Node-Aware Dissemination Time: 1.232903e-03
0: MPIL GPU-Aware NUMA-Aware Dissemination Time: 1.802985e-03
0: CopyToCPU PMPI Allreduce Time: 2.739830e-04
0: MPIL CopyToCPU Recursive Doubling Time: 3.323469e-04
0: MPIL CopyToCPU Node-Aware Dissemination Time: 4.670961e-04
0: MPIL CopyToCPU NUMA-Aware Dissemination Time: 3.388856e-04
0: MPIL CopyToCPU RADIX-3 Dissemination Time: 2.617389e-04
0: MPIL CopyToCPU RADIX-4 Dissemination Time: 2.038071e-04
0: MPIL CopyToCPU RADIX-5 Dissemination Time: 2.280963e-04
0: MPIL CopyToCPU RADIX-6 Dissemination Time: 2.384769e-04
0: MPIL CopyToCPU RADIX-7 Dissemination Time: 2.402708e-04
0: MPIL CopyToCPU RADIX-8 Dissemination Time: 2.446405e-04
0: MPIL CopyToCPU RADIX-9 Dissemination Time: 2.606480e-04
0: MPIL CopyToCPU RADIX-10 Dissemination Time: 2.573183e-04
0: MPIL CopyToCPU RADIX-11 Dissemination Time: 2.658318e-04
0: MPIL CopyToCPU RADIX-12 Dissemination Time: 2.518662e-04
0: MPIL CopyToCPU RADIX-13 Dissemination Time: 2.637329e-04
0: MPIL CopyToCPU RADIX-14 Dissemination Time: 2.700573e-04
0: Testing Size 8192
0: PMPI Allreduce Time: 2.417071e-04
0: MPIL GPU-Aware Recursive Doubling Time: 2.408836e-04
0: MPIL GPU-Aware Node-Aware Dissemination Time: 1.614905e-03
0: MPIL GPU-Aware NUMA-Aware Dissemination Time: 2.587329e-03
0: CopyToCPU PMPI Allreduce Time: 4.532863e-04
0: MPIL CopyToCPU Recursive Doubling Time: 5.572668e-04
0: MPIL CopyToCPU Node-Aware Dissemination Time: 8.129343e-04
0: MPIL CopyToCPU NUMA-Aware Dissemination Time: 5.878993e-04
0: MPIL CopyToCPU RADIX-3 Dissemination Time: 4.402606e-04
0: MPIL CopyToCPU RADIX-4 Dissemination Time: 3.563873e-04
0: MPIL CopyToCPU RADIX-5 Dissemination Time: 3.907336e-04
0: MPIL CopyToCPU RADIX-6 Dissemination Time: 4.004358e-04
0: MPIL CopyToCPU RADIX-7 Dissemination Time: 4.106062e-04
0: MPIL CopyToCPU RADIX-8 Dissemination Time: 4.287630e-04
0: MPIL CopyToCPU RADIX-9 Dissemination Time: 4.503624e-04
0: MPIL CopyToCPU RADIX-10 Dissemination Time: 4.511451e-04
0: MPIL CopyToCPU RADIX-11 Dissemination Time: 4.649675e-04
0: MPIL CopyToCPU RADIX-12 Dissemination Time: 4.337385e-04
0: MPIL CopyToCPU RADIX-13 Dissemination Time: 4.597751e-04
0: MPIL CopyToCPU RADIX-14 Dissemination Time: 4.687918e-04
0: Testing Size 16384
0: PMPI Allreduce Time: 2.522126e-04
0: MPIL GPU-Aware Recursive Doubling Time: 2.515993e-04
0: MPIL GPU-Aware Node-Aware Dissemination Time: 1.924664e-03
0: MPIL GPU-Aware NUMA-Aware Dissemination Time: 2.939687e-03
0: CopyToCPU PMPI Allreduce Time: 8.057448e-04
0: MPIL CopyToCPU Recursive Doubling Time: 9.961050e-04
0: MPIL CopyToCPU Node-Aware Dissemination Time: 1.496080e-03
0: MPIL CopyToCPU NUMA-Aware Dissemination Time: 1.069572e-03
0: MPIL CopyToCPU RADIX-3 Dissemination Time: 8.052871e-04
0: MPIL CopyToCPU RADIX-4 Dissemination Time: 6.464436e-04
0: MPIL CopyToCPU RADIX-5 Dissemination Time: 7.131815e-04
0: MPIL CopyToCPU RADIX-6 Dissemination Time: 7.158190e-04
0: MPIL CopyToCPU RADIX-7 Dissemination Time: 7.437513e-04
0: MPIL CopyToCPU RADIX-8 Dissemination Time: 7.872049e-04
0: MPIL CopyToCPU RADIX-9 Dissemination Time: 8.211647e-04
0: MPIL CopyToCPU RADIX-10 Dissemination Time: 8.569112e-04
0: MPIL CopyToCPU RADIX-11 Dissemination Time: 8.816401e-04
0: MPIL CopyToCPU RADIX-12 Dissemination Time: 8.232079e-04
0: MPIL CopyToCPU RADIX-13 Dissemination Time: 8.761184e-04
0: MPIL CopyToCPU RADIX-14 Dissemination Time: 9.134688e-04
0: Testing Size 32768
0: PMPI Allreduce Time: 2.741053e-04
0: MPIL GPU-Aware Recursive Doubling Time: 2.736829e-04
0: MPIL GPU-Aware Node-Aware Dissemination Time: 8.509584e-03
0: MPIL GPU-Aware NUMA-Aware Dissemination Time: 3.182993e-03
0: CopyToCPU PMPI Allreduce Time: 1.454955e-03
0: MPIL CopyToCPU Recursive Doubling Time: 1.794223e-03
0: MPIL CopyToCPU Node-Aware Dissemination Time: 2.817280e-03
0: MPIL CopyToCPU NUMA-Aware Dissemination Time: 1.973067e-03
0: MPIL CopyToCPU RADIX-3 Dissemination Time: 1.529051e-03
0: MPIL CopyToCPU RADIX-4 Dissemination Time: 1.217991e-03
0: MPIL CopyToCPU RADIX-5 Dissemination Time: 1.355225e-03
0: MPIL CopyToCPU RADIX-6 Dissemination Time: 1.381071e-03
0: MPIL CopyToCPU RADIX-7 Dissemination Time: 1.427646e-03
0: MPIL CopyToCPU RADIX-8 Dissemination Time: 1.464998e-03
0: MPIL CopyToCPU RADIX-9 Dissemination Time: 1.524758e-03
0: MPIL CopyToCPU RADIX-10 Dissemination Time: 1.647479e-03
0: MPIL CopyToCPU RADIX-11 Dissemination Time: 1.692951e-03
0: MPIL CopyToCPU RADIX-12 Dissemination Time: 1.652729e-03
0: MPIL CopyToCPU RADIX-13 Dissemination Time: 1.731327e-03
0: MPIL CopyToCPU RADIX-14 Dissemination Time: 1.794971e-03
0: Testing Size 65536
0: PMPI Allreduce Time: 3.179342e-04
0: MPIL GPU-Aware Recursive Doubling Time: 3.172917e-04
0: MPIL GPU-Aware Node-Aware Dissemination Time: 1.025875e-02
0: MPIL GPU-Aware NUMA-Aware Dissemination Time: 5.345092e-03
0: CopyToCPU PMPI Allreduce Time: 2.506160e-03
0: MPIL CopyToCPU Recursive Doubling Time: 3.343022e-03
0: MPIL CopyToCPU Node-Aware Dissemination Time: 4.972592e-03
0: MPIL CopyToCPU NUMA-Aware Dissemination Time: 3.903436e-03
0: MPIL CopyToCPU RADIX-3 Dissemination Time: 2.935731e-03
0: MPIL CopyToCPU RADIX-4 Dissemination Time: 2.384354e-03
0: MPIL CopyToCPU RADIX-5 Dissemination Time: 2.638356e-03
0: MPIL CopyToCPU RADIX-6 Dissemination Time: 2.686522e-03
0: MPIL CopyToCPU RADIX-7 Dissemination Time: 2.741997e-03
0: MPIL CopyToCPU RADIX-8 Dissemination Time: 2.779991e-03
0: MPIL CopyToCPU RADIX-9 Dissemination Time: 2.761538e-03
0: MPIL CopyToCPU RADIX-10 Dissemination Time: 3.077359e-03
0: MPIL CopyToCPU RADIX-11 Dissemination Time: 3.198606e-03
0: MPIL CopyToCPU RADIX-12 Dissemination Time: 3.218356e-03
0: MPIL CopyToCPU RADIX-13 Dissemination Time: 3.315180e-03
0: MPIL CopyToCPU RADIX-14 Dissemination Time: 3.453698e-03
0: Testing Size 131072
0: PMPI Allreduce Time: 3.957612e-04
0: MPIL GPU-Aware Recursive Doubling Time: 3.955628e-04
0: MPIL GPU-Aware Node-Aware Dissemination Time: 1.454429e-02
0: MPIL GPU-Aware NUMA-Aware Dissemination Time: 1.176865e-02
0: CopyToCPU PMPI Allreduce Time: 5.208374e-03
0: MPIL CopyToCPU Recursive Doubling Time: 5.513681e-03
0: MPIL CopyToCPU Node-Aware Dissemination Time: 9.669589e-03
0: MPIL CopyToCPU NUMA-Aware Dissemination Time: 7.353977e-03
0: MPIL CopyToCPU RADIX-3 Dissemination Time: 5.656480e-03
0: MPIL CopyToCPU RADIX-4 Dissemination Time: 4.676874e-03
0: MPIL CopyToCPU RADIX-5 Dissemination Time: 5.041223e-03
0: MPIL CopyToCPU RADIX-6 Dissemination Time: 5.330614e-03
0: MPIL CopyToCPU RADIX-7 Dissemination Time: 5.236225e-03
0: MPIL CopyToCPU RADIX-8 Dissemination Time: 5.340690e-03
0: MPIL CopyToCPU RADIX-9 Dissemination Time: 5.342836e-03
0: MPIL CopyToCPU RADIX-10 Dissemination Time: 5.441460e-03
0: MPIL CopyToCPU RADIX-11 Dissemination Time: 5.747648e-03
0: MPIL CopyToCPU RADIX-12 Dissemination Time: 6.110917e-03
0: MPIL CopyToCPU RADIX-13 Dissemination Time: 6.209134e-03
0: MPIL CopyToCPU RADIX-14 Dissemination Time: 6.505978e-03
0: Testing Size 262144
0: PMPI Allreduce Time: 5.527715e-04
0: MPIL GPU-Aware Recursive Doubling Time: 5.523758e-04
0: MPIL GPU-Aware Node-Aware Dissemination Time: 2.351464e-02
0: MPIL GPU-Aware NUMA-Aware Dissemination Time: 2.329791e-02
0: CopyToCPU PMPI Allreduce Time: 9.473561e-03
0: MPIL CopyToCPU Recursive Doubling Time: 1.254761e-02
0: MPIL CopyToCPU Node-Aware Dissemination Time: 1.838401e-02
0: MPIL CopyToCPU NUMA-Aware Dissemination Time: 1.430704e-02
0: MPIL CopyToCPU RADIX-3 Dissemination Time: 1.142742e-02
0: MPIL CopyToCPU RADIX-4 Dissemination Time: 9.202284e-03
0: MPIL CopyToCPU RADIX-5 Dissemination Time: 9.845150e-03
0: MPIL CopyToCPU RADIX-6 Dissemination Time: 1.010843e-02
0: MPIL CopyToCPU RADIX-7 Dissemination Time: 9.935816e-03
0: MPIL CopyToCPU RADIX-8 Dissemination Time: 1.019466e-02
0: MPIL CopyToCPU RADIX-9 Dissemination Time: 9.942869e-03
0: MPIL CopyToCPU RADIX-10 Dissemination Time: 1.179894e-02
0: MPIL CopyToCPU RADIX-11 Dissemination Time: 1.197676e-02
0: MPIL CopyToCPU RADIX-12 Dissemination Time: 1.227418e-02
0: MPIL CopyToCPU RADIX-13 Dissemination Time: 1.276483e-02
0: MPIL CopyToCPU RADIX-14 Dissemination Time: 1.315779e-02
0: Testing Size 524288
0: PMPI Allreduce Time: 8.648857e-04
0: MPIL GPU-Aware Recursive Doubling Time: 8.643105e-04
0: MPIL GPU-Aware Node-Aware Dissemination Time: 3.936613e-02
0: MPIL GPU-Aware NUMA-Aware Dissemination Time: 4.199635e-02
0: CopyToCPU PMPI Allreduce Time: 2.058518e-02
0: MPIL CopyToCPU Recursive Doubling Time: 2.170381e-02
0: MPIL CopyToCPU Node-Aware Dissemination Time: 3.629807e-02
0: MPIL CopyToCPU NUMA-Aware Dissemination Time: 2.788036e-02
0: MPIL CopyToCPU RADIX-3 Dissemination Time: 2.271699e-02
0: MPIL CopyToCPU RADIX-4 Dissemination Time: 1.807313e-02
0: MPIL CopyToCPU RADIX-5 Dissemination Time: 1.842055e-02
0: MPIL CopyToCPU RADIX-6 Dissemination Time: 1.816874e-02
0: MPIL CopyToCPU RADIX-7 Dissemination Time: 1.729630e-02
0: MPIL CopyToCPU RADIX-8 Dissemination Time: 2.442449e-02
0: MPIL CopyToCPU RADIX-9 Dissemination Time: 2.642503e-02
0: MPIL CopyToCPU RADIX-10 Dissemination Time: 2.853619e-02
0: MPIL CopyToCPU RADIX-11 Dissemination Time: 2.974383e-02
0: MPIL CopyToCPU RADIX-12 Dissemination Time: 3.216453e-02
0: MPIL CopyToCPU RADIX-13 Dissemination Time: 3.337325e-02
0: MPIL CopyToCPU RADIX-14 Dissemination Time: 3.494512e-02
