0: Testing Size 1
0: PMPI Allreduce Time: 2.917449e-05
0: MPIL GPU-Aware Recursive Doubling Time: 2.903963e-05
0: MPIL GPU-Aware Node-Aware Dissemination Time: 1.657397e-04
0: MPIL GPU-Aware NUMA-Aware Dissemination Time: 2.854018e-04
0: CopyToCPU PMPI Allreduce Time: 2.945663e-05
0: MPIL CopyToCPU Recursive Doubling Time: 3.339829e-05
0: MPIL CopyToCPU Node-Aware Dissemination Time: 4.232231e-05
0: MPIL CopyToCPU NUMA-Aware Dissemination Time: 2.394018e-05
0: MPIL CopyToCPU RADIX-3 Dissemination Time: 3.016701e-05
0: MPIL CopyToCPU RADIX-4 Dissemination Time: 2.979927e-05
0: MPIL CopyToCPU RADIX-5 Dissemination Time: 2.937447e-05
0: MPIL CopyToCPU RADIX-6 Dissemination Time: 3.091369e-05
0: MPIL CopyToCPU RADIX-7 Dissemination Time: 3.352036e-05
0: MPIL CopyToCPU RADIX-8 Dissemination Time: 2.959835e-05
0: MPIL CopyToCPU RADIX-9 Dissemination Time: 3.635933e-05
0: MPIL CopyToCPU RADIX-10 Dissemination Time: 4.040757e-05
0: MPIL CopyToCPU RADIX-11 Dissemination Time: 4.004166e-05
0: MPIL CopyToCPU RADIX-12 Dissemination Time: 4.185958e-05
0: MPIL CopyToCPU RADIX-13 Dissemination Time: 4.497693e-05
0: MPIL CopyToCPU RADIX-14 Dissemination Time: 4.105107e-05
0: Testing Size 2
0: PMPI Allreduce Time: 2.893518e-05
0: MPIL GPU-Aware Recursive Doubling Time: 2.904614e-05
0: MPIL GPU-Aware Node-Aware Dissemination Time: 1.512657e-04
0: MPIL GPU-Aware NUMA-Aware Dissemination Time: 2.847533e-04
0: CopyToCPU PMPI Allreduce Time: 2.987101e-05
0: MPIL CopyToCPU Recursive Doubling Time: 3.166622e-05
0: MPIL CopyToCPU Node-Aware Dissemination Time: 4.050129e-05
0: MPIL CopyToCPU NUMA-Aware Dissemination Time: 2.425799e-05
0: MPIL CopyToCPU RADIX-3 Dissemination Time: 3.264991e-05
0: MPIL CopyToCPU RADIX-4 Dissemination Time: 3.222164e-05
0: MPIL CopyToCPU RADIX-5 Dissemination Time: 3.287816e-05
0: MPIL CopyToCPU RADIX-6 Dissemination Time: 3.148389e-05
0: MPIL CopyToCPU RADIX-7 Dissemination Time: 3.629010e-05
0: MPIL CopyToCPU RADIX-8 Dissemination Time: 3.200008e-05
0: MPIL CopyToCPU RADIX-9 Dissemination Time: 3.672629e-05
0: MPIL CopyToCPU RADIX-10 Dissemination Time: 3.946366e-05
0: MPIL CopyToCPU RADIX-11 Dissemination Time: 3.935444e-05
0: MPIL CopyToCPU RADIX-12 Dissemination Time: 3.936036e-05
0: MPIL CopyToCPU RADIX-13 Dissemination Time: 4.111206e-05
0: MPIL CopyToCPU RADIX-14 Dissemination Time: 4.029402e-05
0: Testing Size 4
0: PMPI Allreduce Time: 2.913006e-05
0: MPIL GPU-Aware Recursive Doubling Time: 2.914095e-05
0: MPIL GPU-Aware Node-Aware Dissemination Time: 1.453418e-04
0: MPIL GPU-Aware NUMA-Aware Dissemination Time: 2.849499e-04
0: CopyToCPU PMPI Allreduce Time: 2.975523e-05
0: MPIL CopyToCPU Recursive Doubling Time: 3.089043e-05
0: MPIL CopyToCPU Node-Aware Dissemination Time: 4.111846e-05
0: MPIL CopyToCPU NUMA-Aware Dissemination Time: 2.396102e-05
0: MPIL CopyToCPU RADIX-3 Dissemination Time: 3.036557e-05
0: MPIL CopyToCPU RADIX-4 Dissemination Time: 3.004526e-05
0: MPIL CopyToCPU RADIX-5 Dissemination Time: 3.150988e-05
0: MPIL CopyToCPU RADIX-6 Dissemination Time: 3.109365e-05
0: MPIL CopyToCPU RADIX-7 Dissemination Time: 3.382336e-05
0: MPIL CopyToCPU RADIX-8 Dissemination Time: 3.030034e-05
0: MPIL CopyToCPU RADIX-9 Dissemination Time: 3.625690e-05
0: MPIL CopyToCPU RADIX-10 Dissemination Time: 3.768871e-05
0: MPIL CopyToCPU RADIX-11 Dissemination Time: 3.709098e-05
0: MPIL CopyToCPU RADIX-12 Dissemination Time: 3.916464e-05
0: MPIL CopyToCPU RADIX-13 Dissemination Time: 4.041385e-05
0: MPIL CopyToCPU RADIX-14 Dissemination Time: 4.061574e-05
0: Testing Size 8
0: PMPI Allreduce Time: 2.920264e-05
0: MPIL GPU-Aware Recursive Doubling Time: 2.919222e-05
0: MPIL GPU-Aware Node-Aware Dissemination Time: 1.528090e-04
0: MPIL GPU-Aware NUMA-Aware Dissemination Time: 2.865269e-04
0: CopyToCPU PMPI Allreduce Time: 2.934707e-05
0: MPIL CopyToCPU Recursive Doubling Time: 3.276166e-05
0: MPIL CopyToCPU Node-Aware Dissemination Time: 4.077055e-05
0: MPIL CopyToCPU NUMA-Aware Dissemination Time: 2.399024e-05
0: MPIL CopyToCPU RADIX-3 Dissemination Time: 3.167448e-05
0: MPIL CopyToCPU RADIX-4 Dissemination Time: 3.132760e-05
0: MPIL CopyToCPU RADIX-5 Dissemination Time: 3.078030e-05
0: MPIL CopyToCPU RADIX-6 Dissemination Time: 3.261721e-05
0: MPIL CopyToCPU RADIX-7 Dissemination Time: 3.518170e-05
0: MPIL CopyToCPU RADIX-8 Dissemination Time: 3.158681e-05
0: MPIL CopyToCPU RADIX-9 Dissemination Time: 3.783090e-05
0: MPIL CopyToCPU RADIX-10 Dissemination Time: 3.974321e-05
0: MPIL CopyToCPU RADIX-11 Dissemination Time: 3.923493e-05
0: MPIL CopyToCPU RADIX-12 Dissemination Time: 4.248893e-05
0: MPIL CopyToCPU RADIX-13 Dissemination Time: 4.352713e-05
0: MPIL CopyToCPU RADIX-14 Dissemination Time: 4.255128e-05
0: Testing Size 16
0: PMPI Allreduce Time: 3.104255e-05
0: MPIL GPU-Aware Recursive Doubling Time: 3.104739e-05
0: MPIL GPU-Aware Node-Aware Dissemination Time: 1.521420e-04
0: MPIL GPU-Aware NUMA-Aware Dissemination Time: 2.837167e-04
0: CopyToCPU PMPI Allreduce Time: 3.167468e-05
0: MPIL CopyToCPU Recursive Doubling Time: 3.584998e-05
0: MPIL CopyToCPU Node-Aware Dissemination Time: 4.283055e-05
0: MPIL CopyToCPU NUMA-Aware Dissemination Time: 2.589890e-05
0: MPIL CopyToCPU RADIX-3 Dissemination Time: 3.374270e-05
0: MPIL CopyToCPU RADIX-4 Dissemination Time: 3.311091e-05
0: MPIL CopyToCPU RADIX-5 Dissemination Time: 3.237631e-05
0: MPIL CopyToCPU RADIX-6 Dissemination Time: 3.452911e-05
0: MPIL CopyToCPU RADIX-7 Dissemination Time: 3.694238e-05
0: MPIL CopyToCPU RADIX-8 Dissemination Time: 3.321316e-05
0: MPIL CopyToCPU RADIX-9 Dissemination Time: 4.057922e-05
0: MPIL CopyToCPU RADIX-10 Dissemination Time: 4.317434e-05
0: MPIL CopyToCPU RADIX-11 Dissemination Time: 4.134022e-05
0: MPIL CopyToCPU RADIX-12 Dissemination Time: 4.551507e-05
0: MPIL CopyToCPU RADIX-13 Dissemination Time: 4.610405e-05
0: MPIL CopyToCPU RADIX-14 Dissemination Time: 4.515421e-05
0: Testing Size 32
0: PMPI Allreduce Time: 5.013561e-05
0: MPIL GPU-Aware Recursive Doubling Time: 4.991629e-05
0: MPIL GPU-Aware Node-Aware Dissemination Time: 1.594172e-04
0: MPIL GPU-Aware NUMA-Aware Dissemination Time: 2.835606e-04
0: CopyToCPU PMPI Allreduce Time: 4.152149e-05
0: MPIL CopyToCPU Recursive Doubling Time: 5.128438e-05
0: MPIL CopyToCPU Node-Aware Dissemination Time: 4.878962e-05
0: MPIL CopyToCPU NUMA-Aware Dissemination Time: 3.571968e-05
0: MPIL CopyToCPU RADIX-3 Dissemination Time: 4.729919e-05
0: MPIL CopyToCPU RADIX-4 Dissemination Time: 4.278314e-05
0: MPIL CopyToCPU RADIX-5 Dissemination Time: 4.610438e-05
0: MPIL CopyToCPU RADIX-6 Dissemination Time: 4.248888e-05
0: MPIL CopyToCPU RADIX-7 Dissemination Time: 4.633392e-05
0: MPIL CopyToCPU RADIX-8 Dissemination Time: 3.916975e-05
0: MPIL CopyToCPU RADIX-9 Dissemination Time: 4.892634e-05
0: MPIL CopyToCPU RADIX-10 Dissemination Time: 5.079906e-05
0: MPIL CopyToCPU RADIX-11 Dissemination Time: 5.180319e-05
0: MPIL CopyToCPU RADIX-12 Dissemination Time: 5.313539e-05
0: MPIL CopyToCPU RADIX-13 Dissemination Time: 5.402332e-05
0: MPIL CopyToCPU RADIX-14 Dissemination Time: 4.958517e-05
0: Testing Size 64
0: PMPI Allreduce Time: 5.060953e-05
0: MPIL GPU-Aware Recursive Doubling Time: 5.055207e-05
0: MPIL GPU-Aware Node-Aware Dissemination Time: 1.916401e-04
0: MPIL GPU-Aware NUMA-Aware Dissemination Time: 2.836332e-04
0: CopyToCPU PMPI Allreduce Time: 4.962707e-05
0: MPIL CopyToCPU Recursive Doubling Time: 5.184230e-05
0: MPIL CopyToCPU Node-Aware Dissemination Time: 5.561244e-05
0: MPIL CopyToCPU NUMA-Aware Dissemination Time: 4.427627e-05
0: MPIL CopyToCPU RADIX-3 Dissemination Time: 4.807813e-05
0: MPIL CopyToCPU RADIX-4 Dissemination Time: 4.396235e-05
0: MPIL CopyToCPU RADIX-5 Dissemination Time: 4.651338e-05
0: MPIL CopyToCPU RADIX-6 Dissemination Time: 4.331613e-05
0: MPIL CopyToCPU RADIX-7 Dissemination Time: 4.705221e-05
0: MPIL CopyToCPU RADIX-8 Dissemination Time: 3.994041e-05
0: MPIL CopyToCPU RADIX-9 Dissemination Time: 4.954982e-05
0: MPIL CopyToCPU RADIX-10 Dissemination Time: 5.156499e-05
0: MPIL CopyToCPU RADIX-11 Dissemination Time: 5.295606e-05
0: MPIL CopyToCPU RADIX-12 Dissemination Time: 5.418619e-05
0: MPIL CopyToCPU RADIX-13 Dissemination Time: 5.492682e-05
0: MPIL CopyToCPU RADIX-14 Dissemination Time: 5.068352e-05
0: Testing Size 128
0: PMPI Allreduce Time: 6.446811e-05
0: MPIL GPU-Aware Recursive Doubling Time: 6.431722e-05
0: MPIL GPU-Aware Node-Aware Dissemination Time: 2.170871e-04
0: MPIL GPU-Aware NUMA-Aware Dissemination Time: 2.516579e-04
0: CopyToCPU PMPI Allreduce Time: 6.528273e-05
0: MPIL CopyToCPU Recursive Doubling Time: 6.728463e-05
0: MPIL CopyToCPU Node-Aware Dissemination Time: 1.201033e-04
0: MPIL CopyToCPU NUMA-Aware Dissemination Time: 6.866941e-05
0: MPIL CopyToCPU RADIX-3 Dissemination Time: 5.599096e-05
0: MPIL CopyToCPU RADIX-4 Dissemination Time: 5.518618e-05
0: MPIL CopyToCPU RADIX-5 Dissemination Time: 5.886213e-05
0: MPIL CopyToCPU RADIX-6 Dissemination Time: 5.618247e-05
0: MPIL CopyToCPU RADIX-7 Dissemination Time: 5.960567e-05
0: MPIL CopyToCPU RADIX-8 Dissemination Time: 5.482910e-05
0: MPIL CopyToCPU RADIX-9 Dissemination Time: 6.320878e-05
0: MPIL CopyToCPU RADIX-10 Dissemination Time: 6.508296e-05
0: MPIL CopyToCPU RADIX-11 Dissemination Time: 6.525447e-05
0: MPIL CopyToCPU RADIX-12 Dissemination Time: 6.655087e-05
0: MPIL CopyToCPU RADIX-13 Dissemination Time: 6.874406e-05
0: MPIL CopyToCPU RADIX-14 Dissemination Time: 6.425237e-05
0: Testing Size 256
0: PMPI Allreduce Time: 7.341878e-05
0: MPIL GPU-Aware Recursive Doubling Time: 7.362905e-05
0: MPIL GPU-Aware Node-Aware Dissemination Time: 2.257143e-04
0: MPIL GPU-Aware NUMA-Aware Dissemination Time: 2.425539e-04
0: CopyToCPU PMPI Allreduce Time: 7.950753e-05
0: MPIL CopyToCPU Recursive Doubling Time: 8.336268e-05
0: MPIL CopyToCPU Node-Aware Dissemination Time: 1.590922e-04
0: MPIL CopyToCPU NUMA-Aware Dissemination Time: 8.421899e-05
0: MPIL CopyToCPU RADIX-3 Dissemination Time: 6.143369e-05
0: MPIL CopyToCPU RADIX-4 Dissemination Time: 6.072400e-05
0: MPIL CopyToCPU RADIX-5 Dissemination Time: 6.350159e-05
0: MPIL CopyToCPU RADIX-6 Dissemination Time: 6.227319e-05
0: MPIL CopyToCPU RADIX-7 Dissemination Time: 6.642730e-05
0: MPIL CopyToCPU RADIX-8 Dissemination Time: 6.399155e-05
0: MPIL CopyToCPU RADIX-9 Dissemination Time: 7.649042e-05
0: MPIL CopyToCPU RADIX-10 Dissemination Time: 7.524992e-05
0: MPIL CopyToCPU RADIX-11 Dissemination Time: 7.452589e-05
0: MPIL CopyToCPU RADIX-12 Dissemination Time: 7.622976e-05
0: MPIL CopyToCPU RADIX-13 Dissemination Time: 7.758983e-05
0: MPIL CopyToCPU RADIX-14 Dissemination Time: 7.730843e-05
0: Testing Size 512
0: PMPI Allreduce Time: 9.036960e-05
0: MPIL GPU-Aware Recursive Doubling Time: 9.025827e-05
0: MPIL GPU-Aware Node-Aware Dissemination Time: 2.687086e-04
0: MPIL GPU-Aware NUMA-Aware Dissemination Time: 2.400870e-04
0: CopyToCPU PMPI Allreduce Time: 9.120275e-05
0: MPIL CopyToCPU Recursive Doubling Time: 8.942131e-05
0: MPIL CopyToCPU Node-Aware Dissemination Time: 2.125536e-04
0: MPIL CopyToCPU NUMA-Aware Dissemination Time: 1.036709e-04
0: MPIL CopyToCPU RADIX-3 Dissemination Time: 7.635929e-05
0: MPIL CopyToCPU RADIX-4 Dissemination Time: 6.938543e-05
0: MPIL CopyToCPU RADIX-5 Dissemination Time: 7.433042e-05
0: MPIL CopyToCPU RADIX-6 Dissemination Time: 7.482069e-05
0: MPIL CopyToCPU RADIX-7 Dissemination Time: 7.705937e-05
0: MPIL CopyToCPU RADIX-8 Dissemination Time: 7.308698e-05
0: MPIL CopyToCPU RADIX-9 Dissemination Time: 8.220577e-05
0: MPIL CopyToCPU RADIX-10 Dissemination Time: 8.269062e-05
0: MPIL CopyToCPU RADIX-11 Dissemination Time: 8.576071e-05
0: MPIL CopyToCPU RADIX-12 Dissemination Time: 8.428512e-05
0: MPIL CopyToCPU RADIX-13 Dissemination Time: 8.303426e-05
0: MPIL CopyToCPU RADIX-14 Dissemination Time: 8.564601e-05
0: Testing Size 1024
0: PMPI Allreduce Time: 2.265974e-04
0: MPIL GPU-Aware Recursive Doubling Time: 2.273947e-04
0: MPIL GPU-Aware Node-Aware Dissemination Time: 9.024127e-04
0: MPIL GPU-Aware NUMA-Aware Dissemination Time: 1.081660e-03
0: CopyToCPU PMPI Allreduce Time: 1.275463e-04
0: MPIL CopyToCPU Recursive Doubling Time: 1.217640e-04
0: MPIL CopyToCPU Node-Aware Dissemination Time: 2.994924e-04
0: MPIL CopyToCPU NUMA-Aware Dissemination Time: 1.626912e-04
0: MPIL CopyToCPU RADIX-3 Dissemination Time: 9.768948e-05
0: MPIL CopyToCPU RADIX-4 Dissemination Time: 8.753900e-05
0: MPIL CopyToCPU RADIX-5 Dissemination Time: 9.753004e-05
0: MPIL CopyToCPU RADIX-6 Dissemination Time: 9.620984e-05
0: MPIL CopyToCPU RADIX-7 Dissemination Time: 9.978601e-05
0: MPIL CopyToCPU RADIX-8 Dissemination Time: 9.855137e-05
0: MPIL CopyToCPU RADIX-9 Dissemination Time: 1.062250e-04
0: MPIL CopyToCPU RADIX-10 Dissemination Time: 1.154314e-04
0: MPIL CopyToCPU RADIX-11 Dissemination Time: 1.162864e-04
0: MPIL CopyToCPU RADIX-12 Dissemination Time: 1.135555e-04
0: MPIL CopyToCPU RADIX-13 Dissemination Time: 1.082972e-04
0: MPIL CopyToCPU RADIX-14 Dissemination Time: 1.114371e-04
0: Testing Size 2048
0: PMPI Allreduce Time: 2.550664e-04
0: MPIL GPU-Aware Recursive Doubling Time: 2.528152e-04
0: MPIL GPU-Aware Node-Aware Dissemination Time: 1.401186e-03
0: MPIL GPU-Aware NUMA-Aware Dissemination Time: 1.777166e-03
0: CopyToCPU PMPI Allreduce Time: 1.850002e-04
0: MPIL CopyToCPU Recursive Doubling Time: 1.875265e-04
0: MPIL CopyToCPU Node-Aware Dissemination Time: 4.105666e-04
0: MPIL CopyToCPU NUMA-Aware Dissemination Time: 2.508148e-04
0: MPIL CopyToCPU RADIX-3 Dissemination Time: 1.519557e-04
0: MPIL CopyToCPU RADIX-4 Dissemination Time: 1.276389e-04
0: MPIL CopyToCPU RADIX-5 Dissemination Time: 1.332502e-04
0: MPIL CopyToCPU RADIX-6 Dissemination Time: 1.419551e-04
0: MPIL CopyToCPU RADIX-7 Dissemination Time: 1.441940e-04
0: MPIL CopyToCPU RADIX-8 Dissemination Time: 1.445350e-04
0: MPIL CopyToCPU RADIX-9 Dissemination Time: 1.510042e-04
0: MPIL CopyToCPU RADIX-10 Dissemination Time: 1.562930e-04
0: MPIL CopyToCPU RADIX-11 Dissemination Time: 1.450822e-04
0: MPIL CopyToCPU RADIX-12 Dissemination Time: 1.455870e-04
0: MPIL CopyToCPU RADIX-13 Dissemination Time: 1.510688e-04
0: MPIL CopyToCPU RADIX-14 Dissemination Time: 1.550321e-04
0: Testing Size 4096
0: PMPI Allreduce Time: 2.657843e-04
0: MPIL GPU-Aware Recursive Doubling Time: 2.652027e-04
0: MPIL GPU-Aware Node-Aware Dissemination Time: 1.895148e-03
0: MPIL GPU-Aware NUMA-Aware Dissemination Time: 2.870640e-03
0: CopyToCPU PMPI Allreduce Time: 2.867765e-04
0: MPIL CopyToCPU Recursive Doubling Time: 3.546680e-04
0: MPIL CopyToCPU Node-Aware Dissemination Time: 6.881855e-04
0: MPIL CopyToCPU NUMA-Aware Dissemination Time: 4.339349e-04
0: MPIL CopyToCPU RADIX-3 Dissemination Time: 2.797227e-04
0: MPIL CopyToCPU RADIX-4 Dissemination Time: 2.292915e-04
0: MPIL CopyToCPU RADIX-5 Dissemination Time: 2.455995e-04
0: MPIL CopyToCPU RADIX-6 Dissemination Time: 2.474379e-04
0: MPIL CopyToCPU RADIX-7 Dissemination Time: 2.654429e-04
0: MPIL CopyToCPU RADIX-8 Dissemination Time: 2.606249e-04
0: MPIL CopyToCPU RADIX-9 Dissemination Time: 2.775250e-04
0: MPIL CopyToCPU RADIX-10 Dissemination Time: 2.846847e-04
0: MPIL CopyToCPU RADIX-11 Dissemination Time: 2.721945e-04
0: MPIL CopyToCPU RADIX-12 Dissemination Time: 2.731026e-04
0: MPIL CopyToCPU RADIX-13 Dissemination Time: 2.853451e-04
0: MPIL CopyToCPU RADIX-14 Dissemination Time: 2.867358e-04
0: Testing Size 8192
0: PMPI Allreduce Time: 2.698267e-04
0: MPIL GPU-Aware Recursive Doubling Time: 2.687621e-04
0: MPIL GPU-Aware Node-Aware Dissemination Time: 2.540633e-03
0: MPIL GPU-Aware NUMA-Aware Dissemination Time: 3.002432e-03
0: CopyToCPU PMPI Allreduce Time: 4.715933e-04
0: MPIL CopyToCPU Recursive Doubling Time: 5.723370e-04
0: MPIL CopyToCPU Node-Aware Dissemination Time: 1.201592e-03
0: MPIL CopyToCPU NUMA-Aware Dissemination Time: 7.543377e-04
0: MPIL CopyToCPU RADIX-3 Dissemination Time: 4.614459e-04
0: MPIL CopyToCPU RADIX-4 Dissemination Time: 3.990516e-04
0: MPIL CopyToCPU RADIX-5 Dissemination Time: 4.114291e-04
0: MPIL CopyToCPU RADIX-6 Dissemination Time: 4.248864e-04
0: MPIL CopyToCPU RADIX-7 Dissemination Time: 4.656769e-04
0: MPIL CopyToCPU RADIX-8 Dissemination Time: 4.632160e-04
0: MPIL CopyToCPU RADIX-9 Dissemination Time: 4.860045e-04
0: MPIL CopyToCPU RADIX-10 Dissemination Time: 4.982321e-04
0: MPIL CopyToCPU RADIX-11 Dissemination Time: 4.903236e-04
0: MPIL CopyToCPU RADIX-12 Dissemination Time: 4.625966e-04
0: MPIL CopyToCPU RADIX-13 Dissemination Time: 4.901788e-04
0: MPIL CopyToCPU RADIX-14 Dissemination Time: 5.041306e-04
0: Testing Size 16384
0: PMPI Allreduce Time: 2.786559e-04
0: MPIL GPU-Aware Recursive Doubling Time: 2.774970e-04
0: MPIL GPU-Aware Node-Aware Dissemination Time: 3.536523e-03
0: MPIL GPU-Aware NUMA-Aware Dissemination Time: 3.545169e-03
0: CopyToCPU PMPI Allreduce Time: 8.286563e-04
0: MPIL CopyToCPU Recursive Doubling Time: 1.035437e-03
0: MPIL CopyToCPU Node-Aware Dissemination Time: 2.312124e-03
0: MPIL CopyToCPU NUMA-Aware Dissemination Time: 1.462208e-03
0: MPIL CopyToCPU RADIX-3 Dissemination Time: 8.421918e-04
0: MPIL CopyToCPU RADIX-4 Dissemination Time: 7.101406e-04
0: MPIL CopyToCPU RADIX-5 Dissemination Time: 7.445375e-04
0: MPIL CopyToCPU RADIX-6 Dissemination Time: 7.707655e-04
0: MPIL CopyToCPU RADIX-7 Dissemination Time: 8.434385e-04
0: MPIL CopyToCPU RADIX-8 Dissemination Time: 8.461875e-04
0: MPIL CopyToCPU RADIX-9 Dissemination Time: 8.807150e-04
0: MPIL CopyToCPU RADIX-10 Dissemination Time: 9.133844e-04
0: MPIL CopyToCPU RADIX-11 Dissemination Time: 9.330064e-04
0: MPIL CopyToCPU RADIX-12 Dissemination Time: 8.735555e-04
0: MPIL CopyToCPU RADIX-13 Dissemination Time: 9.218641e-04
0: MPIL CopyToCPU RADIX-14 Dissemination Time: 9.731387e-04
0: Testing Size 32768
0: PMPI Allreduce Time: 2.937890e-04
0: MPIL GPU-Aware Recursive Doubling Time: 2.927036e-04
0: MPIL GPU-Aware Node-Aware Dissemination Time: 1.317254e-02
0: MPIL GPU-Aware NUMA-Aware Dissemination Time: 4.693249e-03
0: CopyToCPU PMPI Allreduce Time: 1.490880e-03
0: MPIL CopyToCPU Recursive Doubling Time: 1.840479e-03
0: MPIL CopyToCPU Node-Aware Dissemination Time: 4.243498e-03
0: MPIL CopyToCPU NUMA-Aware Dissemination Time: 2.676978e-03
0: MPIL CopyToCPU RADIX-3 Dissemination Time: 1.587144e-03
0: MPIL CopyToCPU RADIX-4 Dissemination Time: 1.355999e-03
0: MPIL CopyToCPU RADIX-5 Dissemination Time: 1.412146e-03
0: MPIL CopyToCPU RADIX-6 Dissemination Time: 1.455134e-03
0: MPIL CopyToCPU RADIX-7 Dissemination Time: 1.593372e-03
0: MPIL CopyToCPU RADIX-8 Dissemination Time: 1.613027e-03
0: MPIL CopyToCPU RADIX-9 Dissemination Time: 1.663196e-03
0: MPIL CopyToCPU RADIX-10 Dissemination Time: 1.719836e-03
0: MPIL CopyToCPU RADIX-11 Dissemination Time: 1.664627e-03
0: MPIL CopyToCPU RADIX-12 Dissemination Time: 1.723904e-03
0: MPIL CopyToCPU RADIX-13 Dissemination Time: 1.808905e-03
0: MPIL CopyToCPU RADIX-14 Dissemination Time: 1.904407e-03
0: Testing Size 65536
0: PMPI Allreduce Time: 3.350556e-04
0: MPIL GPU-Aware Recursive Doubling Time: 3.339427e-04
0: MPIL GPU-Aware Node-Aware Dissemination Time: 1.519774e-02
0: MPIL GPU-Aware NUMA-Aware Dissemination Time: 7.034194e-03
0: CopyToCPU PMPI Allreduce Time: 2.567688e-03
0: MPIL CopyToCPU Recursive Doubling Time: 3.614184e-03
0: MPIL CopyToCPU Node-Aware Dissemination Time: 6.954541e-03
0: MPIL CopyToCPU NUMA-Aware Dissemination Time: 5.162807e-03
0: MPIL CopyToCPU RADIX-3 Dissemination Time: 3.059833e-03
0: MPIL CopyToCPU RADIX-4 Dissemination Time: 2.583346e-03
0: MPIL CopyToCPU RADIX-5 Dissemination Time: 2.759885e-03
0: MPIL CopyToCPU RADIX-6 Dissemination Time: 2.823716e-03
0: MPIL CopyToCPU RADIX-7 Dissemination Time: 3.062289e-03
0: MPIL CopyToCPU RADIX-8 Dissemination Time: 3.067791e-03
0: MPIL CopyToCPU RADIX-9 Dissemination Time: 3.094599e-03
0: MPIL CopyToCPU RADIX-10 Dissemination Time: 2.938566e-03
0: MPIL CopyToCPU RADIX-11 Dissemination Time: 3.146133e-03
0: MPIL CopyToCPU RADIX-12 Dissemination Time: 3.363195e-03
0: MPIL CopyToCPU RADIX-13 Dissemination Time: 3.500022e-03
0: MPIL CopyToCPU RADIX-14 Dissemination Time: 3.681227e-03
0: Testing Size 131072
0: PMPI Allreduce Time: 4.161259e-04
0: MPIL GPU-Aware Recursive Doubling Time: 4.145956e-04
0: MPIL GPU-Aware Node-Aware Dissemination Time: 2.256671e-02
0: MPIL GPU-Aware NUMA-Aware Dissemination Time: 1.539976e-02
0: CopyToCPU PMPI Allreduce Time: 5.250207e-03
0: MPIL CopyToCPU Recursive Doubling Time: 6.062266e-03
0: MPIL CopyToCPU Node-Aware Dissemination Time: 1.391231e-02
0: MPIL CopyToCPU NUMA-Aware Dissemination Time: 1.001491e-02
0: MPIL CopyToCPU RADIX-3 Dissemination Time: 5.925094e-03
0: MPIL CopyToCPU RADIX-4 Dissemination Time: 5.124564e-03
0: MPIL CopyToCPU RADIX-5 Dissemination Time: 5.281533e-03
0: MPIL CopyToCPU RADIX-6 Dissemination Time: 5.496071e-03
0: MPIL CopyToCPU RADIX-7 Dissemination Time: 5.866118e-03
0: MPIL CopyToCPU RADIX-8 Dissemination Time: 5.888595e-03
0: MPIL CopyToCPU RADIX-9 Dissemination Time: 5.957843e-03
0: MPIL CopyToCPU RADIX-10 Dissemination Time: 5.950761e-03
0: MPIL CopyToCPU RADIX-11 Dissemination Time: 6.138204e-03
0: MPIL CopyToCPU RADIX-12 Dissemination Time: 6.563766e-03
0: MPIL CopyToCPU RADIX-13 Dissemination Time: 6.704672e-03
0: MPIL CopyToCPU RADIX-14 Dissemination Time: 7.026321e-03
0: Testing Size 262144
0: PMPI Allreduce Time: 5.767999e-04
0: MPIL GPU-Aware Recursive Doubling Time: 5.763878e-04
0: MPIL GPU-Aware Node-Aware Dissemination Time: 3.884980e-02
0: MPIL GPU-Aware NUMA-Aware Dissemination Time: 2.880702e-02
0: CopyToCPU PMPI Allreduce Time: 1.007819e-02
0: MPIL CopyToCPU Recursive Doubling Time: 1.326511e-02
0: MPIL CopyToCPU Node-Aware Dissemination Time: 2.616922e-02
0: MPIL CopyToCPU NUMA-Aware Dissemination Time: 1.934288e-02
0: MPIL CopyToCPU RADIX-3 Dissemination Time: 1.176712e-02
0: MPIL CopyToCPU RADIX-4 Dissemination Time: 9.869769e-03
0: MPIL CopyToCPU RADIX-5 Dissemination Time: 1.029556e-02
0: MPIL CopyToCPU RADIX-6 Dissemination Time: 1.072672e-02
0: MPIL CopyToCPU RADIX-7 Dissemination Time: 1.144901e-02
0: MPIL CopyToCPU RADIX-8 Dissemination Time: 1.156698e-02
0: MPIL CopyToCPU RADIX-9 Dissemination Time: 1.144973e-02
0: MPIL CopyToCPU RADIX-10 Dissemination Time: 1.147880e-02
0: MPIL CopyToCPU RADIX-11 Dissemination Time: 1.210076e-02
0: MPIL CopyToCPU RADIX-12 Dissemination Time: 1.329682e-02
0: MPIL CopyToCPU RADIX-13 Dissemination Time: 1.356711e-02
0: MPIL CopyToCPU RADIX-14 Dissemination Time: 1.427815e-02
0: Testing Size 524288
0: PMPI Allreduce Time: 8.849496e-04
0: MPIL GPU-Aware Recursive Doubling Time: 8.838351e-04
0: MPIL GPU-Aware Node-Aware Dissemination Time: 7.293783e-02
0: MPIL GPU-Aware NUMA-Aware Dissemination Time: 5.590466e-02
0: CopyToCPU PMPI Allreduce Time: 2.122631e-02
0: MPIL CopyToCPU Recursive Doubling Time: 2.455276e-02
0: MPIL CopyToCPU Node-Aware Dissemination Time: 5.442132e-02
0: MPIL CopyToCPU NUMA-Aware Dissemination Time: 3.626739e-02
0: MPIL CopyToCPU RADIX-3 Dissemination Time: 2.326130e-02
0: MPIL CopyToCPU RADIX-4 Dissemination Time: 1.926046e-02
0: MPIL CopyToCPU RADIX-5 Dissemination Time: 1.960104e-02
0: MPIL CopyToCPU RADIX-6 Dissemination Time: 1.958713e-02
0: MPIL CopyToCPU RADIX-7 Dissemination Time: 2.152255e-02
0: MPIL CopyToCPU RADIX-8 Dissemination Time: 2.731326e-02
0: MPIL CopyToCPU RADIX-9 Dissemination Time: 2.902711e-02
0: MPIL CopyToCPU RADIX-10 Dissemination Time: 3.074542e-02
0: MPIL CopyToCPU RADIX-11 Dissemination Time: 3.226260e-02
0: MPIL CopyToCPU RADIX-12 Dissemination Time: 3.491030e-02
0: MPIL CopyToCPU RADIX-13 Dissemination Time: 3.568227e-02
0: MPIL CopyToCPU RADIX-14 Dissemination Time: 3.794968e-02
