0: Testing Size 1
0: PMPI Allreduce Time: 3.374089e-05
0: MPIL GPU-Aware Recursive Doubling Time: 3.301197e-05
0: MPIL GPU-Aware Node-Aware Dissemination Time: 2.185569e-04
0: MPIL GPU-Aware NUMA-Aware Dissemination Time: 2.872912e-04
0: CopyToCPU PMPI Allreduce Time: 3.377011e-05
0: MPIL CopyToCPU Recursive Doubling Time: 3.678544e-05
0: MPIL CopyToCPU Node-Aware Dissemination Time: 4.405157e-05
0: MPIL CopyToCPU NUMA-Aware Dissemination Time: 2.536634e-05
0: MPIL CopyToCPU RADIX-3 Dissemination Time: 3.419737e-05
0: MPIL CopyToCPU RADIX-4 Dissemination Time: 2.809251e-05
0: MPIL CopyToCPU RADIX-5 Dissemination Time: 3.334330e-05
0: MPIL CopyToCPU RADIX-6 Dissemination Time: 3.484233e-05
0: MPIL CopyToCPU RADIX-7 Dissemination Time: 3.703159e-05
0: MPIL CopyToCPU RADIX-8 Dissemination Time: 3.950471e-05
0: MPIL CopyToCPU RADIX-9 Dissemination Time: 4.423693e-05
0: MPIL CopyToCPU RADIX-10 Dissemination Time: 5.187173e-05
0: MPIL CopyToCPU RADIX-11 Dissemination Time: 5.503656e-05
0: MPIL CopyToCPU RADIX-12 Dissemination Time: 5.242107e-05
0: MPIL CopyToCPU RADIX-13 Dissemination Time: 5.323024e-05
0: MPIL CopyToCPU RADIX-14 Dissemination Time: 5.258820e-05
0: Testing Size 2
0: PMPI Allreduce Time: 3.352977e-05
0: MPIL GPU-Aware Recursive Doubling Time: 3.353520e-05
0: MPIL GPU-Aware Node-Aware Dissemination Time: 2.051256e-04
0: MPIL GPU-Aware NUMA-Aware Dissemination Time: 2.899472e-04
0: CopyToCPU PMPI Allreduce Time: 3.427877e-05
0: MPIL CopyToCPU Recursive Doubling Time: 3.605819e-05
0: MPIL CopyToCPU Node-Aware Dissemination Time: 4.245681e-05
0: MPIL CopyToCPU NUMA-Aware Dissemination Time: 2.551332e-05
0: MPIL CopyToCPU RADIX-3 Dissemination Time: 4.243280e-05
0: MPIL CopyToCPU RADIX-4 Dissemination Time: 3.286334e-05
0: MPIL CopyToCPU RADIX-5 Dissemination Time: 3.870733e-05
0: MPIL CopyToCPU RADIX-6 Dissemination Time: 3.854415e-05
0: MPIL CopyToCPU RADIX-7 Dissemination Time: 4.211163e-05
0: MPIL CopyToCPU RADIX-8 Dissemination Time: 3.811487e-05
0: MPIL CopyToCPU RADIX-9 Dissemination Time: 4.230682e-05
0: MPIL CopyToCPU RADIX-10 Dissemination Time: 4.219158e-05
0: MPIL CopyToCPU RADIX-11 Dissemination Time: 4.252405e-05
0: MPIL CopyToCPU RADIX-12 Dissemination Time: 4.294306e-05
0: MPIL CopyToCPU RADIX-13 Dissemination Time: 4.441887e-05
0: MPIL CopyToCPU RADIX-14 Dissemination Time: 4.632318e-05
0: Testing Size 4
0: PMPI Allreduce Time: 3.335207e-05
0: MPIL GPU-Aware Recursive Doubling Time: 3.346492e-05
0: MPIL GPU-Aware Node-Aware Dissemination Time: 2.050309e-04
0: MPIL GPU-Aware NUMA-Aware Dissemination Time: 2.874726e-04
0: CopyToCPU PMPI Allreduce Time: 3.396628e-05
0: MPIL CopyToCPU Recursive Doubling Time: 3.391027e-05
0: MPIL CopyToCPU Node-Aware Dissemination Time: 4.307351e-05
0: MPIL CopyToCPU NUMA-Aware Dissemination Time: 2.483052e-05
0: MPIL CopyToCPU RADIX-3 Dissemination Time: 3.447407e-05
0: MPIL CopyToCPU RADIX-4 Dissemination Time: 2.950734e-05
0: MPIL CopyToCPU RADIX-5 Dissemination Time: 3.367622e-05
0: MPIL CopyToCPU RADIX-6 Dissemination Time: 3.512601e-05
0: MPIL CopyToCPU RADIX-7 Dissemination Time: 3.738104e-05
0: MPIL CopyToCPU RADIX-8 Dissemination Time: 3.721420e-05
0: MPIL CopyToCPU RADIX-9 Dissemination Time: 3.995370e-05
0: MPIL CopyToCPU RADIX-10 Dissemination Time: 4.110755e-05
0: MPIL CopyToCPU RADIX-11 Dissemination Time: 4.191412e-05
0: MPIL CopyToCPU RADIX-12 Dissemination Time: 4.309829e-05
0: MPIL CopyToCPU RADIX-13 Dissemination Time: 4.474385e-05
0: MPIL CopyToCPU RADIX-14 Dissemination Time: 4.648752e-05
0: Testing Size 8
0: PMPI Allreduce Time: 3.345335e-05
0: MPIL GPU-Aware Recursive Doubling Time: 3.336745e-05
0: MPIL GPU-Aware Node-Aware Dissemination Time: 2.013273e-04
0: MPIL GPU-Aware NUMA-Aware Dissemination Time: 2.859266e-04
0: CopyToCPU PMPI Allreduce Time: 3.351995e-05
0: MPIL CopyToCPU Recursive Doubling Time: 3.647234e-05
0: MPIL CopyToCPU Node-Aware Dissemination Time: 4.262634e-05
0: MPIL CopyToCPU NUMA-Aware Dissemination Time: 2.517978e-05
0: MPIL CopyToCPU RADIX-3 Dissemination Time: 3.580588e-05
0: MPIL CopyToCPU RADIX-4 Dissemination Time: 3.158842e-05
0: MPIL CopyToCPU RADIX-5 Dissemination Time: 3.517800e-05
0: MPIL CopyToCPU RADIX-6 Dissemination Time: 3.668364e-05
0: MPIL CopyToCPU RADIX-7 Dissemination Time: 3.949137e-05
0: MPIL CopyToCPU RADIX-8 Dissemination Time: 3.906615e-05
0: MPIL CopyToCPU RADIX-9 Dissemination Time: 4.233219e-05
0: MPIL CopyToCPU RADIX-10 Dissemination Time: 4.363291e-05
0: MPIL CopyToCPU RADIX-11 Dissemination Time: 4.396237e-05
0: MPIL CopyToCPU RADIX-12 Dissemination Time: 4.547408e-05
0: MPIL CopyToCPU RADIX-13 Dissemination Time: 4.655053e-05
0: MPIL CopyToCPU RADIX-14 Dissemination Time: 4.809158e-05
0: Testing Size 16
0: PMPI Allreduce Time: 3.667820e-05
0: MPIL GPU-Aware Recursive Doubling Time: 3.685762e-05
0: MPIL GPU-Aware Node-Aware Dissemination Time: 2.055935e-04
0: MPIL GPU-Aware NUMA-Aware Dissemination Time: 2.873369e-04
0: CopyToCPU PMPI Allreduce Time: 3.643961e-05
0: MPIL CopyToCPU Recursive Doubling Time: 4.195652e-05
0: MPIL CopyToCPU Node-Aware Dissemination Time: 4.467378e-05
0: MPIL CopyToCPU NUMA-Aware Dissemination Time: 2.668355e-05
0: MPIL CopyToCPU RADIX-3 Dissemination Time: 3.843145e-05
0: MPIL CopyToCPU RADIX-4 Dissemination Time: 3.113534e-05
0: MPIL CopyToCPU RADIX-5 Dissemination Time: 3.710810e-05
0: MPIL CopyToCPU RADIX-6 Dissemination Time: 3.978758e-05
0: MPIL CopyToCPU RADIX-7 Dissemination Time: 4.322791e-05
0: MPIL CopyToCPU RADIX-8 Dissemination Time: 4.235346e-05
0: MPIL CopyToCPU RADIX-9 Dissemination Time: 4.507605e-05
0: MPIL CopyToCPU RADIX-10 Dissemination Time: 4.636877e-05
0: MPIL CopyToCPU RADIX-11 Dissemination Time: 4.640293e-05
0: MPIL CopyToCPU RADIX-12 Dissemination Time: 4.767446e-05
0: MPIL CopyToCPU RADIX-13 Dissemination Time: 4.879760e-05
0: MPIL CopyToCPU RADIX-14 Dissemination Time: 5.034695e-05
0: Testing Size 32
0: PMPI Allreduce Time: 5.418136e-05
0: MPIL GPU-Aware Recursive Doubling Time: 5.396650e-05
0: MPIL GPU-Aware Node-Aware Dissemination Time: 1.988845e-04
0: MPIL GPU-Aware NUMA-Aware Dissemination Time: 2.865959e-04
0: CopyToCPU PMPI Allreduce Time: 5.013463e-05
0: MPIL CopyToCPU Recursive Doubling Time: 5.521062e-05
0: MPIL CopyToCPU Node-Aware Dissemination Time: 5.031126e-05
0: MPIL CopyToCPU NUMA-Aware Dissemination Time: 3.700420e-05
0: MPIL CopyToCPU RADIX-3 Dissemination Time: 5.476523e-05
0: MPIL CopyToCPU RADIX-4 Dissemination Time: 4.254484e-05
0: MPIL CopyToCPU RADIX-5 Dissemination Time: 4.727481e-05
0: MPIL CopyToCPU RADIX-6 Dissemination Time: 4.999580e-05
0: MPIL CopyToCPU RADIX-7 Dissemination Time: 5.223540e-05
0: MPIL CopyToCPU RADIX-8 Dissemination Time: 4.909679e-05
0: MPIL CopyToCPU RADIX-9 Dissemination Time: 5.209726e-05
0: MPIL CopyToCPU RADIX-10 Dissemination Time: 5.300072e-05
0: MPIL CopyToCPU RADIX-11 Dissemination Time: 5.399768e-05
0: MPIL CopyToCPU RADIX-12 Dissemination Time: 5.546678e-05
0: MPIL CopyToCPU RADIX-13 Dissemination Time: 5.771416e-05
0: MPIL CopyToCPU RADIX-14 Dissemination Time: 5.915404e-05
0: Testing Size 64
0: PMPI Allreduce Time: 5.452900e-05
0: MPIL GPU-Aware Recursive Doubling Time: 5.440350e-05
0: MPIL GPU-Aware Node-Aware Dissemination Time: 2.269452e-04
0: MPIL GPU-Aware NUMA-Aware Dissemination Time: 2.857684e-04
0: CopyToCPU PMPI Allreduce Time: 5.349940e-05
0: MPIL CopyToCPU Recursive Doubling Time: 5.568791e-05
0: MPIL CopyToCPU Node-Aware Dissemination Time: 5.697292e-05
0: MPIL CopyToCPU NUMA-Aware Dissemination Time: 4.422317e-05
0: MPIL CopyToCPU RADIX-3 Dissemination Time: 5.535237e-05
0: MPIL CopyToCPU RADIX-4 Dissemination Time: 4.328828e-05
0: MPIL CopyToCPU RADIX-5 Dissemination Time: 4.807428e-05
0: MPIL CopyToCPU RADIX-6 Dissemination Time: 5.075273e-05
0: MPIL CopyToCPU RADIX-7 Dissemination Time: 5.296066e-05
0: MPIL CopyToCPU RADIX-8 Dissemination Time: 4.973387e-05
0: MPIL CopyToCPU RADIX-9 Dissemination Time: 5.307762e-05
0: MPIL CopyToCPU RADIX-10 Dissemination Time: 5.415594e-05
0: MPIL CopyToCPU RADIX-11 Dissemination Time: 5.498201e-05
0: MPIL CopyToCPU RADIX-12 Dissemination Time: 5.638993e-05
0: MPIL CopyToCPU RADIX-13 Dissemination Time: 5.791050e-05
0: MPIL CopyToCPU RADIX-14 Dissemination Time: 5.964339e-05
0: Testing Size 128
0: PMPI Allreduce Time: 6.885372e-05
0: MPIL GPU-Aware Recursive Doubling Time: 6.873422e-05
0: MPIL GPU-Aware Node-Aware Dissemination Time: 2.555953e-04
0: MPIL GPU-Aware NUMA-Aware Dissemination Time: 2.625038e-04
0: CopyToCPU PMPI Allreduce Time: 6.771736e-05
0: MPIL CopyToCPU Recursive Doubling Time: 7.185119e-05
0: MPIL CopyToCPU Node-Aware Dissemination Time: 1.189817e-04
0: MPIL CopyToCPU NUMA-Aware Dissemination Time: 6.797044e-05
0: MPIL CopyToCPU RADIX-3 Dissemination Time: 6.458846e-05
0: MPIL CopyToCPU RADIX-4 Dissemination Time: 5.501231e-05
0: MPIL CopyToCPU RADIX-5 Dissemination Time: 6.080683e-05
0: MPIL CopyToCPU RADIX-6 Dissemination Time: 6.432695e-05
0: MPIL CopyToCPU RADIX-7 Dissemination Time: 6.725764e-05
0: MPIL CopyToCPU RADIX-8 Dissemination Time: 6.487762e-05
0: MPIL CopyToCPU RADIX-9 Dissemination Time: 6.664403e-05
0: MPIL CopyToCPU RADIX-10 Dissemination Time: 6.697833e-05
0: MPIL CopyToCPU RADIX-11 Dissemination Time: 6.774861e-05
0: MPIL CopyToCPU RADIX-12 Dissemination Time: 6.926365e-05
0: MPIL CopyToCPU RADIX-13 Dissemination Time: 7.080582e-05
0: MPIL CopyToCPU RADIX-14 Dissemination Time: 7.274192e-05
0: Testing Size 256
0: PMPI Allreduce Time: 7.759686e-05
0: MPIL GPU-Aware Recursive Doubling Time: 7.766304e-05
0: MPIL GPU-Aware Node-Aware Dissemination Time: 2.798909e-04
0: MPIL GPU-Aware NUMA-Aware Dissemination Time: 2.541679e-04
0: CopyToCPU PMPI Allreduce Time: 8.489851e-05
0: MPIL CopyToCPU Recursive Doubling Time: 8.939835e-05
0: MPIL CopyToCPU Node-Aware Dissemination Time: 1.698612e-04
0: MPIL CopyToCPU NUMA-Aware Dissemination Time: 8.673351e-05
0: MPIL CopyToCPU RADIX-3 Dissemination Time: 6.908146e-05
0: MPIL CopyToCPU RADIX-4 Dissemination Time: 6.037885e-05
0: MPIL CopyToCPU RADIX-5 Dissemination Time: 6.617335e-05
0: MPIL CopyToCPU RADIX-6 Dissemination Time: 7.039782e-05
0: MPIL CopyToCPU RADIX-7 Dissemination Time: 7.675200e-05
0: MPIL CopyToCPU RADIX-8 Dissemination Time: 7.729127e-05
0: MPIL CopyToCPU RADIX-9 Dissemination Time: 7.504047e-05
0: MPIL CopyToCPU RADIX-10 Dissemination Time: 7.746336e-05
0: MPIL CopyToCPU RADIX-11 Dissemination Time: 7.611127e-05
0: MPIL CopyToCPU RADIX-12 Dissemination Time: 7.920020e-05
0: MPIL CopyToCPU RADIX-13 Dissemination Time: 7.841901e-05
0: MPIL CopyToCPU RADIX-14 Dissemination Time: 8.461402e-05
0: Testing Size 512
0: PMPI Allreduce Time: 9.491633e-05
0: MPIL GPU-Aware Recursive Doubling Time: 9.491726e-05
0: MPIL GPU-Aware Node-Aware Dissemination Time: 2.975651e-04
0: MPIL GPU-Aware NUMA-Aware Dissemination Time: 2.612473e-04
0: CopyToCPU PMPI Allreduce Time: 9.621556e-05
0: MPIL CopyToCPU Recursive Doubling Time: 1.008240e-04
0: MPIL CopyToCPU Node-Aware Dissemination Time: 2.091299e-04
0: MPIL CopyToCPU NUMA-Aware Dissemination Time: 1.102097e-04
0: MPIL CopyToCPU RADIX-3 Dissemination Time: 7.973609e-05
0: MPIL CopyToCPU RADIX-4 Dissemination Time: 6.898428e-05
0: MPIL CopyToCPU RADIX-5 Dissemination Time: 7.544487e-05
0: MPIL CopyToCPU RADIX-6 Dissemination Time: 7.932038e-05
0: MPIL CopyToCPU RADIX-7 Dissemination Time: 8.270707e-05
0: MPIL CopyToCPU RADIX-8 Dissemination Time: 8.395655e-05
0: MPIL CopyToCPU RADIX-9 Dissemination Time: 8.183635e-05
0: MPIL CopyToCPU RADIX-10 Dissemination Time: 8.424310e-05
0: MPIL CopyToCPU RADIX-11 Dissemination Time: 8.304853e-05
0: MPIL CopyToCPU RADIX-12 Dissemination Time: 8.509303e-05
0: MPIL CopyToCPU RADIX-13 Dissemination Time: 8.746594e-05
0: MPIL CopyToCPU RADIX-14 Dissemination Time: 9.402175e-05
0: Testing Size 1024
0: PMPI Allreduce Time: 2.390884e-04
0: MPIL GPU-Aware Recursive Doubling Time: 2.395309e-04
0: MPIL GPU-Aware Node-Aware Dissemination Time: 9.065888e-04
0: MPIL GPU-Aware NUMA-Aware Dissemination Time: 1.055464e-03
0: CopyToCPU PMPI Allreduce Time: 1.342502e-04
0: MPIL CopyToCPU Recursive Doubling Time: 1.287073e-04
0: MPIL CopyToCPU Node-Aware Dissemination Time: 3.018470e-04
0: MPIL CopyToCPU NUMA-Aware Dissemination Time: 1.651386e-04
0: MPIL CopyToCPU RADIX-3 Dissemination Time: 1.053408e-04
0: MPIL CopyToCPU RADIX-4 Dissemination Time: 8.804829e-05
0: MPIL CopyToCPU RADIX-5 Dissemination Time: 9.751540e-05
0: MPIL CopyToCPU RADIX-6 Dissemination Time: 1.042050e-04
0: MPIL CopyToCPU RADIX-7 Dissemination Time: 1.122825e-04
0: MPIL CopyToCPU RADIX-8 Dissemination Time: 1.104333e-04
0: MPIL CopyToCPU RADIX-9 Dissemination Time: 1.111654e-04
0: MPIL CopyToCPU RADIX-10 Dissemination Time: 1.139674e-04
0: MPIL CopyToCPU RADIX-11 Dissemination Time: 1.158597e-04
0: MPIL CopyToCPU RADIX-12 Dissemination Time: 1.241017e-04
0: MPIL CopyToCPU RADIX-13 Dissemination Time: 1.152832e-04
0: MPIL CopyToCPU RADIX-14 Dissemination Time: 1.191369e-04
0: Testing Size 2048
0: PMPI Allreduce Time: 2.679311e-04
0: MPIL GPU-Aware Recursive Doubling Time: 2.649398e-04
0: MPIL GPU-Aware Node-Aware Dissemination Time: 1.414700e-03
0: MPIL GPU-Aware NUMA-Aware Dissemination Time: 1.884517e-03
0: CopyToCPU PMPI Allreduce Time: 1.917407e-04
0: MPIL CopyToCPU Recursive Doubling Time: 2.016756e-04
0: MPIL CopyToCPU Node-Aware Dissemination Time: 4.030919e-04
0: MPIL CopyToCPU NUMA-Aware Dissemination Time: 2.913748e-04
0: MPIL CopyToCPU RADIX-3 Dissemination Time: 1.603532e-04
0: MPIL CopyToCPU RADIX-4 Dissemination Time: 1.282824e-04
0: MPIL CopyToCPU RADIX-5 Dissemination Time: 1.399380e-04
0: MPIL CopyToCPU RADIX-6 Dissemination Time: 1.529640e-04
0: MPIL CopyToCPU RADIX-7 Dissemination Time: 1.529830e-04
0: MPIL CopyToCPU RADIX-8 Dissemination Time: 1.584843e-04
0: MPIL CopyToCPU RADIX-9 Dissemination Time: 1.639603e-04
0: MPIL CopyToCPU RADIX-10 Dissemination Time: 1.639840e-04
0: MPIL CopyToCPU RADIX-11 Dissemination Time: 1.590072e-04
0: MPIL CopyToCPU RADIX-12 Dissemination Time: 1.513089e-04
0: MPIL CopyToCPU RADIX-13 Dissemination Time: 1.583360e-04
0: MPIL CopyToCPU RADIX-14 Dissemination Time: 1.642387e-04
0: Testing Size 4096
0: PMPI Allreduce Time: 2.807437e-04
0: MPIL GPU-Aware Recursive Doubling Time: 2.796337e-04
0: MPIL GPU-Aware Node-Aware Dissemination Time: 2.117199e-03
0: MPIL GPU-Aware NUMA-Aware Dissemination Time: 2.652238e-03
0: CopyToCPU PMPI Allreduce Time: 2.885383e-04
0: MPIL CopyToCPU Recursive Doubling Time: 3.698063e-04
0: MPIL CopyToCPU Node-Aware Dissemination Time: 6.944126e-04
0: MPIL CopyToCPU NUMA-Aware Dissemination Time: 5.112264e-04
0: MPIL CopyToCPU RADIX-3 Dissemination Time: 2.964075e-04
0: MPIL CopyToCPU RADIX-4 Dissemination Time: 2.298229e-04
0: MPIL CopyToCPU RADIX-5 Dissemination Time: 2.602397e-04
0: MPIL CopyToCPU RADIX-6 Dissemination Time: 2.678045e-04
0: MPIL CopyToCPU RADIX-7 Dissemination Time: 2.818803e-04
0: MPIL CopyToCPU RADIX-8 Dissemination Time: 2.943056e-04
0: MPIL CopyToCPU RADIX-9 Dissemination Time: 3.054623e-04
0: MPIL CopyToCPU RADIX-10 Dissemination Time: 3.027385e-04
0: MPIL CopyToCPU RADIX-11 Dissemination Time: 3.023944e-04
0: MPIL CopyToCPU RADIX-12 Dissemination Time: 2.842855e-04
0: MPIL CopyToCPU RADIX-13 Dissemination Time: 3.013279e-04
0: MPIL CopyToCPU RADIX-14 Dissemination Time: 3.153889e-04
0: Testing Size 8192
0: PMPI Allreduce Time: 2.846831e-04
0: MPIL GPU-Aware Recursive Doubling Time: 2.837601e-04
0: MPIL GPU-Aware Node-Aware Dissemination Time: 2.596840e-03
0: MPIL GPU-Aware NUMA-Aware Dissemination Time: 4.013769e-03
0: CopyToCPU PMPI Allreduce Time: 4.725535e-04
0: MPIL CopyToCPU Recursive Doubling Time: 6.017774e-04
0: MPIL CopyToCPU Node-Aware Dissemination Time: 1.208301e-03
0: MPIL CopyToCPU NUMA-Aware Dissemination Time: 6.952939e-04
0: MPIL CopyToCPU RADIX-3 Dissemination Time: 5.141143e-04
0: MPIL CopyToCPU RADIX-4 Dissemination Time: 4.019554e-04
0: MPIL CopyToCPU RADIX-5 Dissemination Time: 4.519863e-04
0: MPIL CopyToCPU RADIX-6 Dissemination Time: 4.535614e-04
0: MPIL CopyToCPU RADIX-7 Dissemination Time: 4.906133e-04
0: MPIL CopyToCPU RADIX-8 Dissemination Time: 5.155228e-04
0: MPIL CopyToCPU RADIX-9 Dissemination Time: 5.410211e-04
0: MPIL CopyToCPU RADIX-10 Dissemination Time: 5.343948e-04
0: MPIL CopyToCPU RADIX-11 Dissemination Time: 5.322623e-04
0: MPIL CopyToCPU RADIX-12 Dissemination Time: 4.931552e-04
0: MPIL CopyToCPU RADIX-13 Dissemination Time: 5.290552e-04
0: MPIL CopyToCPU RADIX-14 Dissemination Time: 5.397105e-04
0: Testing Size 16384
0: PMPI Allreduce Time: 2.950385e-04
0: MPIL GPU-Aware Recursive Doubling Time: 2.938190e-04
0: MPIL GPU-Aware Node-Aware Dissemination Time: 3.446378e-03
0: MPIL GPU-Aware NUMA-Aware Dissemination Time: 3.595842e-03
0: CopyToCPU PMPI Allreduce Time: 8.398594e-04
0: MPIL CopyToCPU Recursive Doubling Time: 1.075716e-03
0: MPIL CopyToCPU Node-Aware Dissemination Time: 2.256664e-03
0: MPIL CopyToCPU NUMA-Aware Dissemination Time: 1.549512e-03
0: MPIL CopyToCPU RADIX-3 Dissemination Time: 8.712414e-04
0: MPIL CopyToCPU RADIX-4 Dissemination Time: 7.316880e-04
0: MPIL CopyToCPU RADIX-5 Dissemination Time: 8.260920e-04
0: MPIL CopyToCPU RADIX-6 Dissemination Time: 8.179885e-04
0: MPIL CopyToCPU RADIX-7 Dissemination Time: 8.863781e-04
0: MPIL CopyToCPU RADIX-8 Dissemination Time: 9.328049e-04
0: MPIL CopyToCPU RADIX-9 Dissemination Time: 1.001051e-03
0: MPIL CopyToCPU RADIX-10 Dissemination Time: 1.006268e-03
0: MPIL CopyToCPU RADIX-11 Dissemination Time: 9.831024e-04
0: MPIL CopyToCPU RADIX-12 Dissemination Time: 9.232047e-04
0: MPIL CopyToCPU RADIX-13 Dissemination Time: 2.311609e-03
0: MPIL CopyToCPU RADIX-14 Dissemination Time: 1.010828e-03
0: Testing Size 32768
0: PMPI Allreduce Time: 3.100778e-04
0: MPIL GPU-Aware Recursive Doubling Time: 3.082133e-04
0: MPIL GPU-Aware Node-Aware Dissemination Time: 1.176999e-02
0: MPIL GPU-Aware NUMA-Aware Dissemination Time: 4.626206e-03
0: CopyToCPU PMPI Allreduce Time: 1.587745e-03
0: MPIL CopyToCPU Recursive Doubling Time: 1.909462e-03
0: MPIL CopyToCPU Node-Aware Dissemination Time: 4.404474e-03
0: MPIL CopyToCPU NUMA-Aware Dissemination Time: 2.520505e-03
0: MPIL CopyToCPU RADIX-3 Dissemination Time: 1.643682e-03
0: MPIL CopyToCPU RADIX-4 Dissemination Time: 1.377187e-03
0: MPIL CopyToCPU RADIX-5 Dissemination Time: 1.567457e-03
0: MPIL CopyToCPU RADIX-6 Dissemination Time: 1.546371e-03
0: MPIL CopyToCPU RADIX-7 Dissemination Time: 1.645709e-03
0: MPIL CopyToCPU RADIX-8 Dissemination Time: 1.739560e-03
0: MPIL CopyToCPU RADIX-9 Dissemination Time: 1.863992e-03
0: MPIL CopyToCPU RADIX-10 Dissemination Time: 1.869438e-03
0: MPIL CopyToCPU RADIX-11 Dissemination Time: 1.760139e-03
0: MPIL CopyToCPU RADIX-12 Dissemination Time: 1.810375e-03
0: MPIL CopyToCPU RADIX-13 Dissemination Time: 1.890791e-03
0: MPIL CopyToCPU RADIX-14 Dissemination Time: 1.968732e-03
0: Testing Size 65536
0: PMPI Allreduce Time: 3.616508e-04
0: MPIL GPU-Aware Recursive Doubling Time: 3.525282e-04
0: MPIL GPU-Aware Node-Aware Dissemination Time: 1.430935e-02
0: MPIL GPU-Aware NUMA-Aware Dissemination Time: 7.317749e-03
0: CopyToCPU PMPI Allreduce Time: 2.600299e-03
0: MPIL CopyToCPU Recursive Doubling Time: 3.694432e-03
0: MPIL CopyToCPU Node-Aware Dissemination Time: 7.270986e-03
0: MPIL CopyToCPU NUMA-Aware Dissemination Time: 4.545451e-03
0: MPIL CopyToCPU RADIX-3 Dissemination Time: 3.175710e-03
0: MPIL CopyToCPU RADIX-4 Dissemination Time: 2.696613e-03
0: MPIL CopyToCPU RADIX-5 Dissemination Time: 3.039275e-03
0: MPIL CopyToCPU RADIX-6 Dissemination Time: 3.020318e-03
0: MPIL CopyToCPU RADIX-7 Dissemination Time: 3.116388e-03
0: MPIL CopyToCPU RADIX-8 Dissemination Time: 3.251596e-03
0: MPIL CopyToCPU RADIX-9 Dissemination Time: 3.460957e-03
0: MPIL CopyToCPU RADIX-10 Dissemination Time: 3.359358e-03
0: MPIL CopyToCPU RADIX-11 Dissemination Time: 3.391911e-03
0: MPIL CopyToCPU RADIX-12 Dissemination Time: 3.495018e-03
0: MPIL CopyToCPU RADIX-13 Dissemination Time: 3.631211e-03
0: MPIL CopyToCPU RADIX-14 Dissemination Time: 3.775118e-03
0: Testing Size 131072
0: PMPI Allreduce Time: 4.321029e-04
0: MPIL GPU-Aware Recursive Doubling Time: 4.301822e-04
0: MPIL GPU-Aware Node-Aware Dissemination Time: 2.364499e-02
0: MPIL GPU-Aware NUMA-Aware Dissemination Time: 1.542811e-02
0: CopyToCPU PMPI Allreduce Time: 5.358414e-03
0: MPIL CopyToCPU Recursive Doubling Time: 6.327054e-03
0: MPIL CopyToCPU Node-Aware Dissemination Time: 1.400395e-02
0: MPIL CopyToCPU NUMA-Aware Dissemination Time: 8.738257e-03
0: MPIL CopyToCPU RADIX-3 Dissemination Time: 6.162179e-03
0: MPIL CopyToCPU RADIX-4 Dissemination Time: 5.269961e-03
0: MPIL CopyToCPU RADIX-5 Dissemination Time: 5.779481e-03
0: MPIL CopyToCPU RADIX-6 Dissemination Time: 5.797450e-03
0: MPIL CopyToCPU RADIX-7 Dissemination Time: 5.919097e-03
0: MPIL CopyToCPU RADIX-8 Dissemination Time: 6.137873e-03
0: MPIL CopyToCPU RADIX-9 Dissemination Time: 6.554806e-03
0: MPIL CopyToCPU RADIX-10 Dissemination Time: 6.453409e-03
0: MPIL CopyToCPU RADIX-11 Dissemination Time: 6.530802e-03
0: MPIL CopyToCPU RADIX-12 Dissemination Time: 6.661931e-03
0: MPIL CopyToCPU RADIX-13 Dissemination Time: 6.823788e-03
0: MPIL CopyToCPU RADIX-14 Dissemination Time: 7.100642e-03
0: Testing Size 262144
0: PMPI Allreduce Time: 5.934503e-04
0: MPIL GPU-Aware Recursive Doubling Time: 5.929165e-04
0: MPIL GPU-Aware Node-Aware Dissemination Time: 3.982335e-02
0: MPIL GPU-Aware NUMA-Aware Dissemination Time: 3.079328e-02
0: CopyToCPU PMPI Allreduce Time: 1.011908e-02
0: MPIL CopyToCPU Recursive Doubling Time: 1.364577e-02
0: MPIL CopyToCPU Node-Aware Dissemination Time: 2.609828e-02
0: MPIL CopyToCPU NUMA-Aware Dissemination Time: 1.699022e-02
0: MPIL CopyToCPU RADIX-3 Dissemination Time: 1.227407e-02
0: MPIL CopyToCPU RADIX-4 Dissemination Time: 1.034502e-02
0: MPIL CopyToCPU RADIX-5 Dissemination Time: 1.130266e-02
0: MPIL CopyToCPU RADIX-6 Dissemination Time: 1.122280e-02
0: MPIL CopyToCPU RADIX-7 Dissemination Time: 1.158456e-02
0: MPIL CopyToCPU RADIX-8 Dissemination Time: 1.196285e-02
0: MPIL CopyToCPU RADIX-9 Dissemination Time: 1.280524e-02
0: MPIL CopyToCPU RADIX-10 Dissemination Time: 1.243226e-02
0: MPIL CopyToCPU RADIX-11 Dissemination Time: 1.286810e-02
0: MPIL CopyToCPU RADIX-12 Dissemination Time: 1.332958e-02
0: MPIL CopyToCPU RADIX-13 Dissemination Time: 1.385602e-02
0: MPIL CopyToCPU RADIX-14 Dissemination Time: 1.441717e-02
0: Testing Size 524288
0: PMPI Allreduce Time: 9.102223e-04
0: MPIL GPU-Aware Recursive Doubling Time: 9.097427e-04
0: MPIL GPU-Aware Node-Aware Dissemination Time: 7.289390e-02
0: MPIL GPU-Aware NUMA-Aware Dissemination Time: 5.775327e-02
0: CopyToCPU PMPI Allreduce Time: 2.115327e-02
0: MPIL CopyToCPU Recursive Doubling Time: 2.622195e-02
0: MPIL CopyToCPU Node-Aware Dissemination Time: 5.438479e-02
0: MPIL CopyToCPU NUMA-Aware Dissemination Time: 3.352236e-02
0: MPIL CopyToCPU RADIX-3 Dissemination Time: 2.422283e-02
0: MPIL CopyToCPU RADIX-4 Dissemination Time: 2.038024e-02
0: MPIL CopyToCPU RADIX-5 Dissemination Time: 2.137906e-02
0: MPIL CopyToCPU RADIX-6 Dissemination Time: 2.060944e-02
0: MPIL CopyToCPU RADIX-7 Dissemination Time: 2.153893e-02
0: MPIL CopyToCPU RADIX-8 Dissemination Time: 3.008029e-02
0: MPIL CopyToCPU RADIX-9 Dissemination Time: 3.198732e-02
0: MPIL CopyToCPU RADIX-10 Dissemination Time: 3.299792e-02
0: MPIL CopyToCPU RADIX-11 Dissemination Time: 3.405589e-02
0: MPIL CopyToCPU RADIX-12 Dissemination Time: 3.550795e-02
0: MPIL CopyToCPU RADIX-13 Dissemination Time: 3.645234e-02
0: MPIL CopyToCPU RADIX-14 Dissemination Time: 3.783111e-02
0: 
0: MPICH Slingshot Network Summary: 1 network timeouts
0: 
