0: Testing Size 1
0: PMPI Allreduce Time: 1.918402e-05
0: MPIL GPU-Aware Recursive Doubling Time: 1.896768e-05
0: MPIL GPU-Aware Node-Aware Dissemination Time: 6.570294e-05
0: MPIL GPU-Aware NUMA-Aware Dissemination Time: 2.116643e-04
0: CopyToCPU PMPI Allreduce Time: 1.951786e-05
0: MPIL CopyToCPU Recursive Doubling Time: 2.074826e-05
0: MPIL CopyToCPU Node-Aware Dissemination Time: 2.289025e-05
0: MPIL CopyToCPU NUMA-Aware Dissemination Time: 1.575202e-05
0: MPIL CopyToCPU RADIX-3 Dissemination Time: 2.121794e-05
0: MPIL CopyToCPU RADIX-4 Dissemination Time: 2.075072e-05
0: MPIL CopyToCPU RADIX-5 Dissemination Time: 2.186476e-05
0: MPIL CopyToCPU RADIX-6 Dissemination Time: 2.349426e-05
0: MPIL CopyToCPU RADIX-7 Dissemination Time: 2.353289e-05
0: MPIL CopyToCPU RADIX-8 Dissemination Time: 2.569622e-05
0: MPIL CopyToCPU RADIX-9 Dissemination Time: 2.736170e-05
0: MPIL CopyToCPU RADIX-10 Dissemination Time: 2.634569e-05
0: MPIL CopyToCPU RADIX-11 Dissemination Time: 2.687186e-05
0: MPIL CopyToCPU RADIX-12 Dissemination Time: 2.507980e-05
0: MPIL CopyToCPU RADIX-13 Dissemination Time: 2.678381e-05
0: MPIL CopyToCPU RADIX-14 Dissemination Time: 3.017849e-05
0: Testing Size 2
0: PMPI Allreduce Time: 1.929952e-05
0: MPIL GPU-Aware Recursive Doubling Time: 1.923952e-05
0: MPIL GPU-Aware Node-Aware Dissemination Time: 6.522442e-05
0: MPIL GPU-Aware NUMA-Aware Dissemination Time: 2.109166e-04
0: CopyToCPU PMPI Allreduce Time: 1.957180e-05
0: MPIL CopyToCPU Recursive Doubling Time: 2.005811e-05
0: MPIL CopyToCPU Node-Aware Dissemination Time: 2.276055e-05
0: MPIL CopyToCPU NUMA-Aware Dissemination Time: 1.534133e-05
0: MPIL CopyToCPU RADIX-3 Dissemination Time: 2.155209e-05
0: MPIL CopyToCPU RADIX-4 Dissemination Time: 2.108431e-05
0: MPIL CopyToCPU RADIX-5 Dissemination Time: 2.202620e-05
0: MPIL CopyToCPU RADIX-6 Dissemination Time: 2.365458e-05
0: MPIL CopyToCPU RADIX-7 Dissemination Time: 2.354310e-05
0: MPIL CopyToCPU RADIX-8 Dissemination Time: 2.552934e-05
0: MPIL CopyToCPU RADIX-9 Dissemination Time: 2.735222e-05
0: MPIL CopyToCPU RADIX-10 Dissemination Time: 2.651174e-05
0: MPIL CopyToCPU RADIX-11 Dissemination Time: 2.692185e-05
0: MPIL CopyToCPU RADIX-12 Dissemination Time: 2.516343e-05
0: MPIL CopyToCPU RADIX-13 Dissemination Time: 2.636494e-05
0: MPIL CopyToCPU RADIX-14 Dissemination Time: 2.985504e-05
0: Testing Size 4
0: PMPI Allreduce Time: 1.950746e-05
0: MPIL GPU-Aware Recursive Doubling Time: 1.945316e-05
0: MPIL GPU-Aware Node-Aware Dissemination Time: 6.863197e-05
0: MPIL GPU-Aware NUMA-Aware Dissemination Time: 2.124472e-04
0: CopyToCPU PMPI Allreduce Time: 1.981131e-05
0: MPIL CopyToCPU Recursive Doubling Time: 1.996665e-05
0: MPIL CopyToCPU Node-Aware Dissemination Time: 2.291408e-05
0: MPIL CopyToCPU NUMA-Aware Dissemination Time: 1.556192e-05
0: MPIL CopyToCPU RADIX-3 Dissemination Time: 2.146205e-05
0: MPIL CopyToCPU RADIX-4 Dissemination Time: 2.106503e-05
0: MPIL CopyToCPU RADIX-5 Dissemination Time: 2.193608e-05
0: MPIL CopyToCPU RADIX-6 Dissemination Time: 2.348517e-05
0: MPIL CopyToCPU RADIX-7 Dissemination Time: 2.354585e-05
0: MPIL CopyToCPU RADIX-8 Dissemination Time: 2.551343e-05
0: MPIL CopyToCPU RADIX-9 Dissemination Time: 2.733848e-05
0: MPIL CopyToCPU RADIX-10 Dissemination Time: 2.586634e-05
0: MPIL CopyToCPU RADIX-11 Dissemination Time: 2.678799e-05
0: MPIL CopyToCPU RADIX-12 Dissemination Time: 2.542947e-05
0: MPIL CopyToCPU RADIX-13 Dissemination Time: 2.626586e-05
0: MPIL CopyToCPU RADIX-14 Dissemination Time: 2.999457e-05
0: Testing Size 8
0: PMPI Allreduce Time: 1.981863e-05
0: MPIL GPU-Aware Recursive Doubling Time: 1.976796e-05
0: MPIL GPU-Aware Node-Aware Dissemination Time: 6.820348e-05
0: MPIL GPU-Aware NUMA-Aware Dissemination Time: 2.112761e-04
0: CopyToCPU PMPI Allreduce Time: 1.947820e-05
0: MPIL CopyToCPU Recursive Doubling Time: 2.195808e-05
0: MPIL CopyToCPU Node-Aware Dissemination Time: 2.294463e-05
0: MPIL CopyToCPU NUMA-Aware Dissemination Time: 1.598557e-05
0: MPIL CopyToCPU RADIX-3 Dissemination Time: 2.264494e-05
0: MPIL CopyToCPU RADIX-4 Dissemination Time: 2.221530e-05
0: MPIL CopyToCPU RADIX-5 Dissemination Time: 2.302616e-05
0: MPIL CopyToCPU RADIX-6 Dissemination Time: 2.476618e-05
0: MPIL CopyToCPU RADIX-7 Dissemination Time: 2.516192e-05
0: MPIL CopyToCPU RADIX-8 Dissemination Time: 2.758487e-05
0: MPIL CopyToCPU RADIX-9 Dissemination Time: 2.965173e-05
0: MPIL CopyToCPU RADIX-10 Dissemination Time: 2.725127e-05
0: MPIL CopyToCPU RADIX-11 Dissemination Time: 2.849481e-05
0: MPIL CopyToCPU RADIX-12 Dissemination Time: 2.779395e-05
0: MPIL CopyToCPU RADIX-13 Dissemination Time: 2.780982e-05
0: MPIL CopyToCPU RADIX-14 Dissemination Time: 3.205026e-05
0: Testing Size 16
0: PMPI Allreduce Time: 2.045953e-05
0: MPIL GPU-Aware Recursive Doubling Time: 2.048345e-05
0: MPIL GPU-Aware Node-Aware Dissemination Time: 6.994263e-05
0: MPIL GPU-Aware NUMA-Aware Dissemination Time: 2.113204e-04
0: CopyToCPU PMPI Allreduce Time: 2.059950e-05
0: MPIL CopyToCPU Recursive Doubling Time: 2.326386e-05
0: MPIL CopyToCPU Node-Aware Dissemination Time: 2.329772e-05
0: MPIL CopyToCPU NUMA-Aware Dissemination Time: 1.737863e-05
0: MPIL CopyToCPU RADIX-3 Dissemination Time: 2.330272e-05
0: MPIL CopyToCPU RADIX-4 Dissemination Time: 2.347490e-05
0: MPIL CopyToCPU RADIX-5 Dissemination Time: 2.451094e-05
0: MPIL CopyToCPU RADIX-6 Dissemination Time: 2.626346e-05
0: MPIL CopyToCPU RADIX-7 Dissemination Time: 2.695527e-05
0: MPIL CopyToCPU RADIX-8 Dissemination Time: 2.892691e-05
0: MPIL CopyToCPU RADIX-9 Dissemination Time: 3.081448e-05
0: MPIL CopyToCPU RADIX-10 Dissemination Time: 2.887353e-05
0: MPIL CopyToCPU RADIX-11 Dissemination Time: 2.999779e-05
0: MPIL CopyToCPU RADIX-12 Dissemination Time: 2.920709e-05
0: MPIL CopyToCPU RADIX-13 Dissemination Time: 2.931104e-05
0: MPIL CopyToCPU RADIX-14 Dissemination Time: 3.391967e-05
0: Testing Size 32
0: PMPI Allreduce Time: 2.832475e-05
0: MPIL GPU-Aware Recursive Doubling Time: 2.818163e-05
0: MPIL GPU-Aware Node-Aware Dissemination Time: 7.165333e-05
0: MPIL GPU-Aware NUMA-Aware Dissemination Time: 2.102483e-04
0: CopyToCPU PMPI Allreduce Time: 2.430338e-05
0: MPIL CopyToCPU Recursive Doubling Time: 2.822978e-05
0: MPIL CopyToCPU Node-Aware Dissemination Time: 2.563460e-05
0: MPIL CopyToCPU NUMA-Aware Dissemination Time: 2.100228e-05
0: MPIL CopyToCPU RADIX-3 Dissemination Time: 2.864380e-05
0: MPIL CopyToCPU RADIX-4 Dissemination Time: 2.717887e-05
0: MPIL CopyToCPU RADIX-5 Dissemination Time: 2.876074e-05
0: MPIL CopyToCPU RADIX-6 Dissemination Time: 3.101888e-05
0: MPIL CopyToCPU RADIX-7 Dissemination Time: 2.968410e-05
0: MPIL CopyToCPU RADIX-8 Dissemination Time: 3.272453e-05
0: MPIL CopyToCPU RADIX-9 Dissemination Time: 3.364562e-05
0: MPIL CopyToCPU RADIX-10 Dissemination Time: 3.259368e-05
0: MPIL CopyToCPU RADIX-11 Dissemination Time: 3.399997e-05
0: MPIL CopyToCPU RADIX-12 Dissemination Time: 3.108806e-05
0: MPIL CopyToCPU RADIX-13 Dissemination Time: 3.310934e-05
0: MPIL CopyToCPU RADIX-14 Dissemination Time: 3.744478e-05
0: Testing Size 64
0: PMPI Allreduce Time: 2.852761e-05
0: MPIL GPU-Aware Recursive Doubling Time: 2.845265e-05
0: MPIL GPU-Aware Node-Aware Dissemination Time: 8.595476e-05
0: MPIL GPU-Aware NUMA-Aware Dissemination Time: 2.122788e-04
0: CopyToCPU PMPI Allreduce Time: 2.780343e-05
0: MPIL CopyToCPU Recursive Doubling Time: 2.870963e-05
0: MPIL CopyToCPU Node-Aware Dissemination Time: 2.834220e-05
0: MPIL CopyToCPU NUMA-Aware Dissemination Time: 2.798786e-05
0: MPIL CopyToCPU RADIX-3 Dissemination Time: 2.944182e-05
0: MPIL CopyToCPU RADIX-4 Dissemination Time: 2.773917e-05
0: MPIL CopyToCPU RADIX-5 Dissemination Time: 2.936949e-05
0: MPIL CopyToCPU RADIX-6 Dissemination Time: 3.151011e-05
0: MPIL CopyToCPU RADIX-7 Dissemination Time: 3.017236e-05
0: MPIL CopyToCPU RADIX-8 Dissemination Time: 3.285864e-05
0: MPIL CopyToCPU RADIX-9 Dissemination Time: 3.453884e-05
0: MPIL CopyToCPU RADIX-10 Dissemination Time: 3.324935e-05
0: MPIL CopyToCPU RADIX-11 Dissemination Time: 3.488364e-05
0: MPIL CopyToCPU RADIX-12 Dissemination Time: 3.167825e-05
0: MPIL CopyToCPU RADIX-13 Dissemination Time: 3.380448e-05
0: MPIL CopyToCPU RADIX-14 Dissemination Time: 3.857774e-05
0: Testing Size 128
0: PMPI Allreduce Time: 4.574917e-05
0: MPIL GPU-Aware Recursive Doubling Time: 4.579858e-05
0: MPIL GPU-Aware Node-Aware Dissemination Time: 1.078519e-04
0: MPIL GPU-Aware NUMA-Aware Dissemination Time: 1.602624e-04
0: CopyToCPU PMPI Allreduce Time: 4.458851e-05
0: MPIL CopyToCPU Recursive Doubling Time: 4.723696e-05
0: MPIL CopyToCPU Node-Aware Dissemination Time: 7.369158e-05
0: MPIL CopyToCPU NUMA-Aware Dissemination Time: 4.874949e-05
0: MPIL CopyToCPU RADIX-3 Dissemination Time: 4.037562e-05
0: MPIL CopyToCPU RADIX-4 Dissemination Time: 3.970109e-05
0: MPIL CopyToCPU RADIX-5 Dissemination Time: 4.288526e-05
0: MPIL CopyToCPU RADIX-6 Dissemination Time: 4.444978e-05
0: MPIL CopyToCPU RADIX-7 Dissemination Time: 4.447603e-05
0: MPIL CopyToCPU RADIX-8 Dissemination Time: 4.688214e-05
0: MPIL CopyToCPU RADIX-9 Dissemination Time: 4.798989e-05
0: MPIL CopyToCPU RADIX-10 Dissemination Time: 4.983274e-05
0: MPIL CopyToCPU RADIX-11 Dissemination Time: 4.993023e-05
0: MPIL CopyToCPU RADIX-12 Dissemination Time: 4.583116e-05
0: MPIL CopyToCPU RADIX-13 Dissemination Time: 4.859318e-05
0: MPIL CopyToCPU RADIX-14 Dissemination Time: 5.285073e-05
0: Testing Size 256
0: PMPI Allreduce Time: 5.454461e-05
0: MPIL GPU-Aware Recursive Doubling Time: 5.456540e-05
0: MPIL GPU-Aware Node-Aware Dissemination Time: 1.265365e-04
0: MPIL GPU-Aware NUMA-Aware Dissemination Time: 1.547542e-04
0: CopyToCPU PMPI Allreduce Time: 5.626529e-05
0: MPIL CopyToCPU Recursive Doubling Time: 5.852275e-05
0: MPIL CopyToCPU Node-Aware Dissemination Time: 1.024005e-04
0: MPIL CopyToCPU NUMA-Aware Dissemination Time: 6.436945e-05
0: MPIL CopyToCPU RADIX-3 Dissemination Time: 4.541244e-05
0: MPIL CopyToCPU RADIX-4 Dissemination Time: 4.405196e-05
0: MPIL CopyToCPU RADIX-5 Dissemination Time: 4.910550e-05
0: MPIL CopyToCPU RADIX-6 Dissemination Time: 5.353849e-05
0: MPIL CopyToCPU RADIX-7 Dissemination Time: 5.264964e-05
0: MPIL CopyToCPU RADIX-8 Dissemination Time: 6.296104e-05
0: MPIL CopyToCPU RADIX-9 Dissemination Time: 6.944267e-05
0: MPIL CopyToCPU RADIX-10 Dissemination Time: 5.923839e-05
0: MPIL CopyToCPU RADIX-11 Dissemination Time: 6.305682e-05
0: MPIL CopyToCPU RADIX-12 Dissemination Time: 5.368318e-05
0: MPIL CopyToCPU RADIX-13 Dissemination Time: 5.475895e-05
0: MPIL CopyToCPU RADIX-14 Dissemination Time: 6.450335e-05
0: Testing Size 512
0: PMPI Allreduce Time: 7.219747e-05
0: MPIL GPU-Aware Recursive Doubling Time: 7.215770e-05
0: MPIL GPU-Aware Node-Aware Dissemination Time: 1.458267e-04
0: MPIL GPU-Aware NUMA-Aware Dissemination Time: 1.628462e-04
0: CopyToCPU PMPI Allreduce Time: 7.087378e-05
0: MPIL CopyToCPU Recursive Doubling Time: 6.983822e-05
0: MPIL CopyToCPU Node-Aware Dissemination Time: 1.286948e-04
0: MPIL CopyToCPU NUMA-Aware Dissemination Time: 8.020554e-05
0: MPIL CopyToCPU RADIX-3 Dissemination Time: 5.672459e-05
0: MPIL CopyToCPU RADIX-4 Dissemination Time: 5.267686e-05
0: MPIL CopyToCPU RADIX-5 Dissemination Time: 5.682232e-05
0: MPIL CopyToCPU RADIX-6 Dissemination Time: 6.017062e-05
0: MPIL CopyToCPU RADIX-7 Dissemination Time: 6.168542e-05
0: MPIL CopyToCPU RADIX-8 Dissemination Time: 6.705506e-05
0: MPIL CopyToCPU RADIX-9 Dissemination Time: 7.192642e-05
0: MPIL CopyToCPU RADIX-10 Dissemination Time: 6.342688e-05
0: MPIL CopyToCPU RADIX-11 Dissemination Time: 6.488950e-05
0: MPIL CopyToCPU RADIX-12 Dissemination Time: 5.606866e-05
0: MPIL CopyToCPU RADIX-13 Dissemination Time: 5.950944e-05
0: MPIL CopyToCPU RADIX-14 Dissemination Time: 6.898605e-05
0: Testing Size 1024
0: PMPI Allreduce Time: 1.540591e-04
0: MPIL GPU-Aware Recursive Doubling Time: 1.528538e-04
0: MPIL GPU-Aware Node-Aware Dissemination Time: 4.143603e-04
0: MPIL GPU-Aware NUMA-Aware Dissemination Time: 7.461590e-04
0: CopyToCPU PMPI Allreduce Time: 1.067974e-04
0: MPIL CopyToCPU Recursive Doubling Time: 9.960639e-05
0: MPIL CopyToCPU Node-Aware Dissemination Time: 1.895695e-04
0: MPIL CopyToCPU NUMA-Aware Dissemination Time: 1.250521e-04
0: MPIL CopyToCPU RADIX-3 Dissemination Time: 8.070250e-05
0: MPIL CopyToCPU RADIX-4 Dissemination Time: 7.070690e-05
0: MPIL CopyToCPU RADIX-5 Dissemination Time: 8.022575e-05
0: MPIL CopyToCPU RADIX-6 Dissemination Time: 8.566384e-05
0: MPIL CopyToCPU RADIX-7 Dissemination Time: 8.412979e-05
0: MPIL CopyToCPU RADIX-8 Dissemination Time: 8.561993e-05
0: MPIL CopyToCPU RADIX-9 Dissemination Time: 8.784583e-05
0: MPIL CopyToCPU RADIX-10 Dissemination Time: 8.585065e-05
0: MPIL CopyToCPU RADIX-11 Dissemination Time: 8.345505e-05
0: MPIL CopyToCPU RADIX-12 Dissemination Time: 8.318184e-05
0: MPIL CopyToCPU RADIX-13 Dissemination Time: 7.942904e-05
0: MPIL CopyToCPU RADIX-14 Dissemination Time: 8.573634e-05
0: Testing Size 2048
0: PMPI Allreduce Time: 1.984205e-04
0: MPIL GPU-Aware Recursive Doubling Time: 1.959934e-04
0: MPIL GPU-Aware Node-Aware Dissemination Time: 8.024973e-04
0: MPIL GPU-Aware NUMA-Aware Dissemination Time: 1.285618e-03
0: CopyToCPU PMPI Allreduce Time: 1.554556e-04
0: MPIL CopyToCPU Recursive Doubling Time: 1.616149e-04
0: MPIL CopyToCPU Node-Aware Dissemination Time: 2.573751e-04
0: MPIL CopyToCPU NUMA-Aware Dissemination Time: 2.005839e-04
0: MPIL CopyToCPU RADIX-3 Dissemination Time: 1.300948e-04
0: MPIL CopyToCPU RADIX-4 Dissemination Time: 1.052813e-04
0: MPIL CopyToCPU RADIX-5 Dissemination Time: 1.140515e-04
0: MPIL CopyToCPU RADIX-6 Dissemination Time: 1.169932e-04
0: MPIL CopyToCPU RADIX-7 Dissemination Time: 1.223476e-04
0: MPIL CopyToCPU RADIX-8 Dissemination Time: 1.292144e-04
0: MPIL CopyToCPU RADIX-9 Dissemination Time: 1.303758e-04
0: MPIL CopyToCPU RADIX-10 Dissemination Time: 1.308077e-04
0: MPIL CopyToCPU RADIX-11 Dissemination Time: 1.277959e-04
0: MPIL CopyToCPU RADIX-12 Dissemination Time: 1.115195e-04
0: MPIL CopyToCPU RADIX-13 Dissemination Time: 1.191364e-04
0: MPIL CopyToCPU RADIX-14 Dissemination Time: 1.179710e-04
0: Testing Size 4096
0: PMPI Allreduce Time: 2.045719e-04
0: MPIL GPU-Aware Recursive Doubling Time: 2.031186e-04
0: MPIL GPU-Aware Node-Aware Dissemination Time: 8.000282e-04
0: MPIL GPU-Aware NUMA-Aware Dissemination Time: 1.773597e-03
0: CopyToCPU PMPI Allreduce Time: 2.462346e-04
0: MPIL CopyToCPU Recursive Doubling Time: 2.979417e-04
0: MPIL CopyToCPU Node-Aware Dissemination Time: 4.452950e-04
0: MPIL CopyToCPU NUMA-Aware Dissemination Time: 3.410757e-04
0: MPIL CopyToCPU RADIX-3 Dissemination Time: 2.255109e-04
0: MPIL CopyToCPU RADIX-4 Dissemination Time: 1.909646e-04
0: MPIL CopyToCPU RADIX-5 Dissemination Time: 1.999311e-04
0: MPIL CopyToCPU RADIX-6 Dissemination Time: 2.099912e-04
0: MPIL CopyToCPU RADIX-7 Dissemination Time: 2.143620e-04
0: MPIL CopyToCPU RADIX-8 Dissemination Time: 2.235027e-04
0: MPIL CopyToCPU RADIX-9 Dissemination Time: 2.272427e-04
0: MPIL CopyToCPU RADIX-10 Dissemination Time: 2.353578e-04
0: MPIL CopyToCPU RADIX-11 Dissemination Time: 2.326723e-04
0: MPIL CopyToCPU RADIX-12 Dissemination Time: 1.953022e-04
0: MPIL CopyToCPU RADIX-13 Dissemination Time: 2.111691e-04
0: MPIL CopyToCPU RADIX-14 Dissemination Time: 2.082414e-04
0: Testing Size 8192
0: PMPI Allreduce Time: 2.049975e-04
0: MPIL GPU-Aware Recursive Doubling Time: 2.043492e-04
0: MPIL GPU-Aware Node-Aware Dissemination Time: 1.177125e-03
0: MPIL GPU-Aware NUMA-Aware Dissemination Time: 2.422398e-03
0: CopyToCPU PMPI Allreduce Time: 4.216544e-04
0: MPIL CopyToCPU Recursive Doubling Time: 5.326573e-04
0: MPIL CopyToCPU Node-Aware Dissemination Time: 7.740820e-04
0: MPIL CopyToCPU NUMA-Aware Dissemination Time: 6.514555e-04
0: MPIL CopyToCPU RADIX-3 Dissemination Time: 4.035950e-04
0: MPIL CopyToCPU RADIX-4 Dissemination Time: 3.368894e-04
0: MPIL CopyToCPU RADIX-5 Dissemination Time: 3.490155e-04
0: MPIL CopyToCPU RADIX-6 Dissemination Time: 3.620975e-04
0: MPIL CopyToCPU RADIX-7 Dissemination Time: 3.730704e-04
0: MPIL CopyToCPU RADIX-8 Dissemination Time: 3.937700e-04
0: MPIL CopyToCPU RADIX-9 Dissemination Time: 4.049898e-04
0: MPIL CopyToCPU RADIX-10 Dissemination Time: 4.192441e-04
0: MPIL CopyToCPU RADIX-11 Dissemination Time: 4.159905e-04
0: MPIL CopyToCPU RADIX-12 Dissemination Time: 3.463414e-04
0: MPIL CopyToCPU RADIX-13 Dissemination Time: 3.574254e-04
0: MPIL CopyToCPU RADIX-14 Dissemination Time: 3.605082e-04
0: Testing Size 16384
0: PMPI Allreduce Time: 2.119147e-04
0: MPIL GPU-Aware Recursive Doubling Time: 2.109485e-04
0: MPIL GPU-Aware Node-Aware Dissemination Time: 1.469287e-03
0: MPIL GPU-Aware NUMA-Aware Dissemination Time: 2.920116e-03
0: CopyToCPU PMPI Allreduce Time: 7.832836e-04
0: MPIL CopyToCPU Recursive Doubling Time: 8.945157e-04
0: MPIL CopyToCPU Node-Aware Dissemination Time: 1.449118e-03
0: MPIL CopyToCPU NUMA-Aware Dissemination Time: 1.124044e-03
0: MPIL CopyToCPU RADIX-3 Dissemination Time: 7.572068e-04
0: MPIL CopyToCPU RADIX-4 Dissemination Time: 6.200354e-04
0: MPIL CopyToCPU RADIX-5 Dissemination Time: 6.439273e-04
0: MPIL CopyToCPU RADIX-6 Dissemination Time: 6.629024e-04
0: MPIL CopyToCPU RADIX-7 Dissemination Time: 6.928104e-04
0: MPIL CopyToCPU RADIX-8 Dissemination Time: 7.380336e-04
0: MPIL CopyToCPU RADIX-9 Dissemination Time: 7.671366e-04
0: MPIL CopyToCPU RADIX-10 Dissemination Time: 7.849055e-04
0: MPIL CopyToCPU RADIX-11 Dissemination Time: 7.667521e-04
0: MPIL CopyToCPU RADIX-12 Dissemination Time: 6.527809e-04
0: MPIL CopyToCPU RADIX-13 Dissemination Time: 6.693068e-04
0: MPIL CopyToCPU RADIX-14 Dissemination Time: 6.730021e-04
0: Testing Size 32768
0: PMPI Allreduce Time: 2.271735e-04
0: MPIL GPU-Aware Recursive Doubling Time: 2.260386e-04
0: MPIL GPU-Aware Node-Aware Dissemination Time: 6.565519e-03
0: MPIL GPU-Aware NUMA-Aware Dissemination Time: 3.477976e-03
0: CopyToCPU PMPI Allreduce Time: 1.434871e-03
0: MPIL CopyToCPU Recursive Doubling Time: 1.705887e-03
0: MPIL CopyToCPU Node-Aware Dissemination Time: 2.734735e-03
0: MPIL CopyToCPU NUMA-Aware Dissemination Time: 2.233862e-03
0: MPIL CopyToCPU RADIX-3 Dissemination Time: 1.434578e-03
0: MPIL CopyToCPU RADIX-4 Dissemination Time: 1.179579e-03
0: MPIL CopyToCPU RADIX-5 Dissemination Time: 1.223458e-03
0: MPIL CopyToCPU RADIX-6 Dissemination Time: 1.272895e-03
0: MPIL CopyToCPU RADIX-7 Dissemination Time: 1.348718e-03
0: MPIL CopyToCPU RADIX-8 Dissemination Time: 1.435064e-03
0: MPIL CopyToCPU RADIX-9 Dissemination Time: 1.493650e-03
0: MPIL CopyToCPU RADIX-10 Dissemination Time: 1.517855e-03
0: MPIL CopyToCPU RADIX-11 Dissemination Time: 1.466983e-03
0: MPIL CopyToCPU RADIX-12 Dissemination Time: 1.275972e-03
0: MPIL CopyToCPU RADIX-13 Dissemination Time: 1.294858e-03
0: MPIL CopyToCPU RADIX-14 Dissemination Time: 1.296925e-03
0: Testing Size 65536
0: PMPI Allreduce Time: 2.688386e-04
0: MPIL GPU-Aware Recursive Doubling Time: 2.681760e-04
0: MPIL GPU-Aware Node-Aware Dissemination Time: 7.492605e-03
0: MPIL GPU-Aware NUMA-Aware Dissemination Time: 5.387745e-03
0: CopyToCPU PMPI Allreduce Time: 2.430462e-03
0: MPIL CopyToCPU Recursive Doubling Time: 3.444792e-03
0: MPIL CopyToCPU Node-Aware Dissemination Time: 4.973625e-03
0: MPIL CopyToCPU NUMA-Aware Dissemination Time: 4.074437e-03
0: MPIL CopyToCPU RADIX-3 Dissemination Time: 2.851749e-03
0: MPIL CopyToCPU RADIX-4 Dissemination Time: 2.287743e-03
0: MPIL CopyToCPU RADIX-5 Dissemination Time: 2.395043e-03
0: MPIL CopyToCPU RADIX-6 Dissemination Time: 2.490152e-03
0: MPIL CopyToCPU RADIX-7 Dissemination Time: 2.564667e-03
0: MPIL CopyToCPU RADIX-8 Dissemination Time: 2.752259e-03
0: MPIL CopyToCPU RADIX-9 Dissemination Time: 2.895651e-03
0: MPIL CopyToCPU RADIX-10 Dissemination Time: 2.936590e-03
0: MPIL CopyToCPU RADIX-11 Dissemination Time: 2.856540e-03
0: MPIL CopyToCPU RADIX-12 Dissemination Time: 2.466842e-03
0: MPIL CopyToCPU RADIX-13 Dissemination Time: 2.476785e-03
0: MPIL CopyToCPU RADIX-14 Dissemination Time: 2.481503e-03
0: Testing Size 131072
0: PMPI Allreduce Time: 3.465996e-04
0: MPIL GPU-Aware Recursive Doubling Time: 3.467050e-04
0: MPIL GPU-Aware Node-Aware Dissemination Time: 1.037048e-02
0: MPIL GPU-Aware NUMA-Aware Dissemination Time: 1.196426e-02
0: CopyToCPU PMPI Allreduce Time: 5.199630e-03
0: MPIL CopyToCPU Recursive Doubling Time: 5.375078e-03
0: MPIL CopyToCPU Node-Aware Dissemination Time: 9.872446e-03
0: MPIL CopyToCPU NUMA-Aware Dissemination Time: 7.951436e-03
0: MPIL CopyToCPU RADIX-3 Dissemination Time: 5.486619e-03
0: MPIL CopyToCPU RADIX-4 Dissemination Time: 4.424873e-03
0: MPIL CopyToCPU RADIX-5 Dissemination Time: 4.653335e-03
0: MPIL CopyToCPU RADIX-6 Dissemination Time: 4.808135e-03
0: MPIL CopyToCPU RADIX-7 Dissemination Time: 4.323882e-03
0: MPIL CopyToCPU RADIX-8 Dissemination Time: 4.779325e-03
0: MPIL CopyToCPU RADIX-9 Dissemination Time: 5.062817e-03
0: MPIL CopyToCPU RADIX-10 Dissemination Time: 5.259122e-03
0: MPIL CopyToCPU RADIX-11 Dissemination Time: 5.048629e-03
0: MPIL CopyToCPU RADIX-12 Dissemination Time: 4.755642e-03
0: MPIL CopyToCPU RADIX-13 Dissemination Time: 4.702426e-03
0: MPIL CopyToCPU RADIX-14 Dissemination Time: 4.687482e-03
0: Testing Size 262144
0: PMPI Allreduce Time: 5.067979e-04
0: MPIL GPU-Aware Recursive Doubling Time: 5.063581e-04
0: MPIL GPU-Aware Node-Aware Dissemination Time: 1.611405e-02
0: MPIL GPU-Aware NUMA-Aware Dissemination Time: 2.287976e-02
0: CopyToCPU PMPI Allreduce Time: 9.386373e-03
0: MPIL CopyToCPU Recursive Doubling Time: 1.178692e-02
0: MPIL CopyToCPU Node-Aware Dissemination Time: 1.964888e-02
0: MPIL CopyToCPU NUMA-Aware Dissemination Time: 1.570379e-02
0: MPIL CopyToCPU RADIX-3 Dissemination Time: 1.114939e-02
0: MPIL CopyToCPU RADIX-4 Dissemination Time: 8.716540e-03
0: MPIL CopyToCPU RADIX-5 Dissemination Time: 9.097654e-03
0: MPIL CopyToCPU RADIX-6 Dissemination Time: 9.097654e-03
0: MPIL CopyToCPU RADIX-7 Dissemination Time: 9.756776e-03
0: MPIL CopyToCPU RADIX-8 Dissemination Time: 1.016498e-02
0: MPIL CopyToCPU RADIX-9 Dissemination Time: 1.093994e-02
0: MPIL CopyToCPU RADIX-10 Dissemination Time: 1.113085e-02
0: MPIL CopyToCPU RADIX-11 Dissemination Time: 1.085478e-02
0: MPIL CopyToCPU RADIX-12 Dissemination Time: 9.451790e-03
0: MPIL CopyToCPU RADIX-13 Dissemination Time: 9.508578e-03
0: MPIL CopyToCPU RADIX-14 Dissemination Time: 9.401449e-03
0: Testing Size 524288
0: PMPI Allreduce Time: 8.087983e-04
0: MPIL GPU-Aware Recursive Doubling Time: 8.081325e-04
0: MPIL GPU-Aware Node-Aware Dissemination Time: 2.795804e-02
0: MPIL GPU-Aware NUMA-Aware Dissemination Time: 4.270052e-02
0: CopyToCPU PMPI Allreduce Time: 1.980269e-02
0: MPIL CopyToCPU Recursive Doubling Time: 2.333808e-02
0: MPIL CopyToCPU Node-Aware Dissemination Time: 3.819998e-02
0: MPIL CopyToCPU NUMA-Aware Dissemination Time: 3.009849e-02
0: MPIL CopyToCPU RADIX-3 Dissemination Time: 2.164291e-02
0: MPIL CopyToCPU RADIX-4 Dissemination Time: 1.699778e-02
0: MPIL CopyToCPU RADIX-5 Dissemination Time: 1.718997e-02
0: MPIL CopyToCPU RADIX-6 Dissemination Time: 1.533893e-02
0: MPIL CopyToCPU RADIX-7 Dissemination Time: 1.909952e-02
0: MPIL CopyToCPU RADIX-8 Dissemination Time: 2.444285e-02
0: MPIL CopyToCPU RADIX-9 Dissemination Time: 2.574171e-02
0: MPIL CopyToCPU RADIX-10 Dissemination Time: 2.666380e-02
0: MPIL CopyToCPU RADIX-11 Dissemination Time: 2.735864e-02
0: MPIL CopyToCPU RADIX-12 Dissemination Time: 2.829534e-02
0: MPIL CopyToCPU RADIX-13 Dissemination Time: 2.831932e-02
0: MPIL CopyToCPU RADIX-14 Dissemination Time: 2.890267e-02
0: 
0: MPICH Slingshot Network Summary: 4 network timeouts
0: 
