0: Testing Size 1
0: PMPI Allreduce Time: 1.939209e-05
0: MPIL GPU-Aware Recursive Doubling Time: 1.917177e-05
0: MPIL GPU-Aware Node-Aware Dissemination Time: 7.968446e-05
0: MPIL GPU-Aware NUMA-Aware Dissemination Time: 2.081952e-04
0: CopyToCPU PMPI Allreduce Time: 1.984137e-05
0: MPIL CopyToCPU Recursive Doubling Time: 2.092012e-05
0: MPIL CopyToCPU Node-Aware Dissemination Time: 2.309712e-05
0: MPIL CopyToCPU NUMA-Aware Dissemination Time: 1.579294e-05
0: MPIL CopyToCPU RADIX-3 Dissemination Time: 2.100125e-05
0: MPIL CopyToCPU RADIX-4 Dissemination Time: 2.079562e-05
0: MPIL CopyToCPU RADIX-5 Dissemination Time: 2.168965e-05
0: MPIL CopyToCPU RADIX-6 Dissemination Time: 2.335658e-05
0: MPIL CopyToCPU RADIX-7 Dissemination Time: 2.337441e-05
0: MPIL CopyToCPU RADIX-8 Dissemination Time: 2.576782e-05
0: MPIL CopyToCPU RADIX-9 Dissemination Time: 2.740694e-05
0: MPIL CopyToCPU RADIX-10 Dissemination Time: 2.607711e-05
0: MPIL CopyToCPU RADIX-11 Dissemination Time: 2.683503e-05
0: MPIL CopyToCPU RADIX-12 Dissemination Time: 2.507413e-05
0: MPIL CopyToCPU RADIX-13 Dissemination Time: 2.679091e-05
0: MPIL CopyToCPU RADIX-14 Dissemination Time: 2.993352e-05
0: Testing Size 2
0: PMPI Allreduce Time: 1.930343e-05
0: MPIL GPU-Aware Recursive Doubling Time: 1.940799e-05
0: MPIL GPU-Aware Node-Aware Dissemination Time: 7.840283e-05
0: MPIL GPU-Aware NUMA-Aware Dissemination Time: 2.104218e-04
0: CopyToCPU PMPI Allreduce Time: 1.977974e-05
0: MPIL CopyToCPU Recursive Doubling Time: 2.012810e-05
0: MPIL CopyToCPU Node-Aware Dissemination Time: 2.285519e-05
0: MPIL CopyToCPU NUMA-Aware Dissemination Time: 1.546757e-05
0: MPIL CopyToCPU RADIX-3 Dissemination Time: 2.157214e-05
0: MPIL CopyToCPU RADIX-4 Dissemination Time: 2.121939e-05
0: MPIL CopyToCPU RADIX-5 Dissemination Time: 2.180942e-05
0: MPIL CopyToCPU RADIX-6 Dissemination Time: 2.361296e-05
0: MPIL CopyToCPU RADIX-7 Dissemination Time: 2.367290e-05
0: MPIL CopyToCPU RADIX-8 Dissemination Time: 2.557224e-05
0: MPIL CopyToCPU RADIX-9 Dissemination Time: 2.724236e-05
0: MPIL CopyToCPU RADIX-10 Dissemination Time: 2.627481e-05
0: MPIL CopyToCPU RADIX-11 Dissemination Time: 2.687990e-05
0: MPIL CopyToCPU RADIX-12 Dissemination Time: 2.517484e-05
0: MPIL CopyToCPU RADIX-13 Dissemination Time: 2.640517e-05
0: MPIL CopyToCPU RADIX-14 Dissemination Time: 2.976023e-05
0: Testing Size 4
0: PMPI Allreduce Time: 1.964121e-05
0: MPIL GPU-Aware Recursive Doubling Time: 1.962023e-05
0: MPIL GPU-Aware Node-Aware Dissemination Time: 7.857001e-05
0: MPIL GPU-Aware NUMA-Aware Dissemination Time: 2.104050e-04
0: CopyToCPU PMPI Allreduce Time: 1.973001e-05
0: MPIL CopyToCPU Recursive Doubling Time: 2.012513e-05
0: MPIL CopyToCPU Node-Aware Dissemination Time: 2.294141e-05
0: MPIL CopyToCPU NUMA-Aware Dissemination Time: 1.546712e-05
0: MPIL CopyToCPU RADIX-3 Dissemination Time: 2.133790e-05
0: MPIL CopyToCPU RADIX-4 Dissemination Time: 2.105981e-05
0: MPIL CopyToCPU RADIX-5 Dissemination Time: 2.189564e-05
0: MPIL CopyToCPU RADIX-6 Dissemination Time: 2.359626e-05
0: MPIL CopyToCPU RADIX-7 Dissemination Time: 2.335117e-05
0: MPIL CopyToCPU RADIX-8 Dissemination Time: 2.556646e-05
0: MPIL CopyToCPU RADIX-9 Dissemination Time: 2.703508e-05
0: MPIL CopyToCPU RADIX-10 Dissemination Time: 2.578985e-05
0: MPIL CopyToCPU RADIX-11 Dissemination Time: 2.663820e-05
0: MPIL CopyToCPU RADIX-12 Dissemination Time: 2.543636e-05
0: MPIL CopyToCPU RADIX-13 Dissemination Time: 2.640592e-05
0: MPIL CopyToCPU RADIX-14 Dissemination Time: 2.995049e-05
0: Testing Size 8
0: PMPI Allreduce Time: 1.967989e-05
0: MPIL GPU-Aware Recursive Doubling Time: 1.970955e-05
0: MPIL GPU-Aware Node-Aware Dissemination Time: 7.839376e-05
0: MPIL GPU-Aware NUMA-Aware Dissemination Time: 2.120259e-04
0: CopyToCPU PMPI Allreduce Time: 1.982583e-05
0: MPIL CopyToCPU Recursive Doubling Time: 2.179245e-05
0: MPIL CopyToCPU Node-Aware Dissemination Time: 2.304245e-05
0: MPIL CopyToCPU NUMA-Aware Dissemination Time: 1.609321e-05
0: MPIL CopyToCPU RADIX-3 Dissemination Time: 2.245461e-05
0: MPIL CopyToCPU RADIX-4 Dissemination Time: 2.220267e-05
0: MPIL CopyToCPU RADIX-5 Dissemination Time: 2.298820e-05
0: MPIL CopyToCPU RADIX-6 Dissemination Time: 2.488987e-05
0: MPIL CopyToCPU RADIX-7 Dissemination Time: 2.500574e-05
0: MPIL CopyToCPU RADIX-8 Dissemination Time: 2.731380e-05
0: MPIL CopyToCPU RADIX-9 Dissemination Time: 2.927665e-05
0: MPIL CopyToCPU RADIX-10 Dissemination Time: 2.727022e-05
0: MPIL CopyToCPU RADIX-11 Dissemination Time: 2.859224e-05
0: MPIL CopyToCPU RADIX-12 Dissemination Time: 2.791198e-05
0: MPIL CopyToCPU RADIX-13 Dissemination Time: 2.802649e-05
0: MPIL CopyToCPU RADIX-14 Dissemination Time: 3.172961e-05
0: Testing Size 16
0: PMPI Allreduce Time: 2.079515e-05
0: MPIL GPU-Aware Recursive Doubling Time: 2.082232e-05
0: MPIL GPU-Aware Node-Aware Dissemination Time: 7.836096e-05
0: MPIL GPU-Aware NUMA-Aware Dissemination Time: 2.113556e-04
0: CopyToCPU PMPI Allreduce Time: 2.071504e-05
0: MPIL CopyToCPU Recursive Doubling Time: 2.355867e-05
0: MPIL CopyToCPU Node-Aware Dissemination Time: 2.329801e-05
0: MPIL CopyToCPU NUMA-Aware Dissemination Time: 1.735053e-05
0: MPIL CopyToCPU RADIX-3 Dissemination Time: 2.322171e-05
0: MPIL CopyToCPU RADIX-4 Dissemination Time: 2.346166e-05
0: MPIL CopyToCPU RADIX-5 Dissemination Time: 2.470298e-05
0: MPIL CopyToCPU RADIX-6 Dissemination Time: 2.646036e-05
0: MPIL CopyToCPU RADIX-7 Dissemination Time: 2.683602e-05
0: MPIL CopyToCPU RADIX-8 Dissemination Time: 2.904483e-05
0: MPIL CopyToCPU RADIX-9 Dissemination Time: 3.087112e-05
0: MPIL CopyToCPU RADIX-10 Dissemination Time: 2.897218e-05
0: MPIL CopyToCPU RADIX-11 Dissemination Time: 3.029789e-05
0: MPIL CopyToCPU RADIX-12 Dissemination Time: 2.899120e-05
0: MPIL CopyToCPU RADIX-13 Dissemination Time: 2.962415e-05
0: MPIL CopyToCPU RADIX-14 Dissemination Time: 3.344774e-05
0: Testing Size 32
0: PMPI Allreduce Time: 2.822031e-05
0: MPIL GPU-Aware Recursive Doubling Time: 2.808630e-05
0: MPIL GPU-Aware Node-Aware Dissemination Time: 7.374935e-05
0: MPIL GPU-Aware NUMA-Aware Dissemination Time: 2.080004e-04
0: CopyToCPU PMPI Allreduce Time: 2.476827e-05
0: MPIL CopyToCPU Recursive Doubling Time: 2.840398e-05
0: MPIL CopyToCPU Node-Aware Dissemination Time: 2.537044e-05
0: MPIL CopyToCPU NUMA-Aware Dissemination Time: 2.121721e-05
0: MPIL CopyToCPU RADIX-3 Dissemination Time: 2.854510e-05
0: MPIL CopyToCPU RADIX-4 Dissemination Time: 2.728777e-05
0: MPIL CopyToCPU RADIX-5 Dissemination Time: 2.880495e-05
0: MPIL CopyToCPU RADIX-6 Dissemination Time: 3.102262e-05
0: MPIL CopyToCPU RADIX-7 Dissemination Time: 3.011353e-05
0: MPIL CopyToCPU RADIX-8 Dissemination Time: 3.249958e-05
0: MPIL CopyToCPU RADIX-9 Dissemination Time: 3.434942e-05
0: MPIL CopyToCPU RADIX-10 Dissemination Time: 3.290470e-05
0: MPIL CopyToCPU RADIX-11 Dissemination Time: 3.430004e-05
0: MPIL CopyToCPU RADIX-12 Dissemination Time: 3.132794e-05
0: MPIL CopyToCPU RADIX-13 Dissemination Time: 3.318808e-05
0: MPIL CopyToCPU RADIX-14 Dissemination Time: 3.686329e-05
0: Testing Size 64
0: PMPI Allreduce Time: 2.859834e-05
0: MPIL GPU-Aware Recursive Doubling Time: 2.853496e-05
0: MPIL GPU-Aware Node-Aware Dissemination Time: 8.768138e-05
0: MPIL GPU-Aware NUMA-Aware Dissemination Time: 2.107485e-04
0: CopyToCPU PMPI Allreduce Time: 2.810051e-05
0: MPIL CopyToCPU Recursive Doubling Time: 2.901193e-05
0: MPIL CopyToCPU Node-Aware Dissemination Time: 2.834091e-05
0: MPIL CopyToCPU NUMA-Aware Dissemination Time: 2.823949e-05
0: MPIL CopyToCPU RADIX-3 Dissemination Time: 2.940712e-05
0: MPIL CopyToCPU RADIX-4 Dissemination Time: 2.802203e-05
0: MPIL CopyToCPU RADIX-5 Dissemination Time: 2.930618e-05
0: MPIL CopyToCPU RADIX-6 Dissemination Time: 3.134306e-05
0: MPIL CopyToCPU RADIX-7 Dissemination Time: 3.075598e-05
0: MPIL CopyToCPU RADIX-8 Dissemination Time: 3.268314e-05
0: MPIL CopyToCPU RADIX-9 Dissemination Time: 3.400104e-05
0: MPIL CopyToCPU RADIX-10 Dissemination Time: 3.349349e-05
0: MPIL CopyToCPU RADIX-11 Dissemination Time: 3.489019e-05
0: MPIL CopyToCPU RADIX-12 Dissemination Time: 3.180369e-05
0: MPIL CopyToCPU RADIX-13 Dissemination Time: 3.389881e-05
0: MPIL CopyToCPU RADIX-14 Dissemination Time: 3.738429e-05
0: Testing Size 128
0: PMPI Allreduce Time: 4.554842e-05
0: MPIL GPU-Aware Recursive Doubling Time: 4.554279e-05
0: MPIL GPU-Aware Node-Aware Dissemination Time: 1.138146e-04
0: MPIL GPU-Aware NUMA-Aware Dissemination Time: 1.723988e-04
0: CopyToCPU PMPI Allreduce Time: 4.538861e-05
0: MPIL CopyToCPU Recursive Doubling Time: 4.757179e-05
0: MPIL CopyToCPU Node-Aware Dissemination Time: 7.318329e-05
0: MPIL CopyToCPU NUMA-Aware Dissemination Time: 4.893067e-05
0: MPIL CopyToCPU RADIX-3 Dissemination Time: 3.826796e-05
0: MPIL CopyToCPU RADIX-4 Dissemination Time: 3.926119e-05
0: MPIL CopyToCPU RADIX-5 Dissemination Time: 4.196159e-05
0: MPIL CopyToCPU RADIX-6 Dissemination Time: 4.674813e-05
0: MPIL CopyToCPU RADIX-7 Dissemination Time: 4.645862e-05
0: MPIL CopyToCPU RADIX-8 Dissemination Time: 4.678963e-05
0: MPIL CopyToCPU RADIX-9 Dissemination Time: 4.869599e-05
0: MPIL CopyToCPU RADIX-10 Dissemination Time: 4.854475e-05
0: MPIL CopyToCPU RADIX-11 Dissemination Time: 4.960984e-05
0: MPIL CopyToCPU RADIX-12 Dissemination Time: 4.430003e-05
0: MPIL CopyToCPU RADIX-13 Dissemination Time: 4.864203e-05
0: MPIL CopyToCPU RADIX-14 Dissemination Time: 5.245846e-05
0: Testing Size 256
0: PMPI Allreduce Time: 5.484140e-05
0: MPIL GPU-Aware Recursive Doubling Time: 5.489747e-05
0: MPIL GPU-Aware Node-Aware Dissemination Time: 1.293874e-04
0: MPIL GPU-Aware NUMA-Aware Dissemination Time: 1.667098e-04
0: CopyToCPU PMPI Allreduce Time: 5.947472e-05
0: MPIL CopyToCPU Recursive Doubling Time: 6.097513e-05
0: MPIL CopyToCPU Node-Aware Dissemination Time: 9.996142e-05
0: MPIL CopyToCPU NUMA-Aware Dissemination Time: 6.414046e-05
0: MPIL CopyToCPU RADIX-3 Dissemination Time: 5.026054e-05
0: MPIL CopyToCPU RADIX-4 Dissemination Time: 4.494168e-05
0: MPIL CopyToCPU RADIX-5 Dissemination Time: 4.922898e-05
0: MPIL CopyToCPU RADIX-6 Dissemination Time: 5.435274e-05
0: MPIL CopyToCPU RADIX-7 Dissemination Time: 5.570473e-05
0: MPIL CopyToCPU RADIX-8 Dissemination Time: 6.096725e-05
0: MPIL CopyToCPU RADIX-9 Dissemination Time: 6.381562e-05
0: MPIL CopyToCPU RADIX-10 Dissemination Time: 5.494741e-05
0: MPIL CopyToCPU RADIX-11 Dissemination Time: 5.787120e-05
0: MPIL CopyToCPU RADIX-12 Dissemination Time: 5.445574e-05
0: MPIL CopyToCPU RADIX-13 Dissemination Time: 5.628557e-05
0: MPIL CopyToCPU RADIX-14 Dissemination Time: 6.097646e-05
0: Testing Size 512
0: PMPI Allreduce Time: 7.116643e-05
0: MPIL GPU-Aware Recursive Doubling Time: 7.109260e-05
0: MPIL GPU-Aware Node-Aware Dissemination Time: 1.628983e-04
0: MPIL GPU-Aware NUMA-Aware Dissemination Time: 1.802272e-04
0: CopyToCPU PMPI Allreduce Time: 7.202847e-05
0: MPIL CopyToCPU Recursive Doubling Time: 6.974017e-05
0: MPIL CopyToCPU Node-Aware Dissemination Time: 1.254600e-04
0: MPIL CopyToCPU NUMA-Aware Dissemination Time: 8.054637e-05
0: MPIL CopyToCPU RADIX-3 Dissemination Time: 5.665135e-05
0: MPIL CopyToCPU RADIX-4 Dissemination Time: 5.328927e-05
0: MPIL CopyToCPU RADIX-5 Dissemination Time: 5.682322e-05
0: MPIL CopyToCPU RADIX-6 Dissemination Time: 6.383489e-05
0: MPIL CopyToCPU RADIX-7 Dissemination Time: 6.155658e-05
0: MPIL CopyToCPU RADIX-8 Dissemination Time: 6.628860e-05
0: MPIL CopyToCPU RADIX-9 Dissemination Time: 6.838983e-05
0: MPIL CopyToCPU RADIX-10 Dissemination Time: 6.510413e-05
0: MPIL CopyToCPU RADIX-11 Dissemination Time: 7.378659e-05
0: MPIL CopyToCPU RADIX-12 Dissemination Time: 6.448525e-05
0: MPIL CopyToCPU RADIX-13 Dissemination Time: 6.179719e-05
0: MPIL CopyToCPU RADIX-14 Dissemination Time: 6.634082e-05
0: Testing Size 1024
0: PMPI Allreduce Time: 1.873549e-04
0: MPIL GPU-Aware Recursive Doubling Time: 1.933895e-04
0: MPIL GPU-Aware Node-Aware Dissemination Time: 4.273764e-04
0: MPIL GPU-Aware NUMA-Aware Dissemination Time: 7.313645e-04
0: CopyToCPU PMPI Allreduce Time: 1.109303e-04
0: MPIL CopyToCPU Recursive Doubling Time: 1.039118e-04
0: MPIL CopyToCPU Node-Aware Dissemination Time: 1.944450e-04
0: MPIL CopyToCPU NUMA-Aware Dissemination Time: 1.242126e-04
0: MPIL CopyToCPU RADIX-3 Dissemination Time: 8.110461e-05
0: MPIL CopyToCPU RADIX-4 Dissemination Time: 7.054484e-05
0: MPIL CopyToCPU RADIX-5 Dissemination Time: 8.028146e-05
0: MPIL CopyToCPU RADIX-6 Dissemination Time: 8.371227e-05
0: MPIL CopyToCPU RADIX-7 Dissemination Time: 8.616814e-05
0: MPIL CopyToCPU RADIX-8 Dissemination Time: 8.726908e-05
0: MPIL CopyToCPU RADIX-9 Dissemination Time: 8.670140e-05
0: MPIL CopyToCPU RADIX-10 Dissemination Time: 8.929822e-05
0: MPIL CopyToCPU RADIX-11 Dissemination Time: 8.252633e-05
0: MPIL CopyToCPU RADIX-12 Dissemination Time: 7.632373e-05
0: MPIL CopyToCPU RADIX-13 Dissemination Time: 7.929723e-05
0: MPIL CopyToCPU RADIX-14 Dissemination Time: 8.037535e-05
0: Testing Size 2048
0: PMPI Allreduce Time: 1.989409e-04
0: MPIL GPU-Aware Recursive Doubling Time: 1.959784e-04
0: MPIL GPU-Aware Node-Aware Dissemination Time: 8.464773e-04
0: MPIL GPU-Aware NUMA-Aware Dissemination Time: 1.444641e-03
0: CopyToCPU PMPI Allreduce Time: 1.539444e-04
0: MPIL CopyToCPU Recursive Doubling Time: 1.615479e-04
0: MPIL CopyToCPU Node-Aware Dissemination Time: 2.600490e-04
0: MPIL CopyToCPU NUMA-Aware Dissemination Time: 2.008336e-04
0: MPIL CopyToCPU RADIX-3 Dissemination Time: 1.321712e-04
0: MPIL CopyToCPU RADIX-4 Dissemination Time: 1.089620e-04
0: MPIL CopyToCPU RADIX-5 Dissemination Time: 1.136567e-04
0: MPIL CopyToCPU RADIX-6 Dissemination Time: 1.178974e-04
0: MPIL CopyToCPU RADIX-7 Dissemination Time: 1.233130e-04
0: MPIL CopyToCPU RADIX-8 Dissemination Time: 1.291267e-04
0: MPIL CopyToCPU RADIX-9 Dissemination Time: 1.292411e-04
0: MPIL CopyToCPU RADIX-10 Dissemination Time: 1.300666e-04
0: MPIL CopyToCPU RADIX-11 Dissemination Time: 1.278511e-04
0: MPIL CopyToCPU RADIX-12 Dissemination Time: 1.115135e-04
0: MPIL CopyToCPU RADIX-13 Dissemination Time: 1.182969e-04
0: MPIL CopyToCPU RADIX-14 Dissemination Time: 1.179416e-04
0: Testing Size 4096
0: PMPI Allreduce Time: 2.022735e-04
0: MPIL GPU-Aware Recursive Doubling Time: 2.019589e-04
0: MPIL GPU-Aware Node-Aware Dissemination Time: 8.618621e-04
0: MPIL GPU-Aware NUMA-Aware Dissemination Time: 2.125479e-03
0: CopyToCPU PMPI Allreduce Time: 2.502650e-04
0: MPIL CopyToCPU Recursive Doubling Time: 3.075993e-04
0: MPIL CopyToCPU Node-Aware Dissemination Time: 4.453546e-04
0: MPIL CopyToCPU NUMA-Aware Dissemination Time: 3.748917e-04
0: MPIL CopyToCPU RADIX-3 Dissemination Time: 2.257934e-04
0: MPIL CopyToCPU RADIX-4 Dissemination Time: 1.902192e-04
0: MPIL CopyToCPU RADIX-5 Dissemination Time: 2.005069e-04
0: MPIL CopyToCPU RADIX-6 Dissemination Time: 2.091146e-04
0: MPIL CopyToCPU RADIX-7 Dissemination Time: 2.122687e-04
0: MPIL CopyToCPU RADIX-8 Dissemination Time: 2.235988e-04
0: MPIL CopyToCPU RADIX-9 Dissemination Time: 2.291232e-04
0: MPIL CopyToCPU RADIX-10 Dissemination Time: 2.362094e-04
0: MPIL CopyToCPU RADIX-11 Dissemination Time: 2.321496e-04
0: MPIL CopyToCPU RADIX-12 Dissemination Time: 1.952527e-04
0: MPIL CopyToCPU RADIX-13 Dissemination Time: 2.104975e-04
0: MPIL CopyToCPU RADIX-14 Dissemination Time: 2.090304e-04
0: Testing Size 8192
0: PMPI Allreduce Time: 2.051789e-04
0: MPIL GPU-Aware Recursive Doubling Time: 2.047298e-04
0: MPIL GPU-Aware Node-Aware Dissemination Time: 1.116180e-03
0: MPIL GPU-Aware NUMA-Aware Dissemination Time: 2.645867e-03
0: CopyToCPU PMPI Allreduce Time: 4.294362e-04
0: MPIL CopyToCPU Recursive Doubling Time: 5.261795e-04
0: MPIL CopyToCPU Node-Aware Dissemination Time: 7.712928e-04
0: MPIL CopyToCPU NUMA-Aware Dissemination Time: 6.130498e-04
0: MPIL CopyToCPU RADIX-3 Dissemination Time: 4.028425e-04
0: MPIL CopyToCPU RADIX-4 Dissemination Time: 3.356709e-04
0: MPIL CopyToCPU RADIX-5 Dissemination Time: 3.505168e-04
0: MPIL CopyToCPU RADIX-6 Dissemination Time: 3.613416e-04
0: MPIL CopyToCPU RADIX-7 Dissemination Time: 3.718015e-04
0: MPIL CopyToCPU RADIX-8 Dissemination Time: 3.935778e-04
0: MPIL CopyToCPU RADIX-9 Dissemination Time: 4.109807e-04
0: MPIL CopyToCPU RADIX-10 Dissemination Time: 4.174665e-04
0: MPIL CopyToCPU RADIX-11 Dissemination Time: 4.105893e-04
0: MPIL CopyToCPU RADIX-12 Dissemination Time: 3.458201e-04
0: MPIL CopyToCPU RADIX-13 Dissemination Time: 3.637488e-04
0: MPIL CopyToCPU RADIX-14 Dissemination Time: 3.611970e-04
0: Testing Size 16384
0: PMPI Allreduce Time: 2.113927e-04
0: MPIL GPU-Aware Recursive Doubling Time: 2.106675e-04
0: MPIL GPU-Aware Node-Aware Dissemination Time: 1.497016e-03
0: MPIL GPU-Aware NUMA-Aware Dissemination Time: 2.686087e-03
0: CopyToCPU PMPI Allreduce Time: 7.750048e-04
0: MPIL CopyToCPU Recursive Doubling Time: 9.459430e-04
0: MPIL CopyToCPU Node-Aware Dissemination Time: 1.476141e-03
0: MPIL CopyToCPU NUMA-Aware Dissemination Time: 1.124624e-03
0: MPIL CopyToCPU RADIX-3 Dissemination Time: 7.551238e-04
0: MPIL CopyToCPU RADIX-4 Dissemination Time: 6.184389e-04
0: MPIL CopyToCPU RADIX-5 Dissemination Time: 6.482386e-04
0: MPIL CopyToCPU RADIX-6 Dissemination Time: 6.685486e-04
0: MPIL CopyToCPU RADIX-7 Dissemination Time: 6.930150e-04
0: MPIL CopyToCPU RADIX-8 Dissemination Time: 7.392227e-04
0: MPIL CopyToCPU RADIX-9 Dissemination Time: 7.730856e-04
0: MPIL CopyToCPU RADIX-10 Dissemination Time: 7.830145e-04
0: MPIL CopyToCPU RADIX-11 Dissemination Time: 7.621974e-04
0: MPIL CopyToCPU RADIX-12 Dissemination Time: 6.443811e-04
0: MPIL CopyToCPU RADIX-13 Dissemination Time: 6.698337e-04
0: MPIL CopyToCPU RADIX-14 Dissemination Time: 6.742514e-04
0: Testing Size 32768
0: PMPI Allreduce Time: 2.264107e-04
0: MPIL GPU-Aware Recursive Doubling Time: 2.261015e-04
0: MPIL GPU-Aware Node-Aware Dissemination Time: 6.744386e-03
0: MPIL GPU-Aware NUMA-Aware Dissemination Time: 3.502640e-03
0: CopyToCPU PMPI Allreduce Time: 1.360176e-03
0: MPIL CopyToCPU Recursive Doubling Time: 1.719498e-03
0: MPIL CopyToCPU Node-Aware Dissemination Time: 2.561946e-03
0: MPIL CopyToCPU NUMA-Aware Dissemination Time: 2.110001e-03
0: MPIL CopyToCPU RADIX-3 Dissemination Time: 1.435878e-03
0: MPIL CopyToCPU RADIX-4 Dissemination Time: 1.169841e-03
0: MPIL CopyToCPU RADIX-5 Dissemination Time: 1.227345e-03
0: MPIL CopyToCPU RADIX-6 Dissemination Time: 1.266249e-03
0: MPIL CopyToCPU RADIX-7 Dissemination Time: 1.344554e-03
0: MPIL CopyToCPU RADIX-8 Dissemination Time: 1.423009e-03
0: MPIL CopyToCPU RADIX-9 Dissemination Time: 1.505705e-03
0: MPIL CopyToCPU RADIX-10 Dissemination Time: 1.520120e-03
0: MPIL CopyToCPU RADIX-11 Dissemination Time: 1.471220e-03
0: MPIL CopyToCPU RADIX-12 Dissemination Time: 1.258402e-03
0: MPIL CopyToCPU RADIX-13 Dissemination Time: 1.293734e-03
0: MPIL CopyToCPU RADIX-14 Dissemination Time: 1.301612e-03
0: Testing Size 65536
0: PMPI Allreduce Time: 2.687051e-04
0: MPIL GPU-Aware Recursive Doubling Time: 2.681613e-04
0: MPIL GPU-Aware Node-Aware Dissemination Time: 7.694851e-03
0: MPIL GPU-Aware NUMA-Aware Dissemination Time: 5.912006e-03
0: CopyToCPU PMPI Allreduce Time: 2.440880e-03
0: MPIL CopyToCPU Recursive Doubling Time: 3.458327e-03
0: MPIL CopyToCPU Node-Aware Dissemination Time: 4.952243e-03
0: MPIL CopyToCPU NUMA-Aware Dissemination Time: 4.029136e-03
0: MPIL CopyToCPU RADIX-3 Dissemination Time: 2.828315e-03
0: MPIL CopyToCPU RADIX-4 Dissemination Time: 2.320300e-03
0: MPIL CopyToCPU RADIX-5 Dissemination Time: 2.421522e-03
0: MPIL CopyToCPU RADIX-6 Dissemination Time: 2.502160e-03
0: MPIL CopyToCPU RADIX-7 Dissemination Time: 2.522051e-03
0: MPIL CopyToCPU RADIX-8 Dissemination Time: 2.706914e-03
0: MPIL CopyToCPU RADIX-9 Dissemination Time: 2.898197e-03
0: MPIL CopyToCPU RADIX-10 Dissemination Time: 2.937029e-03
0: MPIL CopyToCPU RADIX-11 Dissemination Time: 2.863806e-03
0: MPIL CopyToCPU RADIX-12 Dissemination Time: 2.451248e-03
0: MPIL CopyToCPU RADIX-13 Dissemination Time: 2.468713e-03
0: MPIL CopyToCPU RADIX-14 Dissemination Time: 2.481864e-03
0: Testing Size 131072
0: PMPI Allreduce Time: 3.474364e-04
0: MPIL GPU-Aware Recursive Doubling Time: 3.471080e-04
0: MPIL GPU-Aware Node-Aware Dissemination Time: 1.031230e-02
0: MPIL GPU-Aware NUMA-Aware Dissemination Time: 1.133364e-02
0: CopyToCPU PMPI Allreduce Time: 4.925901e-03
0: MPIL CopyToCPU Recursive Doubling Time: 5.289502e-03
0: MPIL CopyToCPU Node-Aware Dissemination Time: 9.959131e-03
0: MPIL CopyToCPU NUMA-Aware Dissemination Time: 7.892180e-03
0: MPIL CopyToCPU RADIX-3 Dissemination Time: 5.428521e-03
0: MPIL CopyToCPU RADIX-4 Dissemination Time: 4.394326e-03
0: MPIL CopyToCPU RADIX-5 Dissemination Time: 4.660270e-03
0: MPIL CopyToCPU RADIX-6 Dissemination Time: 4.804466e-03
0: MPIL CopyToCPU RADIX-7 Dissemination Time: 3.916832e-03
0: MPIL CopyToCPU RADIX-8 Dissemination Time: 4.883746e-03
0: MPIL CopyToCPU RADIX-9 Dissemination Time: 4.957601e-03
0: MPIL CopyToCPU RADIX-10 Dissemination Time: 5.151167e-03
0: MPIL CopyToCPU RADIX-11 Dissemination Time: 5.021198e-03
0: MPIL CopyToCPU RADIX-12 Dissemination Time: 4.633364e-03
0: MPIL CopyToCPU RADIX-13 Dissemination Time: 4.691631e-03
0: MPIL CopyToCPU RADIX-14 Dissemination Time: 4.677880e-03
0: Testing Size 262144
0: PMPI Allreduce Time: 5.054462e-04
0: MPIL GPU-Aware Recursive Doubling Time: 5.049377e-04
0: MPIL GPU-Aware Node-Aware Dissemination Time: 1.602107e-02
0: MPIL GPU-Aware NUMA-Aware Dissemination Time: 2.185310e-02
0: CopyToCPU PMPI Allreduce Time: 9.358089e-03
0: MPIL CopyToCPU Recursive Doubling Time: 1.183201e-02
0: MPIL CopyToCPU Node-Aware Dissemination Time: 1.964695e-02
0: MPIL CopyToCPU NUMA-Aware Dissemination Time: 1.518450e-02
0: MPIL CopyToCPU RADIX-3 Dissemination Time: 1.112938e-02
0: MPIL CopyToCPU RADIX-4 Dissemination Time: 8.723657e-03
0: MPIL CopyToCPU RADIX-5 Dissemination Time: 9.057971e-03
0: MPIL CopyToCPU RADIX-6 Dissemination Time: 9.016192e-03
0: MPIL CopyToCPU RADIX-7 Dissemination Time: 9.653115e-03
0: MPIL CopyToCPU RADIX-8 Dissemination Time: 1.016063e-02
0: MPIL CopyToCPU RADIX-9 Dissemination Time: 1.126820e-02
0: MPIL CopyToCPU RADIX-10 Dissemination Time: 1.116314e-02
0: MPIL CopyToCPU RADIX-11 Dissemination Time: 1.083440e-02
0: MPIL CopyToCPU RADIX-12 Dissemination Time: 9.289288e-03
0: MPIL CopyToCPU RADIX-13 Dissemination Time: 9.461436e-03
0: MPIL CopyToCPU RADIX-14 Dissemination Time: 9.419674e-03
0: Testing Size 524288
0: PMPI Allreduce Time: 8.077236e-04
0: MPIL GPU-Aware Recursive Doubling Time: 8.073404e-04
0: MPIL GPU-Aware Node-Aware Dissemination Time: 2.700655e-02
0: MPIL GPU-Aware NUMA-Aware Dissemination Time: 4.490001e-02
0: CopyToCPU PMPI Allreduce Time: 2.007745e-02
0: MPIL CopyToCPU Recursive Doubling Time: 2.153136e-02
0: MPIL CopyToCPU Node-Aware Dissemination Time: 3.824176e-02
0: MPIL CopyToCPU NUMA-Aware Dissemination Time: 3.002683e-02
0: MPIL CopyToCPU RADIX-3 Dissemination Time: 2.172228e-02
0: MPIL CopyToCPU RADIX-4 Dissemination Time: 1.700673e-02
0: MPIL CopyToCPU RADIX-5 Dissemination Time: 1.684726e-02
0: MPIL CopyToCPU RADIX-6 Dissemination Time: 1.484124e-02
0: MPIL CopyToCPU RADIX-7 Dissemination Time: 1.899010e-02
0: MPIL CopyToCPU RADIX-8 Dissemination Time: 2.363860e-02
0: MPIL CopyToCPU RADIX-9 Dissemination Time: 2.501758e-02
0: MPIL CopyToCPU RADIX-10 Dissemination Time: 2.621312e-02
0: MPIL CopyToCPU RADIX-11 Dissemination Time: 2.676371e-02
0: MPIL CopyToCPU RADIX-12 Dissemination Time: 2.753412e-02
0: MPIL CopyToCPU RADIX-13 Dissemination Time: 2.804502e-02
0: MPIL CopyToCPU RADIX-14 Dissemination Time: 2.860906e-02
