0: Testing Size 1
0: PMPI Allreduce Time: 1.201673e-05
0: MPIL GPU-Aware Recursive Doubling Time: 1.204599e-05
0: MPIL GPU-Aware Node-Aware Dissemination Time: 3.651404e-05
0: MPIL GPU-Aware NUMA-Aware Dissemination Time: 1.018837e-04
0: CopyToCPU PMPI Allreduce Time: 1.288886e-05
0: MPIL CopyToCPU Recursive Doubling Time: 1.330533e-05
0: MPIL CopyToCPU Node-Aware Dissemination Time: 2.203085e-05
0: MPIL CopyToCPU NUMA-Aware Dissemination Time: 1.029379e-05
0: MPIL CopyToCPU RADIX-3 Dissemination Time: 1.429901e-05
0: MPIL CopyToCPU RADIX-4 Dissemination Time: 1.533831e-05
0: MPIL CopyToCPU RADIX-5 Dissemination Time: 1.553581e-05
0: MPIL CopyToCPU RADIX-6 Dissemination Time: 1.427517e-05
0: MPIL CopyToCPU RADIX-7 Dissemination Time: 1.559508e-05
0: MPIL CopyToCPU RADIX-8 Dissemination Time: 1.673303e-05
0: MPIL CopyToCPU RADIX-9 Dissemination Time: 1.848551e-05
0: MPIL CopyToCPU RADIX-10 Dissemination Time: 1.862138e-05
0: MPIL CopyToCPU RADIX-11 Dissemination Time: 1.808082e-05
0: MPIL CopyToCPU RADIX-12 Dissemination Time: 1.955648e-05
0: MPIL CopyToCPU RADIX-13 Dissemination Time: 2.307934e-05
0: MPIL CopyToCPU RADIX-14 Dissemination Time: 2.372278e-05
0: Testing Size 2
0: PMPI Allreduce Time: 1.273400e-05
0: MPIL GPU-Aware Recursive Doubling Time: 1.275721e-05
0: MPIL GPU-Aware Node-Aware Dissemination Time: 3.743215e-05
0: MPIL GPU-Aware NUMA-Aware Dissemination Time: 1.004406e-04
0: CopyToCPU PMPI Allreduce Time: 1.240602e-05
0: MPIL CopyToCPU Recursive Doubling Time: 1.324631e-05
0: MPIL CopyToCPU Node-Aware Dissemination Time: 2.104855e-05
0: MPIL CopyToCPU NUMA-Aware Dissemination Time: 1.008656e-05
0: MPIL CopyToCPU RADIX-3 Dissemination Time: 1.434634e-05
0: MPIL CopyToCPU RADIX-4 Dissemination Time: 1.547396e-05
0: MPIL CopyToCPU RADIX-5 Dissemination Time: 1.568959e-05
0: MPIL CopyToCPU RADIX-6 Dissemination Time: 1.439980e-05
0: MPIL CopyToCPU RADIX-7 Dissemination Time: 1.568364e-05
0: MPIL CopyToCPU RADIX-8 Dissemination Time: 1.690712e-05
0: MPIL CopyToCPU RADIX-9 Dissemination Time: 1.849212e-05
0: MPIL CopyToCPU RADIX-10 Dissemination Time: 1.867396e-05
0: MPIL CopyToCPU RADIX-11 Dissemination Time: 1.808662e-05
0: MPIL CopyToCPU RADIX-12 Dissemination Time: 1.939601e-05
0: MPIL CopyToCPU RADIX-13 Dissemination Time: 2.333670e-05
0: MPIL CopyToCPU RADIX-14 Dissemination Time: 2.393484e-05
0: Testing Size 4
0: PMPI Allreduce Time: 1.245093e-05
0: MPIL GPU-Aware Recursive Doubling Time: 1.245466e-05
0: MPIL GPU-Aware Node-Aware Dissemination Time: 3.727259e-05
0: MPIL GPU-Aware NUMA-Aware Dissemination Time: 1.137605e-04
0: CopyToCPU PMPI Allreduce Time: 1.249821e-05
0: MPIL CopyToCPU Recursive Doubling Time: 1.315277e-05
0: MPIL CopyToCPU Node-Aware Dissemination Time: 2.058661e-05
0: MPIL CopyToCPU NUMA-Aware Dissemination Time: 1.012132e-05
0: MPIL CopyToCPU RADIX-3 Dissemination Time: 1.435594e-05
0: MPIL CopyToCPU RADIX-4 Dissemination Time: 1.567280e-05
0: MPIL CopyToCPU RADIX-5 Dissemination Time: 1.582783e-05
0: MPIL CopyToCPU RADIX-6 Dissemination Time: 1.431797e-05
0: MPIL CopyToCPU RADIX-7 Dissemination Time: 1.531553e-05
0: MPIL CopyToCPU RADIX-8 Dissemination Time: 1.669073e-05
0: MPIL CopyToCPU RADIX-9 Dissemination Time: 1.850388e-05
0: MPIL CopyToCPU RADIX-10 Dissemination Time: 1.886510e-05
0: MPIL CopyToCPU RADIX-11 Dissemination Time: 1.818368e-05
0: MPIL CopyToCPU RADIX-12 Dissemination Time: 1.958481e-05
0: MPIL CopyToCPU RADIX-13 Dissemination Time: 2.325624e-05
0: MPIL CopyToCPU RADIX-14 Dissemination Time: 2.383036e-05
0: Testing Size 8
0: PMPI Allreduce Time: 1.288706e-05
0: MPIL GPU-Aware Recursive Doubling Time: 1.286699e-05
0: MPIL GPU-Aware Node-Aware Dissemination Time: 3.694520e-05
0: MPIL GPU-Aware NUMA-Aware Dissemination Time: 1.235239e-04
0: CopyToCPU PMPI Allreduce Time: 1.308375e-05
0: MPIL CopyToCPU Recursive Doubling Time: 1.568125e-05
0: MPIL CopyToCPU Node-Aware Dissemination Time: 2.141028e-05
0: MPIL CopyToCPU NUMA-Aware Dissemination Time: 1.049699e-05
0: MPIL CopyToCPU RADIX-3 Dissemination Time: 1.543567e-05
0: MPIL CopyToCPU RADIX-4 Dissemination Time: 1.668168e-05
0: MPIL CopyToCPU RADIX-5 Dissemination Time: 1.705799e-05
0: MPIL CopyToCPU RADIX-6 Dissemination Time: 1.611446e-05
0: MPIL CopyToCPU RADIX-7 Dissemination Time: 1.678578e-05
0: MPIL CopyToCPU RADIX-8 Dissemination Time: 1.844086e-05
0: MPIL CopyToCPU RADIX-9 Dissemination Time: 2.004814e-05
0: MPIL CopyToCPU RADIX-10 Dissemination Time: 1.922675e-05
0: MPIL CopyToCPU RADIX-11 Dissemination Time: 2.039253e-05
0: MPIL CopyToCPU RADIX-12 Dissemination Time: 2.183581e-05
0: MPIL CopyToCPU RADIX-13 Dissemination Time: 2.474608e-05
0: MPIL CopyToCPU RADIX-14 Dissemination Time: 2.593523e-05
0: Testing Size 16
0: PMPI Allreduce Time: 1.374068e-05
0: MPIL GPU-Aware Recursive Doubling Time: 1.382343e-05
0: MPIL GPU-Aware Node-Aware Dissemination Time: 3.826731e-05
0: MPIL GPU-Aware NUMA-Aware Dissemination Time: 1.247345e-04
0: CopyToCPU PMPI Allreduce Time: 1.371942e-05
0: MPIL CopyToCPU Recursive Doubling Time: 1.675822e-05
0: MPIL CopyToCPU Node-Aware Dissemination Time: 2.137181e-05
0: MPIL CopyToCPU NUMA-Aware Dissemination Time: 1.131606e-05
0: MPIL CopyToCPU RADIX-3 Dissemination Time: 1.720777e-05
0: MPIL CopyToCPU RADIX-4 Dissemination Time: 1.869095e-05
0: MPIL CopyToCPU RADIX-5 Dissemination Time: 1.840468e-05
0: MPIL CopyToCPU RADIX-6 Dissemination Time: 1.736629e-05
0: MPIL CopyToCPU RADIX-7 Dissemination Time: 1.862676e-05
0: MPIL CopyToCPU RADIX-8 Dissemination Time: 2.003895e-05
0: MPIL CopyToCPU RADIX-9 Dissemination Time: 2.219205e-05
0: MPIL CopyToCPU RADIX-10 Dissemination Time: 2.106485e-05
0: MPIL CopyToCPU RADIX-11 Dissemination Time: 2.162097e-05
0: MPIL CopyToCPU RADIX-12 Dissemination Time: 2.319927e-05
0: MPIL CopyToCPU RADIX-13 Dissemination Time: 2.807769e-05
0: MPIL CopyToCPU RADIX-14 Dissemination Time: 2.869109e-05
0: Testing Size 32
0: PMPI Allreduce Time: 1.781515e-05
0: MPIL GPU-Aware Recursive Doubling Time: 1.765664e-05
0: MPIL GPU-Aware Node-Aware Dissemination Time: 4.332116e-05
0: MPIL GPU-Aware NUMA-Aware Dissemination Time: 1.335701e-04
0: CopyToCPU PMPI Allreduce Time: 1.459153e-05
0: MPIL CopyToCPU Recursive Doubling Time: 1.792817e-05
0: MPIL CopyToCPU Node-Aware Dissemination Time: 2.263624e-05
0: MPIL CopyToCPU NUMA-Aware Dissemination Time: 1.367991e-05
0: MPIL CopyToCPU RADIX-3 Dissemination Time: 2.014329e-05
0: MPIL CopyToCPU RADIX-4 Dissemination Time: 1.996575e-05
0: MPIL CopyToCPU RADIX-5 Dissemination Time: 2.094287e-05
0: MPIL CopyToCPU RADIX-6 Dissemination Time: 1.946033e-05
0: MPIL CopyToCPU RADIX-7 Dissemination Time: 2.179089e-05
0: MPIL CopyToCPU RADIX-8 Dissemination Time: 2.206252e-05
0: MPIL CopyToCPU RADIX-9 Dissemination Time: 2.461390e-05
0: MPIL CopyToCPU RADIX-10 Dissemination Time: 2.501908e-05
0: MPIL CopyToCPU RADIX-11 Dissemination Time: 2.349264e-05
0: MPIL CopyToCPU RADIX-12 Dissemination Time: 2.405688e-05
0: MPIL CopyToCPU RADIX-13 Dissemination Time: 3.111473e-05
0: MPIL CopyToCPU RADIX-14 Dissemination Time: 3.206454e-05
0: Testing Size 64
0: PMPI Allreduce Time: 1.776035e-05
0: MPIL GPU-Aware Recursive Doubling Time: 1.772323e-05
0: MPIL GPU-Aware Node-Aware Dissemination Time: 6.071401e-05
0: MPIL GPU-Aware NUMA-Aware Dissemination Time: 9.222435e-05
0: CopyToCPU PMPI Allreduce Time: 1.712992e-05
0: MPIL CopyToCPU Recursive Doubling Time: 1.819802e-05
0: MPIL CopyToCPU Node-Aware Dissemination Time: 2.537531e-05
0: MPIL CopyToCPU NUMA-Aware Dissemination Time: 1.958722e-05
0: MPIL CopyToCPU RADIX-3 Dissemination Time: 2.072095e-05
0: MPIL CopyToCPU RADIX-4 Dissemination Time: 2.030346e-05
0: MPIL CopyToCPU RADIX-5 Dissemination Time: 2.143225e-05
0: MPIL CopyToCPU RADIX-6 Dissemination Time: 1.992169e-05
0: MPIL CopyToCPU RADIX-7 Dissemination Time: 2.237375e-05
0: MPIL CopyToCPU RADIX-8 Dissemination Time: 2.240139e-05
0: MPIL CopyToCPU RADIX-9 Dissemination Time: 2.531019e-05
0: MPIL CopyToCPU RADIX-10 Dissemination Time: 2.558107e-05
0: MPIL CopyToCPU RADIX-11 Dissemination Time: 2.394524e-05
0: MPIL CopyToCPU RADIX-12 Dissemination Time: 2.501821e-05
0: MPIL CopyToCPU RADIX-13 Dissemination Time: 3.150065e-05
0: MPIL CopyToCPU RADIX-14 Dissemination Time: 3.236535e-05
0: Testing Size 128
0: PMPI Allreduce Time: 3.525890e-05
0: MPIL GPU-Aware Recursive Doubling Time: 3.523775e-05
0: MPIL GPU-Aware Node-Aware Dissemination Time: 9.091138e-05
0: MPIL GPU-Aware NUMA-Aware Dissemination Time: 8.243086e-05
0: CopyToCPU PMPI Allreduce Time: 3.639754e-05
0: MPIL CopyToCPU Recursive Doubling Time: 4.140154e-05
0: MPIL CopyToCPU Node-Aware Dissemination Time: 7.012274e-05
0: MPIL CopyToCPU NUMA-Aware Dissemination Time: 3.520799e-05
0: MPIL CopyToCPU RADIX-3 Dissemination Time: 3.133025e-05
0: MPIL CopyToCPU RADIX-4 Dissemination Time: 3.485116e-05
0: MPIL CopyToCPU RADIX-5 Dissemination Time: 3.331818e-05
0: MPIL CopyToCPU RADIX-6 Dissemination Time: 3.355918e-05
0: MPIL CopyToCPU RADIX-7 Dissemination Time: 3.530608e-05
0: MPIL CopyToCPU RADIX-8 Dissemination Time: 3.611693e-05
0: MPIL CopyToCPU RADIX-9 Dissemination Time: 3.985401e-05
0: MPIL CopyToCPU RADIX-10 Dissemination Time: 4.034460e-05
0: MPIL CopyToCPU RADIX-11 Dissemination Time: 3.866205e-05
0: MPIL CopyToCPU RADIX-12 Dissemination Time: 3.740186e-05
0: MPIL CopyToCPU RADIX-13 Dissemination Time: 5.338418e-05
0: MPIL CopyToCPU RADIX-14 Dissemination Time: 5.504943e-05
0: Testing Size 256
0: PMPI Allreduce Time: 4.266955e-05
0: MPIL GPU-Aware Recursive Doubling Time: 4.265062e-05
0: MPIL GPU-Aware Node-Aware Dissemination Time: 1.058735e-04
0: MPIL GPU-Aware NUMA-Aware Dissemination Time: 7.985647e-05
0: CopyToCPU PMPI Allreduce Time: 5.646842e-05
0: MPIL CopyToCPU Recursive Doubling Time: 6.419016e-05
0: MPIL CopyToCPU Node-Aware Dissemination Time: 1.003357e-04
0: MPIL CopyToCPU NUMA-Aware Dissemination Time: 4.986050e-05
0: MPIL CopyToCPU RADIX-3 Dissemination Time: 3.623033e-05
0: MPIL CopyToCPU RADIX-4 Dissemination Time: 4.277428e-05
0: MPIL CopyToCPU RADIX-5 Dissemination Time: 3.967107e-05
0: MPIL CopyToCPU RADIX-6 Dissemination Time: 3.940949e-05
0: MPIL CopyToCPU RADIX-7 Dissemination Time: 3.937990e-05
0: MPIL CopyToCPU RADIX-8 Dissemination Time: 4.322801e-05
0: MPIL CopyToCPU RADIX-9 Dissemination Time: 4.497848e-05
0: MPIL CopyToCPU RADIX-10 Dissemination Time: 4.617236e-05
0: MPIL CopyToCPU RADIX-11 Dissemination Time: 4.337613e-05
0: MPIL CopyToCPU RADIX-12 Dissemination Time: 4.484221e-05
0: MPIL CopyToCPU RADIX-13 Dissemination Time: 6.093847e-05
0: MPIL CopyToCPU RADIX-14 Dissemination Time: 6.389997e-05
0: Testing Size 512
0: PMPI Allreduce Time: 5.804168e-05
0: MPIL GPU-Aware Recursive Doubling Time: 5.808500e-05
0: MPIL GPU-Aware Node-Aware Dissemination Time: 1.338885e-04
0: MPIL GPU-Aware NUMA-Aware Dissemination Time: 1.017014e-04
0: CopyToCPU PMPI Allreduce Time: 6.170431e-05
0: MPIL CopyToCPU Recursive Doubling Time: 6.284240e-05
0: MPIL CopyToCPU Node-Aware Dissemination Time: 1.221139e-04
0: MPIL CopyToCPU NUMA-Aware Dissemination Time: 5.918124e-05
0: MPIL CopyToCPU RADIX-3 Dissemination Time: 4.665906e-05
0: MPIL CopyToCPU RADIX-4 Dissemination Time: 4.592433e-05
0: MPIL CopyToCPU RADIX-5 Dissemination Time: 4.523437e-05
0: MPIL CopyToCPU RADIX-6 Dissemination Time: 4.678287e-05
0: MPIL CopyToCPU RADIX-7 Dissemination Time: 4.727118e-05
0: MPIL CopyToCPU RADIX-8 Dissemination Time: 4.951215e-05
0: MPIL CopyToCPU RADIX-9 Dissemination Time: 5.350368e-05
0: MPIL CopyToCPU RADIX-10 Dissemination Time: 5.529489e-05
0: MPIL CopyToCPU RADIX-11 Dissemination Time: 5.024186e-05
0: MPIL CopyToCPU RADIX-12 Dissemination Time: 4.580767e-05
0: MPIL CopyToCPU RADIX-13 Dissemination Time: 6.701775e-05
0: MPIL CopyToCPU RADIX-14 Dissemination Time: 6.878567e-05
0: Testing Size 1024
0: PMPI Allreduce Time: 1.301927e-04
0: MPIL GPU-Aware Recursive Doubling Time: 1.305544e-04
0: MPIL GPU-Aware Node-Aware Dissemination Time: 3.752319e-04
0: MPIL GPU-Aware NUMA-Aware Dissemination Time: 4.342063e-04
0: CopyToCPU PMPI Allreduce Time: 9.504236e-05
0: MPIL CopyToCPU Recursive Doubling Time: 9.449602e-05
0: MPIL CopyToCPU Node-Aware Dissemination Time: 1.828839e-04
0: MPIL CopyToCPU NUMA-Aware Dissemination Time: 9.457392e-05
0: MPIL CopyToCPU RADIX-3 Dissemination Time: 7.138432e-05
0: MPIL CopyToCPU RADIX-4 Dissemination Time: 6.319558e-05
0: MPIL CopyToCPU RADIX-5 Dissemination Time: 6.473032e-05
0: MPIL CopyToCPU RADIX-6 Dissemination Time: 6.376486e-05
0: MPIL CopyToCPU RADIX-7 Dissemination Time: 6.405776e-05
0: MPIL CopyToCPU RADIX-8 Dissemination Time: 7.170482e-05
0: MPIL CopyToCPU RADIX-9 Dissemination Time: 7.448380e-05
0: MPIL CopyToCPU RADIX-10 Dissemination Time: 7.667079e-05
0: MPIL CopyToCPU RADIX-11 Dissemination Time: 6.756596e-05
0: MPIL CopyToCPU RADIX-12 Dissemination Time: 6.378259e-05
0: MPIL CopyToCPU RADIX-13 Dissemination Time: 8.542826e-05
0: MPIL CopyToCPU RADIX-14 Dissemination Time: 8.608943e-05
0: Testing Size 2048
0: PMPI Allreduce Time: 1.470790e-04
0: MPIL GPU-Aware Recursive Doubling Time: 1.460717e-04
0: MPIL GPU-Aware Node-Aware Dissemination Time: 6.178045e-04
0: MPIL GPU-Aware NUMA-Aware Dissemination Time: 8.406409e-04
0: CopyToCPU PMPI Allreduce Time: 1.356680e-04
0: MPIL CopyToCPU Recursive Doubling Time: 1.475015e-04
0: MPIL CopyToCPU Node-Aware Dissemination Time: 2.474662e-04
0: MPIL CopyToCPU NUMA-Aware Dissemination Time: 1.554273e-04
0: MPIL CopyToCPU RADIX-3 Dissemination Time: 1.124926e-04
0: MPIL CopyToCPU RADIX-4 Dissemination Time: 9.763843e-05
0: MPIL CopyToCPU RADIX-5 Dissemination Time: 9.775470e-05
0: MPIL CopyToCPU RADIX-6 Dissemination Time: 1.039389e-04
0: MPIL CopyToCPU RADIX-7 Dissemination Time: 1.019527e-04
0: MPIL CopyToCPU RADIX-8 Dissemination Time: 1.050918e-04
0: MPIL CopyToCPU RADIX-9 Dissemination Time: 1.154054e-04
0: MPIL CopyToCPU RADIX-10 Dissemination Time: 1.195445e-04
0: MPIL CopyToCPU RADIX-11 Dissemination Time: 9.554131e-05
0: MPIL CopyToCPU RADIX-12 Dissemination Time: 9.132461e-05
0: MPIL CopyToCPU RADIX-13 Dissemination Time: 1.192371e-04
0: MPIL CopyToCPU RADIX-14 Dissemination Time: 1.240054e-04
0: Testing Size 4096
0: PMPI Allreduce Time: 1.520724e-04
0: MPIL GPU-Aware Recursive Doubling Time: 1.523354e-04
0: MPIL GPU-Aware Node-Aware Dissemination Time: 7.677208e-04
0: MPIL GPU-Aware NUMA-Aware Dissemination Time: 1.077595e-03
0: CopyToCPU PMPI Allreduce Time: 2.276375e-04
0: MPIL CopyToCPU Recursive Doubling Time: 2.814149e-04
0: MPIL CopyToCPU Node-Aware Dissemination Time: 4.254776e-04
0: MPIL CopyToCPU NUMA-Aware Dissemination Time: 2.890441e-04
0: MPIL CopyToCPU RADIX-3 Dissemination Time: 2.027545e-04
0: MPIL CopyToCPU RADIX-4 Dissemination Time: 1.694225e-04
0: MPIL CopyToCPU RADIX-5 Dissemination Time: 1.712666e-04
0: MPIL CopyToCPU RADIX-6 Dissemination Time: 1.705911e-04
0: MPIL CopyToCPU RADIX-7 Dissemination Time: 1.746758e-04
0: MPIL CopyToCPU RADIX-8 Dissemination Time: 1.819451e-04
0: MPIL CopyToCPU RADIX-9 Dissemination Time: 2.031732e-04
0: MPIL CopyToCPU RADIX-10 Dissemination Time: 2.098278e-04
0: MPIL CopyToCPU RADIX-11 Dissemination Time: 1.679644e-04
0: MPIL CopyToCPU RADIX-12 Dissemination Time: 1.492546e-04
0: MPIL CopyToCPU RADIX-13 Dissemination Time: 1.829287e-04
0: MPIL CopyToCPU RADIX-14 Dissemination Time: 1.879862e-04
0: Testing Size 8192
0: PMPI Allreduce Time: 1.581670e-04
0: MPIL GPU-Aware Recursive Doubling Time: 1.573099e-04
0: MPIL GPU-Aware Node-Aware Dissemination Time: 1.129258e-03
0: MPIL GPU-Aware NUMA-Aware Dissemination Time: 1.513203e-03
0: CopyToCPU PMPI Allreduce Time: 3.876232e-04
0: MPIL CopyToCPU Recursive Doubling Time: 5.020433e-04
0: MPIL CopyToCPU Node-Aware Dissemination Time: 7.496854e-04
0: MPIL CopyToCPU NUMA-Aware Dissemination Time: 4.964572e-04
0: MPIL CopyToCPU RADIX-3 Dissemination Time: 3.625139e-04
0: MPIL CopyToCPU RADIX-4 Dissemination Time: 3.015889e-04
0: MPIL CopyToCPU RADIX-5 Dissemination Time: 3.024561e-04
0: MPIL CopyToCPU RADIX-6 Dissemination Time: 3.046530e-04
0: MPIL CopyToCPU RADIX-7 Dissemination Time: 3.123581e-04
0: MPIL CopyToCPU RADIX-8 Dissemination Time: 3.236894e-04
0: MPIL CopyToCPU RADIX-9 Dissemination Time: 3.476644e-04
0: MPIL CopyToCPU RADIX-10 Dissemination Time: 3.563353e-04
0: MPIL CopyToCPU RADIX-11 Dissemination Time: 3.041280e-04
0: MPIL CopyToCPU RADIX-12 Dissemination Time: 2.566261e-04
0: MPIL CopyToCPU RADIX-13 Dissemination Time: 2.840711e-04
0: MPIL CopyToCPU RADIX-14 Dissemination Time: 2.913105e-04
0: Testing Size 16384
0: PMPI Allreduce Time: 1.685527e-04
0: MPIL GPU-Aware Recursive Doubling Time: 1.689782e-04
0: MPIL GPU-Aware Node-Aware Dissemination Time: 1.539818e-03
0: MPIL GPU-Aware NUMA-Aware Dissemination Time: 1.832689e-03
0: CopyToCPU PMPI Allreduce Time: 7.406788e-04
0: MPIL CopyToCPU Recursive Doubling Time: 8.540728e-04
0: MPIL CopyToCPU Node-Aware Dissemination Time: 1.437618e-03
0: MPIL CopyToCPU NUMA-Aware Dissemination Time: 9.247906e-04
0: MPIL CopyToCPU RADIX-3 Dissemination Time: 6.829352e-04
0: MPIL CopyToCPU RADIX-4 Dissemination Time: 5.554606e-04
0: MPIL CopyToCPU RADIX-5 Dissemination Time: 5.566656e-04
0: MPIL CopyToCPU RADIX-6 Dissemination Time: 5.599629e-04
0: MPIL CopyToCPU RADIX-7 Dissemination Time: 5.843206e-04
0: MPIL CopyToCPU RADIX-8 Dissemination Time: 6.011743e-04
0: MPIL CopyToCPU RADIX-9 Dissemination Time: 6.314760e-04
0: MPIL CopyToCPU RADIX-10 Dissemination Time: 6.515432e-04
0: MPIL CopyToCPU RADIX-11 Dissemination Time: 5.604810e-04
0: MPIL CopyToCPU RADIX-12 Dissemination Time: 4.794897e-04
0: MPIL CopyToCPU RADIX-13 Dissemination Time: 5.060824e-04
0: MPIL CopyToCPU RADIX-14 Dissemination Time: 5.195524e-04
0: Testing Size 32768
0: PMPI Allreduce Time: 1.872299e-04
0: MPIL GPU-Aware Recursive Doubling Time: 1.867027e-04
0: MPIL GPU-Aware Node-Aware Dissemination Time: 6.512660e-03
0: MPIL GPU-Aware NUMA-Aware Dissemination Time: 2.230113e-03
0: CopyToCPU PMPI Allreduce Time: 1.419591e-03
0: MPIL CopyToCPU Recursive Doubling Time: 1.648092e-03
0: MPIL CopyToCPU Node-Aware Dissemination Time: 2.448933e-03
0: MPIL CopyToCPU NUMA-Aware Dissemination Time: 1.735522e-03
0: MPIL CopyToCPU RADIX-3 Dissemination Time: 1.313086e-03
0: MPIL CopyToCPU RADIX-4 Dissemination Time: 1.077523e-03
0: MPIL CopyToCPU RADIX-5 Dissemination Time: 1.075904e-03
0: MPIL CopyToCPU RADIX-6 Dissemination Time: 1.092759e-03
0: MPIL CopyToCPU RADIX-7 Dissemination Time: 1.123803e-03
0: MPIL CopyToCPU RADIX-8 Dissemination Time: 1.150736e-03
0: MPIL CopyToCPU RADIX-9 Dissemination Time: 1.205794e-03
0: MPIL CopyToCPU RADIX-10 Dissemination Time: 1.244666e-03
0: MPIL CopyToCPU RADIX-11 Dissemination Time: 1.093588e-03
0: MPIL CopyToCPU RADIX-12 Dissemination Time: 9.285419e-04
0: MPIL CopyToCPU RADIX-13 Dissemination Time: 9.407406e-04
0: MPIL CopyToCPU RADIX-14 Dissemination Time: 9.720247e-04
0: Testing Size 65536
0: PMPI Allreduce Time: 2.156861e-04
0: MPIL GPU-Aware Recursive Doubling Time: 2.154391e-04
0: MPIL GPU-Aware Node-Aware Dissemination Time: 7.618955e-03
0: MPIL GPU-Aware NUMA-Aware Dissemination Time: 3.213782e-03
0: CopyToCPU PMPI Allreduce Time: 2.333131e-03
0: MPIL CopyToCPU Recursive Doubling Time: 3.181860e-03
0: MPIL CopyToCPU Node-Aware Dissemination Time: 4.940164e-03
0: MPIL CopyToCPU NUMA-Aware Dissemination Time: 3.350453e-03
0: MPIL CopyToCPU RADIX-3 Dissemination Time: 2.583907e-03
0: MPIL CopyToCPU RADIX-4 Dissemination Time: 2.089870e-03
0: MPIL CopyToCPU RADIX-5 Dissemination Time: 2.101015e-03
0: MPIL CopyToCPU RADIX-6 Dissemination Time: 2.103433e-03
0: MPIL CopyToCPU RADIX-7 Dissemination Time: 2.179747e-03
0: MPIL CopyToCPU RADIX-8 Dissemination Time: 2.242680e-03
0: MPIL CopyToCPU RADIX-9 Dissemination Time: 2.307188e-03
0: MPIL CopyToCPU RADIX-10 Dissemination Time: 2.356860e-03
0: MPIL CopyToCPU RADIX-11 Dissemination Time: 2.078876e-03
0: MPIL CopyToCPU RADIX-12 Dissemination Time: 1.792441e-03
0: MPIL CopyToCPU RADIX-13 Dissemination Time: 1.827506e-03
0: MPIL CopyToCPU RADIX-14 Dissemination Time: 1.902800e-03
0: Testing Size 131072
0: PMPI Allreduce Time: 2.900260e-04
0: MPIL GPU-Aware Recursive Doubling Time: 2.895438e-04
0: MPIL GPU-Aware Node-Aware Dissemination Time: 1.045810e-02
0: MPIL GPU-Aware NUMA-Aware Dissemination Time: 6.783560e-03
0: CopyToCPU PMPI Allreduce Time: 4.627791e-03
0: MPIL CopyToCPU Recursive Doubling Time: 4.424051e-03
0: MPIL CopyToCPU Node-Aware Dissemination Time: 9.851118e-03
0: MPIL CopyToCPU NUMA-Aware Dissemination Time: 6.528342e-03
0: MPIL CopyToCPU RADIX-3 Dissemination Time: 4.159578e-03
0: MPIL CopyToCPU RADIX-4 Dissemination Time: 3.977991e-03
0: MPIL CopyToCPU RADIX-5 Dissemination Time: 4.014861e-03
0: MPIL CopyToCPU RADIX-6 Dissemination Time: 4.044080e-03
0: MPIL CopyToCPU RADIX-7 Dissemination Time: 3.962277e-03
0: MPIL CopyToCPU RADIX-8 Dissemination Time: 4.036595e-03
0: MPIL CopyToCPU RADIX-9 Dissemination Time: 3.241354e-03
0: MPIL CopyToCPU RADIX-10 Dissemination Time: 3.319232e-03
0: MPIL CopyToCPU RADIX-11 Dissemination Time: 3.359478e-03
0: MPIL CopyToCPU RADIX-12 Dissemination Time: 3.447446e-03
0: MPIL CopyToCPU RADIX-13 Dissemination Time: 3.560808e-03
0: MPIL CopyToCPU RADIX-14 Dissemination Time: 3.647931e-03
0: Testing Size 262144
0: PMPI Allreduce Time: 4.241231e-04
0: MPIL GPU-Aware Recursive Doubling Time: 4.236326e-04
0: MPIL GPU-Aware Node-Aware Dissemination Time: 1.607116e-02
0: MPIL GPU-Aware NUMA-Aware Dissemination Time: 1.254446e-02
0: CopyToCPU PMPI Allreduce Time: 9.218652e-03
0: MPIL CopyToCPU Recursive Doubling Time: 6.153055e-03
0: MPIL CopyToCPU Node-Aware Dissemination Time: 1.749587e-02
0: MPIL CopyToCPU NUMA-Aware Dissemination Time: 1.262119e-02
0: MPIL CopyToCPU RADIX-3 Dissemination Time: 8.619914e-03
0: MPIL CopyToCPU RADIX-4 Dissemination Time: 7.935256e-03
0: MPIL CopyToCPU RADIX-5 Dissemination Time: 7.859851e-03
0: MPIL CopyToCPU RADIX-6 Dissemination Time: 7.962642e-03
0: MPIL CopyToCPU RADIX-7 Dissemination Time: 7.252437e-03
0: MPIL CopyToCPU RADIX-8 Dissemination Time: 7.289221e-03
0: MPIL CopyToCPU RADIX-9 Dissemination Time: 6.551989e-03
0: MPIL CopyToCPU RADIX-10 Dissemination Time: 6.750631e-03
0: MPIL CopyToCPU RADIX-11 Dissemination Time: 6.737407e-03
0: MPIL CopyToCPU RADIX-12 Dissemination Time: 6.910082e-03
0: MPIL CopyToCPU RADIX-13 Dissemination Time: 7.631099e-03
0: MPIL CopyToCPU RADIX-14 Dissemination Time: 7.722557e-03
0: Testing Size 524288
0: PMPI Allreduce Time: 6.914251e-04
0: MPIL GPU-Aware Recursive Doubling Time: 6.908965e-04
0: MPIL GPU-Aware Node-Aware Dissemination Time: 2.500512e-02
0: MPIL GPU-Aware NUMA-Aware Dissemination Time: 2.408004e-02
0: CopyToCPU PMPI Allreduce Time: 1.891290e-02
0: MPIL CopyToCPU Recursive Doubling Time: 1.601210e-02
0: MPIL CopyToCPU Node-Aware Dissemination Time: 3.713109e-02
0: MPIL CopyToCPU NUMA-Aware Dissemination Time: 2.530215e-02
0: MPIL CopyToCPU RADIX-3 Dissemination Time: 1.802946e-02
0: MPIL CopyToCPU RADIX-4 Dissemination Time: 1.624733e-02
0: MPIL CopyToCPU RADIX-5 Dissemination Time: 1.580222e-02
0: MPIL CopyToCPU RADIX-6 Dissemination Time: 1.571623e-02
0: MPIL CopyToCPU RADIX-7 Dissemination Time: 1.615984e-02
0: MPIL CopyToCPU RADIX-8 Dissemination Time: 2.137862e-02
0: MPIL CopyToCPU RADIX-9 Dissemination Time: 2.421140e-02
0: MPIL CopyToCPU RADIX-10 Dissemination Time: 2.291067e-02
0: MPIL CopyToCPU RADIX-11 Dissemination Time: 2.249342e-02
0: MPIL CopyToCPU RADIX-12 Dissemination Time: 2.397828e-02
0: MPIL CopyToCPU RADIX-13 Dissemination Time: 2.684168e-02
0: MPIL CopyToCPU RADIX-14 Dissemination Time: 2.753375e-02
