0: Testing Size 1
0: PMPI Allreduce Time: 2.460043e-05
0: MPIL GPU-Aware Recursive Doubling Time: 2.435107e-05
0: MPIL GPU-Aware Node-Aware Dissemination Time: 1.445419e-04
0: MPIL GPU-Aware NUMA-Aware Dissemination Time: 2.119704e-04
0: CopyToCPU PMPI Allreduce Time: 2.469803e-05
0: MPIL CopyToCPU Recursive Doubling Time: 2.886966e-05
0: MPIL CopyToCPU Node-Aware Dissemination Time: 2.997036e-05
0: MPIL CopyToCPU NUMA-Aware Dissemination Time: 1.888702e-05
0: MPIL CopyToCPU RADIX-3 Dissemination Time: 2.764511e-05
0: MPIL CopyToCPU RADIX-4 Dissemination Time: 2.233783e-05
0: MPIL CopyToCPU RADIX-5 Dissemination Time: 2.742814e-05
0: MPIL CopyToCPU RADIX-6 Dissemination Time: 2.810637e-05
0: MPIL CopyToCPU RADIX-7 Dissemination Time: 3.050280e-05
0: MPIL CopyToCPU RADIX-8 Dissemination Time: 2.740436e-05
0: MPIL CopyToCPU RADIX-9 Dissemination Time: 3.430964e-05
0: MPIL CopyToCPU RADIX-10 Dissemination Time: 3.350881e-05
0: MPIL CopyToCPU RADIX-11 Dissemination Time: 3.565216e-05
0: MPIL CopyToCPU RADIX-12 Dissemination Time: 3.705170e-05
0: MPIL CopyToCPU RADIX-13 Dissemination Time: 3.987075e-05
0: MPIL CopyToCPU RADIX-14 Dissemination Time: 3.916926e-05
0: Testing Size 2
0: PMPI Allreduce Time: 2.441595e-05
0: MPIL GPU-Aware Recursive Doubling Time: 2.447120e-05
0: MPIL GPU-Aware Node-Aware Dissemination Time: 1.362274e-04
0: MPIL GPU-Aware NUMA-Aware Dissemination Time: 2.128997e-04
0: CopyToCPU PMPI Allreduce Time: 2.524593e-05
0: MPIL CopyToCPU Recursive Doubling Time: 2.740999e-05
0: MPIL CopyToCPU Node-Aware Dissemination Time: 2.996486e-05
0: MPIL CopyToCPU NUMA-Aware Dissemination Time: 1.875058e-05
0: MPIL CopyToCPU RADIX-3 Dissemination Time: 2.850952e-05
0: MPIL CopyToCPU RADIX-4 Dissemination Time: 2.325479e-05
0: MPIL CopyToCPU RADIX-5 Dissemination Time: 2.776597e-05
0: MPIL CopyToCPU RADIX-6 Dissemination Time: 2.930904e-05
0: MPIL CopyToCPU RADIX-7 Dissemination Time: 3.102456e-05
0: MPIL CopyToCPU RADIX-8 Dissemination Time: 2.836764e-05
0: MPIL CopyToCPU RADIX-9 Dissemination Time: 3.370303e-05
0: MPIL CopyToCPU RADIX-10 Dissemination Time: 3.286185e-05
0: MPIL CopyToCPU RADIX-11 Dissemination Time: 3.481169e-05
0: MPIL CopyToCPU RADIX-12 Dissemination Time: 3.657134e-05
0: MPIL CopyToCPU RADIX-13 Dissemination Time: 3.836115e-05
0: MPIL CopyToCPU RADIX-14 Dissemination Time: 3.763352e-05
0: Testing Size 4
0: PMPI Allreduce Time: 2.485976e-05
0: MPIL GPU-Aware Recursive Doubling Time: 2.480506e-05
0: MPIL GPU-Aware Node-Aware Dissemination Time: 1.381703e-04
0: MPIL GPU-Aware NUMA-Aware Dissemination Time: 2.128952e-04
0: CopyToCPU PMPI Allreduce Time: 2.525172e-05
0: MPIL CopyToCPU Recursive Doubling Time: 2.719635e-05
0: MPIL CopyToCPU Node-Aware Dissemination Time: 2.996946e-05
0: MPIL CopyToCPU NUMA-Aware Dissemination Time: 1.868688e-05
0: MPIL CopyToCPU RADIX-3 Dissemination Time: 2.811172e-05
0: MPIL CopyToCPU RADIX-4 Dissemination Time: 2.272420e-05
0: MPIL CopyToCPU RADIX-5 Dissemination Time: 2.767607e-05
0: MPIL CopyToCPU RADIX-6 Dissemination Time: 2.864763e-05
0: MPIL CopyToCPU RADIX-7 Dissemination Time: 3.061051e-05
0: MPIL CopyToCPU RADIX-8 Dissemination Time: 2.768131e-05
0: MPIL CopyToCPU RADIX-9 Dissemination Time: 3.322892e-05
0: MPIL CopyToCPU RADIX-10 Dissemination Time: 3.267552e-05
0: MPIL CopyToCPU RADIX-11 Dissemination Time: 3.519250e-05
0: MPIL CopyToCPU RADIX-12 Dissemination Time: 3.663978e-05
0: MPIL CopyToCPU RADIX-13 Dissemination Time: 3.801295e-05
0: MPIL CopyToCPU RADIX-14 Dissemination Time: 3.736534e-05
0: Testing Size 8
0: PMPI Allreduce Time: 2.492322e-05
0: MPIL GPU-Aware Recursive Doubling Time: 2.492818e-05
0: MPIL GPU-Aware Node-Aware Dissemination Time: 1.373908e-04
0: MPIL GPU-Aware NUMA-Aware Dissemination Time: 2.125284e-04
0: CopyToCPU PMPI Allreduce Time: 2.499650e-05
0: MPIL CopyToCPU Recursive Doubling Time: 2.869941e-05
0: MPIL CopyToCPU Node-Aware Dissemination Time: 3.001543e-05
0: MPIL CopyToCPU NUMA-Aware Dissemination Time: 1.900280e-05
0: MPIL CopyToCPU RADIX-3 Dissemination Time: 2.877814e-05
0: MPIL CopyToCPU RADIX-4 Dissemination Time: 2.416854e-05
0: MPIL CopyToCPU RADIX-5 Dissemination Time: 2.891089e-05
0: MPIL CopyToCPU RADIX-6 Dissemination Time: 2.951848e-05
0: MPIL CopyToCPU RADIX-7 Dissemination Time: 3.207957e-05
0: MPIL CopyToCPU RADIX-8 Dissemination Time: 2.890476e-05
0: MPIL CopyToCPU RADIX-9 Dissemination Time: 3.449669e-05
0: MPIL CopyToCPU RADIX-10 Dissemination Time: 3.437251e-05
0: MPIL CopyToCPU RADIX-11 Dissemination Time: 3.694019e-05
0: MPIL CopyToCPU RADIX-12 Dissemination Time: 3.819949e-05
0: MPIL CopyToCPU RADIX-13 Dissemination Time: 3.900312e-05
0: MPIL CopyToCPU RADIX-14 Dissemination Time: 3.913343e-05
0: Testing Size 16
0: PMPI Allreduce Time: 2.641313e-05
0: MPIL GPU-Aware Recursive Doubling Time: 2.643370e-05
0: MPIL GPU-Aware Node-Aware Dissemination Time: 1.396213e-04
0: MPIL GPU-Aware NUMA-Aware Dissemination Time: 2.121342e-04
0: CopyToCPU PMPI Allreduce Time: 2.666416e-05
0: MPIL CopyToCPU Recursive Doubling Time: 3.093287e-05
0: MPIL CopyToCPU Node-Aware Dissemination Time: 3.141949e-05
0: MPIL CopyToCPU NUMA-Aware Dissemination Time: 2.032369e-05
0: MPIL CopyToCPU RADIX-3 Dissemination Time: 3.123271e-05
0: MPIL CopyToCPU RADIX-4 Dissemination Time: 2.516402e-05
0: MPIL CopyToCPU RADIX-5 Dissemination Time: 3.059822e-05
0: MPIL CopyToCPU RADIX-6 Dissemination Time: 3.106442e-05
0: MPIL CopyToCPU RADIX-7 Dissemination Time: 3.406370e-05
0: MPIL CopyToCPU RADIX-8 Dissemination Time: 3.055700e-05
0: MPIL CopyToCPU RADIX-9 Dissemination Time: 3.699662e-05
0: MPIL CopyToCPU RADIX-10 Dissemination Time: 3.676480e-05
0: MPIL CopyToCPU RADIX-11 Dissemination Time: 3.871589e-05
0: MPIL CopyToCPU RADIX-12 Dissemination Time: 3.989422e-05
0: MPIL CopyToCPU RADIX-13 Dissemination Time: 4.055284e-05
0: MPIL CopyToCPU RADIX-14 Dissemination Time: 4.131248e-05
0: Testing Size 32
0: PMPI Allreduce Time: 4.117037e-05
0: MPIL GPU-Aware Recursive Doubling Time: 4.099406e-05
0: MPIL GPU-Aware Node-Aware Dissemination Time: 1.281754e-04
0: MPIL GPU-Aware NUMA-Aware Dissemination Time: 2.104402e-04
0: CopyToCPU PMPI Allreduce Time: 3.382253e-05
0: MPIL CopyToCPU Recursive Doubling Time: 4.379025e-05
0: MPIL CopyToCPU Node-Aware Dissemination Time: 3.696785e-05
0: MPIL CopyToCPU NUMA-Aware Dissemination Time: 2.806871e-05
0: MPIL CopyToCPU RADIX-3 Dissemination Time: 4.494784e-05
0: MPIL CopyToCPU RADIX-4 Dissemination Time: 3.283494e-05
0: MPIL CopyToCPU RADIX-5 Dissemination Time: 3.734292e-05
0: MPIL CopyToCPU RADIX-6 Dissemination Time: 4.036467e-05
0: MPIL CopyToCPU RADIX-7 Dissemination Time: 4.229588e-05
0: MPIL CopyToCPU RADIX-8 Dissemination Time: 3.628653e-05
0: MPIL CopyToCPU RADIX-9 Dissemination Time: 4.594238e-05
0: MPIL CopyToCPU RADIX-10 Dissemination Time: 4.188547e-05
0: MPIL CopyToCPU RADIX-11 Dissemination Time: 4.447987e-05
0: MPIL CopyToCPU RADIX-12 Dissemination Time: 4.511615e-05
0: MPIL CopyToCPU RADIX-13 Dissemination Time: 4.819745e-05
0: MPIL CopyToCPU RADIX-14 Dissemination Time: 4.734046e-05
0: Testing Size 64
0: PMPI Allreduce Time: 4.138459e-05
0: MPIL GPU-Aware Recursive Doubling Time: 4.131276e-05
0: MPIL GPU-Aware Node-Aware Dissemination Time: 1.499075e-04
0: MPIL GPU-Aware NUMA-Aware Dissemination Time: 2.117075e-04
0: CopyToCPU PMPI Allreduce Time: 4.112904e-05
0: MPIL CopyToCPU Recursive Doubling Time: 4.447903e-05
0: MPIL CopyToCPU Node-Aware Dissemination Time: 3.868510e-05
0: MPIL CopyToCPU NUMA-Aware Dissemination Time: 3.356497e-05
0: MPIL CopyToCPU RADIX-3 Dissemination Time: 4.535710e-05
0: MPIL CopyToCPU RADIX-4 Dissemination Time: 3.343131e-05
0: MPIL CopyToCPU RADIX-5 Dissemination Time: 3.757587e-05
0: MPIL CopyToCPU RADIX-6 Dissemination Time: 4.129971e-05
0: MPIL CopyToCPU RADIX-7 Dissemination Time: 4.312014e-05
0: MPIL CopyToCPU RADIX-8 Dissemination Time: 3.696730e-05
0: MPIL CopyToCPU RADIX-9 Dissemination Time: 4.678496e-05
0: MPIL CopyToCPU RADIX-10 Dissemination Time: 4.287192e-05
0: MPIL CopyToCPU RADIX-11 Dissemination Time: 4.577184e-05
0: MPIL CopyToCPU RADIX-12 Dissemination Time: 4.703676e-05
0: MPIL CopyToCPU RADIX-13 Dissemination Time: 4.970449e-05
0: MPIL CopyToCPU RADIX-14 Dissemination Time: 4.838459e-05
0: Testing Size 128
0: PMPI Allreduce Time: 5.659845e-05
0: MPIL GPU-Aware Recursive Doubling Time: 5.659513e-05
0: MPIL GPU-Aware Node-Aware Dissemination Time: 1.712467e-04
0: MPIL GPU-Aware NUMA-Aware Dissemination Time: 1.844456e-04
0: CopyToCPU PMPI Allreduce Time: 5.679804e-05
0: MPIL CopyToCPU Recursive Doubling Time: 6.052045e-05
0: MPIL CopyToCPU Node-Aware Dissemination Time: 8.390048e-05
0: MPIL CopyToCPU NUMA-Aware Dissemination Time: 5.308893e-05
0: MPIL CopyToCPU RADIX-3 Dissemination Time: 5.248365e-05
0: MPIL CopyToCPU RADIX-4 Dissemination Time: 4.449420e-05
0: MPIL CopyToCPU RADIX-5 Dissemination Time: 5.002039e-05
0: MPIL CopyToCPU RADIX-6 Dissemination Time: 5.309184e-05
0: MPIL CopyToCPU RADIX-7 Dissemination Time: 5.538463e-05
0: MPIL CopyToCPU RADIX-8 Dissemination Time: 5.119046e-05
0: MPIL CopyToCPU RADIX-9 Dissemination Time: 5.817299e-05
0: MPIL CopyToCPU RADIX-10 Dissemination Time: 5.440509e-05
0: MPIL CopyToCPU RADIX-11 Dissemination Time: 5.634387e-05
0: MPIL CopyToCPU RADIX-12 Dissemination Time: 5.729944e-05
0: MPIL CopyToCPU RADIX-13 Dissemination Time: 5.810730e-05
0: MPIL CopyToCPU RADIX-14 Dissemination Time: 6.039653e-05
0: Testing Size 256
0: PMPI Allreduce Time: 6.657503e-05
0: MPIL GPU-Aware Recursive Doubling Time: 6.647980e-05
0: MPIL GPU-Aware Node-Aware Dissemination Time: 1.814884e-04
0: MPIL GPU-Aware NUMA-Aware Dissemination Time: 1.786689e-04
0: CopyToCPU PMPI Allreduce Time: 7.274158e-05
0: MPIL CopyToCPU Recursive Doubling Time: 7.649474e-05
0: MPIL CopyToCPU Node-Aware Dissemination Time: 1.028459e-04
0: MPIL CopyToCPU NUMA-Aware Dissemination Time: 6.897708e-05
0: MPIL CopyToCPU RADIX-3 Dissemination Time: 6.027232e-05
0: MPIL CopyToCPU RADIX-4 Dissemination Time: 5.082666e-05
0: MPIL CopyToCPU RADIX-5 Dissemination Time: 5.645954e-05
0: MPIL CopyToCPU RADIX-6 Dissemination Time: 6.543453e-05
0: MPIL CopyToCPU RADIX-7 Dissemination Time: 6.550717e-05
0: MPIL CopyToCPU RADIX-8 Dissemination Time: 6.007866e-05
0: MPIL CopyToCPU RADIX-9 Dissemination Time: 6.958847e-05
0: MPIL CopyToCPU RADIX-10 Dissemination Time: 6.111272e-05
0: MPIL CopyToCPU RADIX-11 Dissemination Time: 6.483688e-05
0: MPIL CopyToCPU RADIX-12 Dissemination Time: 6.713570e-05
0: MPIL CopyToCPU RADIX-13 Dissemination Time: 7.182073e-05
0: MPIL CopyToCPU RADIX-14 Dissemination Time: 7.390813e-05
0: Testing Size 512
0: PMPI Allreduce Time: 8.124684e-05
0: MPIL GPU-Aware Recursive Doubling Time: 8.115232e-05
0: MPIL GPU-Aware Node-Aware Dissemination Time: 1.964062e-04
0: MPIL GPU-Aware NUMA-Aware Dissemination Time: 1.820497e-04
0: CopyToCPU PMPI Allreduce Time: 8.609068e-05
0: MPIL CopyToCPU Recursive Doubling Time: 8.902815e-05
0: MPIL CopyToCPU Node-Aware Dissemination Time: 1.392607e-04
0: MPIL CopyToCPU NUMA-Aware Dissemination Time: 8.506953e-05
0: MPIL CopyToCPU RADIX-3 Dissemination Time: 6.950090e-05
0: MPIL CopyToCPU RADIX-4 Dissemination Time: 5.822236e-05
0: MPIL CopyToCPU RADIX-5 Dissemination Time: 6.568653e-05
0: MPIL CopyToCPU RADIX-6 Dissemination Time: 6.971907e-05
0: MPIL CopyToCPU RADIX-7 Dissemination Time: 7.213653e-05
0: MPIL CopyToCPU RADIX-8 Dissemination Time: 6.848373e-05
0: MPIL CopyToCPU RADIX-9 Dissemination Time: 7.748947e-05
0: MPIL CopyToCPU RADIX-10 Dissemination Time: 7.200449e-05
0: MPIL CopyToCPU RADIX-11 Dissemination Time: 7.258974e-05
0: MPIL CopyToCPU RADIX-12 Dissemination Time: 7.290716e-05
0: MPIL CopyToCPU RADIX-13 Dissemination Time: 7.440607e-05
0: MPIL CopyToCPU RADIX-14 Dissemination Time: 7.724603e-05
0: Testing Size 1024
0: PMPI Allreduce Time: 2.037161e-04
0: MPIL GPU-Aware Recursive Doubling Time: 2.033802e-04
0: MPIL GPU-Aware Node-Aware Dissemination Time: 7.130323e-04
0: MPIL GPU-Aware NUMA-Aware Dissemination Time: 9.078849e-04
0: CopyToCPU PMPI Allreduce Time: 1.189709e-04
0: MPIL CopyToCPU Recursive Doubling Time: 1.152230e-04
0: MPIL CopyToCPU Node-Aware Dissemination Time: 2.018010e-04
0: MPIL CopyToCPU NUMA-Aware Dissemination Time: 1.287405e-04
0: MPIL CopyToCPU RADIX-3 Dissemination Time: 9.355181e-05
0: MPIL CopyToCPU RADIX-4 Dissemination Time: 7.788072e-05
0: MPIL CopyToCPU RADIX-5 Dissemination Time: 8.728976e-05
0: MPIL CopyToCPU RADIX-6 Dissemination Time: 9.158012e-05
0: MPIL CopyToCPU RADIX-7 Dissemination Time: 1.036985e-04
0: MPIL CopyToCPU RADIX-8 Dissemination Time: 9.337357e-05
0: MPIL CopyToCPU RADIX-9 Dissemination Time: 9.828523e-05
0: MPIL CopyToCPU RADIX-10 Dissemination Time: 1.036704e-04
0: MPIL CopyToCPU RADIX-11 Dissemination Time: 1.108898e-04
0: MPIL CopyToCPU RADIX-12 Dissemination Time: 9.965797e-05
0: MPIL CopyToCPU RADIX-13 Dissemination Time: 9.891230e-05
0: MPIL CopyToCPU RADIX-14 Dissemination Time: 9.772748e-05
0: Testing Size 2048
0: PMPI Allreduce Time: 2.322806e-04
0: MPIL GPU-Aware Recursive Doubling Time: 2.297482e-04
0: MPIL GPU-Aware Node-Aware Dissemination Time: 9.389848e-04
0: MPIL GPU-Aware NUMA-Aware Dissemination Time: 1.333396e-03
0: CopyToCPU PMPI Allreduce Time: 1.752424e-04
0: MPIL CopyToCPU Recursive Doubling Time: 1.755147e-04
0: MPIL CopyToCPU Node-Aware Dissemination Time: 2.655100e-04
0: MPIL CopyToCPU NUMA-Aware Dissemination Time: 2.047701e-04
0: MPIL CopyToCPU RADIX-3 Dissemination Time: 1.451559e-04
0: MPIL CopyToCPU RADIX-4 Dissemination Time: 1.147921e-04
0: MPIL CopyToCPU RADIX-5 Dissemination Time: 1.245449e-04
0: MPIL CopyToCPU RADIX-6 Dissemination Time: 1.281763e-04
0: MPIL CopyToCPU RADIX-7 Dissemination Time: 1.371187e-04
0: MPIL CopyToCPU RADIX-8 Dissemination Time: 1.349787e-04
0: MPIL CopyToCPU RADIX-9 Dissemination Time: 1.415091e-04
0: MPIL CopyToCPU RADIX-10 Dissemination Time: 1.425760e-04
0: MPIL CopyToCPU RADIX-11 Dissemination Time: 1.415896e-04
0: MPIL CopyToCPU RADIX-12 Dissemination Time: 1.353736e-04
0: MPIL CopyToCPU RADIX-13 Dissemination Time: 1.400883e-04
0: MPIL CopyToCPU RADIX-14 Dissemination Time: 1.431706e-04
0: Testing Size 4096
0: PMPI Allreduce Time: 2.387398e-04
0: MPIL GPU-Aware Recursive Doubling Time: 2.381274e-04
0: MPIL GPU-Aware Node-Aware Dissemination Time: 1.182096e-03
0: MPIL GPU-Aware NUMA-Aware Dissemination Time: 2.013018e-03
0: CopyToCPU PMPI Allreduce Time: 2.796469e-04
0: MPIL CopyToCPU Recursive Doubling Time: 3.380621e-04
0: MPIL CopyToCPU Node-Aware Dissemination Time: 4.686937e-04
0: MPIL CopyToCPU NUMA-Aware Dissemination Time: 3.387368e-04
0: MPIL CopyToCPU RADIX-3 Dissemination Time: 2.603933e-04
0: MPIL CopyToCPU RADIX-4 Dissemination Time: 2.016232e-04
0: MPIL CopyToCPU RADIX-5 Dissemination Time: 2.260277e-04
0: MPIL CopyToCPU RADIX-6 Dissemination Time: 2.359501e-04
0: MPIL CopyToCPU RADIX-7 Dissemination Time: 2.422616e-04
0: MPIL CopyToCPU RADIX-8 Dissemination Time: 2.435708e-04
0: MPIL CopyToCPU RADIX-9 Dissemination Time: 2.580695e-04
0: MPIL CopyToCPU RADIX-10 Dissemination Time: 2.569337e-04
0: MPIL CopyToCPU RADIX-11 Dissemination Time: 2.649261e-04
0: MPIL CopyToCPU RADIX-12 Dissemination Time: 2.528873e-04
0: MPIL CopyToCPU RADIX-13 Dissemination Time: 2.636547e-04
0: MPIL CopyToCPU RADIX-14 Dissemination Time: 2.705450e-04
0: Testing Size 8192
0: PMPI Allreduce Time: 2.399311e-04
0: MPIL GPU-Aware Recursive Doubling Time: 2.383406e-04
0: MPIL GPU-Aware Node-Aware Dissemination Time: 1.609716e-03
0: MPIL GPU-Aware NUMA-Aware Dissemination Time: 2.736648e-03
0: CopyToCPU PMPI Allreduce Time: 4.526066e-04
0: MPIL CopyToCPU Recursive Doubling Time: 5.598064e-04
0: MPIL CopyToCPU Node-Aware Dissemination Time: 7.989739e-04
0: MPIL CopyToCPU NUMA-Aware Dissemination Time: 6.082740e-04
0: MPIL CopyToCPU RADIX-3 Dissemination Time: 4.396022e-04
0: MPIL CopyToCPU RADIX-4 Dissemination Time: 3.532071e-04
0: MPIL CopyToCPU RADIX-5 Dissemination Time: 3.943073e-04
0: MPIL CopyToCPU RADIX-6 Dissemination Time: 3.999161e-04
0: MPIL CopyToCPU RADIX-7 Dissemination Time: 4.120957e-04
0: MPIL CopyToCPU RADIX-8 Dissemination Time: 4.291429e-04
0: MPIL CopyToCPU RADIX-9 Dissemination Time: 4.473234e-04
0: MPIL CopyToCPU RADIX-10 Dissemination Time: 4.474182e-04
0: MPIL CopyToCPU RADIX-11 Dissemination Time: 4.608556e-04
0: MPIL CopyToCPU RADIX-12 Dissemination Time: 4.379770e-04
0: MPIL CopyToCPU RADIX-13 Dissemination Time: 4.600670e-04
0: MPIL CopyToCPU RADIX-14 Dissemination Time: 4.686709e-04
0: Testing Size 16384
0: PMPI Allreduce Time: 2.493063e-04
0: MPIL GPU-Aware Recursive Doubling Time: 2.483547e-04
0: MPIL GPU-Aware Node-Aware Dissemination Time: 2.021965e-03
0: MPIL GPU-Aware NUMA-Aware Dissemination Time: 2.814694e-03
0: CopyToCPU PMPI Allreduce Time: 8.068583e-04
0: MPIL CopyToCPU Recursive Doubling Time: 1.009284e-03
0: MPIL CopyToCPU Node-Aware Dissemination Time: 1.475762e-03
0: MPIL CopyToCPU NUMA-Aware Dissemination Time: 1.207955e-03
0: MPIL CopyToCPU RADIX-3 Dissemination Time: 8.038386e-04
0: MPIL CopyToCPU RADIX-4 Dissemination Time: 6.438472e-04
0: MPIL CopyToCPU RADIX-5 Dissemination Time: 7.105970e-04
0: MPIL CopyToCPU RADIX-6 Dissemination Time: 7.209921e-04
0: MPIL CopyToCPU RADIX-7 Dissemination Time: 7.501540e-04
0: MPIL CopyToCPU RADIX-8 Dissemination Time: 7.870808e-04
0: MPIL CopyToCPU RADIX-9 Dissemination Time: 8.187933e-04
0: MPIL CopyToCPU RADIX-10 Dissemination Time: 8.473760e-04
0: MPIL CopyToCPU RADIX-11 Dissemination Time: 8.717229e-04
0: MPIL CopyToCPU RADIX-12 Dissemination Time: 8.467305e-04
0: MPIL CopyToCPU RADIX-13 Dissemination Time: 8.747503e-04
0: MPIL CopyToCPU RADIX-14 Dissemination Time: 9.010418e-04
0: Testing Size 32768
0: PMPI Allreduce Time: 2.681546e-04
0: MPIL GPU-Aware Recursive Doubling Time: 2.675237e-04
0: MPIL GPU-Aware Node-Aware Dissemination Time: 8.325984e-03
0: MPIL GPU-Aware NUMA-Aware Dissemination Time: 3.369810e-03
0: CopyToCPU PMPI Allreduce Time: 1.434496e-03
0: MPIL CopyToCPU Recursive Doubling Time: 1.790201e-03
0: MPIL CopyToCPU Node-Aware Dissemination Time: 2.813301e-03
0: MPIL CopyToCPU NUMA-Aware Dissemination Time: 2.013755e-03
0: MPIL CopyToCPU RADIX-3 Dissemination Time: 1.512844e-03
0: MPIL CopyToCPU RADIX-4 Dissemination Time: 1.222930e-03
0: MPIL CopyToCPU RADIX-5 Dissemination Time: 1.350249e-03
0: MPIL CopyToCPU RADIX-6 Dissemination Time: 1.382558e-03
0: MPIL CopyToCPU RADIX-7 Dissemination Time: 1.437618e-03
0: MPIL CopyToCPU RADIX-8 Dissemination Time: 1.487145e-03
0: MPIL CopyToCPU RADIX-9 Dissemination Time: 1.569300e-03
0: MPIL CopyToCPU RADIX-10 Dissemination Time: 1.644513e-03
0: MPIL CopyToCPU RADIX-11 Dissemination Time: 1.699116e-03
0: MPIL CopyToCPU RADIX-12 Dissemination Time: 1.679160e-03
0: MPIL CopyToCPU RADIX-13 Dissemination Time: 1.725057e-03
0: MPIL CopyToCPU RADIX-14 Dissemination Time: 1.782713e-03
0: Testing Size 65536
0: PMPI Allreduce Time: 3.150401e-04
0: MPIL GPU-Aware Recursive Doubling Time: 3.145584e-04
0: MPIL GPU-Aware Node-Aware Dissemination Time: 1.054045e-02
0: MPIL GPU-Aware NUMA-Aware Dissemination Time: 5.323977e-03
0: CopyToCPU PMPI Allreduce Time: 2.549768e-03
0: MPIL CopyToCPU Recursive Doubling Time: 3.540535e-03
0: MPIL CopyToCPU Node-Aware Dissemination Time: 4.955109e-03
0: MPIL CopyToCPU NUMA-Aware Dissemination Time: 4.019253e-03
0: MPIL CopyToCPU RADIX-3 Dissemination Time: 2.911571e-03
0: MPIL CopyToCPU RADIX-4 Dissemination Time: 2.390276e-03
0: MPIL CopyToCPU RADIX-5 Dissemination Time: 2.629013e-03
0: MPIL CopyToCPU RADIX-6 Dissemination Time: 2.690699e-03
0: MPIL CopyToCPU RADIX-7 Dissemination Time: 2.735924e-03
0: MPIL CopyToCPU RADIX-8 Dissemination Time: 2.827131e-03
0: MPIL CopyToCPU RADIX-9 Dissemination Time: 2.869992e-03
0: MPIL CopyToCPU RADIX-10 Dissemination Time: 3.127773e-03
0: MPIL CopyToCPU RADIX-11 Dissemination Time: 3.295383e-03
0: MPIL CopyToCPU RADIX-12 Dissemination Time: 3.309196e-03
0: MPIL CopyToCPU RADIX-13 Dissemination Time: 3.328421e-03
0: MPIL CopyToCPU RADIX-14 Dissemination Time: 3.446111e-03
0: Testing Size 131072
0: PMPI Allreduce Time: 4.027686e-04
0: MPIL GPU-Aware Recursive Doubling Time: 4.023136e-04
0: MPIL GPU-Aware Node-Aware Dissemination Time: 1.433959e-02
0: MPIL GPU-Aware NUMA-Aware Dissemination Time: 1.178877e-02
0: CopyToCPU PMPI Allreduce Time: 5.230205e-03
0: MPIL CopyToCPU Recursive Doubling Time: 5.977016e-03
0: MPIL CopyToCPU Node-Aware Dissemination Time: 9.607907e-03
0: MPIL CopyToCPU NUMA-Aware Dissemination Time: 7.484334e-03
0: MPIL CopyToCPU RADIX-3 Dissemination Time: 5.661290e-03
0: MPIL CopyToCPU RADIX-4 Dissemination Time: 4.632871e-03
0: MPIL CopyToCPU RADIX-5 Dissemination Time: 5.057950e-03
0: MPIL CopyToCPU RADIX-6 Dissemination Time: 5.243327e-03
0: MPIL CopyToCPU RADIX-7 Dissemination Time: 5.224168e-03
0: MPIL CopyToCPU RADIX-8 Dissemination Time: 5.384378e-03
0: MPIL CopyToCPU RADIX-9 Dissemination Time: 5.426517e-03
0: MPIL CopyToCPU RADIX-10 Dissemination Time: 5.648069e-03
0: MPIL CopyToCPU RADIX-11 Dissemination Time: 6.099586e-03
0: MPIL CopyToCPU RADIX-12 Dissemination Time: 6.404252e-03
0: MPIL CopyToCPU RADIX-13 Dissemination Time: 6.311349e-03
0: MPIL CopyToCPU RADIX-14 Dissemination Time: 6.518229e-03
0: Testing Size 262144
0: PMPI Allreduce Time: 5.638201e-04
0: MPIL GPU-Aware Recursive Doubling Time: 5.634795e-04
0: MPIL GPU-Aware Node-Aware Dissemination Time: 2.398548e-02
0: MPIL GPU-Aware NUMA-Aware Dissemination Time: 2.188942e-02
0: CopyToCPU PMPI Allreduce Time: 9.444042e-03
0: MPIL CopyToCPU Recursive Doubling Time: 1.277918e-02
0: MPIL CopyToCPU Node-Aware Dissemination Time: 1.847963e-02
0: MPIL CopyToCPU NUMA-Aware Dissemination Time: 1.417619e-02
0: MPIL CopyToCPU RADIX-3 Dissemination Time: 1.134249e-02
0: MPIL CopyToCPU RADIX-4 Dissemination Time: 9.174962e-03
0: MPIL CopyToCPU RADIX-5 Dissemination Time: 9.823180e-03
0: MPIL CopyToCPU RADIX-6 Dissemination Time: 1.009064e-02
0: MPIL CopyToCPU RADIX-7 Dissemination Time: 1.007584e-02
0: MPIL CopyToCPU RADIX-8 Dissemination Time: 1.047955e-02
0: MPIL CopyToCPU RADIX-9 Dissemination Time: 1.030334e-02
0: MPIL CopyToCPU RADIX-10 Dissemination Time: 1.185990e-02
0: MPIL CopyToCPU RADIX-11 Dissemination Time: 1.232754e-02
0: MPIL CopyToCPU RADIX-12 Dissemination Time: 1.292499e-02
0: MPIL CopyToCPU RADIX-13 Dissemination Time: 1.286348e-02
0: MPIL CopyToCPU RADIX-14 Dissemination Time: 1.320297e-02
0: Testing Size 524288
0: PMPI Allreduce Time: 8.794693e-04
0: MPIL GPU-Aware Recursive Doubling Time: 8.791494e-04
0: MPIL GPU-Aware Node-Aware Dissemination Time: 4.360690e-02
0: MPIL GPU-Aware NUMA-Aware Dissemination Time: 4.152100e-02
0: CopyToCPU PMPI Allreduce Time: 2.079098e-02
0: MPIL CopyToCPU Recursive Doubling Time: 2.371677e-02
0: MPIL CopyToCPU Node-Aware Dissemination Time: 3.585369e-02
0: MPIL CopyToCPU NUMA-Aware Dissemination Time: 2.769346e-02
0: MPIL CopyToCPU RADIX-3 Dissemination Time: 2.240580e-02
0: MPIL CopyToCPU RADIX-4 Dissemination Time: 1.806101e-02
0: MPIL CopyToCPU RADIX-5 Dissemination Time: 1.862885e-02
0: MPIL CopyToCPU RADIX-6 Dissemination Time: 1.870899e-02
0: MPIL CopyToCPU RADIX-7 Dissemination Time: 1.769459e-02
0: MPIL CopyToCPU RADIX-8 Dissemination Time: 2.475110e-02
0: MPIL CopyToCPU RADIX-9 Dissemination Time: 2.684639e-02
0: MPIL CopyToCPU RADIX-10 Dissemination Time: 2.922914e-02
0: MPIL CopyToCPU RADIX-11 Dissemination Time: 3.049672e-02
0: MPIL CopyToCPU RADIX-12 Dissemination Time: 3.393484e-02
0: MPIL CopyToCPU RADIX-13 Dissemination Time: 3.376642e-02
0: MPIL CopyToCPU RADIX-14 Dissemination Time: 3.509603e-02
