0: Testing Size 1
0: PMPI Allreduce Time: 1.705229e-05
0: MPIL GPU-Aware Recursive Doubling Time: 1.700387e-05
0: MPIL GPU-Aware Node-Aware Dissemination Time: 7.924895e-05
0: MPIL GPU-Aware NUMA-Aware Dissemination Time: 1.421295e-04
0: CopyToCPU PMPI Allreduce Time: 1.684667e-05
0: MPIL CopyToCPU Recursive Doubling Time: 1.971551e-05
0: MPIL CopyToCPU Node-Aware Dissemination Time: 2.069827e-05
0: MPIL CopyToCPU NUMA-Aware Dissemination Time: 1.349598e-05
0: MPIL CopyToCPU RADIX-3 Dissemination Time: 2.030978e-05
0: MPIL CopyToCPU RADIX-4 Dissemination Time: 1.703422e-05
0: MPIL CopyToCPU RADIX-5 Dissemination Time: 2.060504e-05
0: MPIL CopyToCPU RADIX-6 Dissemination Time: 2.286465e-05
0: MPIL CopyToCPU RADIX-7 Dissemination Time: 2.281036e-05
0: MPIL CopyToCPU RADIX-8 Dissemination Time: 2.045673e-05
0: MPIL CopyToCPU RADIX-9 Dissemination Time: 2.217490e-05
0: MPIL CopyToCPU RADIX-10 Dissemination Time: 2.552791e-05
0: MPIL CopyToCPU RADIX-11 Dissemination Time: 2.407591e-05
0: MPIL CopyToCPU RADIX-12 Dissemination Time: 2.226604e-05
0: MPIL CopyToCPU RADIX-13 Dissemination Time: 2.805395e-05
0: MPIL CopyToCPU RADIX-14 Dissemination Time: 2.656290e-05
0: Testing Size 2
0: PMPI Allreduce Time: 1.732046e-05
0: MPIL GPU-Aware Recursive Doubling Time: 1.729944e-05
0: MPIL GPU-Aware Node-Aware Dissemination Time: 7.554261e-05
0: MPIL GPU-Aware NUMA-Aware Dissemination Time: 1.377236e-04
0: CopyToCPU PMPI Allreduce Time: 1.708748e-05
0: MPIL CopyToCPU Recursive Doubling Time: 1.894233e-05
0: MPIL CopyToCPU Node-Aware Dissemination Time: 2.035251e-05
0: MPIL CopyToCPU NUMA-Aware Dissemination Time: 1.322208e-05
0: MPIL CopyToCPU RADIX-3 Dissemination Time: 2.036008e-05
0: MPIL CopyToCPU RADIX-4 Dissemination Time: 1.718040e-05
0: MPIL CopyToCPU RADIX-5 Dissemination Time: 2.058221e-05
0: MPIL CopyToCPU RADIX-6 Dissemination Time: 2.328721e-05
0: MPIL CopyToCPU RADIX-7 Dissemination Time: 2.316755e-05
0: MPIL CopyToCPU RADIX-8 Dissemination Time: 2.060423e-05
0: MPIL CopyToCPU RADIX-9 Dissemination Time: 2.211522e-05
0: MPIL CopyToCPU RADIX-10 Dissemination Time: 2.547800e-05
0: MPIL CopyToCPU RADIX-11 Dissemination Time: 2.425924e-05
0: MPIL CopyToCPU RADIX-12 Dissemination Time: 2.245768e-05
0: MPIL CopyToCPU RADIX-13 Dissemination Time: 2.726940e-05
0: MPIL CopyToCPU RADIX-14 Dissemination Time: 2.651805e-05
0: Testing Size 4
0: PMPI Allreduce Time: 1.770573e-05
0: MPIL GPU-Aware Recursive Doubling Time: 1.767151e-05
0: MPIL GPU-Aware Node-Aware Dissemination Time: 7.522009e-05
0: MPIL GPU-Aware NUMA-Aware Dissemination Time: 1.391343e-04
0: CopyToCPU PMPI Allreduce Time: 1.722152e-05
0: MPIL CopyToCPU Recursive Doubling Time: 1.893919e-05
0: MPIL CopyToCPU Node-Aware Dissemination Time: 2.105145e-05
0: MPIL CopyToCPU NUMA-Aware Dissemination Time: 1.325980e-05
0: MPIL CopyToCPU RADIX-3 Dissemination Time: 2.054025e-05
0: MPIL CopyToCPU RADIX-4 Dissemination Time: 1.721795e-05
0: MPIL CopyToCPU RADIX-5 Dissemination Time: 2.062985e-05
0: MPIL CopyToCPU RADIX-6 Dissemination Time: 2.304993e-05
0: MPIL CopyToCPU RADIX-7 Dissemination Time: 2.298338e-05
0: MPIL CopyToCPU RADIX-8 Dissemination Time: 2.059220e-05
0: MPIL CopyToCPU RADIX-9 Dissemination Time: 2.224857e-05
0: MPIL CopyToCPU RADIX-10 Dissemination Time: 2.574616e-05
0: MPIL CopyToCPU RADIX-11 Dissemination Time: 2.407225e-05
0: MPIL CopyToCPU RADIX-12 Dissemination Time: 2.233707e-05
0: MPIL CopyToCPU RADIX-13 Dissemination Time: 2.735297e-05
0: MPIL CopyToCPU RADIX-14 Dissemination Time: 2.657914e-05
0: Testing Size 8
0: PMPI Allreduce Time: 1.757402e-05
0: MPIL GPU-Aware Recursive Doubling Time: 1.745926e-05
0: MPIL GPU-Aware Node-Aware Dissemination Time: 7.746767e-05
0: MPIL GPU-Aware NUMA-Aware Dissemination Time: 1.367434e-04
0: CopyToCPU PMPI Allreduce Time: 1.719940e-05
0: MPIL CopyToCPU Recursive Doubling Time: 2.081834e-05
0: MPIL CopyToCPU Node-Aware Dissemination Time: 2.057868e-05
0: MPIL CopyToCPU NUMA-Aware Dissemination Time: 1.350455e-05
0: MPIL CopyToCPU RADIX-3 Dissemination Time: 2.158354e-05
0: MPIL CopyToCPU RADIX-4 Dissemination Time: 1.855410e-05
0: MPIL CopyToCPU RADIX-5 Dissemination Time: 2.192942e-05
0: MPIL CopyToCPU RADIX-6 Dissemination Time: 2.430439e-05
0: MPIL CopyToCPU RADIX-7 Dissemination Time: 2.405866e-05
0: MPIL CopyToCPU RADIX-8 Dissemination Time: 2.233950e-05
0: MPIL CopyToCPU RADIX-9 Dissemination Time: 2.342202e-05
0: MPIL CopyToCPU RADIX-10 Dissemination Time: 2.659556e-05
0: MPIL CopyToCPU RADIX-11 Dissemination Time: 2.534362e-05
0: MPIL CopyToCPU RADIX-12 Dissemination Time: 2.472193e-05
0: MPIL CopyToCPU RADIX-13 Dissemination Time: 2.865754e-05
0: MPIL CopyToCPU RADIX-14 Dissemination Time: 2.771271e-05
0: Testing Size 16
0: PMPI Allreduce Time: 1.813884e-05
0: MPIL GPU-Aware Recursive Doubling Time: 1.807890e-05
0: MPIL GPU-Aware Node-Aware Dissemination Time: 7.711331e-05
0: MPIL GPU-Aware NUMA-Aware Dissemination Time: 1.391691e-04
0: CopyToCPU PMPI Allreduce Time: 1.793757e-05
0: MPIL CopyToCPU Recursive Doubling Time: 2.193500e-05
0: MPIL CopyToCPU Node-Aware Dissemination Time: 2.032796e-05
0: MPIL CopyToCPU NUMA-Aware Dissemination Time: 1.432670e-05
0: MPIL CopyToCPU RADIX-3 Dissemination Time: 2.311307e-05
0: MPIL CopyToCPU RADIX-4 Dissemination Time: 1.936784e-05
0: MPIL CopyToCPU RADIX-5 Dissemination Time: 2.364723e-05
0: MPIL CopyToCPU RADIX-6 Dissemination Time: 2.587403e-05
0: MPIL CopyToCPU RADIX-7 Dissemination Time: 2.568678e-05
0: MPIL CopyToCPU RADIX-8 Dissemination Time: 2.360646e-05
0: MPIL CopyToCPU RADIX-9 Dissemination Time: 2.495976e-05
0: MPIL CopyToCPU RADIX-10 Dissemination Time: 2.823319e-05
0: MPIL CopyToCPU RADIX-11 Dissemination Time: 2.699289e-05
0: MPIL CopyToCPU RADIX-12 Dissemination Time: 2.597365e-05
0: MPIL CopyToCPU RADIX-13 Dissemination Time: 3.025562e-05
0: MPIL CopyToCPU RADIX-14 Dissemination Time: 2.940912e-05
0: Testing Size 32
0: PMPI Allreduce Time: 2.742214e-05
0: MPIL GPU-Aware Recursive Doubling Time: 2.720353e-05
0: MPIL GPU-Aware Node-Aware Dissemination Time: 7.369441e-05
0: MPIL GPU-Aware NUMA-Aware Dissemination Time: 1.283849e-04
0: CopyToCPU PMPI Allreduce Time: 2.226836e-05
0: MPIL CopyToCPU Recursive Doubling Time: 2.803134e-05
0: MPIL CopyToCPU Node-Aware Dissemination Time: 2.307396e-05
0: MPIL CopyToCPU NUMA-Aware Dissemination Time: 1.955251e-05
0: MPIL CopyToCPU RADIX-3 Dissemination Time: 2.759788e-05
0: MPIL CopyToCPU RADIX-4 Dissemination Time: 2.447013e-05
0: MPIL CopyToCPU RADIX-5 Dissemination Time: 2.604313e-05
0: MPIL CopyToCPU RADIX-6 Dissemination Time: 3.073990e-05
0: MPIL CopyToCPU RADIX-7 Dissemination Time: 3.128016e-05
0: MPIL CopyToCPU RADIX-8 Dissemination Time: 2.730322e-05
0: MPIL CopyToCPU RADIX-9 Dissemination Time: 2.995427e-05
0: MPIL CopyToCPU RADIX-10 Dissemination Time: 3.523760e-05
0: MPIL CopyToCPU RADIX-11 Dissemination Time: 3.230119e-05
0: MPIL CopyToCPU RADIX-12 Dissemination Time: 3.110661e-05
0: MPIL CopyToCPU RADIX-13 Dissemination Time: 3.694543e-05
0: MPIL CopyToCPU RADIX-14 Dissemination Time: 3.411975e-05
0: Testing Size 64
0: PMPI Allreduce Time: 2.759907e-05
0: MPIL GPU-Aware Recursive Doubling Time: 2.757595e-05
0: MPIL GPU-Aware Node-Aware Dissemination Time: 9.159613e-05
0: MPIL GPU-Aware NUMA-Aware Dissemination Time: 1.238077e-04
0: CopyToCPU PMPI Allreduce Time: 2.682957e-05
0: MPIL CopyToCPU Recursive Doubling Time: 2.833150e-05
0: MPIL CopyToCPU Node-Aware Dissemination Time: 2.770063e-05
0: MPIL CopyToCPU NUMA-Aware Dissemination Time: 2.419920e-05
0: MPIL CopyToCPU RADIX-3 Dissemination Time: 2.835471e-05
0: MPIL CopyToCPU RADIX-4 Dissemination Time: 2.520527e-05
0: MPIL CopyToCPU RADIX-5 Dissemination Time: 2.654876e-05
0: MPIL CopyToCPU RADIX-6 Dissemination Time: 3.128711e-05
0: MPIL CopyToCPU RADIX-7 Dissemination Time: 3.168113e-05
0: MPIL CopyToCPU RADIX-8 Dissemination Time: 2.767500e-05
0: MPIL CopyToCPU RADIX-9 Dissemination Time: 3.080730e-05
0: MPIL CopyToCPU RADIX-10 Dissemination Time: 3.541036e-05
0: MPIL CopyToCPU RADIX-11 Dissemination Time: 3.295852e-05
0: MPIL CopyToCPU RADIX-12 Dissemination Time: 3.218282e-05
0: MPIL CopyToCPU RADIX-13 Dissemination Time: 3.756508e-05
0: MPIL CopyToCPU RADIX-14 Dissemination Time: 3.501747e-05
0: Testing Size 128
0: PMPI Allreduce Time: 4.229728e-05
0: MPIL GPU-Aware Recursive Doubling Time: 4.248320e-05
0: MPIL GPU-Aware Node-Aware Dissemination Time: 1.186539e-04
0: MPIL GPU-Aware NUMA-Aware Dissemination Time: 1.205417e-04
0: CopyToCPU PMPI Allreduce Time: 4.377039e-05
0: MPIL CopyToCPU Recursive Doubling Time: 4.647656e-05
0: MPIL CopyToCPU Node-Aware Dissemination Time: 7.417349e-05
0: MPIL CopyToCPU NUMA-Aware Dissemination Time: 3.894089e-05
0: MPIL CopyToCPU RADIX-3 Dissemination Time: 3.815019e-05
0: MPIL CopyToCPU RADIX-4 Dissemination Time: 3.559228e-05
0: MPIL CopyToCPU RADIX-5 Dissemination Time: 4.144035e-05
0: MPIL CopyToCPU RADIX-6 Dissemination Time: 4.430380e-05
0: MPIL CopyToCPU RADIX-7 Dissemination Time: 4.743362e-05
0: MPIL CopyToCPU RADIX-8 Dissemination Time: 4.181666e-05
0: MPIL CopyToCPU RADIX-9 Dissemination Time: 4.380716e-05
0: MPIL CopyToCPU RADIX-10 Dissemination Time: 4.918405e-05
0: MPIL CopyToCPU RADIX-11 Dissemination Time: 4.855876e-05
0: MPIL CopyToCPU RADIX-12 Dissemination Time: 4.284627e-05
0: MPIL CopyToCPU RADIX-13 Dissemination Time: 5.058305e-05
0: MPIL CopyToCPU RADIX-14 Dissemination Time: 5.108181e-05
0: Testing Size 256
0: PMPI Allreduce Time: 5.084906e-05
0: MPIL GPU-Aware Recursive Doubling Time: 5.073541e-05
0: MPIL GPU-Aware Node-Aware Dissemination Time: 1.282063e-04
0: MPIL GPU-Aware NUMA-Aware Dissemination Time: 1.225276e-04
0: CopyToCPU PMPI Allreduce Time: 5.923217e-05
0: MPIL CopyToCPU Recursive Doubling Time: 6.372680e-05
0: MPIL CopyToCPU Node-Aware Dissemination Time: 1.007468e-04
0: MPIL CopyToCPU NUMA-Aware Dissemination Time: 5.195924e-05
0: MPIL CopyToCPU RADIX-3 Dissemination Time: 4.192956e-05
0: MPIL CopyToCPU RADIX-4 Dissemination Time: 4.034405e-05
0: MPIL CopyToCPU RADIX-5 Dissemination Time: 4.657324e-05
0: MPIL CopyToCPU RADIX-6 Dissemination Time: 5.175461e-05
0: MPIL CopyToCPU RADIX-7 Dissemination Time: 5.171365e-05
0: MPIL CopyToCPU RADIX-8 Dissemination Time: 4.761423e-05
0: MPIL CopyToCPU RADIX-9 Dissemination Time: 4.933328e-05
0: MPIL CopyToCPU RADIX-10 Dissemination Time: 5.403851e-05
0: MPIL CopyToCPU RADIX-11 Dissemination Time: 5.354331e-05
0: MPIL CopyToCPU RADIX-12 Dissemination Time: 4.857398e-05
0: MPIL CopyToCPU RADIX-13 Dissemination Time: 5.585691e-05
0: MPIL CopyToCPU RADIX-14 Dissemination Time: 5.571461e-05
0: Testing Size 512
0: PMPI Allreduce Time: 6.608349e-05
0: MPIL GPU-Aware Recursive Doubling Time: 6.605240e-05
0: MPIL GPU-Aware Node-Aware Dissemination Time: 1.658149e-04
0: MPIL GPU-Aware NUMA-Aware Dissemination Time: 1.294103e-04
0: CopyToCPU PMPI Allreduce Time: 7.040138e-05
0: MPIL CopyToCPU Recursive Doubling Time: 7.034742e-05
0: MPIL CopyToCPU Node-Aware Dissemination Time: 1.260478e-04
0: MPIL CopyToCPU NUMA-Aware Dissemination Time: 6.183666e-05
0: MPIL CopyToCPU RADIX-3 Dissemination Time: 5.397987e-05
0: MPIL CopyToCPU RADIX-4 Dissemination Time: 4.952407e-05
0: MPIL CopyToCPU RADIX-5 Dissemination Time: 5.631158e-05
0: MPIL CopyToCPU RADIX-6 Dissemination Time: 5.899634e-05
0: MPIL CopyToCPU RADIX-7 Dissemination Time: 6.013095e-05
0: MPIL CopyToCPU RADIX-8 Dissemination Time: 5.673189e-05
0: MPIL CopyToCPU RADIX-9 Dissemination Time: 5.926972e-05
0: MPIL CopyToCPU RADIX-10 Dissemination Time: 6.449284e-05
0: MPIL CopyToCPU RADIX-11 Dissemination Time: 6.242840e-05
0: MPIL CopyToCPU RADIX-12 Dissemination Time: 5.456782e-05
0: MPIL CopyToCPU RADIX-13 Dissemination Time: 6.184231e-05
0: MPIL CopyToCPU RADIX-14 Dissemination Time: 6.225839e-05
0: Testing Size 1024
0: PMPI Allreduce Time: 1.452318e-04
0: MPIL GPU-Aware Recursive Doubling Time: 1.462379e-04
0: MPIL GPU-Aware Node-Aware Dissemination Time: 3.958239e-04
0: MPIL GPU-Aware NUMA-Aware Dissemination Time: 5.160474e-04
0: CopyToCPU PMPI Allreduce Time: 1.018153e-04
0: MPIL CopyToCPU Recursive Doubling Time: 1.004524e-04
0: MPIL CopyToCPU Node-Aware Dissemination Time: 1.919624e-04
0: MPIL CopyToCPU NUMA-Aware Dissemination Time: 9.934734e-05
0: MPIL CopyToCPU RADIX-3 Dissemination Time: 7.878829e-05
0: MPIL CopyToCPU RADIX-4 Dissemination Time: 6.378211e-05
0: MPIL CopyToCPU RADIX-5 Dissemination Time: 7.772908e-05
0: MPIL CopyToCPU RADIX-6 Dissemination Time: 7.977315e-05
0: MPIL CopyToCPU RADIX-7 Dissemination Time: 7.774259e-05
0: MPIL CopyToCPU RADIX-8 Dissemination Time: 7.499520e-05
0: MPIL CopyToCPU RADIX-9 Dissemination Time: 7.876116e-05
0: MPIL CopyToCPU RADIX-10 Dissemination Time: 8.270796e-05
0: MPIL CopyToCPU RADIX-11 Dissemination Time: 8.026864e-05
0: MPIL CopyToCPU RADIX-12 Dissemination Time: 6.977846e-05
0: MPIL CopyToCPU RADIX-13 Dissemination Time: 7.824992e-05
0: MPIL CopyToCPU RADIX-14 Dissemination Time: 8.028560e-05
0: Testing Size 2048
0: PMPI Allreduce Time: 1.833197e-04
0: MPIL GPU-Aware Recursive Doubling Time: 1.816771e-04
0: MPIL GPU-Aware Node-Aware Dissemination Time: 7.117762e-04
0: MPIL GPU-Aware NUMA-Aware Dissemination Time: 9.006802e-04
0: CopyToCPU PMPI Allreduce Time: 1.510742e-04
0: MPIL CopyToCPU Recursive Doubling Time: 1.609552e-04
0: MPIL CopyToCPU Node-Aware Dissemination Time: 2.557342e-04
0: MPIL CopyToCPU NUMA-Aware Dissemination Time: 1.620072e-04
0: MPIL CopyToCPU RADIX-3 Dissemination Time: 1.228711e-04
0: MPIL CopyToCPU RADIX-4 Dissemination Time: 9.778700e-05
0: MPIL CopyToCPU RADIX-5 Dissemination Time: 1.095502e-04
0: MPIL CopyToCPU RADIX-6 Dissemination Time: 1.200221e-04
0: MPIL CopyToCPU RADIX-7 Dissemination Time: 1.211896e-04
0: MPIL CopyToCPU RADIX-8 Dissemination Time: 1.137746e-04
0: MPIL CopyToCPU RADIX-9 Dissemination Time: 1.150994e-04
0: MPIL CopyToCPU RADIX-10 Dissemination Time: 1.220418e-04
0: MPIL CopyToCPU RADIX-11 Dissemination Time: 1.201357e-04
0: MPIL CopyToCPU RADIX-12 Dissemination Time: 9.879254e-05
0: MPIL CopyToCPU RADIX-13 Dissemination Time: 1.136952e-04
0: MPIL CopyToCPU RADIX-14 Dissemination Time: 1.162177e-04
0: Testing Size 4096
0: PMPI Allreduce Time: 1.886670e-04
0: MPIL GPU-Aware Recursive Doubling Time: 1.876298e-04
0: MPIL GPU-Aware Node-Aware Dissemination Time: 8.213571e-04
0: MPIL GPU-Aware NUMA-Aware Dissemination Time: 1.293994e-03
0: CopyToCPU PMPI Allreduce Time: 2.497496e-04
0: MPIL CopyToCPU Recursive Doubling Time: 3.000092e-04
0: MPIL CopyToCPU Node-Aware Dissemination Time: 4.389539e-04
0: MPIL CopyToCPU NUMA-Aware Dissemination Time: 2.640129e-04
0: MPIL CopyToCPU RADIX-3 Dissemination Time: 2.197546e-04
0: MPIL CopyToCPU RADIX-4 Dissemination Time: 1.751160e-04
0: MPIL CopyToCPU RADIX-5 Dissemination Time: 2.009618e-04
0: MPIL CopyToCPU RADIX-6 Dissemination Time: 2.107682e-04
0: MPIL CopyToCPU RADIX-7 Dissemination Time: 2.152003e-04
0: MPIL CopyToCPU RADIX-8 Dissemination Time: 2.035511e-04
0: MPIL CopyToCPU RADIX-9 Dissemination Time: 2.090015e-04
0: MPIL CopyToCPU RADIX-10 Dissemination Time: 2.250207e-04
0: MPIL CopyToCPU RADIX-11 Dissemination Time: 2.187880e-04
0: MPIL CopyToCPU RADIX-12 Dissemination Time: 1.724879e-04
0: MPIL CopyToCPU RADIX-13 Dissemination Time: 2.008163e-04
0: MPIL CopyToCPU RADIX-14 Dissemination Time: 2.110334e-04
0: Testing Size 8192
0: PMPI Allreduce Time: 1.885918e-04
0: MPIL GPU-Aware Recursive Doubling Time: 1.879712e-04
0: MPIL GPU-Aware Node-Aware Dissemination Time: 1.247799e-03
0: MPIL GPU-Aware NUMA-Aware Dissemination Time: 1.860866e-03
0: CopyToCPU PMPI Allreduce Time: 4.226146e-04
0: MPIL CopyToCPU Recursive Doubling Time: 4.911905e-04
0: MPIL CopyToCPU Node-Aware Dissemination Time: 7.678131e-04
0: MPIL CopyToCPU NUMA-Aware Dissemination Time: 4.843677e-04
0: MPIL CopyToCPU RADIX-3 Dissemination Time: 3.885789e-04
0: MPIL CopyToCPU RADIX-4 Dissemination Time: 3.063078e-04
0: MPIL CopyToCPU RADIX-5 Dissemination Time: 3.378390e-04
0: MPIL CopyToCPU RADIX-6 Dissemination Time: 3.543198e-04
0: MPIL CopyToCPU RADIX-7 Dissemination Time: 3.654337e-04
0: MPIL CopyToCPU RADIX-8 Dissemination Time: 3.570400e-04
0: MPIL CopyToCPU RADIX-9 Dissemination Time: 3.655668e-04
0: MPIL CopyToCPU RADIX-10 Dissemination Time: 3.824795e-04
0: MPIL CopyToCPU RADIX-11 Dissemination Time: 3.812828e-04
0: MPIL CopyToCPU RADIX-12 Dissemination Time: 2.907532e-04
0: MPIL CopyToCPU RADIX-13 Dissemination Time: 3.288810e-04
0: MPIL CopyToCPU RADIX-14 Dissemination Time: 3.370921e-04
0: Testing Size 16384
0: PMPI Allreduce Time: 1.945392e-04
0: MPIL GPU-Aware Recursive Doubling Time: 1.938271e-04
0: MPIL GPU-Aware Node-Aware Dissemination Time: 1.443774e-03
0: MPIL GPU-Aware NUMA-Aware Dissemination Time: 1.733617e-03
0: CopyToCPU PMPI Allreduce Time: 7.658268e-04
0: MPIL CopyToCPU Recursive Doubling Time: 9.141070e-04
0: MPIL CopyToCPU Node-Aware Dissemination Time: 1.450834e-03
0: MPIL CopyToCPU NUMA-Aware Dissemination Time: 8.689676e-04
0: MPIL CopyToCPU RADIX-3 Dissemination Time: 7.270548e-04
0: MPIL CopyToCPU RADIX-4 Dissemination Time: 5.655596e-04
0: MPIL CopyToCPU RADIX-5 Dissemination Time: 6.086948e-04
0: MPIL CopyToCPU RADIX-6 Dissemination Time: 6.410062e-04
0: MPIL CopyToCPU RADIX-7 Dissemination Time: 6.667184e-04
0: MPIL CopyToCPU RADIX-8 Dissemination Time: 6.660260e-04
0: MPIL CopyToCPU RADIX-9 Dissemination Time: 6.653045e-04
0: MPIL CopyToCPU RADIX-10 Dissemination Time: 6.908745e-04
0: MPIL CopyToCPU RADIX-11 Dissemination Time: 6.824735e-04
0: MPIL CopyToCPU RADIX-12 Dissemination Time: 5.327945e-04
0: MPIL CopyToCPU RADIX-13 Dissemination Time: 5.822727e-04
0: MPIL CopyToCPU RADIX-14 Dissemination Time: 6.067095e-04
0: Testing Size 32768
0: PMPI Allreduce Time: 2.129402e-04
0: MPIL GPU-Aware Recursive Doubling Time: 2.120025e-04
0: MPIL GPU-Aware Node-Aware Dissemination Time: 6.692586e-03
0: MPIL GPU-Aware NUMA-Aware Dissemination Time: 2.225136e-03
0: CopyToCPU PMPI Allreduce Time: 1.368928e-03
0: MPIL CopyToCPU Recursive Doubling Time: 1.707994e-03
0: MPIL CopyToCPU Node-Aware Dissemination Time: 2.556523e-03
0: MPIL CopyToCPU NUMA-Aware Dissemination Time: 1.634265e-03
0: MPIL CopyToCPU RADIX-3 Dissemination Time: 1.375651e-03
0: MPIL CopyToCPU RADIX-4 Dissemination Time: 1.076309e-03
0: MPIL CopyToCPU RADIX-5 Dissemination Time: 1.171689e-03
0: MPIL CopyToCPU RADIX-6 Dissemination Time: 1.235289e-03
0: MPIL CopyToCPU RADIX-7 Dissemination Time: 1.256478e-03
0: MPIL CopyToCPU RADIX-8 Dissemination Time: 1.287077e-03
0: MPIL CopyToCPU RADIX-9 Dissemination Time: 1.290406e-03
0: MPIL CopyToCPU RADIX-10 Dissemination Time: 1.304190e-03
0: MPIL CopyToCPU RADIX-11 Dissemination Time: 1.294618e-03
0: MPIL CopyToCPU RADIX-12 Dissemination Time: 1.015920e-03
0: MPIL CopyToCPU RADIX-13 Dissemination Time: 1.097402e-03
0: MPIL CopyToCPU RADIX-14 Dissemination Time: 1.131763e-03
0: Testing Size 65536
0: PMPI Allreduce Time: 2.592617e-04
0: MPIL GPU-Aware Recursive Doubling Time: 2.588481e-04
0: MPIL GPU-Aware Node-Aware Dissemination Time: 7.875035e-03
0: MPIL GPU-Aware NUMA-Aware Dissemination Time: 3.555160e-03
0: CopyToCPU PMPI Allreduce Time: 2.395551e-03
0: MPIL CopyToCPU Recursive Doubling Time: 3.112913e-03
0: MPIL CopyToCPU Node-Aware Dissemination Time: 4.939211e-03
0: MPIL CopyToCPU NUMA-Aware Dissemination Time: 3.077743e-03
0: MPIL CopyToCPU RADIX-3 Dissemination Time: 2.629436e-03
0: MPIL CopyToCPU RADIX-4 Dissemination Time: 2.101493e-03
0: MPIL CopyToCPU RADIX-5 Dissemination Time: 2.233142e-03
0: MPIL CopyToCPU RADIX-6 Dissemination Time: 2.342321e-03
0: MPIL CopyToCPU RADIX-7 Dissemination Time: 2.363089e-03
0: MPIL CopyToCPU RADIX-8 Dissemination Time: 2.467116e-03
0: MPIL CopyToCPU RADIX-9 Dissemination Time: 2.393213e-03
0: MPIL CopyToCPU RADIX-10 Dissemination Time: 2.453727e-03
0: MPIL CopyToCPU RADIX-11 Dissemination Time: 2.511681e-03
0: MPIL CopyToCPU RADIX-12 Dissemination Time: 1.975534e-03
0: MPIL CopyToCPU RADIX-13 Dissemination Time: 2.099385e-03
0: MPIL CopyToCPU RADIX-14 Dissemination Time: 2.160218e-03
0: Testing Size 131072
0: PMPI Allreduce Time: 3.375736e-04
0: MPIL GPU-Aware Recursive Doubling Time: 3.365135e-04
0: MPIL GPU-Aware Node-Aware Dissemination Time: 1.100041e-02
0: MPIL GPU-Aware NUMA-Aware Dissemination Time: 7.741627e-03
0: CopyToCPU PMPI Allreduce Time: 4.934315e-03
0: MPIL CopyToCPU Recursive Doubling Time: 6.442897e-03
0: MPIL CopyToCPU Node-Aware Dissemination Time: 9.831787e-03
0: MPIL CopyToCPU NUMA-Aware Dissemination Time: 5.969906e-03
0: MPIL CopyToCPU RADIX-3 Dissemination Time: 5.028029e-03
0: MPIL CopyToCPU RADIX-4 Dissemination Time: 4.122693e-03
0: MPIL CopyToCPU RADIX-5 Dissemination Time: 4.363477e-03
0: MPIL CopyToCPU RADIX-6 Dissemination Time: 4.134582e-03
0: MPIL CopyToCPU RADIX-7 Dissemination Time: 4.375256e-03
0: MPIL CopyToCPU RADIX-8 Dissemination Time: 4.367141e-03
0: MPIL CopyToCPU RADIX-9 Dissemination Time: 4.493787e-03
0: MPIL CopyToCPU RADIX-10 Dissemination Time: 4.526062e-03
0: MPIL CopyToCPU RADIX-11 Dissemination Time: 4.609414e-03
0: MPIL CopyToCPU RADIX-12 Dissemination Time: 3.696446e-03
0: MPIL CopyToCPU RADIX-13 Dissemination Time: 3.960356e-03
0: MPIL CopyToCPU RADIX-14 Dissemination Time: 4.071172e-03
0: Testing Size 262144
0: PMPI Allreduce Time: 4.694794e-04
0: MPIL GPU-Aware Recursive Doubling Time: 4.678592e-04
0: MPIL GPU-Aware Node-Aware Dissemination Time: 1.824789e-02
0: MPIL GPU-Aware NUMA-Aware Dissemination Time: 1.603510e-02
0: CopyToCPU PMPI Allreduce Time: 9.265610e-03
0: MPIL CopyToCPU Recursive Doubling Time: 8.911719e-03
0: MPIL CopyToCPU Node-Aware Dissemination Time: 1.975877e-02
0: MPIL CopyToCPU NUMA-Aware Dissemination Time: 1.152162e-02
0: MPIL CopyToCPU RADIX-3 Dissemination Time: 1.011658e-02
0: MPIL CopyToCPU RADIX-4 Dissemination Time: 8.323655e-03
0: MPIL CopyToCPU RADIX-5 Dissemination Time: 8.546967e-03
0: MPIL CopyToCPU RADIX-6 Dissemination Time: 8.861946e-03
0: MPIL CopyToCPU RADIX-7 Dissemination Time: 9.173461e-03
0: MPIL CopyToCPU RADIX-8 Dissemination Time: 9.459316e-03
0: MPIL CopyToCPU RADIX-9 Dissemination Time: 9.290225e-03
0: MPIL CopyToCPU RADIX-10 Dissemination Time: 9.337604e-03
0: MPIL CopyToCPU RADIX-11 Dissemination Time: 9.440579e-03
0: MPIL CopyToCPU RADIX-12 Dissemination Time: 7.417885e-03
0: MPIL CopyToCPU RADIX-13 Dissemination Time: 7.964788e-03
0: MPIL CopyToCPU RADIX-14 Dissemination Time: 8.186225e-03
0: Testing Size 524288
0: PMPI Allreduce Time: 7.399716e-04
0: MPIL GPU-Aware Recursive Doubling Time: 7.386578e-04
0: MPIL GPU-Aware Node-Aware Dissemination Time: 3.118507e-02
0: MPIL GPU-Aware NUMA-Aware Dissemination Time: 3.007114e-02
0: CopyToCPU PMPI Allreduce Time: 1.914482e-02
0: MPIL CopyToCPU Recursive Doubling Time: 2.104207e-02
0: MPIL CopyToCPU Node-Aware Dissemination Time: 3.825540e-02
0: MPIL CopyToCPU NUMA-Aware Dissemination Time: 2.218350e-02
0: MPIL CopyToCPU RADIX-3 Dissemination Time: 1.894935e-02
0: MPIL CopyToCPU RADIX-4 Dissemination Time: 1.599675e-02
0: MPIL CopyToCPU RADIX-5 Dissemination Time: 1.690286e-02
0: MPIL CopyToCPU RADIX-6 Dissemination Time: 1.701109e-02
0: MPIL CopyToCPU RADIX-7 Dissemination Time: 1.792610e-02
0: MPIL CopyToCPU RADIX-8 Dissemination Time: 2.216879e-02
0: MPIL CopyToCPU RADIX-9 Dissemination Time: 2.321141e-02
0: MPIL CopyToCPU RADIX-10 Dissemination Time: 2.373197e-02
0: MPIL CopyToCPU RADIX-11 Dissemination Time: 2.402200e-02
0: MPIL CopyToCPU RADIX-12 Dissemination Time: 2.525845e-02
0: MPIL CopyToCPU RADIX-13 Dissemination Time: 2.553576e-02
0: MPIL CopyToCPU RADIX-14 Dissemination Time: 2.670511e-02
