0: Testing Size 1
0: PMPI Allreduce Time: 1.575169e-05
0: MPIL GPU-Aware Recursive Doubling Time: 1.569393e-05
0: MPIL GPU-Aware Node-Aware Dissemination Time: 8.307044e-05
0: MPIL GPU-Aware NUMA-Aware Dissemination Time: 1.410620e-04
0: CopyToCPU PMPI Allreduce Time: 1.584527e-05
0: MPIL CopyToCPU Recursive Doubling Time: 1.724695e-05
0: MPIL CopyToCPU Node-Aware Dissemination Time: 1.974250e-05
0: MPIL CopyToCPU NUMA-Aware Dissemination Time: 1.227693e-05
0: MPIL CopyToCPU RADIX-3 Dissemination Time: 1.758515e-05
0: MPIL CopyToCPU RADIX-4 Dissemination Time: 1.529183e-05
0: MPIL CopyToCPU RADIX-5 Dissemination Time: 1.832387e-05
0: MPIL CopyToCPU RADIX-6 Dissemination Time: 2.038234e-05
0: MPIL CopyToCPU RADIX-7 Dissemination Time: 1.965675e-05
0: MPIL CopyToCPU RADIX-8 Dissemination Time: 1.962364e-05
0: MPIL CopyToCPU RADIX-9 Dissemination Time: 2.034554e-05
0: MPIL CopyToCPU RADIX-10 Dissemination Time: 2.257415e-05
0: MPIL CopyToCPU RADIX-11 Dissemination Time: 2.181796e-05
0: MPIL CopyToCPU RADIX-12 Dissemination Time: 2.145963e-05
0: MPIL CopyToCPU RADIX-13 Dissemination Time: 2.480749e-05
0: MPIL CopyToCPU RADIX-14 Dissemination Time: 2.429938e-05
0: Testing Size 2
0: PMPI Allreduce Time: 1.593133e-05
0: MPIL GPU-Aware Recursive Doubling Time: 1.594551e-05
0: MPIL GPU-Aware Node-Aware Dissemination Time: 8.096744e-05
0: MPIL GPU-Aware NUMA-Aware Dissemination Time: 1.397536e-04
0: CopyToCPU PMPI Allreduce Time: 1.615152e-05
0: MPIL CopyToCPU Recursive Doubling Time: 1.676533e-05
0: MPIL CopyToCPU Node-Aware Dissemination Time: 2.070822e-05
0: MPIL CopyToCPU NUMA-Aware Dissemination Time: 1.194605e-05
0: MPIL CopyToCPU RADIX-3 Dissemination Time: 1.765036e-05
0: MPIL CopyToCPU RADIX-4 Dissemination Time: 1.551907e-05
0: MPIL CopyToCPU RADIX-5 Dissemination Time: 1.817601e-05
0: MPIL CopyToCPU RADIX-6 Dissemination Time: 2.066956e-05
0: MPIL CopyToCPU RADIX-7 Dissemination Time: 2.000761e-05
0: MPIL CopyToCPU RADIX-8 Dissemination Time: 1.993794e-05
0: MPIL CopyToCPU RADIX-9 Dissemination Time: 2.044776e-05
0: MPIL CopyToCPU RADIX-10 Dissemination Time: 2.251142e-05
0: MPIL CopyToCPU RADIX-11 Dissemination Time: 2.146277e-05
0: MPIL CopyToCPU RADIX-12 Dissemination Time: 2.151900e-05
0: MPIL CopyToCPU RADIX-13 Dissemination Time: 2.488497e-05
0: MPIL CopyToCPU RADIX-14 Dissemination Time: 2.443386e-05
0: Testing Size 4
0: PMPI Allreduce Time: 1.634986e-05
0: MPIL GPU-Aware Recursive Doubling Time: 1.633687e-05
0: MPIL GPU-Aware Node-Aware Dissemination Time: 8.186264e-05
0: MPIL GPU-Aware NUMA-Aware Dissemination Time: 1.397789e-04
0: CopyToCPU PMPI Allreduce Time: 1.655122e-05
0: MPIL CopyToCPU Recursive Doubling Time: 1.677054e-05
0: MPIL CopyToCPU Node-Aware Dissemination Time: 2.026224e-05
0: MPIL CopyToCPU NUMA-Aware Dissemination Time: 1.207603e-05
0: MPIL CopyToCPU RADIX-3 Dissemination Time: 1.779365e-05
0: MPIL CopyToCPU RADIX-4 Dissemination Time: 1.551282e-05
0: MPIL CopyToCPU RADIX-5 Dissemination Time: 1.831001e-05
0: MPIL CopyToCPU RADIX-6 Dissemination Time: 2.065851e-05
0: MPIL CopyToCPU RADIX-7 Dissemination Time: 1.966281e-05
0: MPIL CopyToCPU RADIX-8 Dissemination Time: 1.967900e-05
0: MPIL CopyToCPU RADIX-9 Dissemination Time: 2.044056e-05
0: MPIL CopyToCPU RADIX-10 Dissemination Time: 2.262463e-05
0: MPIL CopyToCPU RADIX-11 Dissemination Time: 2.159729e-05
0: MPIL CopyToCPU RADIX-12 Dissemination Time: 2.172203e-05
0: MPIL CopyToCPU RADIX-13 Dissemination Time: 2.505640e-05
0: MPIL CopyToCPU RADIX-14 Dissemination Time: 2.449614e-05
0: Testing Size 8
0: PMPI Allreduce Time: 1.645762e-05
0: MPIL GPU-Aware Recursive Doubling Time: 1.646533e-05
0: MPIL GPU-Aware Node-Aware Dissemination Time: 8.133181e-05
0: MPIL GPU-Aware NUMA-Aware Dissemination Time: 1.404073e-04
0: CopyToCPU PMPI Allreduce Time: 1.629647e-05
0: MPIL CopyToCPU Recursive Doubling Time: 1.865922e-05
0: MPIL CopyToCPU Node-Aware Dissemination Time: 2.002507e-05
0: MPIL CopyToCPU NUMA-Aware Dissemination Time: 1.232830e-05
0: MPIL CopyToCPU RADIX-3 Dissemination Time: 1.905522e-05
0: MPIL CopyToCPU RADIX-4 Dissemination Time: 1.705846e-05
0: MPIL CopyToCPU RADIX-5 Dissemination Time: 1.968479e-05
0: MPIL CopyToCPU RADIX-6 Dissemination Time: 2.177013e-05
0: MPIL CopyToCPU RADIX-7 Dissemination Time: 2.106802e-05
0: MPIL CopyToCPU RADIX-8 Dissemination Time: 2.129065e-05
0: MPIL CopyToCPU RADIX-9 Dissemination Time: 2.185909e-05
0: MPIL CopyToCPU RADIX-10 Dissemination Time: 2.388085e-05
0: MPIL CopyToCPU RADIX-11 Dissemination Time: 2.306774e-05
0: MPIL CopyToCPU RADIX-12 Dissemination Time: 2.413827e-05
0: MPIL CopyToCPU RADIX-13 Dissemination Time: 2.641960e-05
0: MPIL CopyToCPU RADIX-14 Dissemination Time: 2.577422e-05
0: Testing Size 16
0: PMPI Allreduce Time: 1.699407e-05
0: MPIL GPU-Aware Recursive Doubling Time: 1.702807e-05
0: MPIL GPU-Aware Node-Aware Dissemination Time: 8.094631e-05
0: MPIL GPU-Aware NUMA-Aware Dissemination Time: 1.391474e-04
0: CopyToCPU PMPI Allreduce Time: 1.687706e-05
0: MPIL CopyToCPU Recursive Doubling Time: 1.974994e-05
0: MPIL CopyToCPU Node-Aware Dissemination Time: 1.996074e-05
0: MPIL CopyToCPU NUMA-Aware Dissemination Time: 1.300105e-05
0: MPIL CopyToCPU RADIX-3 Dissemination Time: 2.016174e-05
0: MPIL CopyToCPU RADIX-4 Dissemination Time: 1.790682e-05
0: MPIL CopyToCPU RADIX-5 Dissemination Time: 2.129374e-05
0: MPIL CopyToCPU RADIX-6 Dissemination Time: 2.356115e-05
0: MPIL CopyToCPU RADIX-7 Dissemination Time: 2.285259e-05
0: MPIL CopyToCPU RADIX-8 Dissemination Time: 2.284158e-05
0: MPIL CopyToCPU RADIX-9 Dissemination Time: 2.342082e-05
0: MPIL CopyToCPU RADIX-10 Dissemination Time: 2.555053e-05
0: MPIL CopyToCPU RADIX-11 Dissemination Time: 2.446195e-05
0: MPIL CopyToCPU RADIX-12 Dissemination Time: 2.519967e-05
0: MPIL CopyToCPU RADIX-13 Dissemination Time: 2.803755e-05
0: MPIL CopyToCPU RADIX-14 Dissemination Time: 2.755216e-05
0: Testing Size 32
0: PMPI Allreduce Time: 2.331495e-05
0: MPIL GPU-Aware Recursive Doubling Time: 2.316547e-05
0: MPIL GPU-Aware Node-Aware Dissemination Time: 7.897411e-05
0: MPIL GPU-Aware NUMA-Aware Dissemination Time: 1.329704e-04
0: CopyToCPU PMPI Allreduce Time: 1.922074e-05
0: MPIL CopyToCPU Recursive Doubling Time: 2.391327e-05
0: MPIL CopyToCPU Node-Aware Dissemination Time: 2.200477e-05
0: MPIL CopyToCPU NUMA-Aware Dissemination Time: 1.566298e-05
0: MPIL CopyToCPU RADIX-3 Dissemination Time: 2.303695e-05
0: MPIL CopyToCPU RADIX-4 Dissemination Time: 2.071700e-05
0: MPIL CopyToCPU RADIX-5 Dissemination Time: 2.338938e-05
0: MPIL CopyToCPU RADIX-6 Dissemination Time: 2.746538e-05
0: MPIL CopyToCPU RADIX-7 Dissemination Time: 2.705696e-05
0: MPIL CopyToCPU RADIX-8 Dissemination Time: 2.532730e-05
0: MPIL CopyToCPU RADIX-9 Dissemination Time: 2.630527e-05
0: MPIL CopyToCPU RADIX-10 Dissemination Time: 3.021073e-05
0: MPIL CopyToCPU RADIX-11 Dissemination Time: 2.919691e-05
0: MPIL CopyToCPU RADIX-12 Dissemination Time: 2.808013e-05
0: MPIL CopyToCPU RADIX-13 Dissemination Time: 3.216240e-05
0: MPIL CopyToCPU RADIX-14 Dissemination Time: 3.109858e-05
0: Testing Size 64
0: PMPI Allreduce Time: 2.352072e-05
0: MPIL GPU-Aware Recursive Doubling Time: 2.352216e-05
0: MPIL GPU-Aware Node-Aware Dissemination Time: 9.292600e-05
0: MPIL GPU-Aware NUMA-Aware Dissemination Time: 1.264735e-04
0: CopyToCPU PMPI Allreduce Time: 2.287410e-05
0: MPIL CopyToCPU Recursive Doubling Time: 2.437353e-05
0: MPIL CopyToCPU Node-Aware Dissemination Time: 2.679837e-05
0: MPIL CopyToCPU NUMA-Aware Dissemination Time: 2.010956e-05
0: MPIL CopyToCPU RADIX-3 Dissemination Time: 2.356818e-05
0: MPIL CopyToCPU RADIX-4 Dissemination Time: 2.121925e-05
0: MPIL CopyToCPU RADIX-5 Dissemination Time: 2.376037e-05
0: MPIL CopyToCPU RADIX-6 Dissemination Time: 2.798132e-05
0: MPIL CopyToCPU RADIX-7 Dissemination Time: 2.750555e-05
0: MPIL CopyToCPU RADIX-8 Dissemination Time: 2.554266e-05
0: MPIL CopyToCPU RADIX-9 Dissemination Time: 2.683896e-05
0: MPIL CopyToCPU RADIX-10 Dissemination Time: 3.073213e-05
0: MPIL CopyToCPU RADIX-11 Dissemination Time: 2.978421e-05
0: MPIL CopyToCPU RADIX-12 Dissemination Time: 2.879538e-05
0: MPIL CopyToCPU RADIX-13 Dissemination Time: 3.266965e-05
0: MPIL CopyToCPU RADIX-14 Dissemination Time: 3.184592e-05
0: Testing Size 128
0: PMPI Allreduce Time: 4.149550e-05
0: MPIL GPU-Aware Recursive Doubling Time: 4.153242e-05
0: MPIL GPU-Aware Node-Aware Dissemination Time: 1.195073e-04
0: MPIL GPU-Aware NUMA-Aware Dissemination Time: 1.363172e-04
0: CopyToCPU PMPI Allreduce Time: 4.238740e-05
0: MPIL CopyToCPU Recursive Doubling Time: 4.496172e-05
0: MPIL CopyToCPU Node-Aware Dissemination Time: 7.527576e-05
0: MPIL CopyToCPU NUMA-Aware Dissemination Time: 3.599301e-05
0: MPIL CopyToCPU RADIX-3 Dissemination Time: 3.450970e-05
0: MPIL CopyToCPU RADIX-4 Dissemination Time: 3.268486e-05
0: MPIL CopyToCPU RADIX-5 Dissemination Time: 3.833441e-05
0: MPIL CopyToCPU RADIX-6 Dissemination Time: 3.992660e-05
0: MPIL CopyToCPU RADIX-7 Dissemination Time: 4.056774e-05
0: MPIL CopyToCPU RADIX-8 Dissemination Time: 3.885170e-05
0: MPIL CopyToCPU RADIX-9 Dissemination Time: 4.049107e-05
0: MPIL CopyToCPU RADIX-10 Dissemination Time: 4.338514e-05
0: MPIL CopyToCPU RADIX-11 Dissemination Time: 4.431360e-05
0: MPIL CopyToCPU RADIX-12 Dissemination Time: 4.066980e-05
0: MPIL CopyToCPU RADIX-13 Dissemination Time: 4.606783e-05
0: MPIL CopyToCPU RADIX-14 Dissemination Time: 4.638832e-05
0: Testing Size 256
0: PMPI Allreduce Time: 5.013694e-05
0: MPIL GPU-Aware Recursive Doubling Time: 5.012596e-05
0: MPIL GPU-Aware Node-Aware Dissemination Time: 1.379484e-04
0: MPIL GPU-Aware NUMA-Aware Dissemination Time: 1.324200e-04
0: CopyToCPU PMPI Allreduce Time: 5.406434e-05
0: MPIL CopyToCPU Recursive Doubling Time: 5.723270e-05
0: MPIL CopyToCPU Node-Aware Dissemination Time: 9.908838e-05
0: MPIL CopyToCPU NUMA-Aware Dissemination Time: 5.021829e-05
0: MPIL CopyToCPU RADIX-3 Dissemination Time: 3.978706e-05
0: MPIL CopyToCPU RADIX-4 Dissemination Time: 3.769830e-05
0: MPIL CopyToCPU RADIX-5 Dissemination Time: 4.375119e-05
0: MPIL CopyToCPU RADIX-6 Dissemination Time: 4.545984e-05
0: MPIL CopyToCPU RADIX-7 Dissemination Time: 4.579940e-05
0: MPIL CopyToCPU RADIX-8 Dissemination Time: 5.032450e-05
0: MPIL CopyToCPU RADIX-9 Dissemination Time: 5.321222e-05
0: MPIL CopyToCPU RADIX-10 Dissemination Time: 5.036563e-05
0: MPIL CopyToCPU RADIX-11 Dissemination Time: 4.901922e-05
0: MPIL CopyToCPU RADIX-12 Dissemination Time: 4.635258e-05
0: MPIL CopyToCPU RADIX-13 Dissemination Time: 5.142841e-05
0: MPIL CopyToCPU RADIX-14 Dissemination Time: 5.234835e-05
0: Testing Size 512
0: PMPI Allreduce Time: 6.648201e-05
0: MPIL GPU-Aware Recursive Doubling Time: 6.635912e-05
0: MPIL GPU-Aware Node-Aware Dissemination Time: 1.648596e-04
0: MPIL GPU-Aware NUMA-Aware Dissemination Time: 1.451959e-04
0: CopyToCPU PMPI Allreduce Time: 6.578068e-05
0: MPIL CopyToCPU Recursive Doubling Time: 6.625396e-05
0: MPIL CopyToCPU Node-Aware Dissemination Time: 1.211969e-04
0: MPIL CopyToCPU NUMA-Aware Dissemination Time: 6.052893e-05
0: MPIL CopyToCPU RADIX-3 Dissemination Time: 5.075250e-05
0: MPIL CopyToCPU RADIX-4 Dissemination Time: 4.722187e-05
0: MPIL CopyToCPU RADIX-5 Dissemination Time: 5.355439e-05
0: MPIL CopyToCPU RADIX-6 Dissemination Time: 5.626067e-05
0: MPIL CopyToCPU RADIX-7 Dissemination Time: 5.803092e-05
0: MPIL CopyToCPU RADIX-8 Dissemination Time: 5.902631e-05
0: MPIL CopyToCPU RADIX-9 Dissemination Time: 5.560354e-05
0: MPIL CopyToCPU RADIX-10 Dissemination Time: 5.879964e-05
0: MPIL CopyToCPU RADIX-11 Dissemination Time: 5.793995e-05
0: MPIL CopyToCPU RADIX-12 Dissemination Time: 5.006038e-05
0: MPIL CopyToCPU RADIX-13 Dissemination Time: 5.792090e-05
0: MPIL CopyToCPU RADIX-14 Dissemination Time: 5.790926e-05
0: Testing Size 1024
0: PMPI Allreduce Time: 1.790001e-04
0: MPIL GPU-Aware Recursive Doubling Time: 1.799344e-04
0: MPIL GPU-Aware Node-Aware Dissemination Time: 4.059866e-04
0: MPIL GPU-Aware NUMA-Aware Dissemination Time: 4.966277e-04
0: CopyToCPU PMPI Allreduce Time: 9.989207e-05
0: MPIL CopyToCPU Recursive Doubling Time: 9.766285e-05
0: MPIL CopyToCPU Node-Aware Dissemination Time: 1.902495e-04
0: MPIL CopyToCPU NUMA-Aware Dissemination Time: 9.760354e-05
0: MPIL CopyToCPU RADIX-3 Dissemination Time: 7.611588e-05
0: MPIL CopyToCPU RADIX-4 Dissemination Time: 6.258964e-05
0: MPIL CopyToCPU RADIX-5 Dissemination Time: 7.075120e-05
0: MPIL CopyToCPU RADIX-6 Dissemination Time: 7.484703e-05
0: MPIL CopyToCPU RADIX-7 Dissemination Time: 7.582370e-05
0: MPIL CopyToCPU RADIX-8 Dissemination Time: 7.381645e-05
0: MPIL CopyToCPU RADIX-9 Dissemination Time: 7.522885e-05
0: MPIL CopyToCPU RADIX-10 Dissemination Time: 7.934533e-05
0: MPIL CopyToCPU RADIX-11 Dissemination Time: 7.726415e-05
0: MPIL CopyToCPU RADIX-12 Dissemination Time: 6.747601e-05
0: MPIL CopyToCPU RADIX-13 Dissemination Time: 7.543549e-05
0: MPIL CopyToCPU RADIX-14 Dissemination Time: 7.734911e-05
0: Testing Size 2048
0: PMPI Allreduce Time: 1.747764e-04
0: MPIL GPU-Aware Recursive Doubling Time: 1.736546e-04
0: MPIL GPU-Aware Node-Aware Dissemination Time: 6.960028e-04
0: MPIL GPU-Aware NUMA-Aware Dissemination Time: 9.037211e-04
0: CopyToCPU PMPI Allreduce Time: 1.429549e-04
0: MPIL CopyToCPU Recursive Doubling Time: 1.566396e-04
0: MPIL CopyToCPU Node-Aware Dissemination Time: 2.527359e-04
0: MPIL CopyToCPU NUMA-Aware Dissemination Time: 1.509902e-04
0: MPIL CopyToCPU RADIX-3 Dissemination Time: 1.262466e-04
0: MPIL CopyToCPU RADIX-4 Dissemination Time: 9.694259e-05
0: MPIL CopyToCPU RADIX-5 Dissemination Time: 1.087148e-04
0: MPIL CopyToCPU RADIX-6 Dissemination Time: 1.142918e-04
0: MPIL CopyToCPU RADIX-7 Dissemination Time: 1.145570e-04
0: MPIL CopyToCPU RADIX-8 Dissemination Time: 1.122433e-04
0: MPIL CopyToCPU RADIX-9 Dissemination Time: 1.141607e-04
0: MPIL CopyToCPU RADIX-10 Dissemination Time: 1.185389e-04
0: MPIL CopyToCPU RADIX-11 Dissemination Time: 1.177882e-04
0: MPIL CopyToCPU RADIX-12 Dissemination Time: 9.728946e-05
0: MPIL CopyToCPU RADIX-13 Dissemination Time: 1.065777e-04
0: MPIL CopyToCPU RADIX-14 Dissemination Time: 1.108793e-04
0: Testing Size 4096
0: PMPI Allreduce Time: 1.788846e-04
0: MPIL GPU-Aware Recursive Doubling Time: 1.785380e-04
0: MPIL GPU-Aware Node-Aware Dissemination Time: 8.578073e-04
0: MPIL GPU-Aware NUMA-Aware Dissemination Time: 1.256528e-03
0: CopyToCPU PMPI Allreduce Time: 2.483929e-04
0: MPIL CopyToCPU Recursive Doubling Time: 2.952402e-04
0: MPIL CopyToCPU Node-Aware Dissemination Time: 4.430876e-04
0: MPIL CopyToCPU NUMA-Aware Dissemination Time: 2.635617e-04
0: MPIL CopyToCPU RADIX-3 Dissemination Time: 2.122104e-04
0: MPIL CopyToCPU RADIX-4 Dissemination Time: 1.727305e-04
0: MPIL CopyToCPU RADIX-5 Dissemination Time: 1.895349e-04
0: MPIL CopyToCPU RADIX-6 Dissemination Time: 1.975109e-04
0: MPIL CopyToCPU RADIX-7 Dissemination Time: 2.002955e-04
0: MPIL CopyToCPU RADIX-8 Dissemination Time: 1.993873e-04
0: MPIL CopyToCPU RADIX-9 Dissemination Time: 2.022127e-04
0: MPIL CopyToCPU RADIX-10 Dissemination Time: 2.149670e-04
0: MPIL CopyToCPU RADIX-11 Dissemination Time: 2.128027e-04
0: MPIL CopyToCPU RADIX-12 Dissemination Time: 1.661102e-04
0: MPIL CopyToCPU RADIX-13 Dissemination Time: 1.869133e-04
0: MPIL CopyToCPU RADIX-14 Dissemination Time: 1.982359e-04
0: Testing Size 8192
0: PMPI Allreduce Time: 1.826986e-04
0: MPIL GPU-Aware Recursive Doubling Time: 1.825719e-04
0: MPIL GPU-Aware Node-Aware Dissemination Time: 1.096061e-03
0: MPIL GPU-Aware NUMA-Aware Dissemination Time: 1.435999e-03
0: CopyToCPU PMPI Allreduce Time: 4.090441e-04
0: MPIL CopyToCPU Recursive Doubling Time: 5.065540e-04
0: MPIL CopyToCPU Node-Aware Dissemination Time: 7.796229e-04
0: MPIL CopyToCPU NUMA-Aware Dissemination Time: 4.665769e-04
0: MPIL CopyToCPU RADIX-3 Dissemination Time: 3.803753e-04
0: MPIL CopyToCPU RADIX-4 Dissemination Time: 3.006462e-04
0: MPIL CopyToCPU RADIX-5 Dissemination Time: 3.367386e-04
0: MPIL CopyToCPU RADIX-6 Dissemination Time: 3.427788e-04
0: MPIL CopyToCPU RADIX-7 Dissemination Time: 3.508388e-04
0: MPIL CopyToCPU RADIX-8 Dissemination Time: 3.572451e-04
0: MPIL CopyToCPU RADIX-9 Dissemination Time: 3.573249e-04
0: MPIL CopyToCPU RADIX-10 Dissemination Time: 3.748207e-04
0: MPIL CopyToCPU RADIX-11 Dissemination Time: 3.731517e-04
0: MPIL CopyToCPU RADIX-12 Dissemination Time: 2.877882e-04
0: MPIL CopyToCPU RADIX-13 Dissemination Time: 3.158001e-04
0: MPIL CopyToCPU RADIX-14 Dissemination Time: 3.303667e-04
0: Testing Size 16384
0: PMPI Allreduce Time: 1.891017e-04
0: MPIL GPU-Aware Recursive Doubling Time: 1.889999e-04
0: MPIL GPU-Aware Node-Aware Dissemination Time: 1.418967e-03
0: MPIL GPU-Aware NUMA-Aware Dissemination Time: 1.802337e-03
0: CopyToCPU PMPI Allreduce Time: 7.554958e-04
0: MPIL CopyToCPU Recursive Doubling Time: 9.498201e-04
0: MPIL CopyToCPU Node-Aware Dissemination Time: 1.441644e-03
0: MPIL CopyToCPU NUMA-Aware Dissemination Time: 8.809639e-04
0: MPIL CopyToCPU RADIX-3 Dissemination Time: 7.145237e-04
0: MPIL CopyToCPU RADIX-4 Dissemination Time: 5.688159e-04
0: MPIL CopyToCPU RADIX-5 Dissemination Time: 6.011811e-04
0: MPIL CopyToCPU RADIX-6 Dissemination Time: 6.269328e-04
0: MPIL CopyToCPU RADIX-7 Dissemination Time: 6.406663e-04
0: MPIL CopyToCPU RADIX-8 Dissemination Time: 6.639975e-04
0: MPIL CopyToCPU RADIX-9 Dissemination Time: 6.594973e-04
0: MPIL CopyToCPU RADIX-10 Dissemination Time: 6.778757e-04
0: MPIL CopyToCPU RADIX-11 Dissemination Time: 6.748229e-04
0: MPIL CopyToCPU RADIX-12 Dissemination Time: 5.306472e-04
0: MPIL CopyToCPU RADIX-13 Dissemination Time: 5.727047e-04
0: MPIL CopyToCPU RADIX-14 Dissemination Time: 5.971599e-04
0: Testing Size 32768
0: PMPI Allreduce Time: 2.032221e-04
0: MPIL GPU-Aware Recursive Doubling Time: 2.028032e-04
0: MPIL GPU-Aware Node-Aware Dissemination Time: 6.653770e-03
0: MPIL GPU-Aware NUMA-Aware Dissemination Time: 2.247682e-03
0: CopyToCPU PMPI Allreduce Time: 1.443925e-03
0: MPIL CopyToCPU Recursive Doubling Time: 1.708593e-03
0: MPIL CopyToCPU Node-Aware Dissemination Time: 2.751318e-03
0: MPIL CopyToCPU NUMA-Aware Dissemination Time: 1.629835e-03
0: MPIL CopyToCPU RADIX-3 Dissemination Time: 1.371812e-03
0: MPIL CopyToCPU RADIX-4 Dissemination Time: 1.091392e-03
0: MPIL CopyToCPU RADIX-5 Dissemination Time: 1.170828e-03
0: MPIL CopyToCPU RADIX-6 Dissemination Time: 1.220696e-03
0: MPIL CopyToCPU RADIX-7 Dissemination Time: 1.241717e-03
0: MPIL CopyToCPU RADIX-8 Dissemination Time: 1.290016e-03
0: MPIL CopyToCPU RADIX-9 Dissemination Time: 1.281834e-03
0: MPIL CopyToCPU RADIX-10 Dissemination Time: 1.297119e-03
0: MPIL CopyToCPU RADIX-11 Dissemination Time: 1.278640e-03
0: MPIL CopyToCPU RADIX-12 Dissemination Time: 1.010190e-03
0: MPIL CopyToCPU RADIX-13 Dissemination Time: 1.080344e-03
0: MPIL CopyToCPU RADIX-14 Dissemination Time: 1.124842e-03
0: Testing Size 65536
0: PMPI Allreduce Time: 2.445659e-04
0: MPIL GPU-Aware Recursive Doubling Time: 2.436815e-04
0: MPIL GPU-Aware Node-Aware Dissemination Time: 7.861479e-03
0: MPIL GPU-Aware NUMA-Aware Dissemination Time: 3.384559e-03
0: CopyToCPU PMPI Allreduce Time: 2.398058e-03
0: MPIL CopyToCPU Recursive Doubling Time: 3.202864e-03
0: MPIL CopyToCPU Node-Aware Dissemination Time: 4.980634e-03
0: MPIL CopyToCPU NUMA-Aware Dissemination Time: 3.108138e-03
0: MPIL CopyToCPU RADIX-3 Dissemination Time: 2.623978e-03
0: MPIL CopyToCPU RADIX-4 Dissemination Time: 2.098062e-03
0: MPIL CopyToCPU RADIX-5 Dissemination Time: 2.237093e-03
0: MPIL CopyToCPU RADIX-6 Dissemination Time: 2.351670e-03
0: MPIL CopyToCPU RADIX-7 Dissemination Time: 2.367339e-03
0: MPIL CopyToCPU RADIX-8 Dissemination Time: 2.485471e-03
0: MPIL CopyToCPU RADIX-9 Dissemination Time: 2.382676e-03
0: MPIL CopyToCPU RADIX-10 Dissemination Time: 2.484663e-03
0: MPIL CopyToCPU RADIX-11 Dissemination Time: 2.441591e-03
0: MPIL CopyToCPU RADIX-12 Dissemination Time: 1.973795e-03
0: MPIL CopyToCPU RADIX-13 Dissemination Time: 2.082821e-03
0: MPIL CopyToCPU RADIX-14 Dissemination Time: 2.164029e-03
0: Testing Size 131072
0: PMPI Allreduce Time: 3.207401e-04
0: MPIL GPU-Aware Recursive Doubling Time: 3.205771e-04
0: MPIL GPU-Aware Node-Aware Dissemination Time: 1.020620e-02
0: MPIL GPU-Aware NUMA-Aware Dissemination Time: 7.422152e-03
0: CopyToCPU PMPI Allreduce Time: 4.654284e-03
0: MPIL CopyToCPU Recursive Doubling Time: 5.258812e-03
0: MPIL CopyToCPU Node-Aware Dissemination Time: 1.006820e-02
0: MPIL CopyToCPU NUMA-Aware Dissemination Time: 6.055072e-03
0: MPIL CopyToCPU RADIX-3 Dissemination Time: 5.158186e-03
0: MPIL CopyToCPU RADIX-4 Dissemination Time: 4.114917e-03
0: MPIL CopyToCPU RADIX-5 Dissemination Time: 4.428457e-03
0: MPIL CopyToCPU RADIX-6 Dissemination Time: 4.154840e-03
0: MPIL CopyToCPU RADIX-7 Dissemination Time: 4.318469e-03
0: MPIL CopyToCPU RADIX-8 Dissemination Time: 4.355615e-03
0: MPIL CopyToCPU RADIX-9 Dissemination Time: 4.222501e-03
0: MPIL CopyToCPU RADIX-10 Dissemination Time: 4.136256e-03
0: MPIL CopyToCPU RADIX-11 Dissemination Time: 4.171244e-03
0: MPIL CopyToCPU RADIX-12 Dissemination Time: 3.758856e-03
0: MPIL CopyToCPU RADIX-13 Dissemination Time: 3.926723e-03
0: MPIL CopyToCPU RADIX-14 Dissemination Time: 4.096396e-03
0: Testing Size 262144
0: PMPI Allreduce Time: 4.582093e-04
0: MPIL GPU-Aware Recursive Doubling Time: 4.578557e-04
0: MPIL GPU-Aware Node-Aware Dissemination Time: 1.571586e-02
0: MPIL GPU-Aware NUMA-Aware Dissemination Time: 1.311827e-02
0: CopyToCPU PMPI Allreduce Time: 9.236663e-03
0: MPIL CopyToCPU Recursive Doubling Time: 8.793454e-03
0: MPIL CopyToCPU Node-Aware Dissemination Time: 1.984948e-02
0: MPIL CopyToCPU NUMA-Aware Dissemination Time: 1.161159e-02
0: MPIL CopyToCPU RADIX-3 Dissemination Time: 9.729476e-03
0: MPIL CopyToCPU RADIX-4 Dissemination Time: 8.158160e-03
0: MPIL CopyToCPU RADIX-5 Dissemination Time: 8.425068e-03
0: MPIL CopyToCPU RADIX-6 Dissemination Time: 8.925757e-03
0: MPIL CopyToCPU RADIX-7 Dissemination Time: 9.038697e-03
0: MPIL CopyToCPU RADIX-8 Dissemination Time: 9.298058e-03
0: MPIL CopyToCPU RADIX-9 Dissemination Time: 9.205350e-03
0: MPIL CopyToCPU RADIX-10 Dissemination Time: 9.152442e-03
0: MPIL CopyToCPU RADIX-11 Dissemination Time: 8.600752e-03
0: MPIL CopyToCPU RADIX-12 Dissemination Time: 7.527847e-03
0: MPIL CopyToCPU RADIX-13 Dissemination Time: 7.850266e-03
0: MPIL CopyToCPU RADIX-14 Dissemination Time: 8.236980e-03
0: Testing Size 524288
0: PMPI Allreduce Time: 7.325234e-04
0: MPIL GPU-Aware Recursive Doubling Time: 7.319083e-04
0: MPIL GPU-Aware Node-Aware Dissemination Time: 2.569876e-02
0: MPIL GPU-Aware NUMA-Aware Dissemination Time: 2.516913e-02
0: CopyToCPU PMPI Allreduce Time: 1.999124e-02
0: MPIL CopyToCPU Recursive Doubling Time: 1.959622e-02
0: MPIL CopyToCPU Node-Aware Dissemination Time: 3.876933e-02
0: MPIL CopyToCPU NUMA-Aware Dissemination Time: 2.271945e-02
0: MPIL CopyToCPU RADIX-3 Dissemination Time: 1.965336e-02
0: MPIL CopyToCPU RADIX-4 Dissemination Time: 1.612541e-02
0: MPIL CopyToCPU RADIX-5 Dissemination Time: 1.679946e-02
0: MPIL CopyToCPU RADIX-6 Dissemination Time: 1.733244e-02
0: MPIL CopyToCPU RADIX-7 Dissemination Time: 1.833851e-02
0: MPIL CopyToCPU RADIX-8 Dissemination Time: 2.228486e-02
0: MPIL CopyToCPU RADIX-9 Dissemination Time: 2.422919e-02
0: MPIL CopyToCPU RADIX-10 Dissemination Time: 2.507332e-02
0: MPIL CopyToCPU RADIX-11 Dissemination Time: 2.460715e-02
0: MPIL CopyToCPU RADIX-12 Dissemination Time: 2.547975e-02
0: MPIL CopyToCPU RADIX-13 Dissemination Time: 2.592961e-02
0: MPIL CopyToCPU RADIX-14 Dissemination Time: 2.675629e-02
