0: 
0: Lmod is automatically replacing "cce/20.0.0" with "rocmcc/7.2.1-magic".
0: 
0: 
0: Due to MODULEPATH changes, the following have been reloaded:
0:   1) cray-libsci/25.09.0
0: 
0: The following have been reloaded with a version change:
0:   1) cray-mpich/9.0.1 => cray-mpich/9.1.0
0: 
0: jobid: f2fBpQSb
0: 0.110s: flux-shell[1]: mpibind: 
0: mpibind: task   0 nths  7 gpus 0 cpus 1-7
0: mpibind: task   1 nths  7 gpus 1 cpus 9-15
0: mpibind: task   2 nths  7 gpus 2 cpus 17-23
0: mpibind: task   3 nths  7 gpus 3 cpus 25-31
0: mpibind: task   4 nths  7 gpus 4 cpus 33-39
0: mpibind: task   5 nths  7 gpus 5 cpus 41-47
0: mpibind: task   6 nths  7 gpus 6 cpus 49-55
0: mpibind: task   7 nths  7 gpus 7 cpus 57-63
0: mpibind: task   8 nths  7 gpus 8 cpus 65-71
0: mpibind: task   9 nths  7 gpus 9 cpus 73-79
0: mpibind: task  10 nths  7 gpus 10 cpus 81-87
0: mpibind: task  11 nths  7 gpus 11 cpus 89-95
0: 0.109s: flux-shell[3]: mpibind: 
0: mpibind: task   0 nths  7 gpus 0 cpus 1-7
0: mpibind: task   1 nths  7 gpus 1 cpus 9-15
0: mpibind: task   2 nths  7 gpus 2 cpus 17-23
0: mpibind: task   3 nths  7 gpus 3 cpus 25-31
0: mpibind: task   4 nths  7 gpus 4 cpus 33-39
0: mpibind: task   5 nths  7 gpus 5 cpus 41-47
0: mpibind: task   6 nths  7 gpus 6 cpus 49-55
0: mpibind: task   7 nths  7 gpus 7 cpus 57-63
0: mpibind: task   8 nths  7 gpus 8 cpus 65-71
0: mpibind: task   9 nths  7 gpus 9 cpus 73-79
0: mpibind: task  10 nths  7 gpus 10 cpus 81-87
0: mpibind: task  11 nths  7 gpus 11 cpus 89-95
0: 0.112s: flux-shell[2]: mpibind: 
0: mpibind: task   0 nths  7 gpus 0 cpus 1-7
0: mpibind: task   1 nths  7 gpus 1 cpus 9-15
0: mpibind: task   2 nths  7 gpus 2 cpus 17-23
0: mpibind: task   3 nths  7 gpus 3 cpus 25-31
0: mpibind: task   4 nths  7 gpus 4 cpus 33-39
0: mpibind: task   5 nths  7 gpus 5 cpus 41-47
0: mpibind: task   6 nths  7 gpus 6 cpus 49-55
0: mpibind: task   7 nths  7 gpus 7 cpus 57-63
0: mpibind: task   8 nths  7 gpus 8 cpus 65-71
0: mpibind: task   9 nths  7 gpus 9 cpus 73-79
0: mpibind: task  10 nths  7 gpus 10 cpus 81-87
0: mpibind: task  11 nths  7 gpus 11 cpus 89-95
0: 0.103s: flux-shell[0]: mpibind: 
0: mpibind: task   0 nths  7 gpus 0 cpus 1-7
0: mpibind: task   1 nths  7 gpus 1 cpus 9-15
0: mpibind: task   2 nths  7 gpus 2 cpus 17-23
0: mpibind: task   3 nths  7 gpus 3 cpus 25-31
0: mpibind: task   4 nths  7 gpus 4 cpus 33-39
0: mpibind: task   5 nths  7 gpus 5 cpus 41-47
0: mpibind: task   6 nths  7 gpus 6 cpus 49-55
0: mpibind: task   7 nths  7 gpus 7 cpus 57-63
0: mpibind: task   8 nths  7 gpus 8 cpus 65-71
0: mpibind: task   9 nths  7 gpus 9 cpus 73-79
0: mpibind: task  10 nths  7 gpus 10 cpus 81-87
0: mpibind: task  11 nths  7 gpus 11 cpus 89-95
