0: Testing Size 1
0: PMPI Allreduce Time: 1.596880e-05
0: MPIL GPU-Aware Recursive Doubling Time: 1.590554e-05
0: MPIL GPU-Aware Node-Aware Dissemination Time: 6.004731e-05
0: MPIL GPU-Aware NUMA-Aware Dissemination Time: 1.405213e-04
0: CopyToCPU PMPI Allreduce Time: 1.616356e-05
0: MPIL CopyToCPU Recursive Doubling Time: 1.709812e-05
0: MPIL CopyToCPU Node-Aware Dissemination Time: 1.989412e-05
0: MPIL CopyToCPU NUMA-Aware Dissemination Time: 1.198426e-05
0: MPIL CopyToCPU RADIX-3 Dissemination Time: 1.755316e-05
0: MPIL CopyToCPU RADIX-4 Dissemination Time: 1.528710e-05
0: MPIL CopyToCPU RADIX-5 Dissemination Time: 1.842938e-05
0: MPIL CopyToCPU RADIX-6 Dissemination Time: 2.033188e-05
0: MPIL CopyToCPU RADIX-7 Dissemination Time: 1.965191e-05
0: MPIL CopyToCPU RADIX-8 Dissemination Time: 1.955394e-05
0: MPIL CopyToCPU RADIX-9 Dissemination Time: 2.022632e-05
0: MPIL CopyToCPU RADIX-10 Dissemination Time: 2.243794e-05
0: MPIL CopyToCPU RADIX-11 Dissemination Time: 2.174556e-05
0: MPIL CopyToCPU RADIX-12 Dissemination Time: 2.167135e-05
0: MPIL CopyToCPU RADIX-13 Dissemination Time: 2.465836e-05
0: MPIL CopyToCPU RADIX-14 Dissemination Time: 2.428454e-05
0: Testing Size 2
0: PMPI Allreduce Time: 1.611458e-05
0: MPIL GPU-Aware Recursive Doubling Time: 1.615802e-05
0: MPIL GPU-Aware Node-Aware Dissemination Time: 6.464966e-05
0: MPIL GPU-Aware NUMA-Aware Dissemination Time: 1.387438e-04
0: CopyToCPU PMPI Allreduce Time: 1.646462e-05
0: MPIL CopyToCPU Recursive Doubling Time: 1.677644e-05
0: MPIL CopyToCPU Node-Aware Dissemination Time: 1.965998e-05
0: MPIL CopyToCPU NUMA-Aware Dissemination Time: 1.180043e-05
0: MPIL CopyToCPU RADIX-3 Dissemination Time: 1.762944e-05
0: MPIL CopyToCPU RADIX-4 Dissemination Time: 1.556678e-05
0: MPIL CopyToCPU RADIX-5 Dissemination Time: 1.859058e-05
0: MPIL CopyToCPU RADIX-6 Dissemination Time: 2.056925e-05
0: MPIL CopyToCPU RADIX-7 Dissemination Time: 2.007359e-05
0: MPIL CopyToCPU RADIX-8 Dissemination Time: 1.970046e-05
0: MPIL CopyToCPU RADIX-9 Dissemination Time: 2.034947e-05
0: MPIL CopyToCPU RADIX-10 Dissemination Time: 2.254283e-05
0: MPIL CopyToCPU RADIX-11 Dissemination Time: 2.164707e-05
0: MPIL CopyToCPU RADIX-12 Dissemination Time: 2.174676e-05
0: MPIL CopyToCPU RADIX-13 Dissemination Time: 2.472796e-05
0: MPIL CopyToCPU RADIX-14 Dissemination Time: 2.442468e-05
0: Testing Size 4
0: PMPI Allreduce Time: 1.625991e-05
0: MPIL GPU-Aware Recursive Doubling Time: 1.625212e-05
0: MPIL GPU-Aware Node-Aware Dissemination Time: 6.318265e-05
0: MPIL GPU-Aware NUMA-Aware Dissemination Time: 1.400064e-04
0: CopyToCPU PMPI Allreduce Time: 1.649757e-05
0: MPIL CopyToCPU Recursive Doubling Time: 1.660559e-05
0: MPIL CopyToCPU Node-Aware Dissemination Time: 1.961744e-05
0: MPIL CopyToCPU NUMA-Aware Dissemination Time: 1.180794e-05
0: MPIL CopyToCPU RADIX-3 Dissemination Time: 1.772532e-05
0: MPIL CopyToCPU RADIX-4 Dissemination Time: 1.547586e-05
0: MPIL CopyToCPU RADIX-5 Dissemination Time: 1.863484e-05
0: MPIL CopyToCPU RADIX-6 Dissemination Time: 2.048618e-05
0: MPIL CopyToCPU RADIX-7 Dissemination Time: 1.984468e-05
0: MPIL CopyToCPU RADIX-8 Dissemination Time: 1.969055e-05
0: MPIL CopyToCPU RADIX-9 Dissemination Time: 2.031286e-05
0: MPIL CopyToCPU RADIX-10 Dissemination Time: 2.251732e-05
0: MPIL CopyToCPU RADIX-11 Dissemination Time: 2.157703e-05
0: MPIL CopyToCPU RADIX-12 Dissemination Time: 2.210208e-05
0: MPIL CopyToCPU RADIX-13 Dissemination Time: 2.473717e-05
0: MPIL CopyToCPU RADIX-14 Dissemination Time: 2.434372e-05
0: Testing Size 8
0: PMPI Allreduce Time: 1.677503e-05
0: MPIL GPU-Aware Recursive Doubling Time: 1.686628e-05
0: MPIL GPU-Aware Node-Aware Dissemination Time: 6.472908e-05
0: MPIL GPU-Aware NUMA-Aware Dissemination Time: 1.406152e-04
0: CopyToCPU PMPI Allreduce Time: 1.626924e-05
0: MPIL CopyToCPU Recursive Doubling Time: 1.816559e-05
0: MPIL CopyToCPU Node-Aware Dissemination Time: 2.016913e-05
0: MPIL CopyToCPU NUMA-Aware Dissemination Time: 1.215109e-05
0: MPIL CopyToCPU RADIX-3 Dissemination Time: 1.892786e-05
0: MPIL CopyToCPU RADIX-4 Dissemination Time: 1.688470e-05
0: MPIL CopyToCPU RADIX-5 Dissemination Time: 1.964973e-05
0: MPIL CopyToCPU RADIX-6 Dissemination Time: 2.176758e-05
0: MPIL CopyToCPU RADIX-7 Dissemination Time: 2.108683e-05
0: MPIL CopyToCPU RADIX-8 Dissemination Time: 2.133352e-05
0: MPIL CopyToCPU RADIX-9 Dissemination Time: 2.169556e-05
0: MPIL CopyToCPU RADIX-10 Dissemination Time: 2.364807e-05
0: MPIL CopyToCPU RADIX-11 Dissemination Time: 2.302404e-05
0: MPIL CopyToCPU RADIX-12 Dissemination Time: 2.371025e-05
0: MPIL CopyToCPU RADIX-13 Dissemination Time: 2.596350e-05
0: MPIL CopyToCPU RADIX-14 Dissemination Time: 2.537236e-05
0: Testing Size 16
0: PMPI Allreduce Time: 1.720585e-05
0: MPIL GPU-Aware Recursive Doubling Time: 1.722579e-05
0: MPIL GPU-Aware Node-Aware Dissemination Time: 6.444177e-05
0: MPIL GPU-Aware NUMA-Aware Dissemination Time: 1.403424e-04
0: CopyToCPU PMPI Allreduce Time: 1.731338e-05
0: MPIL CopyToCPU Recursive Doubling Time: 1.972703e-05
0: MPIL CopyToCPU Node-Aware Dissemination Time: 2.003697e-05
0: MPIL CopyToCPU NUMA-Aware Dissemination Time: 1.282064e-05
0: MPIL CopyToCPU RADIX-3 Dissemination Time: 2.012161e-05
0: MPIL CopyToCPU RADIX-4 Dissemination Time: 1.777198e-05
0: MPIL CopyToCPU RADIX-5 Dissemination Time: 2.140337e-05
0: MPIL CopyToCPU RADIX-6 Dissemination Time: 2.349618e-05
0: MPIL CopyToCPU RADIX-7 Dissemination Time: 2.293937e-05
0: MPIL CopyToCPU RADIX-8 Dissemination Time: 2.285772e-05
0: MPIL CopyToCPU RADIX-9 Dissemination Time: 2.324928e-05
0: MPIL CopyToCPU RADIX-10 Dissemination Time: 2.561871e-05
0: MPIL CopyToCPU RADIX-11 Dissemination Time: 2.440958e-05
0: MPIL CopyToCPU RADIX-12 Dissemination Time: 2.531514e-05
0: MPIL CopyToCPU RADIX-13 Dissemination Time: 2.796236e-05
0: MPIL CopyToCPU RADIX-14 Dissemination Time: 2.761288e-05
0: Testing Size 32
0: PMPI Allreduce Time: 2.343647e-05
0: MPIL GPU-Aware Recursive Doubling Time: 2.333581e-05
0: MPIL GPU-Aware Node-Aware Dissemination Time: 6.823864e-05
0: MPIL GPU-Aware NUMA-Aware Dissemination Time: 1.341224e-04
0: CopyToCPU PMPI Allreduce Time: 1.892694e-05
0: MPIL CopyToCPU Recursive Doubling Time: 2.376239e-05
0: MPIL CopyToCPU Node-Aware Dissemination Time: 2.089844e-05
0: MPIL CopyToCPU NUMA-Aware Dissemination Time: 1.571696e-05
0: MPIL CopyToCPU RADIX-3 Dissemination Time: 2.291880e-05
0: MPIL CopyToCPU RADIX-4 Dissemination Time: 2.044468e-05
0: MPIL CopyToCPU RADIX-5 Dissemination Time: 2.368271e-05
0: MPIL CopyToCPU RADIX-6 Dissemination Time: 2.705581e-05
0: MPIL CopyToCPU RADIX-7 Dissemination Time: 2.668921e-05
0: MPIL CopyToCPU RADIX-8 Dissemination Time: 2.539212e-05
0: MPIL CopyToCPU RADIX-9 Dissemination Time: 2.621340e-05
0: MPIL CopyToCPU RADIX-10 Dissemination Time: 2.959629e-05
0: MPIL CopyToCPU RADIX-11 Dissemination Time: 2.857556e-05
0: MPIL CopyToCPU RADIX-12 Dissemination Time: 2.777015e-05
0: MPIL CopyToCPU RADIX-13 Dissemination Time: 3.171874e-05
0: MPIL CopyToCPU RADIX-14 Dissemination Time: 3.093188e-05
0: Testing Size 64
0: PMPI Allreduce Time: 2.361330e-05
0: MPIL GPU-Aware Recursive Doubling Time: 2.359543e-05
0: MPIL GPU-Aware Node-Aware Dissemination Time: 9.056014e-05
0: MPIL GPU-Aware NUMA-Aware Dissemination Time: 1.348524e-04
0: CopyToCPU PMPI Allreduce Time: 2.283836e-05
0: MPIL CopyToCPU Recursive Doubling Time: 2.415281e-05
0: MPIL CopyToCPU Node-Aware Dissemination Time: 2.649135e-05
0: MPIL CopyToCPU NUMA-Aware Dissemination Time: 1.991333e-05
0: MPIL CopyToCPU RADIX-3 Dissemination Time: 2.342552e-05
0: MPIL CopyToCPU RADIX-4 Dissemination Time: 2.099789e-05
0: MPIL CopyToCPU RADIX-5 Dissemination Time: 2.398719e-05
0: MPIL CopyToCPU RADIX-6 Dissemination Time: 2.751801e-05
0: MPIL CopyToCPU RADIX-7 Dissemination Time: 2.725950e-05
0: MPIL CopyToCPU RADIX-8 Dissemination Time: 2.554280e-05
0: MPIL CopyToCPU RADIX-9 Dissemination Time: 2.704093e-05
0: MPIL CopyToCPU RADIX-10 Dissemination Time: 3.060865e-05
0: MPIL CopyToCPU RADIX-11 Dissemination Time: 2.950052e-05
0: MPIL CopyToCPU RADIX-12 Dissemination Time: 2.861029e-05
0: MPIL CopyToCPU RADIX-13 Dissemination Time: 3.245235e-05
0: MPIL CopyToCPU RADIX-14 Dissemination Time: 3.169254e-05
0: Testing Size 128
0: PMPI Allreduce Time: 4.091624e-05
0: MPIL GPU-Aware Recursive Doubling Time: 4.088021e-05
0: MPIL GPU-Aware Node-Aware Dissemination Time: 1.048225e-04
0: MPIL GPU-Aware NUMA-Aware Dissemination Time: 1.177893e-04
0: CopyToCPU PMPI Allreduce Time: 4.146756e-05
0: MPIL CopyToCPU Recursive Doubling Time: 4.493817e-05
0: MPIL CopyToCPU Node-Aware Dissemination Time: 7.457027e-05
0: MPIL CopyToCPU NUMA-Aware Dissemination Time: 3.597997e-05
0: MPIL CopyToCPU RADIX-3 Dissemination Time: 3.425739e-05
0: MPIL CopyToCPU RADIX-4 Dissemination Time: 3.218211e-05
0: MPIL CopyToCPU RADIX-5 Dissemination Time: 3.793287e-05
0: MPIL CopyToCPU RADIX-6 Dissemination Time: 4.264446e-05
0: MPIL CopyToCPU RADIX-7 Dissemination Time: 3.976776e-05
0: MPIL CopyToCPU RADIX-8 Dissemination Time: 3.851736e-05
0: MPIL CopyToCPU RADIX-9 Dissemination Time: 4.063738e-05
0: MPIL CopyToCPU RADIX-10 Dissemination Time: 4.328909e-05
0: MPIL CopyToCPU RADIX-11 Dissemination Time: 4.376125e-05
0: MPIL CopyToCPU RADIX-12 Dissemination Time: 3.973545e-05
0: MPIL CopyToCPU RADIX-13 Dissemination Time: 4.575835e-05
0: MPIL CopyToCPU RADIX-14 Dissemination Time: 4.589611e-05
0: Testing Size 256
0: PMPI Allreduce Time: 4.911181e-05
0: MPIL GPU-Aware Recursive Doubling Time: 4.906192e-05
0: MPIL GPU-Aware Node-Aware Dissemination Time: 1.177104e-04
0: MPIL GPU-Aware NUMA-Aware Dissemination Time: 1.270927e-04
0: CopyToCPU PMPI Allreduce Time: 5.900035e-05
0: MPIL CopyToCPU Recursive Doubling Time: 6.371383e-05
0: MPIL CopyToCPU Node-Aware Dissemination Time: 9.722073e-05
0: MPIL CopyToCPU NUMA-Aware Dissemination Time: 4.959060e-05
0: MPIL CopyToCPU RADIX-3 Dissemination Time: 3.986652e-05
0: MPIL CopyToCPU RADIX-4 Dissemination Time: 3.602829e-05
0: MPIL CopyToCPU RADIX-5 Dissemination Time: 4.333405e-05
0: MPIL CopyToCPU RADIX-6 Dissemination Time: 4.934389e-05
0: MPIL CopyToCPU RADIX-7 Dissemination Time: 4.675525e-05
0: MPIL CopyToCPU RADIX-8 Dissemination Time: 4.869467e-05
0: MPIL CopyToCPU RADIX-9 Dissemination Time: 5.124223e-05
0: MPIL CopyToCPU RADIX-10 Dissemination Time: 4.846207e-05
0: MPIL CopyToCPU RADIX-11 Dissemination Time: 4.926659e-05
0: MPIL CopyToCPU RADIX-12 Dissemination Time: 4.639440e-05
0: MPIL CopyToCPU RADIX-13 Dissemination Time: 5.052182e-05
0: MPIL CopyToCPU RADIX-14 Dissemination Time: 5.122254e-05
0: Testing Size 512
0: PMPI Allreduce Time: 6.344091e-05
0: MPIL GPU-Aware Recursive Doubling Time: 6.336886e-05
0: MPIL GPU-Aware Node-Aware Dissemination Time: 1.418149e-04
0: MPIL GPU-Aware NUMA-Aware Dissemination Time: 1.366758e-04
0: CopyToCPU PMPI Allreduce Time: 6.666937e-05
0: MPIL CopyToCPU Recursive Doubling Time: 6.712296e-05
0: MPIL CopyToCPU Node-Aware Dissemination Time: 1.233790e-04
0: MPIL CopyToCPU NUMA-Aware Dissemination Time: 6.477923e-05
0: MPIL CopyToCPU RADIX-3 Dissemination Time: 5.195297e-05
0: MPIL CopyToCPU RADIX-4 Dissemination Time: 4.477856e-05
0: MPIL CopyToCPU RADIX-5 Dissemination Time: 5.297706e-05
0: MPIL CopyToCPU RADIX-6 Dissemination Time: 5.514012e-05
0: MPIL CopyToCPU RADIX-7 Dissemination Time: 5.470777e-05
0: MPIL CopyToCPU RADIX-8 Dissemination Time: 5.408499e-05
0: MPIL CopyToCPU RADIX-9 Dissemination Time: 5.637193e-05
0: MPIL CopyToCPU RADIX-10 Dissemination Time: 5.782742e-05
0: MPIL CopyToCPU RADIX-11 Dissemination Time: 5.727706e-05
0: MPIL CopyToCPU RADIX-12 Dissemination Time: 4.968223e-05
0: MPIL CopyToCPU RADIX-13 Dissemination Time: 5.482196e-05
0: MPIL CopyToCPU RADIX-14 Dissemination Time: 5.664650e-05
0: Testing Size 1024
0: PMPI Allreduce Time: 1.522647e-04
0: MPIL GPU-Aware Recursive Doubling Time: 1.524120e-04
0: MPIL GPU-Aware Node-Aware Dissemination Time: 4.015878e-04
0: MPIL GPU-Aware NUMA-Aware Dissemination Time: 5.304812e-04
0: CopyToCPU PMPI Allreduce Time: 1.024133e-04
0: MPIL CopyToCPU Recursive Doubling Time: 9.991705e-05
0: MPIL CopyToCPU Node-Aware Dissemination Time: 1.863237e-04
0: MPIL CopyToCPU NUMA-Aware Dissemination Time: 9.890590e-05
0: MPIL CopyToCPU RADIX-3 Dissemination Time: 7.588829e-05
0: MPIL CopyToCPU RADIX-4 Dissemination Time: 6.451978e-05
0: MPIL CopyToCPU RADIX-5 Dissemination Time: 7.447848e-05
0: MPIL CopyToCPU RADIX-6 Dissemination Time: 7.550881e-05
0: MPIL CopyToCPU RADIX-7 Dissemination Time: 8.030882e-05
0: MPIL CopyToCPU RADIX-8 Dissemination Time: 8.093131e-05
0: MPIL CopyToCPU RADIX-9 Dissemination Time: 8.018364e-05
0: MPIL CopyToCPU RADIX-10 Dissemination Time: 7.815439e-05
0: MPIL CopyToCPU RADIX-11 Dissemination Time: 7.676523e-05
0: MPIL CopyToCPU RADIX-12 Dissemination Time: 7.295129e-05
0: MPIL CopyToCPU RADIX-13 Dissemination Time: 7.369616e-05
0: MPIL CopyToCPU RADIX-14 Dissemination Time: 7.598349e-05
0: Testing Size 2048
0: PMPI Allreduce Time: 1.736993e-04
0: MPIL GPU-Aware Recursive Doubling Time: 1.719187e-04
0: MPIL GPU-Aware Node-Aware Dissemination Time: 7.187645e-04
0: MPIL GPU-Aware NUMA-Aware Dissemination Time: 8.962496e-04
0: CopyToCPU PMPI Allreduce Time: 1.417989e-04
0: MPIL CopyToCPU Recursive Doubling Time: 1.555139e-04
0: MPIL CopyToCPU Node-Aware Dissemination Time: 2.535744e-04
0: MPIL CopyToCPU NUMA-Aware Dissemination Time: 1.550435e-04
0: MPIL CopyToCPU RADIX-3 Dissemination Time: 1.201855e-04
0: MPIL CopyToCPU RADIX-4 Dissemination Time: 9.558724e-05
0: MPIL CopyToCPU RADIX-5 Dissemination Time: 1.080601e-04
0: MPIL CopyToCPU RADIX-6 Dissemination Time: 1.149126e-04
0: MPIL CopyToCPU RADIX-7 Dissemination Time: 1.183974e-04
0: MPIL CopyToCPU RADIX-8 Dissemination Time: 1.123170e-04
0: MPIL CopyToCPU RADIX-9 Dissemination Time: 1.136891e-04
0: MPIL CopyToCPU RADIX-10 Dissemination Time: 1.187794e-04
0: MPIL CopyToCPU RADIX-11 Dissemination Time: 1.185700e-04
0: MPIL CopyToCPU RADIX-12 Dissemination Time: 9.898209e-05
0: MPIL CopyToCPU RADIX-13 Dissemination Time: 1.077325e-04
0: MPIL CopyToCPU RADIX-14 Dissemination Time: 1.113409e-04
0: Testing Size 4096
0: PMPI Allreduce Time: 1.780463e-04
0: MPIL GPU-Aware Recursive Doubling Time: 1.772986e-04
0: MPIL GPU-Aware Node-Aware Dissemination Time: 8.195208e-04
0: MPIL GPU-Aware NUMA-Aware Dissemination Time: 1.078246e-03
0: CopyToCPU PMPI Allreduce Time: 2.350750e-04
0: MPIL CopyToCPU Recursive Doubling Time: 2.913460e-04
0: MPIL CopyToCPU Node-Aware Dissemination Time: 4.346765e-04
0: MPIL CopyToCPU NUMA-Aware Dissemination Time: 2.605657e-04
0: MPIL CopyToCPU RADIX-3 Dissemination Time: 2.114471e-04
0: MPIL CopyToCPU RADIX-4 Dissemination Time: 1.720114e-04
0: MPIL CopyToCPU RADIX-5 Dissemination Time: 1.900461e-04
0: MPIL CopyToCPU RADIX-6 Dissemination Time: 1.960814e-04
0: MPIL CopyToCPU RADIX-7 Dissemination Time: 2.017790e-04
0: MPIL CopyToCPU RADIX-8 Dissemination Time: 2.005753e-04
0: MPIL CopyToCPU RADIX-9 Dissemination Time: 2.006259e-04
0: MPIL CopyToCPU RADIX-10 Dissemination Time: 2.114943e-04
0: MPIL CopyToCPU RADIX-11 Dissemination Time: 2.104846e-04
0: MPIL CopyToCPU RADIX-12 Dissemination Time: 1.655365e-04
0: MPIL CopyToCPU RADIX-13 Dissemination Time: 1.827267e-04
0: MPIL CopyToCPU RADIX-14 Dissemination Time: 1.954779e-04
0: Testing Size 8192
0: PMPI Allreduce Time: 1.821006e-04
0: MPIL GPU-Aware Recursive Doubling Time: 1.822044e-04
0: MPIL GPU-Aware Node-Aware Dissemination Time: 1.153649e-03
0: MPIL GPU-Aware NUMA-Aware Dissemination Time: 1.512466e-03
0: CopyToCPU PMPI Allreduce Time: 4.161834e-04
0: MPIL CopyToCPU Recursive Doubling Time: 5.169654e-04
0: MPIL CopyToCPU Node-Aware Dissemination Time: 7.759647e-04
0: MPIL CopyToCPU NUMA-Aware Dissemination Time: 4.683153e-04
0: MPIL CopyToCPU RADIX-3 Dissemination Time: 3.822840e-04
0: MPIL CopyToCPU RADIX-4 Dissemination Time: 2.990464e-04
0: MPIL CopyToCPU RADIX-5 Dissemination Time: 3.360804e-04
0: MPIL CopyToCPU RADIX-6 Dissemination Time: 3.437764e-04
0: MPIL CopyToCPU RADIX-7 Dissemination Time: 3.483256e-04
0: MPIL CopyToCPU RADIX-8 Dissemination Time: 3.533934e-04
0: MPIL CopyToCPU RADIX-9 Dissemination Time: 3.576417e-04
0: MPIL CopyToCPU RADIX-10 Dissemination Time: 3.658562e-04
0: MPIL CopyToCPU RADIX-11 Dissemination Time: 3.682268e-04
0: MPIL CopyToCPU RADIX-12 Dissemination Time: 2.856522e-04
0: MPIL CopyToCPU RADIX-13 Dissemination Time: 3.131562e-04
0: MPIL CopyToCPU RADIX-14 Dissemination Time: 3.307148e-04
0: Testing Size 16384
0: PMPI Allreduce Time: 1.870068e-04
0: MPIL GPU-Aware Recursive Doubling Time: 1.874780e-04
0: MPIL GPU-Aware Node-Aware Dissemination Time: 1.442961e-03
0: MPIL GPU-Aware NUMA-Aware Dissemination Time: 1.919542e-03
0: CopyToCPU PMPI Allreduce Time: 7.690484e-04
0: MPIL CopyToCPU Recursive Doubling Time: 9.024800e-04
0: MPIL CopyToCPU Node-Aware Dissemination Time: 1.446082e-03
0: MPIL CopyToCPU NUMA-Aware Dissemination Time: 8.713035e-04
0: MPIL CopyToCPU RADIX-3 Dissemination Time: 7.172989e-04
0: MPIL CopyToCPU RADIX-4 Dissemination Time: 5.656940e-04
0: MPIL CopyToCPU RADIX-5 Dissemination Time: 6.124464e-04
0: MPIL CopyToCPU RADIX-6 Dissemination Time: 6.272014e-04
0: MPIL CopyToCPU RADIX-7 Dissemination Time: 6.461311e-04
0: MPIL CopyToCPU RADIX-8 Dissemination Time: 6.643626e-04
0: MPIL CopyToCPU RADIX-9 Dissemination Time: 6.585509e-04
0: MPIL CopyToCPU RADIX-10 Dissemination Time: 6.802368e-04
0: MPIL CopyToCPU RADIX-11 Dissemination Time: 6.757809e-04
0: MPIL CopyToCPU RADIX-12 Dissemination Time: 5.281175e-04
0: MPIL CopyToCPU RADIX-13 Dissemination Time: 5.736521e-04
0: MPIL CopyToCPU RADIX-14 Dissemination Time: 5.927197e-04
0: Testing Size 32768
0: PMPI Allreduce Time: 2.019279e-04
0: MPIL GPU-Aware Recursive Doubling Time: 2.007189e-04
0: MPIL GPU-Aware Node-Aware Dissemination Time: 6.932556e-03
0: MPIL GPU-Aware NUMA-Aware Dissemination Time: 2.279773e-03
0: CopyToCPU PMPI Allreduce Time: 1.425545e-03
0: MPIL CopyToCPU Recursive Doubling Time: 1.710545e-03
0: MPIL CopyToCPU Node-Aware Dissemination Time: 2.553436e-03
0: MPIL CopyToCPU NUMA-Aware Dissemination Time: 1.608019e-03
0: MPIL CopyToCPU RADIX-3 Dissemination Time: 1.370020e-03
0: MPIL CopyToCPU RADIX-4 Dissemination Time: 1.074716e-03
0: MPIL CopyToCPU RADIX-5 Dissemination Time: 1.161255e-03
0: MPIL CopyToCPU RADIX-6 Dissemination Time: 1.226408e-03
0: MPIL CopyToCPU RADIX-7 Dissemination Time: 1.251177e-03
0: MPIL CopyToCPU RADIX-8 Dissemination Time: 1.279185e-03
0: MPIL CopyToCPU RADIX-9 Dissemination Time: 1.278345e-03
0: MPIL CopyToCPU RADIX-10 Dissemination Time: 1.287676e-03
0: MPIL CopyToCPU RADIX-11 Dissemination Time: 1.283651e-03
0: MPIL CopyToCPU RADIX-12 Dissemination Time: 1.018556e-03
0: MPIL CopyToCPU RADIX-13 Dissemination Time: 1.098942e-03
0: MPIL CopyToCPU RADIX-14 Dissemination Time: 1.120668e-03
0: Testing Size 65536
0: PMPI Allreduce Time: 2.432343e-04
0: MPIL GPU-Aware Recursive Doubling Time: 2.427613e-04
0: MPIL GPU-Aware Node-Aware Dissemination Time: 7.765970e-03
0: MPIL GPU-Aware NUMA-Aware Dissemination Time: 3.210124e-03
0: CopyToCPU PMPI Allreduce Time: 2.467422e-03
0: MPIL CopyToCPU Recursive Doubling Time: 3.367569e-03
0: MPIL CopyToCPU Node-Aware Dissemination Time: 4.951966e-03
0: MPIL CopyToCPU NUMA-Aware Dissemination Time: 3.070704e-03
0: MPIL CopyToCPU RADIX-3 Dissemination Time: 2.558966e-03
0: MPIL CopyToCPU RADIX-4 Dissemination Time: 2.125651e-03
0: MPIL CopyToCPU RADIX-5 Dissemination Time: 2.231307e-03
0: MPIL CopyToCPU RADIX-6 Dissemination Time: 2.364803e-03
0: MPIL CopyToCPU RADIX-7 Dissemination Time: 2.390727e-03
0: MPIL CopyToCPU RADIX-8 Dissemination Time: 2.447261e-03
0: MPIL CopyToCPU RADIX-9 Dissemination Time: 2.387879e-03
0: MPIL CopyToCPU RADIX-10 Dissemination Time: 2.477541e-03
0: MPIL CopyToCPU RADIX-11 Dissemination Time: 2.439488e-03
0: MPIL CopyToCPU RADIX-12 Dissemination Time: 1.967903e-03
0: MPIL CopyToCPU RADIX-13 Dissemination Time: 2.117365e-03
0: MPIL CopyToCPU RADIX-14 Dissemination Time: 2.144791e-03
0: Testing Size 131072
0: PMPI Allreduce Time: 3.187499e-04
0: MPIL GPU-Aware Recursive Doubling Time: 3.187970e-04
0: MPIL GPU-Aware Node-Aware Dissemination Time: 1.017985e-02
0: MPIL GPU-Aware NUMA-Aware Dissemination Time: 7.537837e-03
0: CopyToCPU PMPI Allreduce Time: 4.692084e-03
0: MPIL CopyToCPU Recursive Doubling Time: 5.281209e-03
0: MPIL CopyToCPU Node-Aware Dissemination Time: 1.013953e-02
0: MPIL CopyToCPU NUMA-Aware Dissemination Time: 5.950086e-03
0: MPIL CopyToCPU RADIX-3 Dissemination Time: 4.741368e-03
0: MPIL CopyToCPU RADIX-4 Dissemination Time: 4.114681e-03
0: MPIL CopyToCPU RADIX-5 Dissemination Time: 4.214154e-03
0: MPIL CopyToCPU RADIX-6 Dissemination Time: 4.069107e-03
0: MPIL CopyToCPU RADIX-7 Dissemination Time: 3.961537e-03
0: MPIL CopyToCPU RADIX-8 Dissemination Time: 4.475088e-03
0: MPIL CopyToCPU RADIX-9 Dissemination Time: 4.255097e-03
0: MPIL CopyToCPU RADIX-10 Dissemination Time: 4.470821e-03
0: MPIL CopyToCPU RADIX-11 Dissemination Time: 4.598241e-03
0: MPIL CopyToCPU RADIX-12 Dissemination Time: 3.741134e-03
0: MPIL CopyToCPU RADIX-13 Dissemination Time: 4.018841e-03
0: MPIL CopyToCPU RADIX-14 Dissemination Time: 4.036868e-03
0: Testing Size 262144
0: PMPI Allreduce Time: 4.543852e-04
0: MPIL GPU-Aware Recursive Doubling Time: 4.539634e-04
0: MPIL GPU-Aware Node-Aware Dissemination Time: 1.645137e-02
0: MPIL GPU-Aware NUMA-Aware Dissemination Time: 1.454666e-02
0: CopyToCPU PMPI Allreduce Time: 9.250258e-03
0: MPIL CopyToCPU Recursive Doubling Time: 9.170201e-03
0: MPIL CopyToCPU Node-Aware Dissemination Time: 2.028258e-02
0: MPIL CopyToCPU NUMA-Aware Dissemination Time: 1.151984e-02
0: MPIL CopyToCPU RADIX-3 Dissemination Time: 1.011021e-02
0: MPIL CopyToCPU RADIX-4 Dissemination Time: 8.269622e-03
0: MPIL CopyToCPU RADIX-5 Dissemination Time: 8.745275e-03
0: MPIL CopyToCPU RADIX-6 Dissemination Time: 8.935989e-03
0: MPIL CopyToCPU RADIX-7 Dissemination Time: 9.177715e-03
0: MPIL CopyToCPU RADIX-8 Dissemination Time: 9.388072e-03
0: MPIL CopyToCPU RADIX-9 Dissemination Time: 9.101398e-03
0: MPIL CopyToCPU RADIX-10 Dissemination Time: 9.292303e-03
0: MPIL CopyToCPU RADIX-11 Dissemination Time: 8.865389e-03
0: MPIL CopyToCPU RADIX-12 Dissemination Time: 7.395216e-03
0: MPIL CopyToCPU RADIX-13 Dissemination Time: 7.890597e-03
0: MPIL CopyToCPU RADIX-14 Dissemination Time: 8.178104e-03
0: Testing Size 524288
0: PMPI Allreduce Time: 7.286347e-04
0: MPIL GPU-Aware Recursive Doubling Time: 7.279760e-04
0: MPIL GPU-Aware Node-Aware Dissemination Time: 2.699068e-02
0: MPIL GPU-Aware NUMA-Aware Dissemination Time: 2.404461e-02
0: CopyToCPU PMPI Allreduce Time: 1.997021e-02
0: MPIL CopyToCPU Recursive Doubling Time: 1.977574e-02
0: MPIL CopyToCPU Node-Aware Dissemination Time: 3.903078e-02
0: MPIL CopyToCPU NUMA-Aware Dissemination Time: 2.249937e-02
0: MPIL CopyToCPU RADIX-3 Dissemination Time: 1.918853e-02
0: MPIL CopyToCPU RADIX-4 Dissemination Time: 1.613786e-02
0: MPIL CopyToCPU RADIX-5 Dissemination Time: 1.664712e-02
0: MPIL CopyToCPU RADIX-6 Dissemination Time: 1.701938e-02
0: MPIL CopyToCPU RADIX-7 Dissemination Time: 1.806297e-02
0: MPIL CopyToCPU RADIX-8 Dissemination Time: 2.244472e-02
0: MPIL CopyToCPU RADIX-9 Dissemination Time: 2.366571e-02
0: MPIL CopyToCPU RADIX-10 Dissemination Time: 2.502084e-02
0: MPIL CopyToCPU RADIX-11 Dissemination Time: 2.494560e-02
0: MPIL CopyToCPU RADIX-12 Dissemination Time: 2.548082e-02
0: MPIL CopyToCPU RADIX-13 Dissemination Time: 2.566209e-02
0: MPIL CopyToCPU RADIX-14 Dissemination Time: 2.639951e-02
