0: Testing Size 1
0: PMPI Allreduce Time: 3.412749e-05
0: MPIL GPU-Aware Recursive Doubling Time: 3.331024e-05
0: MPIL GPU-Aware Node-Aware Dissemination Time: 2.229311e-04
0: MPIL GPU-Aware NUMA-Aware Dissemination Time: 2.873744e-04
0: CopyToCPU PMPI Allreduce Time: 3.361579e-05
0: MPIL CopyToCPU Recursive Doubling Time: 3.790296e-05
0: MPIL CopyToCPU Node-Aware Dissemination Time: 4.432783e-05
0: MPIL CopyToCPU NUMA-Aware Dissemination Time: 2.572205e-05
0: MPIL CopyToCPU RADIX-3 Dissemination Time: 3.385292e-05
0: MPIL CopyToCPU RADIX-4 Dissemination Time: 2.822477e-05
0: MPIL CopyToCPU RADIX-5 Dissemination Time: 3.373866e-05
0: MPIL CopyToCPU RADIX-6 Dissemination Time: 3.526624e-05
0: MPIL CopyToCPU RADIX-7 Dissemination Time: 3.726336e-05
0: MPIL CopyToCPU RADIX-8 Dissemination Time: 3.867483e-05
0: MPIL CopyToCPU RADIX-9 Dissemination Time: 4.448047e-05
0: MPIL CopyToCPU RADIX-10 Dissemination Time: 5.019079e-05
0: MPIL CopyToCPU RADIX-11 Dissemination Time: 5.101446e-05
0: MPIL CopyToCPU RADIX-12 Dissemination Time: 5.125716e-05
0: MPIL CopyToCPU RADIX-13 Dissemination Time: 5.158765e-05
0: MPIL CopyToCPU RADIX-14 Dissemination Time: 5.136653e-05
0: Testing Size 2
0: PMPI Allreduce Time: 3.352303e-05
0: MPIL GPU-Aware Recursive Doubling Time: 3.340909e-05
0: MPIL GPU-Aware Node-Aware Dissemination Time: 2.098041e-04
0: MPIL GPU-Aware NUMA-Aware Dissemination Time: 2.883542e-04
0: CopyToCPU PMPI Allreduce Time: 3.439222e-05
0: MPIL CopyToCPU Recursive Doubling Time: 3.647146e-05
0: MPIL CopyToCPU Node-Aware Dissemination Time: 4.322711e-05
0: MPIL CopyToCPU NUMA-Aware Dissemination Time: 2.596023e-05
0: MPIL CopyToCPU RADIX-3 Dissemination Time: 3.960682e-05
0: MPIL CopyToCPU RADIX-4 Dissemination Time: 3.274004e-05
0: MPIL CopyToCPU RADIX-5 Dissemination Time: 3.921491e-05
0: MPIL CopyToCPU RADIX-6 Dissemination Time: 3.970050e-05
0: MPIL CopyToCPU RADIX-7 Dissemination Time: 4.261081e-05
0: MPIL CopyToCPU RADIX-8 Dissemination Time: 3.780956e-05
0: MPIL CopyToCPU RADIX-9 Dissemination Time: 4.215479e-05
0: MPIL CopyToCPU RADIX-10 Dissemination Time: 4.190240e-05
0: MPIL CopyToCPU RADIX-11 Dissemination Time: 4.203770e-05
0: MPIL CopyToCPU RADIX-12 Dissemination Time: 4.302448e-05
0: MPIL CopyToCPU RADIX-13 Dissemination Time: 4.465529e-05
0: MPIL CopyToCPU RADIX-14 Dissemination Time: 4.643799e-05
0: Testing Size 4
0: PMPI Allreduce Time: 3.334402e-05
0: MPIL GPU-Aware Recursive Doubling Time: 3.338953e-05
0: MPIL GPU-Aware Node-Aware Dissemination Time: 2.111953e-04
0: MPIL GPU-Aware NUMA-Aware Dissemination Time: 2.870817e-04
0: CopyToCPU PMPI Allreduce Time: 3.409424e-05
0: MPIL CopyToCPU Recursive Doubling Time: 3.469189e-05
0: MPIL CopyToCPU Node-Aware Dissemination Time: 4.285696e-05
0: MPIL CopyToCPU NUMA-Aware Dissemination Time: 2.493412e-05
0: MPIL CopyToCPU RADIX-3 Dissemination Time: 3.435660e-05
0: MPIL CopyToCPU RADIX-4 Dissemination Time: 2.915678e-05
0: MPIL CopyToCPU RADIX-5 Dissemination Time: 3.398729e-05
0: MPIL CopyToCPU RADIX-6 Dissemination Time: 3.553271e-05
0: MPIL CopyToCPU RADIX-7 Dissemination Time: 3.764903e-05
0: MPIL CopyToCPU RADIX-8 Dissemination Time: 3.729683e-05
0: MPIL CopyToCPU RADIX-9 Dissemination Time: 4.021074e-05
0: MPIL CopyToCPU RADIX-10 Dissemination Time: 4.166249e-05
0: MPIL CopyToCPU RADIX-11 Dissemination Time: 4.159287e-05
0: MPIL CopyToCPU RADIX-12 Dissemination Time: 4.313443e-05
0: MPIL CopyToCPU RADIX-13 Dissemination Time: 4.496265e-05
0: MPIL CopyToCPU RADIX-14 Dissemination Time: 4.665942e-05
0: Testing Size 8
0: PMPI Allreduce Time: 3.381594e-05
0: MPIL GPU-Aware Recursive Doubling Time: 3.362403e-05
0: MPIL GPU-Aware Node-Aware Dissemination Time: 2.106908e-04
0: MPIL GPU-Aware NUMA-Aware Dissemination Time: 2.884111e-04
0: CopyToCPU PMPI Allreduce Time: 3.389136e-05
0: MPIL CopyToCPU Recursive Doubling Time: 3.706152e-05
0: MPIL CopyToCPU Node-Aware Dissemination Time: 4.289076e-05
0: MPIL CopyToCPU NUMA-Aware Dissemination Time: 2.530424e-05
0: MPIL CopyToCPU RADIX-3 Dissemination Time: 3.550891e-05
0: MPIL CopyToCPU RADIX-4 Dissemination Time: 3.145707e-05
0: MPIL CopyToCPU RADIX-5 Dissemination Time: 3.517131e-05
0: MPIL CopyToCPU RADIX-6 Dissemination Time: 3.709724e-05
0: MPIL CopyToCPU RADIX-7 Dissemination Time: 4.044008e-05
0: MPIL CopyToCPU RADIX-8 Dissemination Time: 3.930922e-05
0: MPIL CopyToCPU RADIX-9 Dissemination Time: 4.236259e-05
0: MPIL CopyToCPU RADIX-10 Dissemination Time: 4.394403e-05
0: MPIL CopyToCPU RADIX-11 Dissemination Time: 4.408079e-05
0: MPIL CopyToCPU RADIX-12 Dissemination Time: 4.562566e-05
0: MPIL CopyToCPU RADIX-13 Dissemination Time: 4.665080e-05
0: MPIL CopyToCPU RADIX-14 Dissemination Time: 4.812830e-05
0: Testing Size 16
0: PMPI Allreduce Time: 3.649408e-05
0: MPIL GPU-Aware Recursive Doubling Time: 3.662339e-05
0: MPIL GPU-Aware Node-Aware Dissemination Time: 2.107292e-04
0: MPIL GPU-Aware NUMA-Aware Dissemination Time: 2.888626e-04
0: CopyToCPU PMPI Allreduce Time: 3.646264e-05
0: MPIL CopyToCPU Recursive Doubling Time: 4.263010e-05
0: MPIL CopyToCPU Node-Aware Dissemination Time: 4.502574e-05
0: MPIL CopyToCPU NUMA-Aware Dissemination Time: 2.709606e-05
0: MPIL CopyToCPU RADIX-3 Dissemination Time: 3.796177e-05
0: MPIL CopyToCPU RADIX-4 Dissemination Time: 3.128264e-05
0: MPIL CopyToCPU RADIX-5 Dissemination Time: 3.753012e-05
0: MPIL CopyToCPU RADIX-6 Dissemination Time: 4.047572e-05
0: MPIL CopyToCPU RADIX-7 Dissemination Time: 4.392621e-05
0: MPIL CopyToCPU RADIX-8 Dissemination Time: 4.267998e-05
0: MPIL CopyToCPU RADIX-9 Dissemination Time: 4.545203e-05
0: MPIL CopyToCPU RADIX-10 Dissemination Time: 4.671293e-05
0: MPIL CopyToCPU RADIX-11 Dissemination Time: 4.653377e-05
0: MPIL CopyToCPU RADIX-12 Dissemination Time: 4.783767e-05
0: MPIL CopyToCPU RADIX-13 Dissemination Time: 4.886647e-05
0: MPIL CopyToCPU RADIX-14 Dissemination Time: 5.039521e-05
0: Testing Size 32
0: PMPI Allreduce Time: 5.593517e-05
0: MPIL GPU-Aware Recursive Doubling Time: 5.579182e-05
0: MPIL GPU-Aware Node-Aware Dissemination Time: 2.051892e-04
0: MPIL GPU-Aware NUMA-Aware Dissemination Time: 2.861398e-04
0: CopyToCPU PMPI Allreduce Time: 4.842622e-05
0: MPIL CopyToCPU Recursive Doubling Time: 5.584358e-05
0: MPIL CopyToCPU Node-Aware Dissemination Time: 5.007310e-05
0: MPIL CopyToCPU NUMA-Aware Dissemination Time: 3.717836e-05
0: MPIL CopyToCPU RADIX-3 Dissemination Time: 5.500019e-05
0: MPIL CopyToCPU RADIX-4 Dissemination Time: 4.242304e-05
0: MPIL CopyToCPU RADIX-5 Dissemination Time: 4.836706e-05
0: MPIL CopyToCPU RADIX-6 Dissemination Time: 5.061832e-05
0: MPIL CopyToCPU RADIX-7 Dissemination Time: 5.257870e-05
0: MPIL CopyToCPU RADIX-8 Dissemination Time: 4.982484e-05
0: MPIL CopyToCPU RADIX-9 Dissemination Time: 5.253602e-05
0: MPIL CopyToCPU RADIX-10 Dissemination Time: 5.350352e-05
0: MPIL CopyToCPU RADIX-11 Dissemination Time: 5.507167e-05
0: MPIL CopyToCPU RADIX-12 Dissemination Time: 5.598230e-05
0: MPIL CopyToCPU RADIX-13 Dissemination Time: 5.738606e-05
0: MPIL CopyToCPU RADIX-14 Dissemination Time: 5.830629e-05
0: Testing Size 64
0: PMPI Allreduce Time: 5.656074e-05
0: MPIL GPU-Aware Recursive Doubling Time: 5.654407e-05
0: MPIL GPU-Aware Node-Aware Dissemination Time: 2.293617e-04
0: MPIL GPU-Aware NUMA-Aware Dissemination Time: 2.856679e-04
0: CopyToCPU PMPI Allreduce Time: 5.539351e-05
0: MPIL CopyToCPU Recursive Doubling Time: 5.634958e-05
0: MPIL CopyToCPU Node-Aware Dissemination Time: 5.676691e-05
0: MPIL CopyToCPU NUMA-Aware Dissemination Time: 4.477483e-05
0: MPIL CopyToCPU RADIX-3 Dissemination Time: 5.598903e-05
0: MPIL CopyToCPU RADIX-4 Dissemination Time: 4.314521e-05
0: MPIL CopyToCPU RADIX-5 Dissemination Time: 4.913450e-05
0: MPIL CopyToCPU RADIX-6 Dissemination Time: 5.125383e-05
0: MPIL CopyToCPU RADIX-7 Dissemination Time: 5.321884e-05
0: MPIL CopyToCPU RADIX-8 Dissemination Time: 5.022686e-05
0: MPIL CopyToCPU RADIX-9 Dissemination Time: 5.369198e-05
0: MPIL CopyToCPU RADIX-10 Dissemination Time: 5.466848e-05
0: MPIL CopyToCPU RADIX-11 Dissemination Time: 5.562516e-05
0: MPIL CopyToCPU RADIX-12 Dissemination Time: 5.693838e-05
0: MPIL CopyToCPU RADIX-13 Dissemination Time: 5.820495e-05
0: MPIL CopyToCPU RADIX-14 Dissemination Time: 5.953791e-05
0: Testing Size 128
0: PMPI Allreduce Time: 6.997372e-05
0: MPIL GPU-Aware Recursive Doubling Time: 7.013741e-05
0: MPIL GPU-Aware Node-Aware Dissemination Time: 2.626596e-04
0: MPIL GPU-Aware NUMA-Aware Dissemination Time: 2.626564e-04
0: CopyToCPU PMPI Allreduce Time: 6.961966e-05
0: MPIL CopyToCPU Recursive Doubling Time: 7.230210e-05
0: MPIL CopyToCPU Node-Aware Dissemination Time: 1.187605e-04
0: MPIL CopyToCPU NUMA-Aware Dissemination Time: 6.871260e-05
0: MPIL CopyToCPU RADIX-3 Dissemination Time: 6.290522e-05
0: MPIL CopyToCPU RADIX-4 Dissemination Time: 5.438108e-05
0: MPIL CopyToCPU RADIX-5 Dissemination Time: 6.089013e-05
0: MPIL CopyToCPU RADIX-6 Dissemination Time: 6.383244e-05
0: MPIL CopyToCPU RADIX-7 Dissemination Time: 6.779818e-05
0: MPIL CopyToCPU RADIX-8 Dissemination Time: 6.496651e-05
0: MPIL CopyToCPU RADIX-9 Dissemination Time: 6.977899e-05
0: MPIL CopyToCPU RADIX-10 Dissemination Time: 6.919350e-05
0: MPIL CopyToCPU RADIX-11 Dissemination Time: 7.154894e-05
0: MPIL CopyToCPU RADIX-12 Dissemination Time: 6.964134e-05
0: MPIL CopyToCPU RADIX-13 Dissemination Time: 7.083745e-05
0: MPIL CopyToCPU RADIX-14 Dissemination Time: 7.291146e-05
0: Testing Size 256
0: PMPI Allreduce Time: 7.841970e-05
0: MPIL GPU-Aware Recursive Doubling Time: 7.830890e-05
0: MPIL GPU-Aware Node-Aware Dissemination Time: 2.819699e-04
0: MPIL GPU-Aware NUMA-Aware Dissemination Time: 2.565789e-04
0: CopyToCPU PMPI Allreduce Time: 8.385084e-05
0: MPIL CopyToCPU Recursive Doubling Time: 8.873585e-05
0: MPIL CopyToCPU Node-Aware Dissemination Time: 1.713155e-04
0: MPIL CopyToCPU NUMA-Aware Dissemination Time: 8.732947e-05
0: MPIL CopyToCPU RADIX-3 Dissemination Time: 6.888836e-05
0: MPIL CopyToCPU RADIX-4 Dissemination Time: 6.053998e-05
0: MPIL CopyToCPU RADIX-5 Dissemination Time: 6.677668e-05
0: MPIL CopyToCPU RADIX-6 Dissemination Time: 6.981573e-05
0: MPIL CopyToCPU RADIX-7 Dissemination Time: 7.493997e-05
0: MPIL CopyToCPU RADIX-8 Dissemination Time: 7.488575e-05
0: MPIL CopyToCPU RADIX-9 Dissemination Time: 7.376222e-05
0: MPIL CopyToCPU RADIX-10 Dissemination Time: 7.405119e-05
0: MPIL CopyToCPU RADIX-11 Dissemination Time: 7.430899e-05
0: MPIL CopyToCPU RADIX-12 Dissemination Time: 7.684521e-05
0: MPIL CopyToCPU RADIX-13 Dissemination Time: 8.197484e-05
0: MPIL CopyToCPU RADIX-14 Dissemination Time: 8.700666e-05
0: Testing Size 512
0: PMPI Allreduce Time: 9.589679e-05
0: MPIL GPU-Aware Recursive Doubling Time: 9.577179e-05
0: MPIL GPU-Aware Node-Aware Dissemination Time: 3.267024e-04
0: MPIL GPU-Aware NUMA-Aware Dissemination Time: 2.651855e-04
0: CopyToCPU PMPI Allreduce Time: 9.984619e-05
0: MPIL CopyToCPU Recursive Doubling Time: 9.674128e-05
0: MPIL CopyToCPU Node-Aware Dissemination Time: 2.059530e-04
0: MPIL CopyToCPU NUMA-Aware Dissemination Time: 1.082190e-04
0: MPIL CopyToCPU RADIX-3 Dissemination Time: 7.897136e-05
0: MPIL CopyToCPU RADIX-4 Dissemination Time: 6.894949e-05
0: MPIL CopyToCPU RADIX-5 Dissemination Time: 7.686651e-05
0: MPIL CopyToCPU RADIX-6 Dissemination Time: 7.898765e-05
0: MPIL CopyToCPU RADIX-7 Dissemination Time: 8.489573e-05
0: MPIL CopyToCPU RADIX-8 Dissemination Time: 8.332341e-05
0: MPIL CopyToCPU RADIX-9 Dissemination Time: 8.357377e-05
0: MPIL CopyToCPU RADIX-10 Dissemination Time: 8.608708e-05
0: MPIL CopyToCPU RADIX-11 Dissemination Time: 8.841823e-05
0: MPIL CopyToCPU RADIX-12 Dissemination Time: 8.443490e-05
0: MPIL CopyToCPU RADIX-13 Dissemination Time: 8.689413e-05
0: MPIL CopyToCPU RADIX-14 Dissemination Time: 9.209646e-05
0: Testing Size 1024
0: PMPI Allreduce Time: 2.412994e-04
0: MPIL GPU-Aware Recursive Doubling Time: 2.418665e-04
0: MPIL GPU-Aware Node-Aware Dissemination Time: 1.048538e-03
0: MPIL GPU-Aware NUMA-Aware Dissemination Time: 1.205267e-03
0: CopyToCPU PMPI Allreduce Time: 1.354504e-04
0: MPIL CopyToCPU Recursive Doubling Time: 1.297639e-04
0: MPIL CopyToCPU Node-Aware Dissemination Time: 3.020473e-04
0: MPIL CopyToCPU NUMA-Aware Dissemination Time: 1.604375e-04
0: MPIL CopyToCPU RADIX-3 Dissemination Time: 1.061321e-04
0: MPIL CopyToCPU RADIX-4 Dissemination Time: 8.892702e-05
0: MPIL CopyToCPU RADIX-5 Dissemination Time: 9.862298e-05
0: MPIL CopyToCPU RADIX-6 Dissemination Time: 1.030989e-04
0: MPIL CopyToCPU RADIX-7 Dissemination Time: 1.118985e-04
0: MPIL CopyToCPU RADIX-8 Dissemination Time: 1.114342e-04
0: MPIL CopyToCPU RADIX-9 Dissemination Time: 1.172883e-04
0: MPIL CopyToCPU RADIX-10 Dissemination Time: 1.143017e-04
0: MPIL CopyToCPU RADIX-11 Dissemination Time: 1.210711e-04
0: MPIL CopyToCPU RADIX-12 Dissemination Time: 1.099361e-04
0: MPIL CopyToCPU RADIX-13 Dissemination Time: 1.108690e-04
0: MPIL CopyToCPU RADIX-14 Dissemination Time: 1.196716e-04
0: Testing Size 2048
0: PMPI Allreduce Time: 2.673105e-04
0: MPIL GPU-Aware Recursive Doubling Time: 2.639419e-04
0: MPIL GPU-Aware Node-Aware Dissemination Time: 1.399577e-03
0: MPIL GPU-Aware NUMA-Aware Dissemination Time: 1.856851e-03
0: CopyToCPU PMPI Allreduce Time: 1.968128e-04
0: MPIL CopyToCPU Recursive Doubling Time: 2.027172e-04
0: MPIL CopyToCPU Node-Aware Dissemination Time: 4.086915e-04
0: MPIL CopyToCPU NUMA-Aware Dissemination Time: 2.724178e-04
0: MPIL CopyToCPU RADIX-3 Dissemination Time: 1.593685e-04
0: MPIL CopyToCPU RADIX-4 Dissemination Time: 1.293107e-04
0: MPIL CopyToCPU RADIX-5 Dissemination Time: 1.425777e-04
0: MPIL CopyToCPU RADIX-6 Dissemination Time: 1.535058e-04
0: MPIL CopyToCPU RADIX-7 Dissemination Time: 1.536831e-04
0: MPIL CopyToCPU RADIX-8 Dissemination Time: 1.616804e-04
0: MPIL CopyToCPU RADIX-9 Dissemination Time: 1.637445e-04
0: MPIL CopyToCPU RADIX-10 Dissemination Time: 1.640903e-04
0: MPIL CopyToCPU RADIX-11 Dissemination Time: 1.629897e-04
0: MPIL CopyToCPU RADIX-12 Dissemination Time: 1.514078e-04
0: MPIL CopyToCPU RADIX-13 Dissemination Time: 1.586632e-04
0: MPIL CopyToCPU RADIX-14 Dissemination Time: 1.648989e-04
0: Testing Size 4096
0: PMPI Allreduce Time: 2.782277e-04
0: MPIL GPU-Aware Recursive Doubling Time: 2.773658e-04
0: MPIL GPU-Aware Node-Aware Dissemination Time: 2.087627e-03
0: MPIL GPU-Aware NUMA-Aware Dissemination Time: 2.773556e-03
0: CopyToCPU PMPI Allreduce Time: 2.917252e-04
0: MPIL CopyToCPU Recursive Doubling Time: 3.704383e-04
0: MPIL CopyToCPU Node-Aware Dissemination Time: 6.983846e-04
0: MPIL CopyToCPU NUMA-Aware Dissemination Time: 4.225325e-04
0: MPIL CopyToCPU RADIX-3 Dissemination Time: 2.996717e-04
0: MPIL CopyToCPU RADIX-4 Dissemination Time: 2.305205e-04
0: MPIL CopyToCPU RADIX-5 Dissemination Time: 2.635143e-04
0: MPIL CopyToCPU RADIX-6 Dissemination Time: 2.690715e-04
0: MPIL CopyToCPU RADIX-7 Dissemination Time: 2.812383e-04
0: MPIL CopyToCPU RADIX-8 Dissemination Time: 2.952379e-04
0: MPIL CopyToCPU RADIX-9 Dissemination Time: 3.078250e-04
0: MPIL CopyToCPU RADIX-10 Dissemination Time: 3.040254e-04
0: MPIL CopyToCPU RADIX-11 Dissemination Time: 3.040069e-04
0: MPIL CopyToCPU RADIX-12 Dissemination Time: 2.892998e-04
0: MPIL CopyToCPU RADIX-13 Dissemination Time: 3.040293e-04
0: MPIL CopyToCPU RADIX-14 Dissemination Time: 3.205168e-04
0: Testing Size 8192
0: PMPI Allreduce Time: 2.837954e-04
0: MPIL GPU-Aware Recursive Doubling Time: 2.826565e-04
0: MPIL GPU-Aware Node-Aware Dissemination Time: 2.528904e-03
0: MPIL GPU-Aware NUMA-Aware Dissemination Time: 3.210774e-03
0: CopyToCPU PMPI Allreduce Time: 4.812066e-04
0: MPIL CopyToCPU Recursive Doubling Time: 6.011342e-04
0: MPIL CopyToCPU Node-Aware Dissemination Time: 1.254441e-03
0: MPIL CopyToCPU NUMA-Aware Dissemination Time: 6.918582e-04
0: MPIL CopyToCPU RADIX-3 Dissemination Time: 5.242995e-04
0: MPIL CopyToCPU RADIX-4 Dissemination Time: 4.009623e-04
0: MPIL CopyToCPU RADIX-5 Dissemination Time: 4.518903e-04
0: MPIL CopyToCPU RADIX-6 Dissemination Time: 4.563502e-04
0: MPIL CopyToCPU RADIX-7 Dissemination Time: 4.908926e-04
0: MPIL CopyToCPU RADIX-8 Dissemination Time: 5.155768e-04
0: MPIL CopyToCPU RADIX-9 Dissemination Time: 5.351449e-04
0: MPIL CopyToCPU RADIX-10 Dissemination Time: 5.323773e-04
0: MPIL CopyToCPU RADIX-11 Dissemination Time: 5.399057e-04
0: MPIL CopyToCPU RADIX-12 Dissemination Time: 4.911542e-04
0: MPIL CopyToCPU RADIX-13 Dissemination Time: 5.279951e-04
0: MPIL CopyToCPU RADIX-14 Dissemination Time: 5.458565e-04
0: Testing Size 16384
0: PMPI Allreduce Time: 2.942778e-04
0: MPIL GPU-Aware Recursive Doubling Time: 2.928590e-04
0: MPIL GPU-Aware Node-Aware Dissemination Time: 3.388258e-03
0: MPIL GPU-Aware NUMA-Aware Dissemination Time: 3.676971e-03
0: CopyToCPU PMPI Allreduce Time: 8.395784e-04
0: MPIL CopyToCPU Recursive Doubling Time: 1.092450e-03
0: MPIL CopyToCPU Node-Aware Dissemination Time: 2.266295e-03
0: MPIL CopyToCPU NUMA-Aware Dissemination Time: 1.348954e-03
0: MPIL CopyToCPU RADIX-3 Dissemination Time: 8.713115e-04
0: MPIL CopyToCPU RADIX-4 Dissemination Time: 7.328505e-04
0: MPIL CopyToCPU RADIX-5 Dissemination Time: 8.260034e-04
0: MPIL CopyToCPU RADIX-6 Dissemination Time: 8.185764e-04
0: MPIL CopyToCPU RADIX-7 Dissemination Time: 8.909171e-04
0: MPIL CopyToCPU RADIX-8 Dissemination Time: 9.476607e-04
0: MPIL CopyToCPU RADIX-9 Dissemination Time: 1.001894e-03
0: MPIL CopyToCPU RADIX-10 Dissemination Time: 9.909362e-04
0: MPIL CopyToCPU RADIX-11 Dissemination Time: 9.753448e-04
0: MPIL CopyToCPU RADIX-12 Dissemination Time: 9.355948e-04
0: MPIL CopyToCPU RADIX-13 Dissemination Time: 9.918807e-04
0: MPIL CopyToCPU RADIX-14 Dissemination Time: 1.022822e-03
0: Testing Size 32768
0: PMPI Allreduce Time: 3.133080e-04
0: MPIL GPU-Aware Recursive Doubling Time: 3.111481e-04
0: MPIL GPU-Aware Node-Aware Dissemination Time: 1.248631e-02
0: MPIL GPU-Aware NUMA-Aware Dissemination Time: 4.654800e-03
0: CopyToCPU PMPI Allreduce Time: 1.512419e-03
0: MPIL CopyToCPU Recursive Doubling Time: 1.908571e-03
0: MPIL CopyToCPU Node-Aware Dissemination Time: 4.246832e-03
0: MPIL CopyToCPU NUMA-Aware Dissemination Time: 2.482590e-03
0: MPIL CopyToCPU RADIX-3 Dissemination Time: 1.659523e-03
0: MPIL CopyToCPU RADIX-4 Dissemination Time: 1.382452e-03
0: MPIL CopyToCPU RADIX-5 Dissemination Time: 1.568020e-03
0: MPIL CopyToCPU RADIX-6 Dissemination Time: 1.551830e-03
0: MPIL CopyToCPU RADIX-7 Dissemination Time: 1.660832e-03
0: MPIL CopyToCPU RADIX-8 Dissemination Time: 1.769027e-03
0: MPIL CopyToCPU RADIX-9 Dissemination Time: 1.871334e-03
0: MPIL CopyToCPU RADIX-10 Dissemination Time: 1.896131e-03
0: MPIL CopyToCPU RADIX-11 Dissemination Time: 1.826983e-03
0: MPIL CopyToCPU RADIX-12 Dissemination Time: 1.858955e-03
0: MPIL CopyToCPU RADIX-13 Dissemination Time: 1.911662e-03
0: MPIL CopyToCPU RADIX-14 Dissemination Time: 1.996220e-03
0: Testing Size 65536
0: PMPI Allreduce Time: 3.587694e-04
0: MPIL GPU-Aware Recursive Doubling Time: 3.556203e-04
0: MPIL GPU-Aware Node-Aware Dissemination Time: 1.471100e-02
0: MPIL GPU-Aware NUMA-Aware Dissemination Time: 6.931568e-03
0: CopyToCPU PMPI Allreduce Time: 2.708808e-03
0: MPIL CopyToCPU Recursive Doubling Time: 3.692831e-03
0: MPIL CopyToCPU Node-Aware Dissemination Time: 7.016515e-03
0: MPIL CopyToCPU NUMA-Aware Dissemination Time: 4.507131e-03
0: MPIL CopyToCPU RADIX-3 Dissemination Time: 3.194661e-03
0: MPIL CopyToCPU RADIX-4 Dissemination Time: 2.756096e-03
0: MPIL CopyToCPU RADIX-5 Dissemination Time: 3.052458e-03
0: MPIL CopyToCPU RADIX-6 Dissemination Time: 3.050030e-03
0: MPIL CopyToCPU RADIX-7 Dissemination Time: 3.132741e-03
0: MPIL CopyToCPU RADIX-8 Dissemination Time: 3.314373e-03
0: MPIL CopyToCPU RADIX-9 Dissemination Time: 3.531937e-03
0: MPIL CopyToCPU RADIX-10 Dissemination Time: 3.398723e-03
0: MPIL CopyToCPU RADIX-11 Dissemination Time: 3.494705e-03
0: MPIL CopyToCPU RADIX-12 Dissemination Time: 3.602642e-03
0: MPIL CopyToCPU RADIX-13 Dissemination Time: 3.676104e-03
0: MPIL CopyToCPU RADIX-14 Dissemination Time: 3.833079e-03
0: Testing Size 131072
0: PMPI Allreduce Time: 4.364002e-04
0: MPIL GPU-Aware Recursive Doubling Time: 4.332820e-04
0: MPIL GPU-Aware Node-Aware Dissemination Time: 2.234238e-02
0: MPIL GPU-Aware NUMA-Aware Dissemination Time: 1.494953e-02
0: CopyToCPU PMPI Allreduce Time: 5.831702e-03
0: MPIL CopyToCPU Recursive Doubling Time: 6.334336e-03
0: MPIL CopyToCPU Node-Aware Dissemination Time: 1.398452e-02
0: MPIL CopyToCPU NUMA-Aware Dissemination Time: 9.513625e-03
0: MPIL CopyToCPU RADIX-3 Dissemination Time: 6.166731e-03
0: MPIL CopyToCPU RADIX-4 Dissemination Time: 5.286918e-03
0: MPIL CopyToCPU RADIX-5 Dissemination Time: 5.811630e-03
0: MPIL CopyToCPU RADIX-6 Dissemination Time: 5.859958e-03
0: MPIL CopyToCPU RADIX-7 Dissemination Time: 5.965616e-03
0: MPIL CopyToCPU RADIX-8 Dissemination Time: 6.233575e-03
0: MPIL CopyToCPU RADIX-9 Dissemination Time: 6.655806e-03
0: MPIL CopyToCPU RADIX-10 Dissemination Time: 6.556028e-03
0: MPIL CopyToCPU RADIX-11 Dissemination Time: 6.746523e-03
0: MPIL CopyToCPU RADIX-12 Dissemination Time: 6.975560e-03
0: MPIL CopyToCPU RADIX-13 Dissemination Time: 6.997193e-03
0: MPIL CopyToCPU RADIX-14 Dissemination Time: 7.303446e-03
0: Testing Size 262144
0: PMPI Allreduce Time: 5.914100e-04
0: MPIL GPU-Aware Recursive Doubling Time: 5.908321e-04
0: MPIL GPU-Aware Node-Aware Dissemination Time: 3.900219e-02
0: MPIL GPU-Aware NUMA-Aware Dissemination Time: 2.887479e-02
0: CopyToCPU PMPI Allreduce Time: 1.063257e-02
0: MPIL CopyToCPU Recursive Doubling Time: 1.361990e-02
0: MPIL CopyToCPU Node-Aware Dissemination Time: 2.610493e-02
0: MPIL CopyToCPU NUMA-Aware Dissemination Time: 1.728289e-02
0: MPIL CopyToCPU RADIX-3 Dissemination Time: 1.230939e-02
0: MPIL CopyToCPU RADIX-4 Dissemination Time: 1.038327e-02
0: MPIL CopyToCPU RADIX-5 Dissemination Time: 1.137384e-02
0: MPIL CopyToCPU RADIX-6 Dissemination Time: 1.136930e-02
0: MPIL CopyToCPU RADIX-7 Dissemination Time: 1.170102e-02
0: MPIL CopyToCPU RADIX-8 Dissemination Time: 1.221994e-02
0: MPIL CopyToCPU RADIX-9 Dissemination Time: 1.317595e-02
0: MPIL CopyToCPU RADIX-10 Dissemination Time: 1.274321e-02
0: MPIL CopyToCPU RADIX-11 Dissemination Time: 1.340007e-02
0: MPIL CopyToCPU RADIX-12 Dissemination Time: 1.412589e-02
0: MPIL CopyToCPU RADIX-13 Dissemination Time: 1.419986e-02
0: MPIL CopyToCPU RADIX-14 Dissemination Time: 1.498244e-02
0: Testing Size 524288
0: PMPI Allreduce Time: 9.113693e-04
0: MPIL GPU-Aware Recursive Doubling Time: 9.106513e-04
0: MPIL GPU-Aware Node-Aware Dissemination Time: 7.069343e-02
0: MPIL GPU-Aware NUMA-Aware Dissemination Time: 5.557108e-02
0: CopyToCPU PMPI Allreduce Time: 2.136531e-02
0: MPIL CopyToCPU Recursive Doubling Time: 2.578972e-02
0: MPIL CopyToCPU Node-Aware Dissemination Time: 5.486298e-02
0: MPIL CopyToCPU NUMA-Aware Dissemination Time: 3.432624e-02
0: MPIL CopyToCPU RADIX-3 Dissemination Time: 2.436273e-02
0: MPIL CopyToCPU RADIX-4 Dissemination Time: 2.049854e-02
0: MPIL CopyToCPU RADIX-5 Dissemination Time: 2.145150e-02
0: MPIL CopyToCPU RADIX-6 Dissemination Time: 2.107354e-02
0: MPIL CopyToCPU RADIX-7 Dissemination Time: 2.208391e-02
0: MPIL CopyToCPU RADIX-8 Dissemination Time: 3.066977e-02
0: MPIL CopyToCPU RADIX-9 Dissemination Time: 3.278358e-02
0: MPIL CopyToCPU RADIX-10 Dissemination Time: 3.375147e-02
0: MPIL CopyToCPU RADIX-11 Dissemination Time: 3.504906e-02
0: MPIL CopyToCPU RADIX-12 Dissemination Time: 3.715079e-02
0: MPIL CopyToCPU RADIX-13 Dissemination Time: 3.736896e-02
0: MPIL CopyToCPU RADIX-14 Dissemination Time: 3.893093e-02
