0: Testing Size 1
0: PMPI Allreduce Time: 2.947109e-05
0: MPIL GPU-Aware Recursive Doubling Time: 2.929228e-05
0: MPIL GPU-Aware Node-Aware Dissemination Time: 2.140751e-04
0: MPIL GPU-Aware NUMA-Aware Dissemination Time: 2.879749e-04
0: CopyToCPU PMPI Allreduce Time: 2.968954e-05
0: MPIL CopyToCPU Recursive Doubling Time: 3.369357e-05
0: MPIL CopyToCPU Node-Aware Dissemination Time: 4.292576e-05
0: MPIL CopyToCPU NUMA-Aware Dissemination Time: 2.426768e-05
0: MPIL CopyToCPU RADIX-3 Dissemination Time: 3.055248e-05
0: MPIL CopyToCPU RADIX-4 Dissemination Time: 3.005040e-05
0: MPIL CopyToCPU RADIX-5 Dissemination Time: 3.009612e-05
0: MPIL CopyToCPU RADIX-6 Dissemination Time: 3.089129e-05
0: MPIL CopyToCPU RADIX-7 Dissemination Time: 3.356940e-05
0: MPIL CopyToCPU RADIX-8 Dissemination Time: 3.007687e-05
0: MPIL CopyToCPU RADIX-9 Dissemination Time: 3.696498e-05
0: MPIL CopyToCPU RADIX-10 Dissemination Time: 4.035292e-05
0: MPIL CopyToCPU RADIX-11 Dissemination Time: 4.063822e-05
0: MPIL CopyToCPU RADIX-12 Dissemination Time: 4.333839e-05
0: MPIL CopyToCPU RADIX-13 Dissemination Time: 4.547102e-05
0: MPIL CopyToCPU RADIX-14 Dissemination Time: 4.239244e-05
0: Testing Size 2
0: PMPI Allreduce Time: 2.933765e-05
0: MPIL GPU-Aware Recursive Doubling Time: 2.943070e-05
0: MPIL GPU-Aware Node-Aware Dissemination Time: 2.038361e-04
0: MPIL GPU-Aware NUMA-Aware Dissemination Time: 2.874398e-04
0: CopyToCPU PMPI Allreduce Time: 3.022475e-05
0: MPIL CopyToCPU Recursive Doubling Time: 3.212411e-05
0: MPIL CopyToCPU Node-Aware Dissemination Time: 4.148385e-05
0: MPIL CopyToCPU NUMA-Aware Dissemination Time: 2.408757e-05
0: MPIL CopyToCPU RADIX-3 Dissemination Time: 3.142598e-05
0: MPIL CopyToCPU RADIX-4 Dissemination Time: 3.188156e-05
0: MPIL CopyToCPU RADIX-5 Dissemination Time: 3.283236e-05
0: MPIL CopyToCPU RADIX-6 Dissemination Time: 3.199060e-05
0: MPIL CopyToCPU RADIX-7 Dissemination Time: 3.551090e-05
0: MPIL CopyToCPU RADIX-8 Dissemination Time: 3.168978e-05
0: MPIL CopyToCPU RADIX-9 Dissemination Time: 3.744545e-05
0: MPIL CopyToCPU RADIX-10 Dissemination Time: 3.908018e-05
0: MPIL CopyToCPU RADIX-11 Dissemination Time: 4.155606e-05
0: MPIL CopyToCPU RADIX-12 Dissemination Time: 4.039653e-05
0: MPIL CopyToCPU RADIX-13 Dissemination Time: 4.180260e-05
0: MPIL CopyToCPU RADIX-14 Dissemination Time: 4.052203e-05
0: Testing Size 4
0: PMPI Allreduce Time: 2.958526e-05
0: MPIL GPU-Aware Recursive Doubling Time: 2.955256e-05
0: MPIL GPU-Aware Node-Aware Dissemination Time: 2.018583e-04
0: MPIL GPU-Aware NUMA-Aware Dissemination Time: 2.875403e-04
0: CopyToCPU PMPI Allreduce Time: 3.000927e-05
0: MPIL CopyToCPU Recursive Doubling Time: 3.185572e-05
0: MPIL CopyToCPU Node-Aware Dissemination Time: 4.141055e-05
0: MPIL CopyToCPU NUMA-Aware Dissemination Time: 2.434135e-05
0: MPIL CopyToCPU RADIX-3 Dissemination Time: 3.059687e-05
0: MPIL CopyToCPU RADIX-4 Dissemination Time: 3.036769e-05
0: MPIL CopyToCPU RADIX-5 Dissemination Time: 3.389222e-05
0: MPIL CopyToCPU RADIX-6 Dissemination Time: 3.105059e-05
0: MPIL CopyToCPU RADIX-7 Dissemination Time: 3.389800e-05
0: MPIL CopyToCPU RADIX-8 Dissemination Time: 3.013973e-05
0: MPIL CopyToCPU RADIX-9 Dissemination Time: 3.637369e-05
0: MPIL CopyToCPU RADIX-10 Dissemination Time: 3.793527e-05
0: MPIL CopyToCPU RADIX-11 Dissemination Time: 3.846617e-05
0: MPIL CopyToCPU RADIX-12 Dissemination Time: 4.081937e-05
0: MPIL CopyToCPU RADIX-13 Dissemination Time: 4.116474e-05
0: MPIL CopyToCPU RADIX-14 Dissemination Time: 4.090934e-05
0: Testing Size 8
0: PMPI Allreduce Time: 2.946433e-05
0: MPIL GPU-Aware Recursive Doubling Time: 2.954742e-05
0: MPIL GPU-Aware Node-Aware Dissemination Time: 2.047156e-04
0: MPIL GPU-Aware NUMA-Aware Dissemination Time: 2.877922e-04
0: CopyToCPU PMPI Allreduce Time: 2.975148e-05
0: MPIL CopyToCPU Recursive Doubling Time: 3.342185e-05
0: MPIL CopyToCPU Node-Aware Dissemination Time: 4.114916e-05
0: MPIL CopyToCPU NUMA-Aware Dissemination Time: 2.437549e-05
0: MPIL CopyToCPU RADIX-3 Dissemination Time: 3.183787e-05
0: MPIL CopyToCPU RADIX-4 Dissemination Time: 3.146497e-05
0: MPIL CopyToCPU RADIX-5 Dissemination Time: 3.140957e-05
0: MPIL CopyToCPU RADIX-6 Dissemination Time: 3.248261e-05
0: MPIL CopyToCPU RADIX-7 Dissemination Time: 3.532006e-05
0: MPIL CopyToCPU RADIX-8 Dissemination Time: 3.184462e-05
0: MPIL CopyToCPU RADIX-9 Dissemination Time: 3.806593e-05
0: MPIL CopyToCPU RADIX-10 Dissemination Time: 4.011674e-05
0: MPIL CopyToCPU RADIX-11 Dissemination Time: 4.022670e-05
0: MPIL CopyToCPU RADIX-12 Dissemination Time: 4.335240e-05
0: MPIL CopyToCPU RADIX-13 Dissemination Time: 4.408645e-05
0: MPIL CopyToCPU RADIX-14 Dissemination Time: 4.307496e-05
0: Testing Size 16
0: PMPI Allreduce Time: 3.132825e-05
0: MPIL GPU-Aware Recursive Doubling Time: 3.135168e-05
0: MPIL GPU-Aware Node-Aware Dissemination Time: 2.056810e-04
0: MPIL GPU-Aware NUMA-Aware Dissemination Time: 2.863546e-04
0: CopyToCPU PMPI Allreduce Time: 3.172068e-05
0: MPIL CopyToCPU Recursive Doubling Time: 3.734115e-05
0: MPIL CopyToCPU Node-Aware Dissemination Time: 4.323166e-05
0: MPIL CopyToCPU NUMA-Aware Dissemination Time: 2.612790e-05
0: MPIL CopyToCPU RADIX-3 Dissemination Time: 3.404065e-05
0: MPIL CopyToCPU RADIX-4 Dissemination Time: 3.362377e-05
0: MPIL CopyToCPU RADIX-5 Dissemination Time: 3.308333e-05
0: MPIL CopyToCPU RADIX-6 Dissemination Time: 3.446388e-05
0: MPIL CopyToCPU RADIX-7 Dissemination Time: 3.723250e-05
0: MPIL CopyToCPU RADIX-8 Dissemination Time: 3.305424e-05
0: MPIL CopyToCPU RADIX-9 Dissemination Time: 4.074864e-05
0: MPIL CopyToCPU RADIX-10 Dissemination Time: 4.345267e-05
0: MPIL CopyToCPU RADIX-11 Dissemination Time: 4.290476e-05
0: MPIL CopyToCPU RADIX-12 Dissemination Time: 4.599628e-05
0: MPIL CopyToCPU RADIX-13 Dissemination Time: 4.653092e-05
0: MPIL CopyToCPU RADIX-14 Dissemination Time: 4.550555e-05
0: Testing Size 32
0: PMPI Allreduce Time: 4.969155e-05
0: MPIL GPU-Aware Recursive Doubling Time: 4.905866e-05
0: MPIL GPU-Aware Node-Aware Dissemination Time: 1.983977e-04
0: MPIL GPU-Aware NUMA-Aware Dissemination Time: 2.861867e-04
0: CopyToCPU PMPI Allreduce Time: 4.220077e-05
0: MPIL CopyToCPU Recursive Doubling Time: 5.135080e-05
0: MPIL CopyToCPU Node-Aware Dissemination Time: 4.925040e-05
0: MPIL CopyToCPU NUMA-Aware Dissemination Time: 3.584697e-05
0: MPIL CopyToCPU RADIX-3 Dissemination Time: 4.767244e-05
0: MPIL CopyToCPU RADIX-4 Dissemination Time: 4.330827e-05
0: MPIL CopyToCPU RADIX-5 Dissemination Time: 4.583011e-05
0: MPIL CopyToCPU RADIX-6 Dissemination Time: 4.250345e-05
0: MPIL CopyToCPU RADIX-7 Dissemination Time: 4.651843e-05
0: MPIL CopyToCPU RADIX-8 Dissemination Time: 3.954844e-05
0: MPIL CopyToCPU RADIX-9 Dissemination Time: 4.904210e-05
0: MPIL CopyToCPU RADIX-10 Dissemination Time: 5.064314e-05
0: MPIL CopyToCPU RADIX-11 Dissemination Time: 5.220700e-05
0: MPIL CopyToCPU RADIX-12 Dissemination Time: 5.359635e-05
0: MPIL CopyToCPU RADIX-13 Dissemination Time: 5.508397e-05
0: MPIL CopyToCPU RADIX-14 Dissemination Time: 5.046702e-05
0: Testing Size 64
0: PMPI Allreduce Time: 4.952042e-05
0: MPIL GPU-Aware Recursive Doubling Time: 4.945101e-05
0: MPIL GPU-Aware Node-Aware Dissemination Time: 2.185558e-04
0: MPIL GPU-Aware NUMA-Aware Dissemination Time: 2.850391e-04
0: CopyToCPU PMPI Allreduce Time: 4.862989e-05
0: MPIL CopyToCPU Recursive Doubling Time: 5.181165e-05
0: MPIL CopyToCPU Node-Aware Dissemination Time: 5.526482e-05
0: MPIL CopyToCPU NUMA-Aware Dissemination Time: 4.445927e-05
0: MPIL CopyToCPU RADIX-3 Dissemination Time: 4.838083e-05
0: MPIL CopyToCPU RADIX-4 Dissemination Time: 4.437719e-05
0: MPIL CopyToCPU RADIX-5 Dissemination Time: 4.697680e-05
0: MPIL CopyToCPU RADIX-6 Dissemination Time: 4.357244e-05
0: MPIL CopyToCPU RADIX-7 Dissemination Time: 4.721597e-05
0: MPIL CopyToCPU RADIX-8 Dissemination Time: 4.026662e-05
0: MPIL CopyToCPU RADIX-9 Dissemination Time: 4.970100e-05
0: MPIL CopyToCPU RADIX-10 Dissemination Time: 5.170283e-05
0: MPIL CopyToCPU RADIX-11 Dissemination Time: 5.306008e-05
0: MPIL CopyToCPU RADIX-12 Dissemination Time: 5.454500e-05
0: MPIL CopyToCPU RADIX-13 Dissemination Time: 5.603746e-05
0: MPIL CopyToCPU RADIX-14 Dissemination Time: 5.173643e-05
0: Testing Size 128
0: PMPI Allreduce Time: 6.520947e-05
0: MPIL GPU-Aware Recursive Doubling Time: 6.527695e-05
0: MPIL GPU-Aware Node-Aware Dissemination Time: 2.579129e-04
0: MPIL GPU-Aware NUMA-Aware Dissemination Time: 2.633878e-04
0: CopyToCPU PMPI Allreduce Time: 6.694679e-05
0: MPIL CopyToCPU Recursive Doubling Time: 7.068406e-05
0: MPIL CopyToCPU Node-Aware Dissemination Time: 1.188239e-04
0: MPIL CopyToCPU NUMA-Aware Dissemination Time: 6.816184e-05
0: MPIL CopyToCPU RADIX-3 Dissemination Time: 5.725117e-05
0: MPIL CopyToCPU RADIX-4 Dissemination Time: 5.571869e-05
0: MPIL CopyToCPU RADIX-5 Dissemination Time: 5.789554e-05
0: MPIL CopyToCPU RADIX-6 Dissemination Time: 5.600772e-05
0: MPIL CopyToCPU RADIX-7 Dissemination Time: 6.001251e-05
0: MPIL CopyToCPU RADIX-8 Dissemination Time: 5.492008e-05
0: MPIL CopyToCPU RADIX-9 Dissemination Time: 6.221574e-05
0: MPIL CopyToCPU RADIX-10 Dissemination Time: 6.456405e-05
0: MPIL CopyToCPU RADIX-11 Dissemination Time: 6.558180e-05
0: MPIL CopyToCPU RADIX-12 Dissemination Time: 6.662655e-05
0: MPIL CopyToCPU RADIX-13 Dissemination Time: 6.833673e-05
0: MPIL CopyToCPU RADIX-14 Dissemination Time: 6.531811e-05
0: Testing Size 256
0: PMPI Allreduce Time: 7.423855e-05
0: MPIL GPU-Aware Recursive Doubling Time: 7.434734e-05
0: MPIL GPU-Aware Node-Aware Dissemination Time: 2.725444e-04
0: MPIL GPU-Aware NUMA-Aware Dissemination Time: 2.542714e-04
0: CopyToCPU PMPI Allreduce Time: 7.775341e-05
0: MPIL CopyToCPU Recursive Doubling Time: 8.045472e-05
0: MPIL CopyToCPU Node-Aware Dissemination Time: 1.687517e-04
0: MPIL CopyToCPU NUMA-Aware Dissemination Time: 8.956423e-05
0: MPIL CopyToCPU RADIX-3 Dissemination Time: 6.252638e-05
0: MPIL CopyToCPU RADIX-4 Dissemination Time: 6.048400e-05
0: MPIL CopyToCPU RADIX-5 Dissemination Time: 6.332175e-05
0: MPIL CopyToCPU RADIX-6 Dissemination Time: 6.600478e-05
0: MPIL CopyToCPU RADIX-7 Dissemination Time: 6.679845e-05
0: MPIL CopyToCPU RADIX-8 Dissemination Time: 6.279718e-05
0: MPIL CopyToCPU RADIX-9 Dissemination Time: 7.512643e-05
0: MPIL CopyToCPU RADIX-10 Dissemination Time: 7.241219e-05
0: MPIL CopyToCPU RADIX-11 Dissemination Time: 7.212452e-05
0: MPIL CopyToCPU RADIX-12 Dissemination Time: 7.354896e-05
0: MPIL CopyToCPU RADIX-13 Dissemination Time: 7.669026e-05
0: MPIL CopyToCPU RADIX-14 Dissemination Time: 7.679585e-05
0: Testing Size 512
0: PMPI Allreduce Time: 9.037314e-05
0: MPIL GPU-Aware Recursive Doubling Time: 9.033162e-05
0: MPIL GPU-Aware Node-Aware Dissemination Time: 3.007526e-04
0: MPIL GPU-Aware NUMA-Aware Dissemination Time: 2.520611e-04
0: CopyToCPU PMPI Allreduce Time: 9.165967e-05
0: MPIL CopyToCPU Recursive Doubling Time: 9.091880e-05
0: MPIL CopyToCPU Node-Aware Dissemination Time: 2.051139e-04
0: MPIL CopyToCPU NUMA-Aware Dissemination Time: 1.053585e-04
0: MPIL CopyToCPU RADIX-3 Dissemination Time: 7.394965e-05
0: MPIL CopyToCPU RADIX-4 Dissemination Time: 7.083911e-05
0: MPIL CopyToCPU RADIX-5 Dissemination Time: 7.416321e-05
0: MPIL CopyToCPU RADIX-6 Dissemination Time: 7.355504e-05
0: MPIL CopyToCPU RADIX-7 Dissemination Time: 7.886585e-05
0: MPIL CopyToCPU RADIX-8 Dissemination Time: 7.393882e-05
0: MPIL CopyToCPU RADIX-9 Dissemination Time: 8.093804e-05
0: MPIL CopyToCPU RADIX-10 Dissemination Time: 8.024542e-05
0: MPIL CopyToCPU RADIX-11 Dissemination Time: 8.229760e-05
0: MPIL CopyToCPU RADIX-12 Dissemination Time: 8.308056e-05
0: MPIL CopyToCPU RADIX-13 Dissemination Time: 8.599678e-05
0: MPIL CopyToCPU RADIX-14 Dissemination Time: 8.507254e-05
0: Testing Size 1024
0: PMPI Allreduce Time: 2.313240e-04
0: MPIL GPU-Aware Recursive Doubling Time: 2.310474e-04
0: MPIL GPU-Aware Node-Aware Dissemination Time: 9.462221e-04
0: MPIL GPU-Aware NUMA-Aware Dissemination Time: 1.117994e-03
0: CopyToCPU PMPI Allreduce Time: 1.284279e-04
0: MPIL CopyToCPU Recursive Doubling Time: 1.244834e-04
0: MPIL CopyToCPU Node-Aware Dissemination Time: 2.987651e-04
0: MPIL CopyToCPU NUMA-Aware Dissemination Time: 1.554958e-04
0: MPIL CopyToCPU RADIX-3 Dissemination Time: 9.815228e-05
0: MPIL CopyToCPU RADIX-4 Dissemination Time: 9.213124e-05
0: MPIL CopyToCPU RADIX-5 Dissemination Time: 9.765701e-05
0: MPIL CopyToCPU RADIX-6 Dissemination Time: 9.542944e-05
0: MPIL CopyToCPU RADIX-7 Dissemination Time: 1.005755e-04
0: MPIL CopyToCPU RADIX-8 Dissemination Time: 9.856337e-05
0: MPIL CopyToCPU RADIX-9 Dissemination Time: 1.084407e-04
0: MPIL CopyToCPU RADIX-10 Dissemination Time: 1.132719e-04
0: MPIL CopyToCPU RADIX-11 Dissemination Time: 1.033194e-04
0: MPIL CopyToCPU RADIX-12 Dissemination Time: 1.031990e-04
0: MPIL CopyToCPU RADIX-13 Dissemination Time: 1.120354e-04
0: MPIL CopyToCPU RADIX-14 Dissemination Time: 1.062796e-04
0: Testing Size 2048
0: PMPI Allreduce Time: 2.528867e-04
0: MPIL GPU-Aware Recursive Doubling Time: 2.499339e-04
0: MPIL GPU-Aware Node-Aware Dissemination Time: 1.426314e-03
0: MPIL GPU-Aware NUMA-Aware Dissemination Time: 1.737220e-03
0: CopyToCPU PMPI Allreduce Time: 1.904381e-04
0: MPIL CopyToCPU Recursive Doubling Time: 1.996677e-04
0: MPIL CopyToCPU Node-Aware Dissemination Time: 3.989332e-04
0: MPIL CopyToCPU NUMA-Aware Dissemination Time: 2.519338e-04
0: MPIL CopyToCPU RADIX-3 Dissemination Time: 1.522606e-04
0: MPIL CopyToCPU RADIX-4 Dissemination Time: 1.266104e-04
0: MPIL CopyToCPU RADIX-5 Dissemination Time: 1.343777e-04
0: MPIL CopyToCPU RADIX-6 Dissemination Time: 1.422397e-04
0: MPIL CopyToCPU RADIX-7 Dissemination Time: 1.435793e-04
0: MPIL CopyToCPU RADIX-8 Dissemination Time: 1.447389e-04
0: MPIL CopyToCPU RADIX-9 Dissemination Time: 1.517794e-04
0: MPIL CopyToCPU RADIX-10 Dissemination Time: 1.559578e-04
0: MPIL CopyToCPU RADIX-11 Dissemination Time: 1.448501e-04
0: MPIL CopyToCPU RADIX-12 Dissemination Time: 1.459074e-04
0: MPIL CopyToCPU RADIX-13 Dissemination Time: 1.507684e-04
0: MPIL CopyToCPU RADIX-14 Dissemination Time: 1.550663e-04
0: Testing Size 4096
0: PMPI Allreduce Time: 2.637036e-04
0: MPIL GPU-Aware Recursive Doubling Time: 2.628403e-04
0: MPIL GPU-Aware Node-Aware Dissemination Time: 1.976543e-03
0: MPIL GPU-Aware NUMA-Aware Dissemination Time: 2.869025e-03
0: CopyToCPU PMPI Allreduce Time: 2.859717e-04
0: MPIL CopyToCPU Recursive Doubling Time: 3.495441e-04
0: MPIL CopyToCPU Node-Aware Dissemination Time: 6.973731e-04
0: MPIL CopyToCPU NUMA-Aware Dissemination Time: 4.148250e-04
0: MPIL CopyToCPU RADIX-3 Dissemination Time: 2.809224e-04
0: MPIL CopyToCPU RADIX-4 Dissemination Time: 2.310113e-04
0: MPIL CopyToCPU RADIX-5 Dissemination Time: 2.475798e-04
0: MPIL CopyToCPU RADIX-6 Dissemination Time: 2.466488e-04
0: MPIL CopyToCPU RADIX-7 Dissemination Time: 2.666770e-04
0: MPIL CopyToCPU RADIX-8 Dissemination Time: 2.613207e-04
0: MPIL CopyToCPU RADIX-9 Dissemination Time: 2.810877e-04
0: MPIL CopyToCPU RADIX-10 Dissemination Time: 2.853312e-04
0: MPIL CopyToCPU RADIX-11 Dissemination Time: 2.720029e-04
0: MPIL CopyToCPU RADIX-12 Dissemination Time: 2.718141e-04
0: MPIL CopyToCPU RADIX-13 Dissemination Time: 2.877318e-04
0: MPIL CopyToCPU RADIX-14 Dissemination Time: 2.873971e-04
0: Testing Size 8192
0: PMPI Allreduce Time: 2.671104e-04
0: MPIL GPU-Aware Recursive Doubling Time: 2.663810e-04
0: MPIL GPU-Aware Node-Aware Dissemination Time: 2.591266e-03
0: MPIL GPU-Aware NUMA-Aware Dissemination Time: 3.304212e-03
0: CopyToCPU PMPI Allreduce Time: 4.690091e-04
0: MPIL CopyToCPU Recursive Doubling Time: 5.849959e-04
0: MPIL CopyToCPU Node-Aware Dissemination Time: 1.204979e-03
0: MPIL CopyToCPU NUMA-Aware Dissemination Time: 8.600084e-04
0: MPIL CopyToCPU RADIX-3 Dissemination Time: 4.627531e-04
0: MPIL CopyToCPU RADIX-4 Dissemination Time: 3.951081e-04
0: MPIL CopyToCPU RADIX-5 Dissemination Time: 4.111339e-04
0: MPIL CopyToCPU RADIX-6 Dissemination Time: 4.264775e-04
0: MPIL CopyToCPU RADIX-7 Dissemination Time: 4.637994e-04
0: MPIL CopyToCPU RADIX-8 Dissemination Time: 4.636883e-04
0: MPIL CopyToCPU RADIX-9 Dissemination Time: 4.825246e-04
0: MPIL CopyToCPU RADIX-10 Dissemination Time: 5.011619e-04
0: MPIL CopyToCPU RADIX-11 Dissemination Time: 4.851042e-04
0: MPIL CopyToCPU RADIX-12 Dissemination Time: 4.655732e-04
0: MPIL CopyToCPU RADIX-13 Dissemination Time: 4.912479e-04
0: MPIL CopyToCPU RADIX-14 Dissemination Time: 5.107922e-04
0: Testing Size 16384
0: PMPI Allreduce Time: 2.750195e-04
0: MPIL GPU-Aware Recursive Doubling Time: 2.736918e-04
0: MPIL GPU-Aware Node-Aware Dissemination Time: 3.440135e-03
0: MPIL GPU-Aware NUMA-Aware Dissemination Time: 3.743100e-03
0: CopyToCPU PMPI Allreduce Time: 8.258830e-04
0: MPIL CopyToCPU Recursive Doubling Time: 1.052398e-03
0: MPIL CopyToCPU Node-Aware Dissemination Time: 2.243063e-03
0: MPIL CopyToCPU NUMA-Aware Dissemination Time: 1.545585e-03
0: MPIL CopyToCPU RADIX-3 Dissemination Time: 8.424641e-04
0: MPIL CopyToCPU RADIX-4 Dissemination Time: 7.183953e-04
0: MPIL CopyToCPU RADIX-5 Dissemination Time: 7.399315e-04
0: MPIL CopyToCPU RADIX-6 Dissemination Time: 7.700976e-04
0: MPIL CopyToCPU RADIX-7 Dissemination Time: 8.488463e-04
0: MPIL CopyToCPU RADIX-8 Dissemination Time: 8.502975e-04
0: MPIL CopyToCPU RADIX-9 Dissemination Time: 8.851398e-04
0: MPIL CopyToCPU RADIX-10 Dissemination Time: 9.150598e-04
0: MPIL CopyToCPU RADIX-11 Dissemination Time: 9.238511e-04
0: MPIL CopyToCPU RADIX-12 Dissemination Time: 8.663256e-04
0: MPIL CopyToCPU RADIX-13 Dissemination Time: 9.164301e-04
0: MPIL CopyToCPU RADIX-14 Dissemination Time: 9.770464e-04
0: Testing Size 32768
0: PMPI Allreduce Time: 2.972655e-04
0: MPIL GPU-Aware Recursive Doubling Time: 2.959272e-04
0: MPIL GPU-Aware Node-Aware Dissemination Time: 1.207197e-02
0: MPIL GPU-Aware NUMA-Aware Dissemination Time: 4.443166e-03
0: CopyToCPU PMPI Allreduce Time: 1.498581e-03
0: MPIL CopyToCPU Recursive Doubling Time: 1.854328e-03
0: MPIL CopyToCPU Node-Aware Dissemination Time: 4.085433e-03
0: MPIL CopyToCPU NUMA-Aware Dissemination Time: 2.595978e-03
0: MPIL CopyToCPU RADIX-3 Dissemination Time: 1.591283e-03
0: MPIL CopyToCPU RADIX-4 Dissemination Time: 1.340602e-03
0: MPIL CopyToCPU RADIX-5 Dissemination Time: 1.416437e-03
0: MPIL CopyToCPU RADIX-6 Dissemination Time: 1.460917e-03
0: MPIL CopyToCPU RADIX-7 Dissemination Time: 1.606207e-03
0: MPIL CopyToCPU RADIX-8 Dissemination Time: 1.608145e-03
0: MPIL CopyToCPU RADIX-9 Dissemination Time: 1.669531e-03
0: MPIL CopyToCPU RADIX-10 Dissemination Time: 1.679827e-03
0: MPIL CopyToCPU RADIX-11 Dissemination Time: 1.674590e-03
0: MPIL CopyToCPU RADIX-12 Dissemination Time: 1.687070e-03
0: MPIL CopyToCPU RADIX-13 Dissemination Time: 1.780206e-03
0: MPIL CopyToCPU RADIX-14 Dissemination Time: 1.932884e-03
0: Testing Size 65536
0: PMPI Allreduce Time: 3.395394e-04
0: MPIL GPU-Aware Recursive Doubling Time: 3.376653e-04
0: MPIL GPU-Aware Node-Aware Dissemination Time: 1.460891e-02
0: MPIL GPU-Aware NUMA-Aware Dissemination Time: 7.298143e-03
0: CopyToCPU PMPI Allreduce Time: 2.585305e-03
0: MPIL CopyToCPU Recursive Doubling Time: 3.613681e-03
0: MPIL CopyToCPU Node-Aware Dissemination Time: 7.052477e-03
0: MPIL CopyToCPU NUMA-Aware Dissemination Time: 4.750583e-03
0: MPIL CopyToCPU RADIX-3 Dissemination Time: 3.072287e-03
0: MPIL CopyToCPU RADIX-4 Dissemination Time: 2.604780e-03
0: MPIL CopyToCPU RADIX-5 Dissemination Time: 2.755882e-03
0: MPIL CopyToCPU RADIX-6 Dissemination Time: 2.826867e-03
0: MPIL CopyToCPU RADIX-7 Dissemination Time: 3.060168e-03
0: MPIL CopyToCPU RADIX-8 Dissemination Time: 3.042723e-03
0: MPIL CopyToCPU RADIX-9 Dissemination Time: 2.985542e-03
0: MPIL CopyToCPU RADIX-10 Dissemination Time: 2.889908e-03
0: MPIL CopyToCPU RADIX-11 Dissemination Time: 3.060028e-03
0: MPIL CopyToCPU RADIX-12 Dissemination Time: 3.257242e-03
0: MPIL CopyToCPU RADIX-13 Dissemination Time: 3.412632e-03
0: MPIL CopyToCPU RADIX-14 Dissemination Time: 3.737176e-03
0: Testing Size 131072
0: PMPI Allreduce Time: 4.198599e-04
0: MPIL GPU-Aware Recursive Doubling Time: 4.188090e-04
0: MPIL GPU-Aware Node-Aware Dissemination Time: 2.355986e-02
0: MPIL GPU-Aware NUMA-Aware Dissemination Time: 1.444347e-02
0: CopyToCPU PMPI Allreduce Time: 5.315739e-03
0: MPIL CopyToCPU Recursive Doubling Time: 6.013409e-03
0: MPIL CopyToCPU Node-Aware Dissemination Time: 1.395533e-02
0: MPIL CopyToCPU NUMA-Aware Dissemination Time: 9.477389e-03
0: MPIL CopyToCPU RADIX-3 Dissemination Time: 5.914783e-03
0: MPIL CopyToCPU RADIX-4 Dissemination Time: 5.049909e-03
0: MPIL CopyToCPU RADIX-5 Dissemination Time: 5.234663e-03
0: MPIL CopyToCPU RADIX-6 Dissemination Time: 5.480480e-03
0: MPIL CopyToCPU RADIX-7 Dissemination Time: 5.790268e-03
0: MPIL CopyToCPU RADIX-8 Dissemination Time: 5.820436e-03
0: MPIL CopyToCPU RADIX-9 Dissemination Time: 5.907323e-03
0: MPIL CopyToCPU RADIX-10 Dissemination Time: 5.782032e-03
0: MPIL CopyToCPU RADIX-11 Dissemination Time: 5.920580e-03
0: MPIL CopyToCPU RADIX-12 Dissemination Time: 6.192219e-03
0: MPIL CopyToCPU RADIX-13 Dissemination Time: 6.417922e-03
0: MPIL CopyToCPU RADIX-14 Dissemination Time: 7.045305e-03
0: Testing Size 262144
0: PMPI Allreduce Time: 5.799785e-04
0: MPIL GPU-Aware Recursive Doubling Time: 5.795996e-04
0: MPIL GPU-Aware Node-Aware Dissemination Time: 4.107436e-02
0: MPIL GPU-Aware NUMA-Aware Dissemination Time: 2.933585e-02
0: CopyToCPU PMPI Allreduce Time: 9.607458e-03
0: MPIL CopyToCPU Recursive Doubling Time: 1.339640e-02
0: MPIL CopyToCPU Node-Aware Dissemination Time: 2.606216e-02
0: MPIL CopyToCPU NUMA-Aware Dissemination Time: 1.867274e-02
0: MPIL CopyToCPU RADIX-3 Dissemination Time: 1.184792e-02
0: MPIL CopyToCPU RADIX-4 Dissemination Time: 9.924777e-03
0: MPIL CopyToCPU RADIX-5 Dissemination Time: 1.023711e-02
0: MPIL CopyToCPU RADIX-6 Dissemination Time: 1.072750e-02
0: MPIL CopyToCPU RADIX-7 Dissemination Time: 1.126859e-02
0: MPIL CopyToCPU RADIX-8 Dissemination Time: 1.134092e-02
0: MPIL CopyToCPU RADIX-9 Dissemination Time: 1.127289e-02
0: MPIL CopyToCPU RADIX-10 Dissemination Time: 1.104956e-02
0: MPIL CopyToCPU RADIX-11 Dissemination Time: 1.164201e-02
0: MPIL CopyToCPU RADIX-12 Dissemination Time: 1.237124e-02
0: MPIL CopyToCPU RADIX-13 Dissemination Time: 1.293508e-02
0: MPIL CopyToCPU RADIX-14 Dissemination Time: 1.425590e-02
0: Testing Size 524288
0: PMPI Allreduce Time: 9.001273e-04
0: MPIL GPU-Aware Recursive Doubling Time: 8.984817e-04
0: MPIL GPU-Aware Node-Aware Dissemination Time: 7.582588e-02
0: MPIL GPU-Aware NUMA-Aware Dissemination Time: 6.139805e-02
0: CopyToCPU PMPI Allreduce Time: 2.124851e-02
0: MPIL CopyToCPU Recursive Doubling Time: 2.477622e-02
0: MPIL CopyToCPU Node-Aware Dissemination Time: 5.517839e-02
0: MPIL CopyToCPU NUMA-Aware Dissemination Time: 3.565868e-02
0: MPIL CopyToCPU RADIX-3 Dissemination Time: 2.333332e-02
0: MPIL CopyToCPU RADIX-4 Dissemination Time: 1.934633e-02
0: MPIL CopyToCPU RADIX-5 Dissemination Time: 1.972868e-02
0: MPIL CopyToCPU RADIX-6 Dissemination Time: 1.921218e-02
0: MPIL CopyToCPU RADIX-7 Dissemination Time: 2.110138e-02
0: MPIL CopyToCPU RADIX-8 Dissemination Time: 2.685873e-02
0: MPIL CopyToCPU RADIX-9 Dissemination Time: 2.904429e-02
0: MPIL CopyToCPU RADIX-10 Dissemination Time: 3.028273e-02
0: MPIL CopyToCPU RADIX-11 Dissemination Time: 3.128029e-02
0: MPIL CopyToCPU RADIX-12 Dissemination Time: 3.349540e-02
0: MPIL CopyToCPU RADIX-13 Dissemination Time: 3.453460e-02
0: MPIL CopyToCPU RADIX-14 Dissemination Time: 3.750629e-02
