0: Testing Size 1
0: PMPI Allreduce Time: 2.015839e-05
0: MPIL GPU-Aware Recursive Doubling Time: 1.995264e-05
0: MPIL GPU-Aware Node-Aware Dissemination Time: 6.387316e-05
0: MPIL GPU-Aware NUMA-Aware Dissemination Time: 2.113954e-04
0: CopyToCPU PMPI Allreduce Time: 2.073299e-05
0: MPIL CopyToCPU Recursive Doubling Time: 2.385398e-05
0: MPIL CopyToCPU Node-Aware Dissemination Time: 2.330420e-05
0: MPIL CopyToCPU NUMA-Aware Dissemination Time: 1.745946e-05
0: MPIL CopyToCPU RADIX-3 Dissemination Time: 2.394802e-05
0: MPIL CopyToCPU RADIX-4 Dissemination Time: 2.349478e-05
0: MPIL CopyToCPU RADIX-5 Dissemination Time: 2.532546e-05
0: MPIL CopyToCPU RADIX-6 Dissemination Time: 2.644218e-05
0: MPIL CopyToCPU RADIX-7 Dissemination Time: 2.519033e-05
0: MPIL CopyToCPU RADIX-8 Dissemination Time: 2.739447e-05
0: MPIL CopyToCPU RADIX-9 Dissemination Time: 2.915183e-05
0: MPIL CopyToCPU RADIX-10 Dissemination Time: 2.839270e-05
0: MPIL CopyToCPU RADIX-11 Dissemination Time: 2.897837e-05
0: MPIL CopyToCPU RADIX-12 Dissemination Time: 2.505160e-05
0: MPIL CopyToCPU RADIX-13 Dissemination Time: 2.894418e-05
0: MPIL CopyToCPU RADIX-14 Dissemination Time: 3.169903e-05
0: Testing Size 2
0: PMPI Allreduce Time: 2.056546e-05
0: MPIL GPU-Aware Recursive Doubling Time: 2.059943e-05
0: MPIL GPU-Aware Node-Aware Dissemination Time: 6.773371e-05
0: MPIL GPU-Aware NUMA-Aware Dissemination Time: 2.111452e-04
0: CopyToCPU PMPI Allreduce Time: 2.078910e-05
0: MPIL CopyToCPU Recursive Doubling Time: 2.293359e-05
0: MPIL CopyToCPU Node-Aware Dissemination Time: 2.317774e-05
0: MPIL CopyToCPU NUMA-Aware Dissemination Time: 1.719994e-05
0: MPIL CopyToCPU RADIX-3 Dissemination Time: 2.421645e-05
0: MPIL CopyToCPU RADIX-4 Dissemination Time: 2.383834e-05
0: MPIL CopyToCPU RADIX-5 Dissemination Time: 2.569848e-05
0: MPIL CopyToCPU RADIX-6 Dissemination Time: 2.649101e-05
0: MPIL CopyToCPU RADIX-7 Dissemination Time: 2.535839e-05
0: MPIL CopyToCPU RADIX-8 Dissemination Time: 2.752405e-05
0: MPIL CopyToCPU RADIX-9 Dissemination Time: 2.967354e-05
0: MPIL CopyToCPU RADIX-10 Dissemination Time: 2.833572e-05
0: MPIL CopyToCPU RADIX-11 Dissemination Time: 2.946253e-05
0: MPIL CopyToCPU RADIX-12 Dissemination Time: 2.518716e-05
0: MPIL CopyToCPU RADIX-13 Dissemination Time: 2.842884e-05
0: MPIL CopyToCPU RADIX-14 Dissemination Time: 3.136604e-05
0: Testing Size 4
0: PMPI Allreduce Time: 2.062838e-05
0: MPIL GPU-Aware Recursive Doubling Time: 2.062685e-05
0: MPIL GPU-Aware Node-Aware Dissemination Time: 6.632634e-05
0: MPIL GPU-Aware NUMA-Aware Dissemination Time: 2.114241e-04
0: CopyToCPU PMPI Allreduce Time: 2.088104e-05
0: MPIL CopyToCPU Recursive Doubling Time: 2.307683e-05
0: MPIL CopyToCPU Node-Aware Dissemination Time: 2.315165e-05
0: MPIL CopyToCPU NUMA-Aware Dissemination Time: 1.725500e-05
0: MPIL CopyToCPU RADIX-3 Dissemination Time: 2.404206e-05
0: MPIL CopyToCPU RADIX-4 Dissemination Time: 2.378400e-05
0: MPIL CopyToCPU RADIX-5 Dissemination Time: 2.562279e-05
0: MPIL CopyToCPU RADIX-6 Dissemination Time: 2.652903e-05
0: MPIL CopyToCPU RADIX-7 Dissemination Time: 2.537870e-05
0: MPIL CopyToCPU RADIX-8 Dissemination Time: 2.745335e-05
0: MPIL CopyToCPU RADIX-9 Dissemination Time: 2.923956e-05
0: MPIL CopyToCPU RADIX-10 Dissemination Time: 2.769749e-05
0: MPIL CopyToCPU RADIX-11 Dissemination Time: 2.905397e-05
0: MPIL CopyToCPU RADIX-12 Dissemination Time: 2.545934e-05
0: MPIL CopyToCPU RADIX-13 Dissemination Time: 2.807280e-05
0: MPIL CopyToCPU RADIX-14 Dissemination Time: 3.163703e-05
0: Testing Size 8
0: PMPI Allreduce Time: 2.083224e-05
0: MPIL GPU-Aware Recursive Doubling Time: 2.082615e-05
0: MPIL GPU-Aware Node-Aware Dissemination Time: 6.623269e-05
0: MPIL GPU-Aware NUMA-Aware Dissemination Time: 2.113912e-04
0: CopyToCPU PMPI Allreduce Time: 2.082117e-05
0: MPIL CopyToCPU Recursive Doubling Time: 2.492242e-05
0: MPIL CopyToCPU Node-Aware Dissemination Time: 2.323805e-05
0: MPIL CopyToCPU NUMA-Aware Dissemination Time: 1.773740e-05
0: MPIL CopyToCPU RADIX-3 Dissemination Time: 2.550325e-05
0: MPIL CopyToCPU RADIX-4 Dissemination Time: 2.501510e-05
0: MPIL CopyToCPU RADIX-5 Dissemination Time: 2.666255e-05
0: MPIL CopyToCPU RADIX-6 Dissemination Time: 2.792405e-05
0: MPIL CopyToCPU RADIX-7 Dissemination Time: 2.727642e-05
0: MPIL CopyToCPU RADIX-8 Dissemination Time: 2.944851e-05
0: MPIL CopyToCPU RADIX-9 Dissemination Time: 3.124385e-05
0: MPIL CopyToCPU RADIX-10 Dissemination Time: 2.933663e-05
0: MPIL CopyToCPU RADIX-11 Dissemination Time: 3.088317e-05
0: MPIL CopyToCPU RADIX-12 Dissemination Time: 2.761301e-05
0: MPIL CopyToCPU RADIX-13 Dissemination Time: 2.973836e-05
0: MPIL CopyToCPU RADIX-14 Dissemination Time: 3.397815e-05
0: Testing Size 16
0: PMPI Allreduce Time: 2.190469e-05
0: MPIL GPU-Aware Recursive Doubling Time: 2.186346e-05
0: MPIL GPU-Aware Node-Aware Dissemination Time: 6.596760e-05
0: MPIL GPU-Aware NUMA-Aware Dissemination Time: 2.083643e-04
0: CopyToCPU PMPI Allreduce Time: 2.180436e-05
0: MPIL CopyToCPU Recursive Doubling Time: 2.668975e-05
0: MPIL CopyToCPU Node-Aware Dissemination Time: 2.351900e-05
0: MPIL CopyToCPU NUMA-Aware Dissemination Time: 1.909599e-05
0: MPIL CopyToCPU RADIX-3 Dissemination Time: 2.689988e-05
0: MPIL CopyToCPU RADIX-4 Dissemination Time: 2.663496e-05
0: MPIL CopyToCPU RADIX-5 Dissemination Time: 2.862701e-05
0: MPIL CopyToCPU RADIX-6 Dissemination Time: 3.012844e-05
0: MPIL CopyToCPU RADIX-7 Dissemination Time: 2.913208e-05
0: MPIL CopyToCPU RADIX-8 Dissemination Time: 3.136838e-05
0: MPIL CopyToCPU RADIX-9 Dissemination Time: 3.331601e-05
0: MPIL CopyToCPU RADIX-10 Dissemination Time: 3.110228e-05
0: MPIL CopyToCPU RADIX-11 Dissemination Time: 3.197690e-05
0: MPIL CopyToCPU RADIX-12 Dissemination Time: 2.898196e-05
0: MPIL CopyToCPU RADIX-13 Dissemination Time: 3.105158e-05
0: MPIL CopyToCPU RADIX-14 Dissemination Time: 3.578443e-05
0: Testing Size 32
0: PMPI Allreduce Time: 3.375506e-05
0: MPIL GPU-Aware Recursive Doubling Time: 3.362463e-05
0: MPIL GPU-Aware Node-Aware Dissemination Time: 7.508588e-05
0: MPIL GPU-Aware NUMA-Aware Dissemination Time: 2.089930e-04
0: CopyToCPU PMPI Allreduce Time: 2.708794e-05
0: MPIL CopyToCPU Recursive Doubling Time: 3.443574e-05
0: MPIL CopyToCPU Node-Aware Dissemination Time: 2.639124e-05
0: MPIL CopyToCPU NUMA-Aware Dissemination Time: 2.724327e-05
0: MPIL CopyToCPU RADIX-3 Dissemination Time: 3.890508e-05
0: MPIL CopyToCPU RADIX-4 Dissemination Time: 3.340621e-05
0: MPIL CopyToCPU RADIX-5 Dissemination Time: 3.626845e-05
0: MPIL CopyToCPU RADIX-6 Dissemination Time: 3.794726e-05
0: MPIL CopyToCPU RADIX-7 Dissemination Time: 3.444805e-05
0: MPIL CopyToCPU RADIX-8 Dissemination Time: 3.639574e-05
0: MPIL CopyToCPU RADIX-9 Dissemination Time: 3.799987e-05
0: MPIL CopyToCPU RADIX-10 Dissemination Time: 3.608245e-05
0: MPIL CopyToCPU RADIX-11 Dissemination Time: 3.886326e-05
0: MPIL CopyToCPU RADIX-12 Dissemination Time: 3.392768e-05
0: MPIL CopyToCPU RADIX-13 Dissemination Time: 3.656351e-05
0: MPIL CopyToCPU RADIX-14 Dissemination Time: 4.259526e-05
0: Testing Size 64
0: PMPI Allreduce Time: 3.406706e-05
0: MPIL GPU-Aware Recursive Doubling Time: 3.400620e-05
0: MPIL GPU-Aware Node-Aware Dissemination Time: 8.418513e-05
0: MPIL GPU-Aware NUMA-Aware Dissemination Time: 2.108346e-04
0: CopyToCPU PMPI Allreduce Time: 3.316958e-05
0: MPIL CopyToCPU Recursive Doubling Time: 3.504088e-05
0: MPIL CopyToCPU Node-Aware Dissemination Time: 2.948431e-05
0: MPIL CopyToCPU NUMA-Aware Dissemination Time: 3.337964e-05
0: MPIL CopyToCPU RADIX-3 Dissemination Time: 3.939399e-05
0: MPIL CopyToCPU RADIX-4 Dissemination Time: 3.402286e-05
0: MPIL CopyToCPU RADIX-5 Dissemination Time: 3.690863e-05
0: MPIL CopyToCPU RADIX-6 Dissemination Time: 3.848057e-05
0: MPIL CopyToCPU RADIX-7 Dissemination Time: 3.480073e-05
0: MPIL CopyToCPU RADIX-8 Dissemination Time: 3.688956e-05
0: MPIL CopyToCPU RADIX-9 Dissemination Time: 3.843652e-05
0: MPIL CopyToCPU RADIX-10 Dissemination Time: 3.645129e-05
0: MPIL CopyToCPU RADIX-11 Dissemination Time: 3.933216e-05
0: MPIL CopyToCPU RADIX-12 Dissemination Time: 3.408042e-05
0: MPIL CopyToCPU RADIX-13 Dissemination Time: 3.756382e-05
0: MPIL CopyToCPU RADIX-14 Dissemination Time: 4.322957e-05
0: Testing Size 128
0: PMPI Allreduce Time: 4.798379e-05
0: MPIL GPU-Aware Recursive Doubling Time: 4.798136e-05
0: MPIL GPU-Aware Node-Aware Dissemination Time: 1.155211e-04
0: MPIL GPU-Aware NUMA-Aware Dissemination Time: 1.773322e-04
0: CopyToCPU PMPI Allreduce Time: 4.774670e-05
0: MPIL CopyToCPU Recursive Doubling Time: 5.187023e-05
0: MPIL CopyToCPU Node-Aware Dissemination Time: 7.705025e-05
0: MPIL CopyToCPU NUMA-Aware Dissemination Time: 5.336196e-05
0: MPIL CopyToCPU RADIX-3 Dissemination Time: 4.637029e-05
0: MPIL CopyToCPU RADIX-4 Dissemination Time: 4.580923e-05
0: MPIL CopyToCPU RADIX-5 Dissemination Time: 4.895593e-05
0: MPIL CopyToCPU RADIX-6 Dissemination Time: 5.196230e-05
0: MPIL CopyToCPU RADIX-7 Dissemination Time: 4.941843e-05
0: MPIL CopyToCPU RADIX-8 Dissemination Time: 5.198469e-05
0: MPIL CopyToCPU RADIX-9 Dissemination Time: 5.201479e-05
0: MPIL CopyToCPU RADIX-10 Dissemination Time: 5.218902e-05
0: MPIL CopyToCPU RADIX-11 Dissemination Time: 5.301470e-05
0: MPIL CopyToCPU RADIX-12 Dissemination Time: 4.656847e-05
0: MPIL CopyToCPU RADIX-13 Dissemination Time: 5.431484e-05
0: MPIL CopyToCPU RADIX-14 Dissemination Time: 5.517554e-05
0: Testing Size 256
0: PMPI Allreduce Time: 5.652780e-05
0: MPIL GPU-Aware Recursive Doubling Time: 5.648985e-05
0: MPIL GPU-Aware Node-Aware Dissemination Time: 1.268059e-04
0: MPIL GPU-Aware NUMA-Aware Dissemination Time: 1.730638e-04
0: CopyToCPU PMPI Allreduce Time: 6.491923e-05
0: MPIL CopyToCPU Recursive Doubling Time: 7.039278e-05
0: MPIL CopyToCPU Node-Aware Dissemination Time: 1.016608e-04
0: MPIL CopyToCPU NUMA-Aware Dissemination Time: 6.932406e-05
0: MPIL CopyToCPU RADIX-3 Dissemination Time: 5.206263e-05
0: MPIL CopyToCPU RADIX-4 Dissemination Time: 5.001322e-05
0: MPIL CopyToCPU RADIX-5 Dissemination Time: 5.399745e-05
0: MPIL CopyToCPU RADIX-6 Dissemination Time: 5.856317e-05
0: MPIL CopyToCPU RADIX-7 Dissemination Time: 5.512173e-05
0: MPIL CopyToCPU RADIX-8 Dissemination Time: 5.617536e-05
0: MPIL CopyToCPU RADIX-9 Dissemination Time: 5.964303e-05
0: MPIL CopyToCPU RADIX-10 Dissemination Time: 6.019670e-05
0: MPIL CopyToCPU RADIX-11 Dissemination Time: 6.019029e-05
0: MPIL CopyToCPU RADIX-12 Dissemination Time: 5.305458e-05
0: MPIL CopyToCPU RADIX-13 Dissemination Time: 5.954013e-05
0: MPIL CopyToCPU RADIX-14 Dissemination Time: 6.366808e-05
0: Testing Size 512
0: PMPI Allreduce Time: 7.278991e-05
0: MPIL GPU-Aware Recursive Doubling Time: 7.268743e-05
0: MPIL GPU-Aware Node-Aware Dissemination Time: 1.515511e-04
0: MPIL GPU-Aware NUMA-Aware Dissemination Time: 1.825233e-04
0: CopyToCPU PMPI Allreduce Time: 7.502510e-05
0: MPIL CopyToCPU Recursive Doubling Time: 7.461719e-05
0: MPIL CopyToCPU Node-Aware Dissemination Time: 1.248614e-04
0: MPIL CopyToCPU NUMA-Aware Dissemination Time: 8.267800e-05
0: MPIL CopyToCPU RADIX-3 Dissemination Time: 6.493550e-05
0: MPIL CopyToCPU RADIX-4 Dissemination Time: 5.895220e-05
0: MPIL CopyToCPU RADIX-5 Dissemination Time: 6.437614e-05
0: MPIL CopyToCPU RADIX-6 Dissemination Time: 6.660294e-05
0: MPIL CopyToCPU RADIX-7 Dissemination Time: 6.448213e-05
0: MPIL CopyToCPU RADIX-8 Dissemination Time: 6.702304e-05
0: MPIL CopyToCPU RADIX-9 Dissemination Time: 6.722818e-05
0: MPIL CopyToCPU RADIX-10 Dissemination Time: 6.799831e-05
0: MPIL CopyToCPU RADIX-11 Dissemination Time: 6.742234e-05
0: MPIL CopyToCPU RADIX-12 Dissemination Time: 6.002727e-05
0: MPIL CopyToCPU RADIX-13 Dissemination Time: 6.512530e-05
0: MPIL CopyToCPU RADIX-14 Dissemination Time: 6.660498e-05
0: Testing Size 1024
0: PMPI Allreduce Time: 1.746089e-04
0: MPIL GPU-Aware Recursive Doubling Time: 1.765937e-04
0: MPIL GPU-Aware Node-Aware Dissemination Time: 4.134017e-04
0: MPIL GPU-Aware NUMA-Aware Dissemination Time: 7.503928e-04
0: CopyToCPU PMPI Allreduce Time: 1.079387e-04
0: MPIL CopyToCPU Recursive Doubling Time: 1.063764e-04
0: MPIL CopyToCPU Node-Aware Dissemination Time: 1.914716e-04
0: MPIL CopyToCPU NUMA-Aware Dissemination Time: 1.263570e-04
0: MPIL CopyToCPU RADIX-3 Dissemination Time: 8.679737e-05
0: MPIL CopyToCPU RADIX-4 Dissemination Time: 7.725497e-05
0: MPIL CopyToCPU RADIX-5 Dissemination Time: 8.580832e-05
0: MPIL CopyToCPU RADIX-6 Dissemination Time: 8.895462e-05
0: MPIL CopyToCPU RADIX-7 Dissemination Time: 8.377679e-05
0: MPIL CopyToCPU RADIX-8 Dissemination Time: 9.575863e-05
0: MPIL CopyToCPU RADIX-9 Dissemination Time: 8.843314e-05
0: MPIL CopyToCPU RADIX-10 Dissemination Time: 8.727337e-05
0: MPIL CopyToCPU RADIX-11 Dissemination Time: 8.453436e-05
0: MPIL CopyToCPU RADIX-12 Dissemination Time: 7.719075e-05
0: MPIL CopyToCPU RADIX-13 Dissemination Time: 8.178030e-05
0: MPIL CopyToCPU RADIX-14 Dissemination Time: 8.481429e-05
0: Testing Size 2048
0: PMPI Allreduce Time: 2.088261e-04
0: MPIL GPU-Aware Recursive Doubling Time: 2.073852e-04
0: MPIL GPU-Aware Node-Aware Dissemination Time: 7.966151e-04
0: MPIL GPU-Aware NUMA-Aware Dissemination Time: 1.339057e-03
0: CopyToCPU PMPI Allreduce Time: 1.605058e-04
0: MPIL CopyToCPU Recursive Doubling Time: 1.666505e-04
0: MPIL CopyToCPU Node-Aware Dissemination Time: 2.572864e-04
0: MPIL CopyToCPU NUMA-Aware Dissemination Time: 1.991786e-04
0: MPIL CopyToCPU RADIX-3 Dissemination Time: 1.344777e-04
0: MPIL CopyToCPU RADIX-4 Dissemination Time: 1.115699e-04
0: MPIL CopyToCPU RADIX-5 Dissemination Time: 1.183140e-04
0: MPIL CopyToCPU RADIX-6 Dissemination Time: 1.241569e-04
0: MPIL CopyToCPU RADIX-7 Dissemination Time: 1.234297e-04
0: MPIL CopyToCPU RADIX-8 Dissemination Time: 1.313222e-04
0: MPIL CopyToCPU RADIX-9 Dissemination Time: 1.324828e-04
0: MPIL CopyToCPU RADIX-10 Dissemination Time: 1.336019e-04
0: MPIL CopyToCPU RADIX-11 Dissemination Time: 1.300864e-04
0: MPIL CopyToCPU RADIX-12 Dissemination Time: 1.129001e-04
0: MPIL CopyToCPU RADIX-13 Dissemination Time: 1.209586e-04
0: MPIL CopyToCPU RADIX-14 Dissemination Time: 1.214964e-04
0: Testing Size 4096
0: PMPI Allreduce Time: 2.154312e-04
0: MPIL GPU-Aware Recursive Doubling Time: 2.150327e-04
0: MPIL GPU-Aware Node-Aware Dissemination Time: 8.958073e-04
0: MPIL GPU-Aware NUMA-Aware Dissemination Time: 2.221393e-03
0: CopyToCPU PMPI Allreduce Time: 2.602665e-04
0: MPIL CopyToCPU Recursive Doubling Time: 3.147773e-04
0: MPIL CopyToCPU Node-Aware Dissemination Time: 4.408587e-04
0: MPIL CopyToCPU NUMA-Aware Dissemination Time: 3.456108e-04
0: MPIL CopyToCPU RADIX-3 Dissemination Time: 2.417176e-04
0: MPIL CopyToCPU RADIX-4 Dissemination Time: 2.026886e-04
0: MPIL CopyToCPU RADIX-5 Dissemination Time: 2.136939e-04
0: MPIL CopyToCPU RADIX-6 Dissemination Time: 2.231616e-04
0: MPIL CopyToCPU RADIX-7 Dissemination Time: 2.227915e-04
0: MPIL CopyToCPU RADIX-8 Dissemination Time: 2.317704e-04
0: MPIL CopyToCPU RADIX-9 Dissemination Time: 2.379675e-04
0: MPIL CopyToCPU RADIX-10 Dissemination Time: 2.450471e-04
0: MPIL CopyToCPU RADIX-11 Dissemination Time: 2.411568e-04
0: MPIL CopyToCPU RADIX-12 Dissemination Time: 1.996280e-04
0: MPIL CopyToCPU RADIX-13 Dissemination Time: 2.179968e-04
0: MPIL CopyToCPU RADIX-14 Dissemination Time: 2.158693e-04
0: Testing Size 8192
0: PMPI Allreduce Time: 2.156697e-04
0: MPIL GPU-Aware Recursive Doubling Time: 2.150118e-04
0: MPIL GPU-Aware Node-Aware Dissemination Time: 1.168745e-03
0: MPIL GPU-Aware NUMA-Aware Dissemination Time: 2.614813e-03
0: CopyToCPU PMPI Allreduce Time: 4.448959e-04
0: MPIL CopyToCPU Recursive Doubling Time: 5.372939e-04
0: MPIL CopyToCPU Node-Aware Dissemination Time: 7.759766e-04
0: MPIL CopyToCPU NUMA-Aware Dissemination Time: 6.422552e-04
0: MPIL CopyToCPU RADIX-3 Dissemination Time: 4.133577e-04
0: MPIL CopyToCPU RADIX-4 Dissemination Time: 3.462340e-04
0: MPIL CopyToCPU RADIX-5 Dissemination Time: 3.626891e-04
0: MPIL CopyToCPU RADIX-6 Dissemination Time: 3.753858e-04
0: MPIL CopyToCPU RADIX-7 Dissemination Time: 3.817952e-04
0: MPIL CopyToCPU RADIX-8 Dissemination Time: 4.040914e-04
0: MPIL CopyToCPU RADIX-9 Dissemination Time: 4.174316e-04
0: MPIL CopyToCPU RADIX-10 Dissemination Time: 4.227723e-04
0: MPIL CopyToCPU RADIX-11 Dissemination Time: 4.207939e-04
0: MPIL CopyToCPU RADIX-12 Dissemination Time: 3.496015e-04
0: MPIL CopyToCPU RADIX-13 Dissemination Time: 3.644115e-04
0: MPIL CopyToCPU RADIX-14 Dissemination Time: 3.696264e-04
0: Testing Size 16384
0: PMPI Allreduce Time: 2.227712e-04
0: MPIL GPU-Aware Recursive Doubling Time: 2.221724e-04
0: MPIL GPU-Aware Node-Aware Dissemination Time: 1.478777e-03
0: MPIL GPU-Aware NUMA-Aware Dissemination Time: 2.645141e-03
0: CopyToCPU PMPI Allreduce Time: 7.945055e-04
0: MPIL CopyToCPU Recursive Doubling Time: 9.088759e-04
0: MPIL CopyToCPU Node-Aware Dissemination Time: 1.440072e-03
0: MPIL CopyToCPU NUMA-Aware Dissemination Time: 1.253640e-03
0: MPIL CopyToCPU RADIX-3 Dissemination Time: 7.625086e-04
0: MPIL CopyToCPU RADIX-4 Dissemination Time: 6.289694e-04
0: MPIL CopyToCPU RADIX-5 Dissemination Time: 6.513232e-04
0: MPIL CopyToCPU RADIX-6 Dissemination Time: 6.708302e-04
0: MPIL CopyToCPU RADIX-7 Dissemination Time: 7.035194e-04
0: MPIL CopyToCPU RADIX-8 Dissemination Time: 7.475542e-04
0: MPIL CopyToCPU RADIX-9 Dissemination Time: 7.954934e-04
0: MPIL CopyToCPU RADIX-10 Dissemination Time: 7.829805e-04
0: MPIL CopyToCPU RADIX-11 Dissemination Time: 7.758082e-04
0: MPIL CopyToCPU RADIX-12 Dissemination Time: 6.491087e-04
0: MPIL CopyToCPU RADIX-13 Dissemination Time: 6.734437e-04
0: MPIL CopyToCPU RADIX-14 Dissemination Time: 6.776621e-04
0: Testing Size 32768
0: PMPI Allreduce Time: 2.424354e-04
0: MPIL GPU-Aware Recursive Doubling Time: 2.420967e-04
0: MPIL GPU-Aware Node-Aware Dissemination Time: 6.513635e-03
0: MPIL GPU-Aware NUMA-Aware Dissemination Time: 3.318847e-03
0: CopyToCPU PMPI Allreduce Time: 1.467157e-03
0: MPIL CopyToCPU Recursive Doubling Time: 1.721259e-03
0: MPIL CopyToCPU Node-Aware Dissemination Time: 2.586917e-03
0: MPIL CopyToCPU NUMA-Aware Dissemination Time: 2.114218e-03
0: MPIL CopyToCPU RADIX-3 Dissemination Time: 1.459246e-03
0: MPIL CopyToCPU RADIX-4 Dissemination Time: 1.197744e-03
0: MPIL CopyToCPU RADIX-5 Dissemination Time: 1.242928e-03
0: MPIL CopyToCPU RADIX-6 Dissemination Time: 1.281839e-03
0: MPIL CopyToCPU RADIX-7 Dissemination Time: 1.348634e-03
0: MPIL CopyToCPU RADIX-8 Dissemination Time: 1.428126e-03
0: MPIL CopyToCPU RADIX-9 Dissemination Time: 1.530970e-03
0: MPIL CopyToCPU RADIX-10 Dissemination Time: 1.513471e-03
0: MPIL CopyToCPU RADIX-11 Dissemination Time: 1.479649e-03
0: MPIL CopyToCPU RADIX-12 Dissemination Time: 1.267124e-03
0: MPIL CopyToCPU RADIX-13 Dissemination Time: 1.293167e-03
0: MPIL CopyToCPU RADIX-14 Dissemination Time: 1.300542e-03
0: Testing Size 65536
0: PMPI Allreduce Time: 2.866499e-04
0: MPIL GPU-Aware Recursive Doubling Time: 2.858143e-04
0: MPIL GPU-Aware Node-Aware Dissemination Time: 7.857773e-03
0: MPIL GPU-Aware NUMA-Aware Dissemination Time: 5.256317e-03
0: CopyToCPU PMPI Allreduce Time: 2.594982e-03
0: MPIL CopyToCPU Recursive Doubling Time: 3.474419e-03
0: MPIL CopyToCPU Node-Aware Dissemination Time: 4.957397e-03
0: MPIL CopyToCPU NUMA-Aware Dissemination Time: 4.021198e-03
0: MPIL CopyToCPU RADIX-3 Dissemination Time: 2.834244e-03
0: MPIL CopyToCPU RADIX-4 Dissemination Time: 2.327966e-03
0: MPIL CopyToCPU RADIX-5 Dissemination Time: 2.399216e-03
0: MPIL CopyToCPU RADIX-6 Dissemination Time: 2.484439e-03
0: MPIL CopyToCPU RADIX-7 Dissemination Time: 2.580873e-03
0: MPIL CopyToCPU RADIX-8 Dissemination Time: 2.733510e-03
0: MPIL CopyToCPU RADIX-9 Dissemination Time: 2.911307e-03
0: MPIL CopyToCPU RADIX-10 Dissemination Time: 2.918231e-03
0: MPIL CopyToCPU RADIX-11 Dissemination Time: 2.867580e-03
0: MPIL CopyToCPU RADIX-12 Dissemination Time: 2.452968e-03
0: MPIL CopyToCPU RADIX-13 Dissemination Time: 2.490451e-03
0: MPIL CopyToCPU RADIX-14 Dissemination Time: 2.488557e-03
0: Testing Size 131072
0: PMPI Allreduce Time: 3.618814e-04
0: MPIL GPU-Aware Recursive Doubling Time: 3.617467e-04
0: MPIL GPU-Aware Node-Aware Dissemination Time: 1.007684e-02
0: MPIL GPU-Aware NUMA-Aware Dissemination Time: 1.128012e-02
0: CopyToCPU PMPI Allreduce Time: 4.822798e-03
0: MPIL CopyToCPU Recursive Doubling Time: 5.629424e-03
0: MPIL CopyToCPU Node-Aware Dissemination Time: 9.896793e-03
0: MPIL CopyToCPU NUMA-Aware Dissemination Time: 8.007213e-03
0: MPIL CopyToCPU RADIX-3 Dissemination Time: 5.510708e-03
0: MPIL CopyToCPU RADIX-4 Dissemination Time: 4.504357e-03
0: MPIL CopyToCPU RADIX-5 Dissemination Time: 4.660119e-03
0: MPIL CopyToCPU RADIX-6 Dissemination Time: 4.805742e-03
0: MPIL CopyToCPU RADIX-7 Dissemination Time: 4.562496e-03
0: MPIL CopyToCPU RADIX-8 Dissemination Time: 5.002693e-03
0: MPIL CopyToCPU RADIX-9 Dissemination Time: 5.329891e-03
0: MPIL CopyToCPU RADIX-10 Dissemination Time: 5.361844e-03
0: MPIL CopyToCPU RADIX-11 Dissemination Time: 5.406786e-03
0: MPIL CopyToCPU RADIX-12 Dissemination Time: 4.640354e-03
0: MPIL CopyToCPU RADIX-13 Dissemination Time: 4.671960e-03
0: MPIL CopyToCPU RADIX-14 Dissemination Time: 4.684551e-03
0: Testing Size 262144
0: PMPI Allreduce Time: 5.152390e-04
0: MPIL GPU-Aware Recursive Doubling Time: 5.149825e-04
0: MPIL GPU-Aware Node-Aware Dissemination Time: 1.620093e-02
0: MPIL GPU-Aware NUMA-Aware Dissemination Time: 2.231206e-02
0: CopyToCPU PMPI Allreduce Time: 9.543756e-03
0: MPIL CopyToCPU Recursive Doubling Time: 1.229616e-02
0: MPIL CopyToCPU Node-Aware Dissemination Time: 1.953378e-02
0: MPIL CopyToCPU NUMA-Aware Dissemination Time: 1.575841e-02
0: MPIL CopyToCPU RADIX-3 Dissemination Time: 1.108305e-02
0: MPIL CopyToCPU RADIX-4 Dissemination Time: 8.791430e-03
0: MPIL CopyToCPU RADIX-5 Dissemination Time: 9.056438e-03
0: MPIL CopyToCPU RADIX-6 Dissemination Time: 9.111370e-03
0: MPIL CopyToCPU RADIX-7 Dissemination Time: 9.799563e-03
0: MPIL CopyToCPU RADIX-8 Dissemination Time: 1.048238e-02
0: MPIL CopyToCPU RADIX-9 Dissemination Time: 1.096662e-02
0: MPIL CopyToCPU RADIX-10 Dissemination Time: 1.134596e-02
0: MPIL CopyToCPU RADIX-11 Dissemination Time: 1.083497e-02
0: MPIL CopyToCPU RADIX-12 Dissemination Time: 9.270592e-03
0: MPIL CopyToCPU RADIX-13 Dissemination Time: 9.456074e-03
0: MPIL CopyToCPU RADIX-14 Dissemination Time: 9.460964e-03
0: Testing Size 524288
0: PMPI Allreduce Time: 8.219372e-04
0: MPIL GPU-Aware Recursive Doubling Time: 8.208473e-04
0: MPIL GPU-Aware Node-Aware Dissemination Time: 2.800722e-02
0: MPIL GPU-Aware NUMA-Aware Dissemination Time: 4.305165e-02
0: CopyToCPU PMPI Allreduce Time: 2.024646e-02
0: MPIL CopyToCPU Recursive Doubling Time: 2.227292e-02
0: MPIL CopyToCPU Node-Aware Dissemination Time: 3.809194e-02
0: MPIL CopyToCPU NUMA-Aware Dissemination Time: 3.067807e-02
0: MPIL CopyToCPU RADIX-3 Dissemination Time: 2.161819e-02
0: MPIL CopyToCPU RADIX-4 Dissemination Time: 1.711797e-02
0: MPIL CopyToCPU RADIX-5 Dissemination Time: 1.713770e-02
0: MPIL CopyToCPU RADIX-6 Dissemination Time: 1.592039e-02
0: MPIL CopyToCPU RADIX-7 Dissemination Time: 1.909396e-02
0: MPIL CopyToCPU RADIX-8 Dissemination Time: 2.435453e-02
0: MPIL CopyToCPU RADIX-9 Dissemination Time: 2.587018e-02
0: MPIL CopyToCPU RADIX-10 Dissemination Time: 2.716613e-02
0: MPIL CopyToCPU RADIX-11 Dissemination Time: 2.740785e-02
0: MPIL CopyToCPU RADIX-12 Dissemination Time: 2.794201e-02
0: MPIL CopyToCPU RADIX-13 Dissemination Time: 2.808155e-02
0: MPIL CopyToCPU RADIX-14 Dissemination Time: 2.889933e-02
