0: 
0: Lmod is automatically replacing "cce/20.0.0" with "rocmcc/7.2.1-magic".
0: 
0: 
0: Due to MODULEPATH changes, the following have been reloaded:
0:   1) cray-libsci/25.09.0
0: 
0: The following have been reloaded with a version change:
0:   1) cray-mpich/9.0.1 => cray-mpich/9.1.0
0: 
0: jobid: f225APFu
0: 0.094s: flux-shell[0]: mpibind: 
0: mpibind: task   0 nths 21 gpus 0 cpus 1-7,9-15,17-23
0: mpibind: task   1 nths 21 gpus 1 cpus 25-31,33-39,41-47
0: mpibind: task   2 nths 21 gpus 2 cpus 49-55,57-63,65-71
0: mpibind: task   3 nths 21 gpus 3 cpus 73-79,81-87,89-95
0: jobid: fDP4f9Xu
0: 0.106s: flux-shell[0]: mpibind: 
0: mpibind: task   0 nths 21 gpus 0 cpus 1-7,9-15,17-23
0: mpibind: task   1 nths 21 gpus 1 cpus 25-31,33-39,41-47
0: mpibind: task   2 nths 21 gpus 2 cpus 49-55,57-63,65-71
0: mpibind: task   3 nths 21 gpus 3 cpus 73-79,81-87,89-95
0: jobid: fFhpdsDq
0: 0.076s: flux-shell[0]: mpibind: 
0: mpibind: task   0 nths 21 gpus 0 cpus 1-7,9-15,17-23
0: mpibind: task   1 nths 21 gpus 1 cpus 25-31,33-39,41-47
0: mpibind: task   2 nths 21 gpus 2 cpus 49-55,57-63,65-71
0: mpibind: task   3 nths 21 gpus 3 cpus 73-79,81-87,89-95
0: jobid: fJ7VGD1y
0: 0.072s: flux-shell[0]: mpibind: 
0: mpibind: task   0 nths 21 gpus 0 cpus 1-7,9-15,17-23
0: mpibind: task   1 nths 21 gpus 1 cpus 25-31,33-39,41-47
0: mpibind: task   2 nths 21 gpus 2 cpus 49-55,57-63,65-71
0: mpibind: task   3 nths 21 gpus 3 cpus 73-79,81-87,89-95
0: jobid: fL9zLoUb
0: 0.071s: flux-shell[0]: mpibind: 
0: mpibind: task   0 nths 21 gpus 0 cpus 1-7,9-15,17-23
0: mpibind: task   1 nths 21 gpus 1 cpus 25-31,33-39,41-47
0: mpibind: task   2 nths 21 gpus 2 cpus 49-55,57-63,65-71
0: mpibind: task   3 nths 21 gpus 3 cpus 73-79,81-87,89-95
0: jobid: fNKLk5Td
0: 0.069s: flux-shell[0]: mpibind: 
0: mpibind: task   0 nths 21 gpus 0 cpus 1-7,9-15,17-23
0: mpibind: task   1 nths 21 gpus 1 cpus 25-31,33-39,41-47
0: mpibind: task   2 nths 21 gpus 2 cpus 49-55,57-63,65-71
0: mpibind: task   3 nths 21 gpus 3 cpus 73-79,81-87,89-95
0: jobid: fQqF7Q1u
0: 0.071s: flux-shell[0]: mpibind: 
0: mpibind: task   0 nths 21 gpus 0 cpus 1-7,9-15,17-23
0: mpibind: task   1 nths 21 gpus 1 cpus 25-31,33-39,41-47
0: mpibind: task   2 nths 21 gpus 2 cpus 49-55,57-63,65-71
0: mpibind: task   3 nths 21 gpus 3 cpus 73-79,81-87,89-95
0: jobid: fVDui2fR
0: 0.076s: flux-shell[0]: mpibind: 
0: mpibind: task   0 nths 21 gpus 0 cpus 1-7,9-15,17-23
0: mpibind: task   1 nths 21 gpus 1 cpus 25-31,33-39,41-47
0: mpibind: task   2 nths 21 gpus 2 cpus 49-55,57-63,65-71
0: mpibind: task   3 nths 21 gpus 3 cpus 73-79,81-87,89-95
0: jobid: fYy3vqcj
0: 0.074s: flux-shell[0]: mpibind: 
0: mpibind: task   0 nths 21 gpus 0 cpus 1-7,9-15,17-23
0: mpibind: task   1 nths 21 gpus 1 cpus 25-31,33-39,41-47
0: mpibind: task   2 nths 21 gpus 2 cpus 49-55,57-63,65-71
0: mpibind: task   3 nths 21 gpus 3 cpus 73-79,81-87,89-95
0: jobid: ffThEP3m
0: 0.114s: flux-shell[0]: mpibind: 
0: mpibind: task   0 nths 21 gpus 0 cpus 1-7,9-15,17-23
0: mpibind: task   1 nths 21 gpus 1 cpus 25-31,33-39,41-47
0: mpibind: task   2 nths 21 gpus 2 cpus 49-55,57-63,65-71
0: mpibind: task   3 nths 21 gpus 3 cpus 73-79,81-87,89-95
0: jobid: fhcP5yhq
0: 0.070s: flux-shell[0]: mpibind: 
0: mpibind: task   0 nths 21 gpus 0 cpus 1-7,9-15,17-23
0: mpibind: task   1 nths 21 gpus 1 cpus 25-31,33-39,41-47
0: mpibind: task   2 nths 21 gpus 2 cpus 49-55,57-63,65-71
0: mpibind: task   3 nths 21 gpus 3 cpus 73-79,81-87,89-95
0: jobid: fjbavAoy
0: 0.075s: flux-shell[0]: mpibind: 
0: mpibind: task   0 nths 21 gpus 0 cpus 1-7,9-15,17-23
0: mpibind: task   1 nths 21 gpus 1 cpus 25-31,33-39,41-47
0: mpibind: task   2 nths 21 gpus 2 cpus 49-55,57-63,65-71
0: mpibind: task   3 nths 21 gpus 3 cpus 73-79,81-87,89-95
0: jobid: fmdresjV
0: 0.071s: flux-shell[0]: mpibind: 
0: mpibind: task   0 nths 21 gpus 0 cpus 1-7,9-15,17-23
0: mpibind: task   1 nths 21 gpus 1 cpus 25-31,33-39,41-47
0: mpibind: task   2 nths 21 gpus 2 cpus 49-55,57-63,65-71
0: mpibind: task   3 nths 21 gpus 3 cpus 73-79,81-87,89-95
0: jobid: fokkjLfR
0: 0.069s: flux-shell[0]: mpibind: 
0: mpibind: task   0 nths 21 gpus 0 cpus 1-7,9-15,17-23
0: mpibind: task   1 nths 21 gpus 1 cpus 25-31,33-39,41-47
0: mpibind: task   2 nths 21 gpus 2 cpus 49-55,57-63,65-71
0: mpibind: task   3 nths 21 gpus 3 cpus 73-79,81-87,89-95
0: jobid: fqxFfaKR
0: 0.070s: flux-shell[0]: mpibind: 
0: mpibind: task   0 nths 21 gpus 0 cpus 1-7,9-15,17-23
0: mpibind: task   1 nths 21 gpus 1 cpus 25-31,33-39,41-47
0: mpibind: task   2 nths 21 gpus 2 cpus 49-55,57-63,65-71
0: mpibind: task   3 nths 21 gpus 3 cpus 73-79,81-87,89-95
0: jobid: ftSa7fQK
0: 0.073s: flux-shell[0]: mpibind: 
0: mpibind: task   0 nths 21 gpus 0 cpus 1-7,9-15,17-23
0: mpibind: task   1 nths 21 gpus 1 cpus 25-31,33-39,41-47
0: mpibind: task   2 nths 21 gpus 2 cpus 49-55,57-63,65-71
0: mpibind: task   3 nths 21 gpus 3 cpus 73-79,81-87,89-95
0: jobid: fxkatYm5
0: 0.073s: flux-shell[0]: mpibind: 
0: mpibind: task   0 nths 21 gpus 0 cpus 1-7,9-15,17-23
0: mpibind: task   1 nths 21 gpus 1 cpus 25-31,33-39,41-47
0: mpibind: task   2 nths 21 gpus 2 cpus 49-55,57-63,65-71
0: mpibind: task   3 nths 21 gpus 3 cpus 73-79,81-87,89-95
0: jobid: f22W7MAwZ
0: 0.077s: flux-shell[0]: mpibind: 
0: mpibind: task   0 nths 21 gpus 0 cpus 1-7,9-15,17-23
0: mpibind: task   1 nths 21 gpus 1 cpus 25-31,33-39,41-47
0: mpibind: task   2 nths 21 gpus 2 cpus 49-55,57-63,65-71
0: mpibind: task   3 nths 21 gpus 3 cpus 73-79,81-87,89-95
