0: jobid: f2eoabDR
0: 0.122s: flux-shell[1]: mpibind: 
0: mpibind: task   0 nths  3 gpus 0 cpus 1-4
0: mpibind: task   1 nths  3 gpus 1 cpus 5-7,9
0: mpibind: task   2 nths  3 gpus 2 cpus 10-13
0: mpibind: task   3 nths  3 gpus 3 cpus 14-15,17
0: mpibind: task   4 nths  3 gpus 4 cpus 18-20
0: mpibind: task   5 nths  3 gpus 5 cpus 21-23
0: mpibind: task   6 nths  3 gpus 6 cpus 25-28
0: mpibind: task   7 nths  3 gpus 7 cpus 29-31,33
0: mpibind: task   8 nths  3 gpus 8 cpus 34-37
0: mpibind: task   9 nths  3 gpus 9 cpus 38-39,41
0: mpibind: task  10 nths  3 gpus 10 cpus 42-44
0: mpibind: task  11 nths  3 gpus 11 cpus 45-47
0: mpibind: task  12 nths  3 gpus 12 cpus 49-52
0: mpibind: task  13 nths  3 gpus 13 cpus 53-55,57
0: mpibind: task  14 nths  3 gpus 14 cpus 58-61
0: mpibind: task  15 nths  3 gpus 15 cpus 62-63,65
0: mpibind: task  16 nths  3 gpus 16 cpus 66-68
0: mpibind: task  17 nths  3 gpus 17 cpus 69-71
0: mpibind: task  18 nths  3 gpus 18 cpus 73-76
0: mpibind: task  19 nths  3 gpus 19 cpus 77-79,81
0: mpibind: task  20 nths  3 gpus 20 cpus 82-85
0: mpibind: task  21 nths  3 gpus 21 cpus 86-87,89
0: mpibind: task  22 nths  3 gpus 22 cpus 90-92
0: mpibind: task  23 nths  3 gpus 23 cpus 93-95
0: 0.115s: flux-shell[0]: mpibind: 
0: mpibind: task   0 nths  3 gpus 0 cpus 1-4
0: mpibind: task   1 nths  3 gpus 1 cpus 5-7,9
0: mpibind: task   2 nths  3 gpus 2 cpus 10-13
0: mpibind: task   3 nths  3 gpus 3 cpus 14-15,17
0: mpibind: task   4 nths  3 gpus 4 cpus 18-20
0: mpibind: task   5 nths  3 gpus 5 cpus 21-23
0: mpibind: task   6 nths  3 gpus 6 cpus 25-28
0: mpibind: task   7 nths  3 gpus 7 cpus 29-31,33
0: mpibind: task   8 nths  3 gpus 8 cpus 34-37
0: mpibind: task   9 nths  3 gpus 9 cpus 38-39,41
0: mpibind: task  10 nths  3 gpus 10 cpus 42-44
0: mpibind: task  11 nths  3 gpus 11 cpus 45-47
0: mpibind: task  12 nths  3 gpus 12 cpus 49-52
0: mpibind: task  13 nths  3 gpus 13 cpus 53-55,57
0: mpibind: task  14 nths  3 gpus 14 cpus 58-61
0: mpibind: task  15 nths  3 gpus 15 cpus 62-63,65
0: mpibind: task  16 nths  3 gpus 16 cpus 66-68
0: mpibind: task  17 nths  3 gpus 17 cpus 69-71
0: mpibind: task  18 nths  3 gpus 18 cpus 73-76
0: mpibind: task  19 nths  3 gpus 19 cpus 77-79,81
0: mpibind: task  20 nths  3 gpus 20 cpus 82-85
0: mpibind: task  21 nths  3 gpus 21 cpus 86-87,89
0: mpibind: task  22 nths  3 gpus 22 cpus 90-92
0: mpibind: task  23 nths  3 gpus 23 cpus 93-95
0: jobid: fHpYLRBM
0: 0.097s: flux-shell[1]: mpibind: 
0: mpibind: task   0 nths  3 gpus 0 cpus 1-4
0: mpibind: task   1 nths  3 gpus 1 cpus 5-7,9
0: mpibind: task   2 nths  3 gpus 2 cpus 10-13
0: mpibind: task   3 nths  3 gpus 3 cpus 14-15,17
0: mpibind: task   4 nths  3 gpus 4 cpus 18-20
0: mpibind: task   5 nths  3 gpus 5 cpus 21-23
0: mpibind: task   6 nths  3 gpus 6 cpus 25-28
0: mpibind: task   7 nths  3 gpus 7 cpus 29-31,33
0: mpibind: task   8 nths  3 gpus 8 cpus 34-37
0: mpibind: task   9 nths  3 gpus 9 cpus 38-39,41
0: mpibind: task  10 nths  3 gpus 10 cpus 42-44
0: mpibind: task  11 nths  3 gpus 11 cpus 45-47
0: mpibind: task  12 nths  3 gpus 12 cpus 49-52
0: mpibind: task  13 nths  3 gpus 13 cpus 53-55,57
0: mpibind: task  14 nths  3 gpus 14 cpus 58-61
0: mpibind: task  15 nths  3 gpus 15 cpus 62-63,65
0: mpibind: task  16 nths  3 gpus 16 cpus 66-68
0: mpibind: task  17 nths  3 gpus 17 cpus 69-71
0: mpibind: task  18 nths  3 gpus 18 cpus 73-76
0: mpibind: task  19 nths  3 gpus 19 cpus 77-79,81
0: mpibind: task  20 nths  3 gpus 20 cpus 82-85
0: mpibind: task  21 nths  3 gpus 21 cpus 86-87,89
0: mpibind: task  22 nths  3 gpus 22 cpus 90-92
0: mpibind: task  23 nths  3 gpus 23 cpus 93-95
0: 0.089s: flux-shell[0]: mpibind: 
0: mpibind: task   0 nths  3 gpus 0 cpus 1-4
0: mpibind: task   1 nths  3 gpus 1 cpus 5-7,9
0: mpibind: task   2 nths  3 gpus 2 cpus 10-13
0: mpibind: task   3 nths  3 gpus 3 cpus 14-15,17
0: mpibind: task   4 nths  3 gpus 4 cpus 18-20
0: mpibind: task   5 nths  3 gpus 5 cpus 21-23
0: mpibind: task   6 nths  3 gpus 6 cpus 25-28
0: mpibind: task   7 nths  3 gpus 7 cpus 29-31,33
0: mpibind: task   8 nths  3 gpus 8 cpus 34-37
0: mpibind: task   9 nths  3 gpus 9 cpus 38-39,41
0: mpibind: task  10 nths  3 gpus 10 cpus 42-44
0: mpibind: task  11 nths  3 gpus 11 cpus 45-47
0: mpibind: task  12 nths  3 gpus 12 cpus 49-52
0: mpibind: task  13 nths  3 gpus 13 cpus 53-55,57
0: mpibind: task  14 nths  3 gpus 14 cpus 58-61
0: mpibind: task  15 nths  3 gpus 15 cpus 62-63,65
0: mpibind: task  16 nths  3 gpus 16 cpus 66-68
0: mpibind: task  17 nths  3 gpus 17 cpus 69-71
0: mpibind: task  18 nths  3 gpus 18 cpus 73-76
0: mpibind: task  19 nths  3 gpus 19 cpus 77-79,81
0: mpibind: task  20 nths  3 gpus 20 cpus 82-85
0: mpibind: task  21 nths  3 gpus 21 cpus 86-87,89
0: mpibind: task  22 nths  3 gpus 22 cpus 90-92
0: mpibind: task  23 nths  3 gpus 23 cpus 93-95
0: LLVM ERROR: IO failure on output stream: Bad address
0: LLVM ERROR: IO failure on output stream: Bad address
0: LLVM ERROR: IO failure on output stream: Bad address
0: MPICH ERROR [Rank 34] [job id 640302448640] [Sun Jun  7 15:05:03 2026] [tuolumne1427] - Abort(874699663): Fatal error in internal_Waitall: Other MPI error, error stack:
0: internal_Waitall(125)..........: MPI_Waitall(count=34, array_of_requests=0xe904270, array_of_statuses=0xe90c490) failed
0: MPIR_Waitall(950)..............: 
0: MPIR_Waitall_state(829)........: 
0: MPIDI_progress_test(160).......: 
0: MPIDI_OFI_handle_cq_error(1060): OFI poll failed (ofi_events.c:1062:MPIDI_OFI_handle_cq_error:Input/output error - PTLTE_NOT_FOUND)
0: 
0: MPICH ERROR [Rank 22] [job id 640302448640] [Sun Jun  7 15:05:03 2026] [tuolumne1094] - Abort(874699663): Fatal error in internal_Waitall: Other MPI error, error stack:
0: internal_Waitall(125)..........: MPI_Waitall(count=34, array_of_requests=0xe903f60, array_of_statuses=0xe90bff0) failed
0: MPIR_Waitall(950)..............: 
0: MPIR_Waitall_state(829)........: 
0: MPIDI_progress_test(160).......: 
0: MPIDI_OFI_handle_cq_error(1060): OFI poll failed (ofi_events.c:1062:MPIDI_OFI_handle_cq_error:Input/output error - PTLTE_NOT_FOUND)
0: 
0: MPICH ERROR [Rank 19] [job id 640302448640] [Sun Jun  7 15:05:04 2026] [tuolumne1094] - Abort(2284431): Fatal error in internal_Waitall: Other MPI error, error stack:
0: internal_Waitall(125)..........: MPI_Waitall(count=52, array_of_requests=0xe9069d0, array_of_statuses=0xe90ef20) failed
0: MPIR_Waitall(950)..............: 
0: MPIR_Waitall_state(829)........: 
0: MPIDI_progress_test(160).......: 
0: MPIDI_OFI_handle_cq_error(1060): OFI poll failed (ofi_events.c:1062:MPIDI_OFI_handle_cq_error:Input/output error - PTLTE_NOT_FOUND)
0: 
0: MPICH ERROR [Rank 29] [job id 640302448640] [Sun Jun  7 15:05:04 2026] [tuolumne1427] - Abort(136502159): Fatal error in internal_Waitall: Other MPI error, error stack:
0: internal_Waitall(125)..........: MPI_Waitall(count=34, array_of_requests=0xe904950, array_of_statuses=0xe90cf70) failed
0: MPIR_Waitall(950)..............: 
0: MPIR_Waitall_state(829)........: 
0: MPIDI_progress_test(160).......: 
0: MPIDI_OFI_handle_cq_error(1060): OFI poll failed (ofi_events.c:1062:MPIDI_OFI_handle_cq_error:Input/output error - PTLTE_NOT_FOUND)
0: 
0: MPICH ERROR [Rank 31] [job id 640302448640] [Sun Jun  7 15:05:04 2026] [tuolumne1427] - Abort(606264207): Fatal error in internal_Waitall: Other MPI error, error stack:
0: internal_Waitall(125)..........: MPI_Waitall(count=52, array_of_requests=0xe9066b0, array_of_statuses=0xe90ef00) failed
0: MPIR_Waitall(950)..............: 
0: MPIR_Waitall_state(829)........: 
0: MPIDI_progress_test(160).......: 
0: MPIDI_OFI_handle_cq_error(1060): OFI poll failed (ofi_events.c:1062:MPIDI_OFI_handle_cq_error:Input/output error - PTLTE_NOT_FOUND)
0: 
0: 40.733s: flux-shell[0]: FATAL: task-exit: ij: task rank 23 on host tuolumne1094 exited (Exit 1) and exit-timeout=30s has expired
0: 40.733s: job.exception fHpYLRBM type=exec severity=0 ij: task rank 23 on host tuolumne1094 exited (Exit 1) and exit-timeout=30s has expired
0: flux-job: task(s) exited with exit code 1
0: jobid: fcNTdD1q
0: 0.091s: flux-shell[1]: mpibind: 
0: mpibind: task   0 nths  3 gpus 0 cpus 1-4
0: mpibind: task   1 nths  3 gpus 1 cpus 5-7,9
0: mpibind: task   2 nths  3 gpus 2 cpus 10-13
0: mpibind: task   3 nths  3 gpus 3 cpus 14-15,17
0: mpibind: task   4 nths  3 gpus 4 cpus 18-20
0: mpibind: task   5 nths  3 gpus 5 cpus 21-23
0: mpibind: task   6 nths  3 gpus 6 cpus 25-28
0: mpibind: task   7 nths  3 gpus 7 cpus 29-31,33
0: mpibind: task   8 nths  3 gpus 8 cpus 34-37
0: mpibind: task   9 nths  3 gpus 9 cpus 38-39,41
0: mpibind: task  10 nths  3 gpus 10 cpus 42-44
0: mpibind: task  11 nths  3 gpus 11 cpus 45-47
0: mpibind: task  12 nths  3 gpus 12 cpus 49-52
0: mpibind: task  13 nths  3 gpus 13 cpus 53-55,57
0: mpibind: task  14 nths  3 gpus 14 cpus 58-61
0: mpibind: task  15 nths  3 gpus 15 cpus 62-63,65
0: mpibind: task  16 nths  3 gpus 16 cpus 66-68
0: mpibind: task  17 nths  3 gpus 17 cpus 69-71
0: mpibind: task  18 nths  3 gpus 18 cpus 73-76
0: mpibind: task  19 nths  3 gpus 19 cpus 77-79,81
0: mpibind: task  20 nths  3 gpus 20 cpus 82-85
0: mpibind: task  21 nths  3 gpus 21 cpus 86-87,89
0: mpibind: task  22 nths  3 gpus 22 cpus 90-92
0: mpibind: task  23 nths  3 gpus 23 cpus 93-95
0: 0.087s: flux-shell[0]: mpibind: 
0: mpibind: task   0 nths  3 gpus 0 cpus 1-4
0: mpibind: task   1 nths  3 gpus 1 cpus 5-7,9
0: mpibind: task   2 nths  3 gpus 2 cpus 10-13
0: mpibind: task   3 nths  3 gpus 3 cpus 14-15,17
0: mpibind: task   4 nths  3 gpus 4 cpus 18-20
0: mpibind: task   5 nths  3 gpus 5 cpus 21-23
0: mpibind: task   6 nths  3 gpus 6 cpus 25-28
0: mpibind: task   7 nths  3 gpus 7 cpus 29-31,33
0: mpibind: task   8 nths  3 gpus 8 cpus 34-37
0: mpibind: task   9 nths  3 gpus 9 cpus 38-39,41
0: mpibind: task  10 nths  3 gpus 10 cpus 42-44
0: mpibind: task  11 nths  3 gpus 11 cpus 45-47
0: mpibind: task  12 nths  3 gpus 12 cpus 49-52
0: mpibind: task  13 nths  3 gpus 13 cpus 53-55,57
0: mpibind: task  14 nths  3 gpus 14 cpus 58-61
0: mpibind: task  15 nths  3 gpus 15 cpus 62-63,65
0: mpibind: task  16 nths  3 gpus 16 cpus 66-68
0: mpibind: task  17 nths  3 gpus 17 cpus 69-71
0: mpibind: task  18 nths  3 gpus 18 cpus 73-76
0: mpibind: task  19 nths  3 gpus 19 cpus 77-79,81
0: mpibind: task  20 nths  3 gpus 20 cpus 82-85
0: mpibind: task  21 nths  3 gpus 21 cpus 86-87,89
0: mpibind: task  22 nths  3 gpus 22 cpus 90-92
0: mpibind: task  23 nths  3 gpus 23 cpus 93-95
0: jobid: fkNeeLdu
0: 0.144s: flux-shell[1]: mpibind: 
0: mpibind: task   0 nths  3 gpus 0 cpus 1-4
0: mpibind: task   1 nths  3 gpus 1 cpus 5-7,9
0: mpibind: task   2 nths  3 gpus 2 cpus 10-13
0: mpibind: task   3 nths  3 gpus 3 cpus 14-15,17
0: mpibind: task   4 nths  3 gpus 4 cpus 18-20
0: mpibind: task   5 nths  3 gpus 5 cpus 21-23
0: mpibind: task   6 nths  3 gpus 6 cpus 25-28
0: mpibind: task   7 nths  3 gpus 7 cpus 29-31,33
0: mpibind: task   8 nths  3 gpus 8 cpus 34-37
0: mpibind: task   9 nths  3 gpus 9 cpus 38-39,41
0: mpibind: task  10 nths  3 gpus 10 cpus 42-44
0: mpibind: task  11 nths  3 gpus 11 cpus 45-47
0: mpibind: task  12 nths  3 gpus 12 cpus 49-52
0: mpibind: task  13 nths  3 gpus 13 cpus 53-55,57
0: mpibind: task  14 nths  3 gpus 14 cpus 58-61
0: mpibind: task  15 nths  3 gpus 15 cpus 62-63,65
0: mpibind: task  16 nths  3 gpus 16 cpus 66-68
0: mpibind: task  17 nths  3 gpus 17 cpus 69-71
0: mpibind: task  18 nths  3 gpus 18 cpus 73-76
0: mpibind: task  19 nths  3 gpus 19 cpus 77-79,81
0: mpibind: task  20 nths  3 gpus 20 cpus 82-85
0: mpibind: task  21 nths  3 gpus 21 cpus 86-87,89
0: mpibind: task  22 nths  3 gpus 22 cpus 90-92
0: mpibind: task  23 nths  3 gpus 23 cpus 93-95
0: 0.089s: flux-shell[0]: mpibind: 
0: mpibind: task   0 nths  3 gpus 0 cpus 1-4
0: mpibind: task   1 nths  3 gpus 1 cpus 5-7,9
0: mpibind: task   2 nths  3 gpus 2 cpus 10-13
0: mpibind: task   3 nths  3 gpus 3 cpus 14-15,17
0: mpibind: task   4 nths  3 gpus 4 cpus 18-20
0: mpibind: task   5 nths  3 gpus 5 cpus 21-23
0: mpibind: task   6 nths  3 gpus 6 cpus 25-28
0: mpibind: task   7 nths  3 gpus 7 cpus 29-31,33
0: mpibind: task   8 nths  3 gpus 8 cpus 34-37
0: mpibind: task   9 nths  3 gpus 9 cpus 38-39,41
0: mpibind: task  10 nths  3 gpus 10 cpus 42-44
0: mpibind: task  11 nths  3 gpus 11 cpus 45-47
0: mpibind: task  12 nths  3 gpus 12 cpus 49-52
0: mpibind: task  13 nths  3 gpus 13 cpus 53-55,57
0: mpibind: task  14 nths  3 gpus 14 cpus 58-61
0: mpibind: task  15 nths  3 gpus 15 cpus 62-63,65
0: mpibind: task  16 nths  3 gpus 16 cpus 66-68
0: mpibind: task  17 nths  3 gpus 17 cpus 69-71
0: mpibind: task  18 nths  3 gpus 18 cpus 73-76
0: mpibind: task  19 nths  3 gpus 19 cpus 77-79,81
0: mpibind: task  20 nths  3 gpus 20 cpus 82-85
0: mpibind: task  21 nths  3 gpus 21 cpus 86-87,89
0: mpibind: task  22 nths  3 gpus 22 cpus 90-92
0: mpibind: task  23 nths  3 gpus 23 cpus 93-95
0: jobid: frXcPR5R
0: 0.094s: flux-shell[1]: mpibind: 
0: mpibind: task   0 nths  3 gpus 0 cpus 1-4
0: mpibind: task   1 nths  3 gpus 1 cpus 5-7,9
0: mpibind: task   2 nths  3 gpus 2 cpus 10-13
0: mpibind: task   3 nths  3 gpus 3 cpus 14-15,17
0: mpibind: task   4 nths  3 gpus 4 cpus 18-20
0: mpibind: task   5 nths  3 gpus 5 cpus 21-23
0: mpibind: task   6 nths  3 gpus 6 cpus 25-28
0: mpibind: task   7 nths  3 gpus 7 cpus 29-31,33
0: mpibind: task   8 nths  3 gpus 8 cpus 34-37
0: mpibind: task   9 nths  3 gpus 9 cpus 38-39,41
0: mpibind: task  10 nths  3 gpus 10 cpus 42-44
0: mpibind: task  11 nths  3 gpus 11 cpus 45-47
0: mpibind: task  12 nths  3 gpus 12 cpus 49-52
0: mpibind: task  13 nths  3 gpus 13 cpus 53-55,57
0: mpibind: task  14 nths  3 gpus 14 cpus 58-61
0: mpibind: task  15 nths  3 gpus 15 cpus 62-63,65
0: mpibind: task  16 nths  3 gpus 16 cpus 66-68
0: mpibind: task  17 nths  3 gpus 17 cpus 69-71
0: mpibind: task  18 nths  3 gpus 18 cpus 73-76
0: mpibind: task  19 nths  3 gpus 19 cpus 77-79,81
0: mpibind: task  20 nths  3 gpus 20 cpus 82-85
0: mpibind: task  21 nths  3 gpus 21 cpus 86-87,89
0: mpibind: task  22 nths  3 gpus 22 cpus 90-92
0: mpibind: task  23 nths  3 gpus 23 cpus 93-95
0: 0.087s: flux-shell[0]: mpibind: 
0: mpibind: task   0 nths  3 gpus 0 cpus 1-4
0: mpibind: task   1 nths  3 gpus 1 cpus 5-7,9
0: mpibind: task   2 nths  3 gpus 2 cpus 10-13
0: mpibind: task   3 nths  3 gpus 3 cpus 14-15,17
0: mpibind: task   4 nths  3 gpus 4 cpus 18-20
0: mpibind: task   5 nths  3 gpus 5 cpus 21-23
0: mpibind: task   6 nths  3 gpus 6 cpus 25-28
0: mpibind: task   7 nths  3 gpus 7 cpus 29-31,33
0: mpibind: task   8 nths  3 gpus 8 cpus 34-37
0: mpibind: task   9 nths  3 gpus 9 cpus 38-39,41
0: mpibind: task  10 nths  3 gpus 10 cpus 42-44
0: mpibind: task  11 nths  3 gpus 11 cpus 45-47
0: mpibind: task  12 nths  3 gpus 12 cpus 49-52
0: mpibind: task  13 nths  3 gpus 13 cpus 53-55,57
0: mpibind: task  14 nths  3 gpus 14 cpus 58-61
0: mpibind: task  15 nths  3 gpus 15 cpus 62-63,65
0: mpibind: task  16 nths  3 gpus 16 cpus 66-68
0: mpibind: task  17 nths  3 gpus 17 cpus 69-71
0: mpibind: task  18 nths  3 gpus 18 cpus 73-76
0: mpibind: task  19 nths  3 gpus 19 cpus 77-79,81
0: mpibind: task  20 nths  3 gpus 20 cpus 82-85
0: mpibind: task  21 nths  3 gpus 21 cpus 86-87,89
0: mpibind: task  22 nths  3 gpus 22 cpus 90-92
0: mpibind: task  23 nths  3 gpus 23 cpus 93-95
0: jobid: fxaA1bnP
0: 0.090s: flux-shell[1]: mpibind: 
0: mpibind: task   0 nths  3 gpus 0 cpus 1-4
0: mpibind: task   1 nths  3 gpus 1 cpus 5-7,9
0: mpibind: task   2 nths  3 gpus 2 cpus 10-13
0: mpibind: task   3 nths  3 gpus 3 cpus 14-15,17
0: mpibind: task   4 nths  3 gpus 4 cpus 18-20
0: mpibind: task   5 nths  3 gpus 5 cpus 21-23
0: mpibind: task   6 nths  3 gpus 6 cpus 25-28
0: mpibind: task   7 nths  3 gpus 7 cpus 29-31,33
0: mpibind: task   8 nths  3 gpus 8 cpus 34-37
0: mpibind: task   9 nths  3 gpus 9 cpus 38-39,41
0: mpibind: task  10 nths  3 gpus 10 cpus 42-44
0: mpibind: task  11 nths  3 gpus 11 cpus 45-47
0: mpibind: task  12 nths  3 gpus 12 cpus 49-52
0: mpibind: task  13 nths  3 gpus 13 cpus 53-55,57
0: mpibind: task  14 nths  3 gpus 14 cpus 58-61
0: mpibind: task  15 nths  3 gpus 15 cpus 62-63,65
0: mpibind: task  16 nths  3 gpus 16 cpus 66-68
0: mpibind: task  17 nths  3 gpus 17 cpus 69-71
0: mpibind: task  18 nths  3 gpus 18 cpus 73-76
0: mpibind: task  19 nths  3 gpus 19 cpus 77-79,81
0: mpibind: task  20 nths  3 gpus 20 cpus 82-85
0: mpibind: task  21 nths  3 gpus 21 cpus 86-87,89
0: mpibind: task  22 nths  3 gpus 22 cpus 90-92
0: mpibind: task  23 nths  3 gpus 23 cpus 93-95
0: 0.087s: flux-shell[0]: mpibind: 
0: mpibind: task   0 nths  3 gpus 0 cpus 1-4
0: mpibind: task   1 nths  3 gpus 1 cpus 5-7,9
0: mpibind: task   2 nths  3 gpus 2 cpus 10-13
0: mpibind: task   3 nths  3 gpus 3 cpus 14-15,17
0: mpibind: task   4 nths  3 gpus 4 cpus 18-20
0: mpibind: task   5 nths  3 gpus 5 cpus 21-23
0: mpibind: task   6 nths  3 gpus 6 cpus 25-28
0: mpibind: task   7 nths  3 gpus 7 cpus 29-31,33
0: mpibind: task   8 nths  3 gpus 8 cpus 34-37
0: mpibind: task   9 nths  3 gpus 9 cpus 38-39,41
0: mpibind: task  10 nths  3 gpus 10 cpus 42-44
0: mpibind: task  11 nths  3 gpus 11 cpus 45-47
0: mpibind: task  12 nths  3 gpus 12 cpus 49-52
0: mpibind: task  13 nths  3 gpus 13 cpus 53-55,57
0: mpibind: task  14 nths  3 gpus 14 cpus 58-61
0: mpibind: task  15 nths  3 gpus 15 cpus 62-63,65
0: mpibind: task  16 nths  3 gpus 16 cpus 66-68
0: mpibind: task  17 nths  3 gpus 17 cpus 69-71
0: mpibind: task  18 nths  3 gpus 18 cpus 73-76
0: mpibind: task  19 nths  3 gpus 19 cpus 77-79,81
0: mpibind: task  20 nths  3 gpus 20 cpus 82-85
0: mpibind: task  21 nths  3 gpus 21 cpus 86-87,89
0: mpibind: task  22 nths  3 gpus 22 cpus 90-92
0: mpibind: task  23 nths  3 gpus 23 cpus 93-95
0: jobid: f25dVVJeT
0: 0.091s: flux-shell[1]: mpibind: 
0: mpibind: task   0 nths  3 gpus 0 cpus 1-4
0: mpibind: task   1 nths  3 gpus 1 cpus 5-7,9
0: mpibind: task   2 nths  3 gpus 2 cpus 10-13
0: mpibind: task   3 nths  3 gpus 3 cpus 14-15,17
0: mpibind: task   4 nths  3 gpus 4 cpus 18-20
0: mpibind: task   5 nths  3 gpus 5 cpus 21-23
0: mpibind: task   6 nths  3 gpus 6 cpus 25-28
0: mpibind: task   7 nths  3 gpus 7 cpus 29-31,33
0: mpibind: task   8 nths  3 gpus 8 cpus 34-37
0: mpibind: task   9 nths  3 gpus 9 cpus 38-39,41
0: mpibind: task  10 nths  3 gpus 10 cpus 42-44
0: mpibind: task  11 nths  3 gpus 11 cpus 45-47
0: mpibind: task  12 nths  3 gpus 12 cpus 49-52
0: mpibind: task  13 nths  3 gpus 13 cpus 53-55,57
0: mpibind: task  14 nths  3 gpus 14 cpus 58-61
0: mpibind: task  15 nths  3 gpus 15 cpus 62-63,65
0: mpibind: task  16 nths  3 gpus 16 cpus 66-68
0: mpibind: task  17 nths  3 gpus 17 cpus 69-71
0: mpibind: task  18 nths  3 gpus 18 cpus 73-76
0: mpibind: task  19 nths  3 gpus 19 cpus 77-79,81
0: mpibind: task  20 nths  3 gpus 20 cpus 82-85
0: mpibind: task  21 nths  3 gpus 21 cpus 86-87,89
0: mpibind: task  22 nths  3 gpus 22 cpus 90-92
0: mpibind: task  23 nths  3 gpus 23 cpus 93-95
0: 0.085s: flux-shell[0]: mpibind: 
0: mpibind: task   0 nths  3 gpus 0 cpus 1-4
0: mpibind: task   1 nths  3 gpus 1 cpus 5-7,9
0: mpibind: task   2 nths  3 gpus 2 cpus 10-13
0: mpibind: task   3 nths  3 gpus 3 cpus 14-15,17
0: mpibind: task   4 nths  3 gpus 4 cpus 18-20
0: mpibind: task   5 nths  3 gpus 5 cpus 21-23
0: mpibind: task   6 nths  3 gpus 6 cpus 25-28
0: mpibind: task   7 nths  3 gpus 7 cpus 29-31,33
0: mpibind: task   8 nths  3 gpus 8 cpus 34-37
0: mpibind: task   9 nths  3 gpus 9 cpus 38-39,41
0: mpibind: task  10 nths  3 gpus 10 cpus 42-44
0: mpibind: task  11 nths  3 gpus 11 cpus 45-47
0: mpibind: task  12 nths  3 gpus 12 cpus 49-52
0: mpibind: task  13 nths  3 gpus 13 cpus 53-55,57
0: mpibind: task  14 nths  3 gpus 14 cpus 58-61
0: mpibind: task  15 nths  3 gpus 15 cpus 62-63,65
0: mpibind: task  16 nths  3 gpus 16 cpus 66-68
0: mpibind: task  17 nths  3 gpus 17 cpus 69-71
0: mpibind: task  18 nths  3 gpus 18 cpus 73-76
0: mpibind: task  19 nths  3 gpus 19 cpus 77-79,81
0: mpibind: task  20 nths  3 gpus 20 cpus 82-85
0: mpibind: task  21 nths  3 gpus 21 cpus 86-87,89
0: mpibind: task  22 nths  3 gpus 22 cpus 90-92
0: mpibind: task  23 nths  3 gpus 23 cpus 93-95
0: jobid: f2C7ed5iw
0: 0.091s: flux-shell[1]: mpibind: 
0: mpibind: task   0 nths  3 gpus 0 cpus 1-4
0: mpibind: task   1 nths  3 gpus 1 cpus 5-7,9
0: mpibind: task   2 nths  3 gpus 2 cpus 10-13
0: mpibind: task   3 nths  3 gpus 3 cpus 14-15,17
0: mpibind: task   4 nths  3 gpus 4 cpus 18-20
0: mpibind: task   5 nths  3 gpus 5 cpus 21-23
0: mpibind: task   6 nths  3 gpus 6 cpus 25-28
0: mpibind: task   7 nths  3 gpus 7 cpus 29-31,33
0: mpibind: task   8 nths  3 gpus 8 cpus 34-37
0: mpibind: task   9 nths  3 gpus 9 cpus 38-39,41
0: mpibind: task  10 nths  3 gpus 10 cpus 42-44
0: mpibind: task  11 nths  3 gpus 11 cpus 45-47
0: mpibind: task  12 nths  3 gpus 12 cpus 49-52
0: mpibind: task  13 nths  3 gpus 13 cpus 53-55,57
0: mpibind: task  14 nths  3 gpus 14 cpus 58-61
0: mpibind: task  15 nths  3 gpus 15 cpus 62-63,65
0: mpibind: task  16 nths  3 gpus 16 cpus 66-68
0: mpibind: task  17 nths  3 gpus 17 cpus 69-71
0: mpibind: task  18 nths  3 gpus 18 cpus 73-76
0: mpibind: task  19 nths  3 gpus 19 cpus 77-79,81
0: mpibind: task  20 nths  3 gpus 20 cpus 82-85
0: mpibind: task  21 nths  3 gpus 21 cpus 86-87,89
0: mpibind: task  22 nths  3 gpus 22 cpus 90-92
0: mpibind: task  23 nths  3 gpus 23 cpus 93-95
0: 0.090s: flux-shell[0]: mpibind: 
0: mpibind: task   0 nths  3 gpus 0 cpus 1-4
0: mpibind: task   1 nths  3 gpus 1 cpus 5-7,9
0: mpibind: task   2 nths  3 gpus 2 cpus 10-13
0: mpibind: task   3 nths  3 gpus 3 cpus 14-15,17
0: mpibind: task   4 nths  3 gpus 4 cpus 18-20
0: mpibind: task   5 nths  3 gpus 5 cpus 21-23
0: mpibind: task   6 nths  3 gpus 6 cpus 25-28
0: mpibind: task   7 nths  3 gpus 7 cpus 29-31,33
0: mpibind: task   8 nths  3 gpus 8 cpus 34-37
0: mpibind: task   9 nths  3 gpus 9 cpus 38-39,41
0: mpibind: task  10 nths  3 gpus 10 cpus 42-44
0: mpibind: task  11 nths  3 gpus 11 cpus 45-47
0: mpibind: task  12 nths  3 gpus 12 cpus 49-52
0: mpibind: task  13 nths  3 gpus 13 cpus 53-55,57
0: mpibind: task  14 nths  3 gpus 14 cpus 58-61
0: mpibind: task  15 nths  3 gpus 15 cpus 62-63,65
0: mpibind: task  16 nths  3 gpus 16 cpus 66-68
0: mpibind: task  17 nths  3 gpus 17 cpus 69-71
0: mpibind: task  18 nths  3 gpus 18 cpus 73-76
0: mpibind: task  19 nths  3 gpus 19 cpus 77-79,81
0: mpibind: task  20 nths  3 gpus 20 cpus 82-85
0: mpibind: task  21 nths  3 gpus 21 cpus 86-87,89
0: mpibind: task  22 nths  3 gpus 22 cpus 90-92
0: mpibind: task  23 nths  3 gpus 23 cpus 93-95
0: jobid: f2K6yLjLs
0: 0.096s: flux-shell[1]: mpibind: 
0: mpibind: task   0 nths  3 gpus 0 cpus 1-4
0: mpibind: task   1 nths  3 gpus 1 cpus 5-7,9
0: mpibind: task   2 nths  3 gpus 2 cpus 10-13
0: mpibind: task   3 nths  3 gpus 3 cpus 14-15,17
0: mpibind: task   4 nths  3 gpus 4 cpus 18-20
0: mpibind: task   5 nths  3 gpus 5 cpus 21-23
0: mpibind: task   6 nths  3 gpus 6 cpus 25-28
0: mpibind: task   7 nths  3 gpus 7 cpus 29-31,33
0: mpibind: task   8 nths  3 gpus 8 cpus 34-37
0: mpibind: task   9 nths  3 gpus 9 cpus 38-39,41
0: mpibind: task  10 nths  3 gpus 10 cpus 42-44
0: mpibind: task  11 nths  3 gpus 11 cpus 45-47
0: mpibind: task  12 nths  3 gpus 12 cpus 49-52
0: mpibind: task  13 nths  3 gpus 13 cpus 53-55,57
0: mpibind: task  14 nths  3 gpus 14 cpus 58-61
0: mpibind: task  15 nths  3 gpus 15 cpus 62-63,65
0: mpibind: task  16 nths  3 gpus 16 cpus 66-68
0: mpibind: task  17 nths  3 gpus 17 cpus 69-71
0: mpibind: task  18 nths  3 gpus 18 cpus 73-76
0: mpibind: task  19 nths  3 gpus 19 cpus 77-79,81
0: mpibind: task  20 nths  3 gpus 20 cpus 82-85
0: mpibind: task  21 nths  3 gpus 21 cpus 86-87,89
0: mpibind: task  22 nths  3 gpus 22 cpus 90-92
0: mpibind: task  23 nths  3 gpus 23 cpus 93-95
0: 0.085s: flux-shell[0]: mpibind: 
0: mpibind: task   0 nths  3 gpus 0 cpus 1-4
0: mpibind: task   1 nths  3 gpus 1 cpus 5-7,9
0: mpibind: task   2 nths  3 gpus 2 cpus 10-13
0: mpibind: task   3 nths  3 gpus 3 cpus 14-15,17
0: mpibind: task   4 nths  3 gpus 4 cpus 18-20
0: mpibind: task   5 nths  3 gpus 5 cpus 21-23
0: mpibind: task   6 nths  3 gpus 6 cpus 25-28
0: mpibind: task   7 nths  3 gpus 7 cpus 29-31,33
0: mpibind: task   8 nths  3 gpus 8 cpus 34-37
0: mpibind: task   9 nths  3 gpus 9 cpus 38-39,41
0: mpibind: task  10 nths  3 gpus 10 cpus 42-44
0: mpibind: task  11 nths  3 gpus 11 cpus 45-47
0: mpibind: task  12 nths  3 gpus 12 cpus 49-52
0: mpibind: task  13 nths  3 gpus 13 cpus 53-55,57
0: mpibind: task  14 nths  3 gpus 14 cpus 58-61
0: mpibind: task  15 nths  3 gpus 15 cpus 62-63,65
0: mpibind: task  16 nths  3 gpus 16 cpus 66-68
0: mpibind: task  17 nths  3 gpus 17 cpus 69-71
0: mpibind: task  18 nths  3 gpus 18 cpus 73-76
0: mpibind: task  19 nths  3 gpus 19 cpus 77-79,81
0: mpibind: task  20 nths  3 gpus 20 cpus 82-85
0: mpibind: task  21 nths  3 gpus 21 cpus 86-87,89
0: mpibind: task  22 nths  3 gpus 22 cpus 90-92
0: mpibind: task  23 nths  3 gpus 23 cpus 93-95
0: jobid: f2SqDFb7m
0: 0.092s: flux-shell[1]: mpibind: 
0: mpibind: task   0 nths  3 gpus 0 cpus 1-4
0: mpibind: task   1 nths  3 gpus 1 cpus 5-7,9
0: mpibind: task   2 nths  3 gpus 2 cpus 10-13
0: mpibind: task   3 nths  3 gpus 3 cpus 14-15,17
0: mpibind: task   4 nths  3 gpus 4 cpus 18-20
0: mpibind: task   5 nths  3 gpus 5 cpus 21-23
0: mpibind: task   6 nths  3 gpus 6 cpus 25-28
0: mpibind: task   7 nths  3 gpus 7 cpus 29-31,33
0: mpibind: task   8 nths  3 gpus 8 cpus 34-37
0: mpibind: task   9 nths  3 gpus 9 cpus 38-39,41
0: mpibind: task  10 nths  3 gpus 10 cpus 42-44
0: mpibind: task  11 nths  3 gpus 11 cpus 45-47
0: mpibind: task  12 nths  3 gpus 12 cpus 49-52
0: mpibind: task  13 nths  3 gpus 13 cpus 53-55,57
0: mpibind: task  14 nths  3 gpus 14 cpus 58-61
0: mpibind: task  15 nths  3 gpus 15 cpus 62-63,65
0: mpibind: task  16 nths  3 gpus 16 cpus 66-68
0: mpibind: task  17 nths  3 gpus 17 cpus 69-71
0: mpibind: task  18 nths  3 gpus 18 cpus 73-76
0: mpibind: task  19 nths  3 gpus 19 cpus 77-79,81
0: mpibind: task  20 nths  3 gpus 20 cpus 82-85
0: mpibind: task  21 nths  3 gpus 21 cpus 86-87,89
0: mpibind: task  22 nths  3 gpus 22 cpus 90-92
0: mpibind: task  23 nths  3 gpus 23 cpus 93-95
0: 0.090s: flux-shell[0]: mpibind: 
0: mpibind: task   0 nths  3 gpus 0 cpus 1-4
0: mpibind: task   1 nths  3 gpus 1 cpus 5-7,9
0: mpibind: task   2 nths  3 gpus 2 cpus 10-13
0: mpibind: task   3 nths  3 gpus 3 cpus 14-15,17
0: mpibind: task   4 nths  3 gpus 4 cpus 18-20
0: mpibind: task   5 nths  3 gpus 5 cpus 21-23
0: mpibind: task   6 nths  3 gpus 6 cpus 25-28
0: mpibind: task   7 nths  3 gpus 7 cpus 29-31,33
0: mpibind: task   8 nths  3 gpus 8 cpus 34-37
0: mpibind: task   9 nths  3 gpus 9 cpus 38-39,41
0: mpibind: task  10 nths  3 gpus 10 cpus 42-44
0: mpibind: task  11 nths  3 gpus 11 cpus 45-47
0: mpibind: task  12 nths  3 gpus 12 cpus 49-52
0: mpibind: task  13 nths  3 gpus 13 cpus 53-55,57
0: mpibind: task  14 nths  3 gpus 14 cpus 58-61
0: mpibind: task  15 nths  3 gpus 15 cpus 62-63,65
0: mpibind: task  16 nths  3 gpus 16 cpus 66-68
0: mpibind: task  17 nths  3 gpus 17 cpus 69-71
0: mpibind: task  18 nths  3 gpus 18 cpus 73-76
0: mpibind: task  19 nths  3 gpus 19 cpus 77-79,81
0: mpibind: task  20 nths  3 gpus 20 cpus 82-85
0: mpibind: task  21 nths  3 gpus 21 cpus 86-87,89
0: mpibind: task  22 nths  3 gpus 22 cpus 90-92
0: mpibind: task  23 nths  3 gpus 23 cpus 93-95
0: jobid: f2Ywk9qnX
0: 0.089s: flux-shell[1]: mpibind: 
0: mpibind: task   0 nths  3 gpus 0 cpus 1-4
0: mpibind: task   1 nths  3 gpus 1 cpus 5-7,9
0: mpibind: task   2 nths  3 gpus 2 cpus 10-13
0: mpibind: task   3 nths  3 gpus 3 cpus 14-15,17
0: mpibind: task   4 nths  3 gpus 4 cpus 18-20
0: mpibind: task   5 nths  3 gpus 5 cpus 21-23
0: mpibind: task   6 nths  3 gpus 6 cpus 25-28
0: mpibind: task   7 nths  3 gpus 7 cpus 29-31,33
0: mpibind: task   8 nths  3 gpus 8 cpus 34-37
0: mpibind: task   9 nths  3 gpus 9 cpus 38-39,41
0: mpibind: task  10 nths  3 gpus 10 cpus 42-44
0: mpibind: task  11 nths  3 gpus 11 cpus 45-47
0: mpibind: task  12 nths  3 gpus 12 cpus 49-52
0: mpibind: task  13 nths  3 gpus 13 cpus 53-55,57
0: mpibind: task  14 nths  3 gpus 14 cpus 58-61
0: mpibind: task  15 nths  3 gpus 15 cpus 62-63,65
0: mpibind: task  16 nths  3 gpus 16 cpus 66-68
0: mpibind: task  17 nths  3 gpus 17 cpus 69-71
0: mpibind: task  18 nths  3 gpus 18 cpus 73-76
0: mpibind: task  19 nths  3 gpus 19 cpus 77-79,81
0: mpibind: task  20 nths  3 gpus 20 cpus 82-85
0: mpibind: task  21 nths  3 gpus 21 cpus 86-87,89
0: mpibind: task  22 nths  3 gpus 22 cpus 90-92
0: mpibind: task  23 nths  3 gpus 23 cpus 93-95
0: 0.091s: flux-shell[0]: mpibind: 
0: mpibind: task   0 nths  3 gpus 0 cpus 1-4
0: mpibind: task   1 nths  3 gpus 1 cpus 5-7,9
0: mpibind: task   2 nths  3 gpus 2 cpus 10-13
0: mpibind: task   3 nths  3 gpus 3 cpus 14-15,17
0: mpibind: task   4 nths  3 gpus 4 cpus 18-20
0: mpibind: task   5 nths  3 gpus 5 cpus 21-23
0: mpibind: task   6 nths  3 gpus 6 cpus 25-28
0: mpibind: task   7 nths  3 gpus 7 cpus 29-31,33
0: mpibind: task   8 nths  3 gpus 8 cpus 34-37
0: mpibind: task   9 nths  3 gpus 9 cpus 38-39,41
0: mpibind: task  10 nths  3 gpus 10 cpus 42-44
0: mpibind: task  11 nths  3 gpus 11 cpus 45-47
0: mpibind: task  12 nths  3 gpus 12 cpus 49-52
0: mpibind: task  13 nths  3 gpus 13 cpus 53-55,57
0: mpibind: task  14 nths  3 gpus 14 cpus 58-61
0: mpibind: task  15 nths  3 gpus 15 cpus 62-63,65
0: mpibind: task  16 nths  3 gpus 16 cpus 66-68
0: mpibind: task  17 nths  3 gpus 17 cpus 69-71
0: mpibind: task  18 nths  3 gpus 18 cpus 73-76
0: mpibind: task  19 nths  3 gpus 19 cpus 77-79,81
0: mpibind: task  20 nths  3 gpus 20 cpus 82-85
0: mpibind: task  21 nths  3 gpus 21 cpus 86-87,89
0: mpibind: task  22 nths  3 gpus 22 cpus 90-92
0: mpibind: task  23 nths  3 gpus 23 cpus 93-95
0: jobid: f2er8qybV
0: 0.090s: flux-shell[1]: mpibind: 
0: mpibind: task   0 nths  3 gpus 0 cpus 1-4
0: mpibind: task   1 nths  3 gpus 1 cpus 5-7,9
0: mpibind: task   2 nths  3 gpus 2 cpus 10-13
0: mpibind: task   3 nths  3 gpus 3 cpus 14-15,17
0: mpibind: task   4 nths  3 gpus 4 cpus 18-20
0: mpibind: task   5 nths  3 gpus 5 cpus 21-23
0: mpibind: task   6 nths  3 gpus 6 cpus 25-28
0: mpibind: task   7 nths  3 gpus 7 cpus 29-31,33
0: mpibind: task   8 nths  3 gpus 8 cpus 34-37
0: mpibind: task   9 nths  3 gpus 9 cpus 38-39,41
0: mpibind: task  10 nths  3 gpus 10 cpus 42-44
0: mpibind: task  11 nths  3 gpus 11 cpus 45-47
0: mpibind: task  12 nths  3 gpus 12 cpus 49-52
0: mpibind: task  13 nths  3 gpus 13 cpus 53-55,57
0: mpibind: task  14 nths  3 gpus 14 cpus 58-61
0: mpibind: task  15 nths  3 gpus 15 cpus 62-63,65
0: mpibind: task  16 nths  3 gpus 16 cpus 66-68
0: mpibind: task  17 nths  3 gpus 17 cpus 69-71
0: mpibind: task  18 nths  3 gpus 18 cpus 73-76
0: mpibind: task  19 nths  3 gpus 19 cpus 77-79,81
0: mpibind: task  20 nths  3 gpus 20 cpus 82-85
0: mpibind: task  21 nths  3 gpus 21 cpus 86-87,89
0: mpibind: task  22 nths  3 gpus 22 cpus 90-92
0: mpibind: task  23 nths  3 gpus 23 cpus 93-95
0: 0.085s: flux-shell[0]: mpibind: 
0: mpibind: task   0 nths  3 gpus 0 cpus 1-4
0: mpibind: task   1 nths  3 gpus 1 cpus 5-7,9
0: mpibind: task   2 nths  3 gpus 2 cpus 10-13
0: mpibind: task   3 nths  3 gpus 3 cpus 14-15,17
0: mpibind: task   4 nths  3 gpus 4 cpus 18-20
0: mpibind: task   5 nths  3 gpus 5 cpus 21-23
0: mpibind: task   6 nths  3 gpus 6 cpus 25-28
0: mpibind: task   7 nths  3 gpus 7 cpus 29-31,33
0: mpibind: task   8 nths  3 gpus 8 cpus 34-37
0: mpibind: task   9 nths  3 gpus 9 cpus 38-39,41
0: mpibind: task  10 nths  3 gpus 10 cpus 42-44
0: mpibind: task  11 nths  3 gpus 11 cpus 45-47
0: mpibind: task  12 nths  3 gpus 12 cpus 49-52
0: mpibind: task  13 nths  3 gpus 13 cpus 53-55,57
0: mpibind: task  14 nths  3 gpus 14 cpus 58-61
0: mpibind: task  15 nths  3 gpus 15 cpus 62-63,65
0: mpibind: task  16 nths  3 gpus 16 cpus 66-68
0: mpibind: task  17 nths  3 gpus 17 cpus 69-71
0: mpibind: task  18 nths  3 gpus 18 cpus 73-76
0: mpibind: task  19 nths  3 gpus 19 cpus 77-79,81
0: mpibind: task  20 nths  3 gpus 20 cpus 82-85
0: mpibind: task  21 nths  3 gpus 21 cpus 86-87,89
0: mpibind: task  22 nths  3 gpus 22 cpus 90-92
0: mpibind: task  23 nths  3 gpus 23 cpus 93-95
0: jobid: f2nSaacRD
0: 0.096s: flux-shell[1]: mpibind: 
0: mpibind: task   0 nths  3 gpus 0 cpus 1-4
0: mpibind: task   1 nths  3 gpus 1 cpus 5-7,9
0: mpibind: task   2 nths  3 gpus 2 cpus 10-13
0: mpibind: task   3 nths  3 gpus 3 cpus 14-15,17
0: mpibind: task   4 nths  3 gpus 4 cpus 18-20
0: mpibind: task   5 nths  3 gpus 5 cpus 21-23
0: mpibind: task   6 nths  3 gpus 6 cpus 25-28
0: mpibind: task   7 nths  3 gpus 7 cpus 29-31,33
0: mpibind: task   8 nths  3 gpus 8 cpus 34-37
0: mpibind: task   9 nths  3 gpus 9 cpus 38-39,41
0: mpibind: task  10 nths  3 gpus 10 cpus 42-44
0: mpibind: task  11 nths  3 gpus 11 cpus 45-47
0: mpibind: task  12 nths  3 gpus 12 cpus 49-52
0: mpibind: task  13 nths  3 gpus 13 cpus 53-55,57
0: mpibind: task  14 nths  3 gpus 14 cpus 58-61
0: mpibind: task  15 nths  3 gpus 15 cpus 62-63,65
0: mpibind: task  16 nths  3 gpus 16 cpus 66-68
0: mpibind: task  17 nths  3 gpus 17 cpus 69-71
0: mpibind: task  18 nths  3 gpus 18 cpus 73-76
0: mpibind: task  19 nths  3 gpus 19 cpus 77-79,81
0: mpibind: task  20 nths  3 gpus 20 cpus 82-85
0: mpibind: task  21 nths  3 gpus 21 cpus 86-87,89
0: mpibind: task  22 nths  3 gpus 22 cpus 90-92
0: mpibind: task  23 nths  3 gpus 23 cpus 93-95
0: 0.092s: flux-shell[0]: mpibind: 
0: mpibind: task   0 nths  3 gpus 0 cpus 1-4
0: mpibind: task   1 nths  3 gpus 1 cpus 5-7,9
0: mpibind: task   2 nths  3 gpus 2 cpus 10-13
0: mpibind: task   3 nths  3 gpus 3 cpus 14-15,17
0: mpibind: task   4 nths  3 gpus 4 cpus 18-20
0: mpibind: task   5 nths  3 gpus 5 cpus 21-23
0: mpibind: task   6 nths  3 gpus 6 cpus 25-28
0: mpibind: task   7 nths  3 gpus 7 cpus 29-31,33
0: mpibind: task   8 nths  3 gpus 8 cpus 34-37
0: mpibind: task   9 nths  3 gpus 9 cpus 38-39,41
0: mpibind: task  10 nths  3 gpus 10 cpus 42-44
0: mpibind: task  11 nths  3 gpus 11 cpus 45-47
0: mpibind: task  12 nths  3 gpus 12 cpus 49-52
0: mpibind: task  13 nths  3 gpus 13 cpus 53-55,57
0: mpibind: task  14 nths  3 gpus 14 cpus 58-61
0: mpibind: task  15 nths  3 gpus 15 cpus 62-63,65
0: mpibind: task  16 nths  3 gpus 16 cpus 66-68
0: mpibind: task  17 nths  3 gpus 17 cpus 69-71
0: mpibind: task  18 nths  3 gpus 18 cpus 73-76
0: mpibind: task  19 nths  3 gpus 19 cpus 77-79,81
0: mpibind: task  20 nths  3 gpus 20 cpus 82-85
0: mpibind: task  21 nths  3 gpus 21 cpus 86-87,89
0: mpibind: task  22 nths  3 gpus 22 cpus 90-92
0: mpibind: task  23 nths  3 gpus 23 cpus 93-95
0: jobid: f2tQq8snF
0: 0.089s: flux-shell[1]: mpibind: 
0: mpibind: task   0 nths  3 gpus 0 cpus 1-4
0: mpibind: task   1 nths  3 gpus 1 cpus 5-7,9
0: mpibind: task   2 nths  3 gpus 2 cpus 10-13
0: mpibind: task   3 nths  3 gpus 3 cpus 14-15,17
0: mpibind: task   4 nths  3 gpus 4 cpus 18-20
0: mpibind: task   5 nths  3 gpus 5 cpus 21-23
0: mpibind: task   6 nths  3 gpus 6 cpus 25-28
0: mpibind: task   7 nths  3 gpus 7 cpus 29-31,33
0: mpibind: task   8 nths  3 gpus 8 cpus 34-37
0: mpibind: task   9 nths  3 gpus 9 cpus 38-39,41
0: mpibind: task  10 nths  3 gpus 10 cpus 42-44
0: mpibind: task  11 nths  3 gpus 11 cpus 45-47
0: mpibind: task  12 nths  3 gpus 12 cpus 49-52
0: mpibind: task  13 nths  3 gpus 13 cpus 53-55,57
0: mpibind: task  14 nths  3 gpus 14 cpus 58-61
0: mpibind: task  15 nths  3 gpus 15 cpus 62-63,65
0: mpibind: task  16 nths  3 gpus 16 cpus 66-68
0: mpibind: task  17 nths  3 gpus 17 cpus 69-71
0: mpibind: task  18 nths  3 gpus 18 cpus 73-76
0: mpibind: task  19 nths  3 gpus 19 cpus 77-79,81
0: mpibind: task  20 nths  3 gpus 20 cpus 82-85
0: mpibind: task  21 nths  3 gpus 21 cpus 86-87,89
0: mpibind: task  22 nths  3 gpus 22 cpus 90-92
0: mpibind: task  23 nths  3 gpus 23 cpus 93-95
0: 0.089s: flux-shell[0]: mpibind: 
0: mpibind: task   0 nths  3 gpus 0 cpus 1-4
0: mpibind: task   1 nths  3 gpus 1 cpus 5-7,9
0: mpibind: task   2 nths  3 gpus 2 cpus 10-13
0: mpibind: task   3 nths  3 gpus 3 cpus 14-15,17
0: mpibind: task   4 nths  3 gpus 4 cpus 18-20
0: mpibind: task   5 nths  3 gpus 5 cpus 21-23
0: mpibind: task   6 nths  3 gpus 6 cpus 25-28
0: mpibind: task   7 nths  3 gpus 7 cpus 29-31,33
0: mpibind: task   8 nths  3 gpus 8 cpus 34-37
0: mpibind: task   9 nths  3 gpus 9 cpus 38-39,41
0: mpibind: task  10 nths  3 gpus 10 cpus 42-44
0: mpibind: task  11 nths  3 gpus 11 cpus 45-47
0: mpibind: task  12 nths  3 gpus 12 cpus 49-52
0: mpibind: task  13 nths  3 gpus 13 cpus 53-55,57
0: mpibind: task  14 nths  3 gpus 14 cpus 58-61
0: mpibind: task  15 nths  3 gpus 15 cpus 62-63,65
0: mpibind: task  16 nths  3 gpus 16 cpus 66-68
0: mpibind: task  17 nths  3 gpus 17 cpus 69-71
0: mpibind: task  18 nths  3 gpus 18 cpus 73-76
0: mpibind: task  19 nths  3 gpus 19 cpus 77-79,81
0: mpibind: task  20 nths  3 gpus 20 cpus 82-85
0: mpibind: task  21 nths  3 gpus 21 cpus 86-87,89
0: mpibind: task  22 nths  3 gpus 22 cpus 90-92
0: mpibind: task  23 nths  3 gpus 23 cpus 93-95
0: jobid: f2zTrvpqm
0: 0.091s: flux-shell[1]: mpibind: 
0: mpibind: task   0 nths  3 gpus 0 cpus 1-4
0: mpibind: task   1 nths  3 gpus 1 cpus 5-7,9
0: mpibind: task   2 nths  3 gpus 2 cpus 10-13
0: mpibind: task   3 nths  3 gpus 3 cpus 14-15,17
0: mpibind: task   4 nths  3 gpus 4 cpus 18-20
0: mpibind: task   5 nths  3 gpus 5 cpus 21-23
0: mpibind: task   6 nths  3 gpus 6 cpus 25-28
0: mpibind: task   7 nths  3 gpus 7 cpus 29-31,33
0: mpibind: task   8 nths  3 gpus 8 cpus 34-37
0: mpibind: task   9 nths  3 gpus 9 cpus 38-39,41
0: mpibind: task  10 nths  3 gpus 10 cpus 42-44
0: mpibind: task  11 nths  3 gpus 11 cpus 45-47
0: mpibind: task  12 nths  3 gpus 12 cpus 49-52
0: mpibind: task  13 nths  3 gpus 13 cpus 53-55,57
0: mpibind: task  14 nths  3 gpus 14 cpus 58-61
0: mpibind: task  15 nths  3 gpus 15 cpus 62-63,65
0: mpibind: task  16 nths  3 gpus 16 cpus 66-68
0: mpibind: task  17 nths  3 gpus 17 cpus 69-71
0: mpibind: task  18 nths  3 gpus 18 cpus 73-76
0: mpibind: task  19 nths  3 gpus 19 cpus 77-79,81
0: mpibind: task  20 nths  3 gpus 20 cpus 82-85
0: mpibind: task  21 nths  3 gpus 21 cpus 86-87,89
0: mpibind: task  22 nths  3 gpus 22 cpus 90-92
0: mpibind: task  23 nths  3 gpus 23 cpus 93-95
0: 0.088s: flux-shell[0]: mpibind: 
0: mpibind: task   0 nths  3 gpus 0 cpus 1-4
0: mpibind: task   1 nths  3 gpus 1 cpus 5-7,9
0: mpibind: task   2 nths  3 gpus 2 cpus 10-13
0: mpibind: task   3 nths  3 gpus 3 cpus 14-15,17
0: mpibind: task   4 nths  3 gpus 4 cpus 18-20
0: mpibind: task   5 nths  3 gpus 5 cpus 21-23
0: mpibind: task   6 nths  3 gpus 6 cpus 25-28
0: mpibind: task   7 nths  3 gpus 7 cpus 29-31,33
0: mpibind: task   8 nths  3 gpus 8 cpus 34-37
0: mpibind: task   9 nths  3 gpus 9 cpus 38-39,41
0: mpibind: task  10 nths  3 gpus 10 cpus 42-44
0: mpibind: task  11 nths  3 gpus 11 cpus 45-47
0: mpibind: task  12 nths  3 gpus 12 cpus 49-52
0: mpibind: task  13 nths  3 gpus 13 cpus 53-55,57
0: mpibind: task  14 nths  3 gpus 14 cpus 58-61
0: mpibind: task  15 nths  3 gpus 15 cpus 62-63,65
0: mpibind: task  16 nths  3 gpus 16 cpus 66-68
0: mpibind: task  17 nths  3 gpus 17 cpus 69-71
0: mpibind: task  18 nths  3 gpus 18 cpus 73-76
0: mpibind: task  19 nths  3 gpus 19 cpus 77-79,81
0: mpibind: task  20 nths  3 gpus 20 cpus 82-85
0: mpibind: task  21 nths  3 gpus 21 cpus 86-87,89
0: mpibind: task  22 nths  3 gpus 22 cpus 90-92
0: mpibind: task  23 nths  3 gpus 23 cpus 93-95
0: jobid: f38aYWp3R
0: 0.093s: flux-shell[1]: mpibind: 
0: mpibind: task   0 nths  3 gpus 0 cpus 1-4
0: mpibind: task   1 nths  3 gpus 1 cpus 5-7,9
0: mpibind: task   2 nths  3 gpus 2 cpus 10-13
0: mpibind: task   3 nths  3 gpus 3 cpus 14-15,17
0: mpibind: task   4 nths  3 gpus 4 cpus 18-20
0: mpibind: task   5 nths  3 gpus 5 cpus 21-23
0: mpibind: task   6 nths  3 gpus 6 cpus 25-28
0: mpibind: task   7 nths  3 gpus 7 cpus 29-31,33
0: mpibind: task   8 nths  3 gpus 8 cpus 34-37
0: mpibind: task   9 nths  3 gpus 9 cpus 38-39,41
0: mpibind: task  10 nths  3 gpus 10 cpus 42-44
0: mpibind: task  11 nths  3 gpus 11 cpus 45-47
0: mpibind: task  12 nths  3 gpus 12 cpus 49-52
0: mpibind: task  13 nths  3 gpus 13 cpus 53-55,57
0: mpibind: task  14 nths  3 gpus 14 cpus 58-61
0: mpibind: task  15 nths  3 gpus 15 cpus 62-63,65
0: mpibind: task  16 nths  3 gpus 16 cpus 66-68
0: mpibind: task  17 nths  3 gpus 17 cpus 69-71
0: mpibind: task  18 nths  3 gpus 18 cpus 73-76
0: mpibind: task  19 nths  3 gpus 19 cpus 77-79,81
0: mpibind: task  20 nths  3 gpus 20 cpus 82-85
0: mpibind: task  21 nths  3 gpus 21 cpus 86-87,89
0: mpibind: task  22 nths  3 gpus 22 cpus 90-92
0: mpibind: task  23 nths  3 gpus 23 cpus 93-95
0: 0.091s: flux-shell[0]: mpibind: 
0: mpibind: task   0 nths  3 gpus 0 cpus 1-4
0: mpibind: task   1 nths  3 gpus 1 cpus 5-7,9
0: mpibind: task   2 nths  3 gpus 2 cpus 10-13
0: mpibind: task   3 nths  3 gpus 3 cpus 14-15,17
0: mpibind: task   4 nths  3 gpus 4 cpus 18-20
0: mpibind: task   5 nths  3 gpus 5 cpus 21-23
0: mpibind: task   6 nths  3 gpus 6 cpus 25-28
0: mpibind: task   7 nths  3 gpus 7 cpus 29-31,33
0: mpibind: task   8 nths  3 gpus 8 cpus 34-37
0: mpibind: task   9 nths  3 gpus 9 cpus 38-39,41
0: mpibind: task  10 nths  3 gpus 10 cpus 42-44
0: mpibind: task  11 nths  3 gpus 11 cpus 45-47
0: mpibind: task  12 nths  3 gpus 12 cpus 49-52
0: mpibind: task  13 nths  3 gpus 13 cpus 53-55,57
0: mpibind: task  14 nths  3 gpus 14 cpus 58-61
0: mpibind: task  15 nths  3 gpus 15 cpus 62-63,65
0: mpibind: task  16 nths  3 gpus 16 cpus 66-68
0: mpibind: task  17 nths  3 gpus 17 cpus 69-71
0: mpibind: task  18 nths  3 gpus 18 cpus 73-76
0: mpibind: task  19 nths  3 gpus 19 cpus 77-79,81
0: mpibind: task  20 nths  3 gpus 20 cpus 82-85
0: mpibind: task  21 nths  3 gpus 21 cpus 86-87,89
0: mpibind: task  22 nths  3 gpus 22 cpus 90-92
0: mpibind: task  23 nths  3 gpus 23 cpus 93-95
0: jobid: f3FKoqGfh
0: 0.093s: flux-shell[1]: mpibind: 
0: mpibind: task   0 nths  3 gpus 0 cpus 1-4
0: mpibind: task   1 nths  3 gpus 1 cpus 5-7,9
0: mpibind: task   2 nths  3 gpus 2 cpus 10-13
0: mpibind: task   3 nths  3 gpus 3 cpus 14-15,17
0: mpibind: task   4 nths  3 gpus 4 cpus 18-20
0: mpibind: task   5 nths  3 gpus 5 cpus 21-23
0: mpibind: task   6 nths  3 gpus 6 cpus 25-28
0: mpibind: task   7 nths  3 gpus 7 cpus 29-31,33
0: mpibind: task   8 nths  3 gpus 8 cpus 34-37
0: mpibind: task   9 nths  3 gpus 9 cpus 38-39,41
0: mpibind: task  10 nths  3 gpus 10 cpus 42-44
0: mpibind: task  11 nths  3 gpus 11 cpus 45-47
0: mpibind: task  12 nths  3 gpus 12 cpus 49-52
0: mpibind: task  13 nths  3 gpus 13 cpus 53-55,57
0: mpibind: task  14 nths  3 gpus 14 cpus 58-61
0: mpibind: task  15 nths  3 gpus 15 cpus 62-63,65
0: mpibind: task  16 nths  3 gpus 16 cpus 66-68
0: mpibind: task  17 nths  3 gpus 17 cpus 69-71
0: mpibind: task  18 nths  3 gpus 18 cpus 73-76
0: mpibind: task  19 nths  3 gpus 19 cpus 77-79,81
0: mpibind: task  20 nths  3 gpus 20 cpus 82-85
0: mpibind: task  21 nths  3 gpus 21 cpus 86-87,89
0: mpibind: task  22 nths  3 gpus 22 cpus 90-92
0: mpibind: task  23 nths  3 gpus 23 cpus 93-95
0: 0.091s: flux-shell[0]: mpibind: 
0: mpibind: task   0 nths  3 gpus 0 cpus 1-4
0: mpibind: task   1 nths  3 gpus 1 cpus 5-7,9
0: mpibind: task   2 nths  3 gpus 2 cpus 10-13
0: mpibind: task   3 nths  3 gpus 3 cpus 14-15,17
0: mpibind: task   4 nths  3 gpus 4 cpus 18-20
0: mpibind: task   5 nths  3 gpus 5 cpus 21-23
0: mpibind: task   6 nths  3 gpus 6 cpus 25-28
0: mpibind: task   7 nths  3 gpus 7 cpus 29-31,33
0: mpibind: task   8 nths  3 gpus 8 cpus 34-37
0: mpibind: task   9 nths  3 gpus 9 cpus 38-39,41
0: mpibind: task  10 nths  3 gpus 10 cpus 42-44
0: mpibind: task  11 nths  3 gpus 11 cpus 45-47
0: mpibind: task  12 nths  3 gpus 12 cpus 49-52
0: mpibind: task  13 nths  3 gpus 13 cpus 53-55,57
0: mpibind: task  14 nths  3 gpus 14 cpus 58-61
0: mpibind: task  15 nths  3 gpus 15 cpus 62-63,65
0: mpibind: task  16 nths  3 gpus 16 cpus 66-68
0: mpibind: task  17 nths  3 gpus 17 cpus 69-71
0: mpibind: task  18 nths  3 gpus 18 cpus 73-76
0: mpibind: task  19 nths  3 gpus 19 cpus 77-79,81
0: mpibind: task  20 nths  3 gpus 20 cpus 82-85
0: mpibind: task  21 nths  3 gpus 21 cpus 86-87,89
0: mpibind: task  22 nths  3 gpus 22 cpus 90-92
0: mpibind: task  23 nths  3 gpus 23 cpus 93-95
0: jobid: f3NEWDAHD
0: 0.090s: flux-shell[1]: mpibind: 
0: mpibind: task   0 nths  3 gpus 0 cpus 1-4
0: mpibind: task   1 nths  3 gpus 1 cpus 5-7,9
0: mpibind: task   2 nths  3 gpus 2 cpus 10-13
0: mpibind: task   3 nths  3 gpus 3 cpus 14-15,17
0: mpibind: task   4 nths  3 gpus 4 cpus 18-20
0: mpibind: task   5 nths  3 gpus 5 cpus 21-23
0: mpibind: task   6 nths  3 gpus 6 cpus 25-28
0: mpibind: task   7 nths  3 gpus 7 cpus 29-31,33
0: mpibind: task   8 nths  3 gpus 8 cpus 34-37
0: mpibind: task   9 nths  3 gpus 9 cpus 38-39,41
0: mpibind: task  10 nths  3 gpus 10 cpus 42-44
0: mpibind: task  11 nths  3 gpus 11 cpus 45-47
0: mpibind: task  12 nths  3 gpus 12 cpus 49-52
0: mpibind: task  13 nths  3 gpus 13 cpus 53-55,57
0: mpibind: task  14 nths  3 gpus 14 cpus 58-61
0: mpibind: task  15 nths  3 gpus 15 cpus 62-63,65
0: mpibind: task  16 nths  3 gpus 16 cpus 66-68
0: mpibind: task  17 nths  3 gpus 17 cpus 69-71
0: mpibind: task  18 nths  3 gpus 18 cpus 73-76
0: mpibind: task  19 nths  3 gpus 19 cpus 77-79,81
0: mpibind: task  20 nths  3 gpus 20 cpus 82-85
0: mpibind: task  21 nths  3 gpus 21 cpus 86-87,89
0: mpibind: task  22 nths  3 gpus 22 cpus 90-92
0: mpibind: task  23 nths  3 gpus 23 cpus 93-95
0: 0.090s: flux-shell[0]: mpibind: 
0: mpibind: task   0 nths  3 gpus 0 cpus 1-4
0: mpibind: task   1 nths  3 gpus 1 cpus 5-7,9
0: mpibind: task   2 nths  3 gpus 2 cpus 10-13
0: mpibind: task   3 nths  3 gpus 3 cpus 14-15,17
0: mpibind: task   4 nths  3 gpus 4 cpus 18-20
0: mpibind: task   5 nths  3 gpus 5 cpus 21-23
0: mpibind: task   6 nths  3 gpus 6 cpus 25-28
0: mpibind: task   7 nths  3 gpus 7 cpus 29-31,33
0: mpibind: task   8 nths  3 gpus 8 cpus 34-37
0: mpibind: task   9 nths  3 gpus 9 cpus 38-39,41
0: mpibind: task  10 nths  3 gpus 10 cpus 42-44
0: mpibind: task  11 nths  3 gpus 11 cpus 45-47
0: mpibind: task  12 nths  3 gpus 12 cpus 49-52
0: mpibind: task  13 nths  3 gpus 13 cpus 53-55,57
0: mpibind: task  14 nths  3 gpus 14 cpus 58-61
0: mpibind: task  15 nths  3 gpus 15 cpus 62-63,65
0: mpibind: task  16 nths  3 gpus 16 cpus 66-68
0: mpibind: task  17 nths  3 gpus 17 cpus 69-71
0: mpibind: task  18 nths  3 gpus 18 cpus 73-76
0: mpibind: task  19 nths  3 gpus 19 cpus 77-79,81
0: mpibind: task  20 nths  3 gpus 20 cpus 82-85
0: mpibind: task  21 nths  3 gpus 21 cpus 86-87,89
0: mpibind: task  22 nths  3 gpus 22 cpus 90-92
0: mpibind: task  23 nths  3 gpus 23 cpus 93-95
