0: 
0: Lmod is automatically replacing "cce/20.0.0" with "rocmcc/7.2.1-magic".
0: 
0: 
0: Due to MODULEPATH changes, the following have been reloaded:
0:   1) cray-libsci/25.09.0
0: 
0: The following have been reloaded with a version change:
0:   1) cray-mpich/9.0.1 => cray-mpich/9.1.0
0: 
0: jobid: f25HxpmM
0: 0.114s: flux-shell[0]: mpibind: 
0: mpibind: task   0 nths  3 gpus 0 cpus 1-4
0: mpibind: task   1 nths  3 gpus 1 cpus 5-7,9
0: mpibind: task   2 nths  3 gpus 2 cpus 10-13
0: mpibind: task   3 nths  3 gpus 3 cpus 14-15,17
0: mpibind: task   4 nths  3 gpus 4 cpus 18-20
0: mpibind: task   5 nths  3 gpus 5 cpus 21-23
0: mpibind: task   6 nths  3 gpus 6 cpus 25-28
0: mpibind: task   7 nths  3 gpus 7 cpus 29-31,33
0: mpibind: task   8 nths  3 gpus 8 cpus 34-37
0: mpibind: task   9 nths  3 gpus 9 cpus 38-39,41
0: mpibind: task  10 nths  3 gpus 10 cpus 42-44
0: mpibind: task  11 nths  3 gpus 11 cpus 45-47
0: mpibind: task  12 nths  3 gpus 12 cpus 49-52
0: mpibind: task  13 nths  3 gpus 13 cpus 53-55,57
0: mpibind: task  14 nths  3 gpus 14 cpus 58-61
0: mpibind: task  15 nths  3 gpus 15 cpus 62-63,65
0: mpibind: task  16 nths  3 gpus 16 cpus 66-68
0: mpibind: task  17 nths  3 gpus 17 cpus 69-71
0: mpibind: task  18 nths  3 gpus 18 cpus 73-76
0: mpibind: task  19 nths  3 gpus 19 cpus 77-79,81
0: mpibind: task  20 nths  3 gpus 20 cpus 82-85
0: mpibind: task  21 nths  3 gpus 21 cpus 86-87,89
0: mpibind: task  22 nths  3 gpus 22 cpus 90-92
0: mpibind: task  23 nths  3 gpus 23 cpus 93-95
0: jobid: fFNod5ZH
0: 0.087s: flux-shell[0]: mpibind: 
0: mpibind: task   0 nths  3 gpus 0 cpus 1-4
0: mpibind: task   1 nths  3 gpus 1 cpus 5-7,9
0: mpibind: task   2 nths  3 gpus 2 cpus 10-13
0: mpibind: task   3 nths  3 gpus 3 cpus 14-15,17
0: mpibind: task   4 nths  3 gpus 4 cpus 18-20
0: mpibind: task   5 nths  3 gpus 5 cpus 21-23
0: mpibind: task   6 nths  3 gpus 6 cpus 25-28
0: mpibind: task   7 nths  3 gpus 7 cpus 29-31,33
0: mpibind: task   8 nths  3 gpus 8 cpus 34-37
0: mpibind: task   9 nths  3 gpus 9 cpus 38-39,41
0: mpibind: task  10 nths  3 gpus 10 cpus 42-44
0: mpibind: task  11 nths  3 gpus 11 cpus 45-47
0: mpibind: task  12 nths  3 gpus 12 cpus 49-52
0: mpibind: task  13 nths  3 gpus 13 cpus 53-55,57
0: mpibind: task  14 nths  3 gpus 14 cpus 58-61
0: mpibind: task  15 nths  3 gpus 15 cpus 62-63,65
0: mpibind: task  16 nths  3 gpus 16 cpus 66-68
0: mpibind: task  17 nths  3 gpus 17 cpus 69-71
0: mpibind: task  18 nths  3 gpus 18 cpus 73-76
0: mpibind: task  19 nths  3 gpus 19 cpus 77-79,81
0: mpibind: task  20 nths  3 gpus 20 cpus 82-85
0: mpibind: task  21 nths  3 gpus 21 cpus 86-87,89
0: mpibind: task  22 nths  3 gpus 22 cpus 90-92
0: mpibind: task  23 nths  3 gpus 23 cpus 93-95
0: jobid: fKrzT35H
0: 0.085s: flux-shell[0]: mpibind: 
0: mpibind: task   0 nths  3 gpus 0 cpus 1-4
0: mpibind: task   1 nths  3 gpus 1 cpus 5-7,9
0: mpibind: task   2 nths  3 gpus 2 cpus 10-13
0: mpibind: task   3 nths  3 gpus 3 cpus 14-15,17
0: mpibind: task   4 nths  3 gpus 4 cpus 18-20
0: mpibind: task   5 nths  3 gpus 5 cpus 21-23
0: mpibind: task   6 nths  3 gpus 6 cpus 25-28
0: mpibind: task   7 nths  3 gpus 7 cpus 29-31,33
0: mpibind: task   8 nths  3 gpus 8 cpus 34-37
0: mpibind: task   9 nths  3 gpus 9 cpus 38-39,41
0: mpibind: task  10 nths  3 gpus 10 cpus 42-44
0: mpibind: task  11 nths  3 gpus 11 cpus 45-47
0: mpibind: task  12 nths  3 gpus 12 cpus 49-52
0: mpibind: task  13 nths  3 gpus 13 cpus 53-55,57
0: mpibind: task  14 nths  3 gpus 14 cpus 58-61
0: mpibind: task  15 nths  3 gpus 15 cpus 62-63,65
0: mpibind: task  16 nths  3 gpus 16 cpus 66-68
0: mpibind: task  17 nths  3 gpus 17 cpus 69-71
0: mpibind: task  18 nths  3 gpus 18 cpus 73-76
0: mpibind: task  19 nths  3 gpus 19 cpus 77-79,81
0: mpibind: task  20 nths  3 gpus 20 cpus 82-85
0: mpibind: task  21 nths  3 gpus 21 cpus 86-87,89
0: mpibind: task  22 nths  3 gpus 22 cpus 90-92
0: mpibind: task  23 nths  3 gpus 23 cpus 93-95
0: jobid: fS526dLB
0: 0.086s: flux-shell[0]: mpibind: 
0: mpibind: task   0 nths  3 gpus 0 cpus 1-4
0: mpibind: task   1 nths  3 gpus 1 cpus 5-7,9
0: mpibind: task   2 nths  3 gpus 2 cpus 10-13
0: mpibind: task   3 nths  3 gpus 3 cpus 14-15,17
0: mpibind: task   4 nths  3 gpus 4 cpus 18-20
0: mpibind: task   5 nths  3 gpus 5 cpus 21-23
0: mpibind: task   6 nths  3 gpus 6 cpus 25-28
0: mpibind: task   7 nths  3 gpus 7 cpus 29-31,33
0: mpibind: task   8 nths  3 gpus 8 cpus 34-37
0: mpibind: task   9 nths  3 gpus 9 cpus 38-39,41
0: mpibind: task  10 nths  3 gpus 10 cpus 42-44
0: mpibind: task  11 nths  3 gpus 11 cpus 45-47
0: mpibind: task  12 nths  3 gpus 12 cpus 49-52
0: mpibind: task  13 nths  3 gpus 13 cpus 53-55,57
0: mpibind: task  14 nths  3 gpus 14 cpus 58-61
0: mpibind: task  15 nths  3 gpus 15 cpus 62-63,65
0: mpibind: task  16 nths  3 gpus 16 cpus 66-68
0: mpibind: task  17 nths  3 gpus 17 cpus 69-71
0: mpibind: task  18 nths  3 gpus 18 cpus 73-76
0: mpibind: task  19 nths  3 gpus 19 cpus 77-79,81
0: mpibind: task  20 nths  3 gpus 20 cpus 82-85
0: mpibind: task  21 nths  3 gpus 21 cpus 86-87,89
0: mpibind: task  22 nths  3 gpus 22 cpus 90-92
0: mpibind: task  23 nths  3 gpus 23 cpus 93-95
0: jobid: fWWj7nWj
0: 0.084s: flux-shell[0]: mpibind: 
0: mpibind: task   0 nths  3 gpus 0 cpus 1-4
0: mpibind: task   1 nths  3 gpus 1 cpus 5-7,9
0: mpibind: task   2 nths  3 gpus 2 cpus 10-13
0: mpibind: task   3 nths  3 gpus 3 cpus 14-15,17
0: mpibind: task   4 nths  3 gpus 4 cpus 18-20
0: mpibind: task   5 nths  3 gpus 5 cpus 21-23
0: mpibind: task   6 nths  3 gpus 6 cpus 25-28
0: mpibind: task   7 nths  3 gpus 7 cpus 29-31,33
0: mpibind: task   8 nths  3 gpus 8 cpus 34-37
0: mpibind: task   9 nths  3 gpus 9 cpus 38-39,41
0: mpibind: task  10 nths  3 gpus 10 cpus 42-44
0: mpibind: task  11 nths  3 gpus 11 cpus 45-47
0: mpibind: task  12 nths  3 gpus 12 cpus 49-52
0: mpibind: task  13 nths  3 gpus 13 cpus 53-55,57
0: mpibind: task  14 nths  3 gpus 14 cpus 58-61
0: mpibind: task  15 nths  3 gpus 15 cpus 62-63,65
0: mpibind: task  16 nths  3 gpus 16 cpus 66-68
0: mpibind: task  17 nths  3 gpus 17 cpus 69-71
0: mpibind: task  18 nths  3 gpus 18 cpus 73-76
0: mpibind: task  19 nths  3 gpus 19 cpus 77-79,81
0: mpibind: task  20 nths  3 gpus 20 cpus 82-85
0: mpibind: task  21 nths  3 gpus 21 cpus 86-87,89
0: mpibind: task  22 nths  3 gpus 22 cpus 90-92
0: mpibind: task  23 nths  3 gpus 23 cpus 93-95
0: jobid: fbEh34vb
0: 0.085s: flux-shell[0]: mpibind: 
0: mpibind: task   0 nths  3 gpus 0 cpus 1-4
0: mpibind: task   1 nths  3 gpus 1 cpus 5-7,9
0: mpibind: task   2 nths  3 gpus 2 cpus 10-13
0: mpibind: task   3 nths  3 gpus 3 cpus 14-15,17
0: mpibind: task   4 nths  3 gpus 4 cpus 18-20
0: mpibind: task   5 nths  3 gpus 5 cpus 21-23
0: mpibind: task   6 nths  3 gpus 6 cpus 25-28
0: mpibind: task   7 nths  3 gpus 7 cpus 29-31,33
0: mpibind: task   8 nths  3 gpus 8 cpus 34-37
0: mpibind: task   9 nths  3 gpus 9 cpus 38-39,41
0: mpibind: task  10 nths  3 gpus 10 cpus 42-44
0: mpibind: task  11 nths  3 gpus 11 cpus 45-47
0: mpibind: task  12 nths  3 gpus 12 cpus 49-52
0: mpibind: task  13 nths  3 gpus 13 cpus 53-55,57
0: mpibind: task  14 nths  3 gpus 14 cpus 58-61
0: mpibind: task  15 nths  3 gpus 15 cpus 62-63,65
0: mpibind: task  16 nths  3 gpus 16 cpus 66-68
0: mpibind: task  17 nths  3 gpus 17 cpus 69-71
0: mpibind: task  18 nths  3 gpus 18 cpus 73-76
0: mpibind: task  19 nths  3 gpus 19 cpus 77-79,81
0: mpibind: task  20 nths  3 gpus 20 cpus 82-85
0: mpibind: task  21 nths  3 gpus 21 cpus 86-87,89
0: mpibind: task  22 nths  3 gpus 22 cpus 90-92
0: mpibind: task  23 nths  3 gpus 23 cpus 93-95
0: jobid: fgTMrSoh
0: 0.088s: flux-shell[0]: mpibind: 
0: mpibind: task   0 nths  3 gpus 0 cpus 1-4
0: mpibind: task   1 nths  3 gpus 1 cpus 5-7,9
0: mpibind: task   2 nths  3 gpus 2 cpus 10-13
0: mpibind: task   3 nths  3 gpus 3 cpus 14-15,17
0: mpibind: task   4 nths  3 gpus 4 cpus 18-20
0: mpibind: task   5 nths  3 gpus 5 cpus 21-23
0: mpibind: task   6 nths  3 gpus 6 cpus 25-28
0: mpibind: task   7 nths  3 gpus 7 cpus 29-31,33
0: mpibind: task   8 nths  3 gpus 8 cpus 34-37
0: mpibind: task   9 nths  3 gpus 9 cpus 38-39,41
0: mpibind: task  10 nths  3 gpus 10 cpus 42-44
0: mpibind: task  11 nths  3 gpus 11 cpus 45-47
0: mpibind: task  12 nths  3 gpus 12 cpus 49-52
0: mpibind: task  13 nths  3 gpus 13 cpus 53-55,57
0: mpibind: task  14 nths  3 gpus 14 cpus 58-61
0: mpibind: task  15 nths  3 gpus 15 cpus 62-63,65
0: mpibind: task  16 nths  3 gpus 16 cpus 66-68
0: mpibind: task  17 nths  3 gpus 17 cpus 69-71
0: mpibind: task  18 nths  3 gpus 18 cpus 73-76
0: mpibind: task  19 nths  3 gpus 19 cpus 77-79,81
0: mpibind: task  20 nths  3 gpus 20 cpus 82-85
0: mpibind: task  21 nths  3 gpus 21 cpus 86-87,89
0: mpibind: task  22 nths  3 gpus 22 cpus 90-92
0: mpibind: task  23 nths  3 gpus 23 cpus 93-95
0: jobid: fmqcdBN7
0: 0.087s: flux-shell[0]: mpibind: 
0: mpibind: task   0 nths  3 gpus 0 cpus 1-4
0: mpibind: task   1 nths  3 gpus 1 cpus 5-7,9
0: mpibind: task   2 nths  3 gpus 2 cpus 10-13
0: mpibind: task   3 nths  3 gpus 3 cpus 14-15,17
0: mpibind: task   4 nths  3 gpus 4 cpus 18-20
0: mpibind: task   5 nths  3 gpus 5 cpus 21-23
0: mpibind: task   6 nths  3 gpus 6 cpus 25-28
0: mpibind: task   7 nths  3 gpus 7 cpus 29-31,33
0: mpibind: task   8 nths  3 gpus 8 cpus 34-37
0: mpibind: task   9 nths  3 gpus 9 cpus 38-39,41
0: mpibind: task  10 nths  3 gpus 10 cpus 42-44
0: mpibind: task  11 nths  3 gpus 11 cpus 45-47
0: mpibind: task  12 nths  3 gpus 12 cpus 49-52
0: mpibind: task  13 nths  3 gpus 13 cpus 53-55,57
0: mpibind: task  14 nths  3 gpus 14 cpus 58-61
0: mpibind: task  15 nths  3 gpus 15 cpus 62-63,65
0: mpibind: task  16 nths  3 gpus 16 cpus 66-68
0: mpibind: task  17 nths  3 gpus 17 cpus 69-71
0: mpibind: task  18 nths  3 gpus 18 cpus 73-76
0: mpibind: task  19 nths  3 gpus 19 cpus 77-79,81
0: mpibind: task  20 nths  3 gpus 20 cpus 82-85
0: mpibind: task  21 nths  3 gpus 21 cpus 86-87,89
0: mpibind: task  22 nths  3 gpus 22 cpus 90-92
0: mpibind: task  23 nths  3 gpus 23 cpus 93-95
0: jobid: ftHRN6Ws
0: 0.086s: flux-shell[0]: mpibind: 
0: mpibind: task   0 nths  3 gpus 0 cpus 1-4
0: mpibind: task   1 nths  3 gpus 1 cpus 5-7,9
0: mpibind: task   2 nths  3 gpus 2 cpus 10-13
0: mpibind: task   3 nths  3 gpus 3 cpus 14-15,17
0: mpibind: task   4 nths  3 gpus 4 cpus 18-20
0: mpibind: task   5 nths  3 gpus 5 cpus 21-23
0: mpibind: task   6 nths  3 gpus 6 cpus 25-28
0: mpibind: task   7 nths  3 gpus 7 cpus 29-31,33
0: mpibind: task   8 nths  3 gpus 8 cpus 34-37
0: mpibind: task   9 nths  3 gpus 9 cpus 38-39,41
0: mpibind: task  10 nths  3 gpus 10 cpus 42-44
0: mpibind: task  11 nths  3 gpus 11 cpus 45-47
0: mpibind: task  12 nths  3 gpus 12 cpus 49-52
0: mpibind: task  13 nths  3 gpus 13 cpus 53-55,57
0: mpibind: task  14 nths  3 gpus 14 cpus 58-61
0: mpibind: task  15 nths  3 gpus 15 cpus 62-63,65
0: mpibind: task  16 nths  3 gpus 16 cpus 66-68
0: mpibind: task  17 nths  3 gpus 17 cpus 69-71
0: mpibind: task  18 nths  3 gpus 18 cpus 73-76
0: mpibind: task  19 nths  3 gpus 19 cpus 77-79,81
0: mpibind: task  20 nths  3 gpus 20 cpus 82-85
0: mpibind: task  21 nths  3 gpus 21 cpus 86-87,89
0: mpibind: task  22 nths  3 gpus 22 cpus 90-92
0: mpibind: task  23 nths  3 gpus 23 cpus 93-95
0: jobid: f21FYQKtb
0: 0.086s: flux-shell[0]: mpibind: 
0: mpibind: task   0 nths  3 gpus 0 cpus 1-4
0: mpibind: task   1 nths  3 gpus 1 cpus 5-7,9
0: mpibind: task   2 nths  3 gpus 2 cpus 10-13
0: mpibind: task   3 nths  3 gpus 3 cpus 14-15,17
0: mpibind: task   4 nths  3 gpus 4 cpus 18-20
0: mpibind: task   5 nths  3 gpus 5 cpus 21-23
0: mpibind: task   6 nths  3 gpus 6 cpus 25-28
0: mpibind: task   7 nths  3 gpus 7 cpus 29-31,33
0: mpibind: task   8 nths  3 gpus 8 cpus 34-37
0: mpibind: task   9 nths  3 gpus 9 cpus 38-39,41
0: mpibind: task  10 nths  3 gpus 10 cpus 42-44
0: mpibind: task  11 nths  3 gpus 11 cpus 45-47
0: mpibind: task  12 nths  3 gpus 12 cpus 49-52
0: mpibind: task  13 nths  3 gpus 13 cpus 53-55,57
0: mpibind: task  14 nths  3 gpus 14 cpus 58-61
0: mpibind: task  15 nths  3 gpus 15 cpus 62-63,65
0: mpibind: task  16 nths  3 gpus 16 cpus 66-68
0: mpibind: task  17 nths  3 gpus 17 cpus 69-71
0: mpibind: task  18 nths  3 gpus 18 cpus 73-76
0: mpibind: task  19 nths  3 gpus 19 cpus 77-79,81
0: mpibind: task  20 nths  3 gpus 20 cpus 82-85
0: mpibind: task  21 nths  3 gpus 21 cpus 86-87,89
0: mpibind: task  22 nths  3 gpus 22 cpus 90-92
0: mpibind: task  23 nths  3 gpus 23 cpus 93-95
0: jobid: f25kNHyTD
0: 0.085s: flux-shell[0]: mpibind: 
0: mpibind: task   0 nths  3 gpus 0 cpus 1-4
0: mpibind: task   1 nths  3 gpus 1 cpus 5-7,9
0: mpibind: task   2 nths  3 gpus 2 cpus 10-13
0: mpibind: task   3 nths  3 gpus 3 cpus 14-15,17
0: mpibind: task   4 nths  3 gpus 4 cpus 18-20
0: mpibind: task   5 nths  3 gpus 5 cpus 21-23
0: mpibind: task   6 nths  3 gpus 6 cpus 25-28
0: mpibind: task   7 nths  3 gpus 7 cpus 29-31,33
0: mpibind: task   8 nths  3 gpus 8 cpus 34-37
0: mpibind: task   9 nths  3 gpus 9 cpus 38-39,41
0: mpibind: task  10 nths  3 gpus 10 cpus 42-44
0: mpibind: task  11 nths  3 gpus 11 cpus 45-47
0: mpibind: task  12 nths  3 gpus 12 cpus 49-52
0: mpibind: task  13 nths  3 gpus 13 cpus 53-55,57
0: mpibind: task  14 nths  3 gpus 14 cpus 58-61
0: mpibind: task  15 nths  3 gpus 15 cpus 62-63,65
0: mpibind: task  16 nths  3 gpus 16 cpus 66-68
0: mpibind: task  17 nths  3 gpus 17 cpus 69-71
0: mpibind: task  18 nths  3 gpus 18 cpus 73-76
0: mpibind: task  19 nths  3 gpus 19 cpus 77-79,81
0: mpibind: task  20 nths  3 gpus 20 cpus 82-85
0: mpibind: task  21 nths  3 gpus 21 cpus 86-87,89
0: mpibind: task  22 nths  3 gpus 22 cpus 90-92
0: mpibind: task  23 nths  3 gpus 23 cpus 93-95
0: jobid: f2AFVyUPy
0: 0.086s: flux-shell[0]: mpibind: 
0: mpibind: task   0 nths  3 gpus 0 cpus 1-4
0: mpibind: task   1 nths  3 gpus 1 cpus 5-7,9
0: mpibind: task   2 nths  3 gpus 2 cpus 10-13
0: mpibind: task   3 nths  3 gpus 3 cpus 14-15,17
0: mpibind: task   4 nths  3 gpus 4 cpus 18-20
0: mpibind: task   5 nths  3 gpus 5 cpus 21-23
0: mpibind: task   6 nths  3 gpus 6 cpus 25-28
0: mpibind: task   7 nths  3 gpus 7 cpus 29-31,33
0: mpibind: task   8 nths  3 gpus 8 cpus 34-37
0: mpibind: task   9 nths  3 gpus 9 cpus 38-39,41
0: mpibind: task  10 nths  3 gpus 10 cpus 42-44
0: mpibind: task  11 nths  3 gpus 11 cpus 45-47
0: mpibind: task  12 nths  3 gpus 12 cpus 49-52
0: mpibind: task  13 nths  3 gpus 13 cpus 53-55,57
0: mpibind: task  14 nths  3 gpus 14 cpus 58-61
0: mpibind: task  15 nths  3 gpus 15 cpus 62-63,65
0: mpibind: task  16 nths  3 gpus 16 cpus 66-68
0: mpibind: task  17 nths  3 gpus 17 cpus 69-71
0: mpibind: task  18 nths  3 gpus 18 cpus 73-76
0: mpibind: task  19 nths  3 gpus 19 cpus 77-79,81
0: mpibind: task  20 nths  3 gpus 20 cpus 82-85
0: mpibind: task  21 nths  3 gpus 21 cpus 86-87,89
0: mpibind: task  22 nths  3 gpus 22 cpus 90-92
0: mpibind: task  23 nths  3 gpus 23 cpus 93-95
0: jobid: f2GJxyDFM
0: 0.087s: flux-shell[0]: mpibind: 
0: mpibind: task   0 nths  3 gpus 0 cpus 1-4
0: mpibind: task   1 nths  3 gpus 1 cpus 5-7,9
0: mpibind: task   2 nths  3 gpus 2 cpus 10-13
0: mpibind: task   3 nths  3 gpus 3 cpus 14-15,17
0: mpibind: task   4 nths  3 gpus 4 cpus 18-20
0: mpibind: task   5 nths  3 gpus 5 cpus 21-23
0: mpibind: task   6 nths  3 gpus 6 cpus 25-28
0: mpibind: task   7 nths  3 gpus 7 cpus 29-31,33
0: mpibind: task   8 nths  3 gpus 8 cpus 34-37
0: mpibind: task   9 nths  3 gpus 9 cpus 38-39,41
0: mpibind: task  10 nths  3 gpus 10 cpus 42-44
0: mpibind: task  11 nths  3 gpus 11 cpus 45-47
0: mpibind: task  12 nths  3 gpus 12 cpus 49-52
0: mpibind: task  13 nths  3 gpus 13 cpus 53-55,57
0: mpibind: task  14 nths  3 gpus 14 cpus 58-61
0: mpibind: task  15 nths  3 gpus 15 cpus 62-63,65
0: mpibind: task  16 nths  3 gpus 16 cpus 66-68
0: mpibind: task  17 nths  3 gpus 17 cpus 69-71
0: mpibind: task  18 nths  3 gpus 18 cpus 73-76
0: mpibind: task  19 nths  3 gpus 19 cpus 77-79,81
0: mpibind: task  20 nths  3 gpus 20 cpus 82-85
0: mpibind: task  21 nths  3 gpus 21 cpus 86-87,89
0: mpibind: task  22 nths  3 gpus 22 cpus 90-92
0: mpibind: task  23 nths  3 gpus 23 cpus 93-95
0: jobid: f2LmybjoV
0: 0.086s: flux-shell[0]: mpibind: 
0: mpibind: task   0 nths  3 gpus 0 cpus 1-4
0: mpibind: task   1 nths  3 gpus 1 cpus 5-7,9
0: mpibind: task   2 nths  3 gpus 2 cpus 10-13
0: mpibind: task   3 nths  3 gpus 3 cpus 14-15,17
0: mpibind: task   4 nths  3 gpus 4 cpus 18-20
0: mpibind: task   5 nths  3 gpus 5 cpus 21-23
0: mpibind: task   6 nths  3 gpus 6 cpus 25-28
0: mpibind: task   7 nths  3 gpus 7 cpus 29-31,33
0: mpibind: task   8 nths  3 gpus 8 cpus 34-37
0: mpibind: task   9 nths  3 gpus 9 cpus 38-39,41
0: mpibind: task  10 nths  3 gpus 10 cpus 42-44
0: mpibind: task  11 nths  3 gpus 11 cpus 45-47
0: mpibind: task  12 nths  3 gpus 12 cpus 49-52
0: mpibind: task  13 nths  3 gpus 13 cpus 53-55,57
0: mpibind: task  14 nths  3 gpus 14 cpus 58-61
0: mpibind: task  15 nths  3 gpus 15 cpus 62-63,65
0: mpibind: task  16 nths  3 gpus 16 cpus 66-68
0: mpibind: task  17 nths  3 gpus 17 cpus 69-71
0: mpibind: task  18 nths  3 gpus 18 cpus 73-76
0: mpibind: task  19 nths  3 gpus 19 cpus 77-79,81
0: mpibind: task  20 nths  3 gpus 20 cpus 82-85
0: mpibind: task  21 nths  3 gpus 21 cpus 86-87,89
0: mpibind: task  22 nths  3 gpus 22 cpus 90-92
0: mpibind: task  23 nths  3 gpus 23 cpus 93-95
0: jobid: f2Qto23jD
0: 0.084s: flux-shell[0]: mpibind: 
0: mpibind: task   0 nths  3 gpus 0 cpus 1-4
0: mpibind: task   1 nths  3 gpus 1 cpus 5-7,9
0: mpibind: task   2 nths  3 gpus 2 cpus 10-13
0: mpibind: task   3 nths  3 gpus 3 cpus 14-15,17
0: mpibind: task   4 nths  3 gpus 4 cpus 18-20
0: mpibind: task   5 nths  3 gpus 5 cpus 21-23
0: mpibind: task   6 nths  3 gpus 6 cpus 25-28
0: mpibind: task   7 nths  3 gpus 7 cpus 29-31,33
0: mpibind: task   8 nths  3 gpus 8 cpus 34-37
0: mpibind: task   9 nths  3 gpus 9 cpus 38-39,41
0: mpibind: task  10 nths  3 gpus 10 cpus 42-44
0: mpibind: task  11 nths  3 gpus 11 cpus 45-47
0: mpibind: task  12 nths  3 gpus 12 cpus 49-52
0: mpibind: task  13 nths  3 gpus 13 cpus 53-55,57
0: mpibind: task  14 nths  3 gpus 14 cpus 58-61
0: mpibind: task  15 nths  3 gpus 15 cpus 62-63,65
0: mpibind: task  16 nths  3 gpus 16 cpus 66-68
0: mpibind: task  17 nths  3 gpus 17 cpus 69-71
0: mpibind: task  18 nths  3 gpus 18 cpus 73-76
0: mpibind: task  19 nths  3 gpus 19 cpus 77-79,81
0: mpibind: task  20 nths  3 gpus 20 cpus 82-85
0: mpibind: task  21 nths  3 gpus 21 cpus 86-87,89
0: mpibind: task  22 nths  3 gpus 22 cpus 90-92
0: mpibind: task  23 nths  3 gpus 23 cpus 93-95
0: jobid: f2XaTJFcs
0: 0.085s: flux-shell[0]: mpibind: 
0: mpibind: task   0 nths  3 gpus 0 cpus 1-4
0: mpibind: task   1 nths  3 gpus 1 cpus 5-7,9
0: mpibind: task   2 nths  3 gpus 2 cpus 10-13
0: mpibind: task   3 nths  3 gpus 3 cpus 14-15,17
0: mpibind: task   4 nths  3 gpus 4 cpus 18-20
0: mpibind: task   5 nths  3 gpus 5 cpus 21-23
0: mpibind: task   6 nths  3 gpus 6 cpus 25-28
0: mpibind: task   7 nths  3 gpus 7 cpus 29-31,33
0: mpibind: task   8 nths  3 gpus 8 cpus 34-37
0: mpibind: task   9 nths  3 gpus 9 cpus 38-39,41
0: mpibind: task  10 nths  3 gpus 10 cpus 42-44
0: mpibind: task  11 nths  3 gpus 11 cpus 45-47
0: mpibind: task  12 nths  3 gpus 12 cpus 49-52
0: mpibind: task  13 nths  3 gpus 13 cpus 53-55,57
0: mpibind: task  14 nths  3 gpus 14 cpus 58-61
0: mpibind: task  15 nths  3 gpus 15 cpus 62-63,65
0: mpibind: task  16 nths  3 gpus 16 cpus 66-68
0: mpibind: task  17 nths  3 gpus 17 cpus 69-71
0: mpibind: task  18 nths  3 gpus 18 cpus 73-76
0: mpibind: task  19 nths  3 gpus 19 cpus 77-79,81
0: mpibind: task  20 nths  3 gpus 20 cpus 82-85
0: mpibind: task  21 nths  3 gpus 21 cpus 86-87,89
0: mpibind: task  22 nths  3 gpus 22 cpus 90-92
0: mpibind: task  23 nths  3 gpus 23 cpus 93-95
0: jobid: f2ddCnLab
0: 0.086s: flux-shell[0]: mpibind: 
0: mpibind: task   0 nths  3 gpus 0 cpus 1-4
0: mpibind: task   1 nths  3 gpus 1 cpus 5-7,9
0: mpibind: task   2 nths  3 gpus 2 cpus 10-13
0: mpibind: task   3 nths  3 gpus 3 cpus 14-15,17
0: mpibind: task   4 nths  3 gpus 4 cpus 18-20
0: mpibind: task   5 nths  3 gpus 5 cpus 21-23
0: mpibind: task   6 nths  3 gpus 6 cpus 25-28
0: mpibind: task   7 nths  3 gpus 7 cpus 29-31,33
0: mpibind: task   8 nths  3 gpus 8 cpus 34-37
0: mpibind: task   9 nths  3 gpus 9 cpus 38-39,41
0: mpibind: task  10 nths  3 gpus 10 cpus 42-44
0: mpibind: task  11 nths  3 gpus 11 cpus 45-47
0: mpibind: task  12 nths  3 gpus 12 cpus 49-52
0: mpibind: task  13 nths  3 gpus 13 cpus 53-55,57
0: mpibind: task  14 nths  3 gpus 14 cpus 58-61
0: mpibind: task  15 nths  3 gpus 15 cpus 62-63,65
0: mpibind: task  16 nths  3 gpus 16 cpus 66-68
0: mpibind: task  17 nths  3 gpus 17 cpus 69-71
0: mpibind: task  18 nths  3 gpus 18 cpus 73-76
0: mpibind: task  19 nths  3 gpus 19 cpus 77-79,81
0: mpibind: task  20 nths  3 gpus 20 cpus 82-85
0: mpibind: task  21 nths  3 gpus 21 cpus 86-87,89
0: mpibind: task  22 nths  3 gpus 22 cpus 90-92
0: mpibind: task  23 nths  3 gpus 23 cpus 93-95
0: jobid: f2kAnaTRH
0: 0.085s: flux-shell[0]: mpibind: 
0: mpibind: task   0 nths  3 gpus 0 cpus 1-4
0: mpibind: task   1 nths  3 gpus 1 cpus 5-7,9
0: mpibind: task   2 nths  3 gpus 2 cpus 10-13
0: mpibind: task   3 nths  3 gpus 3 cpus 14-15,17
0: mpibind: task   4 nths  3 gpus 4 cpus 18-20
0: mpibind: task   5 nths  3 gpus 5 cpus 21-23
0: mpibind: task   6 nths  3 gpus 6 cpus 25-28
0: mpibind: task   7 nths  3 gpus 7 cpus 29-31,33
0: mpibind: task   8 nths  3 gpus 8 cpus 34-37
0: mpibind: task   9 nths  3 gpus 9 cpus 38-39,41
0: mpibind: task  10 nths  3 gpus 10 cpus 42-44
0: mpibind: task  11 nths  3 gpus 11 cpus 45-47
0: mpibind: task  12 nths  3 gpus 12 cpus 49-52
0: mpibind: task  13 nths  3 gpus 13 cpus 53-55,57
0: mpibind: task  14 nths  3 gpus 14 cpus 58-61
0: mpibind: task  15 nths  3 gpus 15 cpus 62-63,65
0: mpibind: task  16 nths  3 gpus 16 cpus 66-68
0: mpibind: task  17 nths  3 gpus 17 cpus 69-71
0: mpibind: task  18 nths  3 gpus 18 cpus 73-76
0: mpibind: task  19 nths  3 gpus 19 cpus 77-79,81
0: mpibind: task  20 nths  3 gpus 20 cpus 82-85
0: mpibind: task  21 nths  3 gpus 21 cpus 86-87,89
0: mpibind: task  22 nths  3 gpus 22 cpus 90-92
0: mpibind: task  23 nths  3 gpus 23 cpus 93-95
