0: Testing Size 1
0: PMPI Allreduce Time: 2.572543e-05
0: MPIL GPU-Aware Recursive Doubling Time: 2.558844e-05
0: MPIL GPU-Aware Node-Aware Dissemination Time: 2.935316e-04
0: MPIL GPU-Aware NUMA-Aware Dissemination Time: 6.502075e-04
0: CopyToCPU PMPI Allreduce Time: 2.569435e-05
0: MPIL CopyToCPU Recursive Doubling Time: 3.015153e-05
0: MPIL CopyToCPU Node-Aware Dissemination Time: 2.473170e-05
0: MPIL CopyToCPU NUMA-Aware Dissemination Time: 2.265340e-05
0: MPIL CopyToCPU RADIX-3 Dissemination Time: 2.880079e-05
0: MPIL CopyToCPU RADIX-4 Dissemination Time: 2.973525e-05
0: MPIL CopyToCPU RADIX-5 Dissemination Time: 2.957109e-05
0: MPIL CopyToCPU RADIX-6 Dissemination Time: 2.996730e-05
0: MPIL CopyToCPU RADIX-7 Dissemination Time: 3.242300e-05
0: MPIL CopyToCPU RADIX-8 Dissemination Time: 2.906872e-05
0: MPIL CopyToCPU RADIX-9 Dissemination Time: 3.481029e-05
0: MPIL CopyToCPU RADIX-10 Dissemination Time: 3.756000e-05
0: MPIL CopyToCPU RADIX-11 Dissemination Time: 3.906666e-05
0: MPIL CopyToCPU RADIX-12 Dissemination Time: 4.217646e-05
0: MPIL CopyToCPU RADIX-13 Dissemination Time: 4.552253e-05
0: MPIL CopyToCPU RADIX-14 Dissemination Time: 4.398135e-05
0: Testing Size 2
0: PMPI Allreduce Time: 2.527367e-05
0: MPIL GPU-Aware Recursive Doubling Time: 2.520556e-05
0: MPIL GPU-Aware Node-Aware Dissemination Time: 2.870665e-04
0: MPIL GPU-Aware NUMA-Aware Dissemination Time: 6.532570e-04
0: CopyToCPU PMPI Allreduce Time: 2.585110e-05
0: MPIL CopyToCPU Recursive Doubling Time: 2.867505e-05
0: MPIL CopyToCPU Node-Aware Dissemination Time: 2.447619e-05
0: MPIL CopyToCPU NUMA-Aware Dissemination Time: 2.274396e-05
0: MPIL CopyToCPU RADIX-3 Dissemination Time: 2.978426e-05
0: MPIL CopyToCPU RADIX-4 Dissemination Time: 3.122289e-05
0: MPIL CopyToCPU RADIX-5 Dissemination Time: 3.234104e-05
0: MPIL CopyToCPU RADIX-6 Dissemination Time: 3.075960e-05
0: MPIL CopyToCPU RADIX-7 Dissemination Time: 3.358691e-05
0: MPIL CopyToCPU RADIX-8 Dissemination Time: 3.029003e-05
0: MPIL CopyToCPU RADIX-9 Dissemination Time: 3.638230e-05
0: MPIL CopyToCPU RADIX-10 Dissemination Time: 3.709826e-05
0: MPIL CopyToCPU RADIX-11 Dissemination Time: 4.047030e-05
0: MPIL CopyToCPU RADIX-12 Dissemination Time: 4.042709e-05
0: MPIL CopyToCPU RADIX-13 Dissemination Time: 4.455620e-05
0: MPIL CopyToCPU RADIX-14 Dissemination Time: 4.197521e-05
0: Testing Size 4
0: PMPI Allreduce Time: 2.567682e-05
0: MPIL GPU-Aware Recursive Doubling Time: 2.541875e-05
0: MPIL GPU-Aware Node-Aware Dissemination Time: 2.868075e-04
0: MPIL GPU-Aware NUMA-Aware Dissemination Time: 6.515656e-04
0: CopyToCPU PMPI Allreduce Time: 2.613118e-05
0: MPIL CopyToCPU Recursive Doubling Time: 2.801131e-05
0: MPIL CopyToCPU Node-Aware Dissemination Time: 2.422388e-05
0: MPIL CopyToCPU NUMA-Aware Dissemination Time: 2.203051e-05
0: MPIL CopyToCPU RADIX-3 Dissemination Time: 2.875094e-05
0: MPIL CopyToCPU RADIX-4 Dissemination Time: 2.949893e-05
0: MPIL CopyToCPU RADIX-5 Dissemination Time: 3.136172e-05
0: MPIL CopyToCPU RADIX-6 Dissemination Time: 3.006354e-05
0: MPIL CopyToCPU RADIX-7 Dissemination Time: 3.286694e-05
0: MPIL CopyToCPU RADIX-8 Dissemination Time: 2.960583e-05
0: MPIL CopyToCPU RADIX-9 Dissemination Time: 3.448390e-05
0: MPIL CopyToCPU RADIX-10 Dissemination Time: 3.612231e-05
0: MPIL CopyToCPU RADIX-11 Dissemination Time: 3.759563e-05
0: MPIL CopyToCPU RADIX-12 Dissemination Time: 4.043784e-05
0: MPIL CopyToCPU RADIX-13 Dissemination Time: 4.263463e-05
0: MPIL CopyToCPU RADIX-14 Dissemination Time: 4.213325e-05
0: Testing Size 8
0: PMPI Allreduce Time: 2.535399e-05
0: MPIL GPU-Aware Recursive Doubling Time: 2.538481e-05
0: MPIL GPU-Aware Node-Aware Dissemination Time: 2.864347e-04
0: MPIL GPU-Aware NUMA-Aware Dissemination Time: 6.503354e-04
0: CopyToCPU PMPI Allreduce Time: 2.557416e-05
0: MPIL CopyToCPU Recursive Doubling Time: 3.032718e-05
0: MPIL CopyToCPU Node-Aware Dissemination Time: 2.429915e-05
0: MPIL CopyToCPU NUMA-Aware Dissemination Time: 2.195262e-05
0: MPIL CopyToCPU RADIX-3 Dissemination Time: 3.040911e-05
0: MPIL CopyToCPU RADIX-4 Dissemination Time: 3.135795e-05
0: MPIL CopyToCPU RADIX-5 Dissemination Time: 3.073379e-05
0: MPIL CopyToCPU RADIX-6 Dissemination Time: 3.203335e-05
0: MPIL CopyToCPU RADIX-7 Dissemination Time: 3.432180e-05
0: MPIL CopyToCPU RADIX-8 Dissemination Time: 3.113321e-05
0: MPIL CopyToCPU RADIX-9 Dissemination Time: 3.698444e-05
0: MPIL CopyToCPU RADIX-10 Dissemination Time: 3.919338e-05
0: MPIL CopyToCPU RADIX-11 Dissemination Time: 3.992078e-05
0: MPIL CopyToCPU RADIX-12 Dissemination Time: 4.398584e-05
0: MPIL CopyToCPU RADIX-13 Dissemination Time: 4.602891e-05
0: MPIL CopyToCPU RADIX-14 Dissemination Time: 4.582772e-05
0: Testing Size 16
0: PMPI Allreduce Time: 2.719965e-05
0: MPIL GPU-Aware Recursive Doubling Time: 2.723152e-05
0: MPIL GPU-Aware Node-Aware Dissemination Time: 2.875755e-04
0: MPIL GPU-Aware NUMA-Aware Dissemination Time: 6.525215e-04
0: CopyToCPU PMPI Allreduce Time: 2.702412e-05
0: MPIL CopyToCPU Recursive Doubling Time: 3.246326e-05
0: MPIL CopyToCPU Node-Aware Dissemination Time: 2.480258e-05
0: MPIL CopyToCPU NUMA-Aware Dissemination Time: 2.415775e-05
0: MPIL CopyToCPU RADIX-3 Dissemination Time: 3.202032e-05
0: MPIL CopyToCPU RADIX-4 Dissemination Time: 3.360222e-05
0: MPIL CopyToCPU RADIX-5 Dissemination Time: 3.228046e-05
0: MPIL CopyToCPU RADIX-6 Dissemination Time: 3.412819e-05
0: MPIL CopyToCPU RADIX-7 Dissemination Time: 3.649727e-05
0: MPIL CopyToCPU RADIX-8 Dissemination Time: 3.264681e-05
0: MPIL CopyToCPU RADIX-9 Dissemination Time: 4.005238e-05
0: MPIL CopyToCPU RADIX-10 Dissemination Time: 4.299469e-05
0: MPIL CopyToCPU RADIX-11 Dissemination Time: 4.324193e-05
0: MPIL CopyToCPU RADIX-12 Dissemination Time: 4.732042e-05
0: MPIL CopyToCPU RADIX-13 Dissemination Time: 4.909880e-05
0: MPIL CopyToCPU RADIX-14 Dissemination Time: 4.905778e-05
0: Testing Size 32
0: PMPI Allreduce Time: 4.256463e-05
0: MPIL GPU-Aware Recursive Doubling Time: 4.175162e-05
0: MPIL GPU-Aware Node-Aware Dissemination Time: 2.986510e-04
0: MPIL GPU-Aware NUMA-Aware Dissemination Time: 6.555669e-04
0: CopyToCPU PMPI Allreduce Time: 3.391793e-05
0: MPIL CopyToCPU Recursive Doubling Time: 4.475385e-05
0: MPIL CopyToCPU Node-Aware Dissemination Time: 2.703883e-05
0: MPIL CopyToCPU NUMA-Aware Dissemination Time: 2.975772e-05
0: MPIL CopyToCPU RADIX-3 Dissemination Time: 4.579067e-05
0: MPIL CopyToCPU RADIX-4 Dissemination Time: 4.163234e-05
0: MPIL CopyToCPU RADIX-5 Dissemination Time: 4.603060e-05
0: MPIL CopyToCPU RADIX-6 Dissemination Time: 3.975111e-05
0: MPIL CopyToCPU RADIX-7 Dissemination Time: 4.421399e-05
0: MPIL CopyToCPU RADIX-8 Dissemination Time: 3.755976e-05
0: MPIL CopyToCPU RADIX-9 Dissemination Time: 4.823320e-05
0: MPIL CopyToCPU RADIX-10 Dissemination Time: 5.038482e-05
0: MPIL CopyToCPU RADIX-11 Dissemination Time: 5.299620e-05
0: MPIL CopyToCPU RADIX-12 Dissemination Time: 5.386727e-05
0: MPIL CopyToCPU RADIX-13 Dissemination Time: 5.739880e-05
0: MPIL CopyToCPU RADIX-14 Dissemination Time: 5.285690e-05
0: Testing Size 64
0: PMPI Allreduce Time: 4.187641e-05
0: MPIL GPU-Aware Recursive Doubling Time: 4.175752e-05
0: MPIL GPU-Aware Node-Aware Dissemination Time: 3.034248e-04
0: MPIL GPU-Aware NUMA-Aware Dissemination Time: 6.505812e-04
0: CopyToCPU PMPI Allreduce Time: 4.091049e-05
0: MPIL CopyToCPU Recursive Doubling Time: 4.525614e-05
0: MPIL CopyToCPU Node-Aware Dissemination Time: 3.354019e-05
0: MPIL CopyToCPU NUMA-Aware Dissemination Time: 3.552875e-05
0: MPIL CopyToCPU RADIX-3 Dissemination Time: 4.651410e-05
0: MPIL CopyToCPU RADIX-4 Dissemination Time: 4.226570e-05
0: MPIL CopyToCPU RADIX-5 Dissemination Time: 4.679598e-05
0: MPIL CopyToCPU RADIX-6 Dissemination Time: 4.028909e-05
0: MPIL CopyToCPU RADIX-7 Dissemination Time: 4.480417e-05
0: MPIL CopyToCPU RADIX-8 Dissemination Time: 3.802037e-05
0: MPIL CopyToCPU RADIX-9 Dissemination Time: 4.905257e-05
0: MPIL CopyToCPU RADIX-10 Dissemination Time: 5.103340e-05
0: MPIL CopyToCPU RADIX-11 Dissemination Time: 5.362552e-05
0: MPIL CopyToCPU RADIX-12 Dissemination Time: 5.478891e-05
0: MPIL CopyToCPU RADIX-13 Dissemination Time: 5.893682e-05
0: MPIL CopyToCPU RADIX-14 Dissemination Time: 5.389862e-05
0: Testing Size 128
0: PMPI Allreduce Time: 5.916701e-05
0: MPIL GPU-Aware Recursive Doubling Time: 5.921875e-05
0: MPIL GPU-Aware Node-Aware Dissemination Time: 3.381108e-04
0: MPIL GPU-Aware NUMA-Aware Dissemination Time: 6.494389e-04
0: CopyToCPU PMPI Allreduce Time: 5.842711e-05
0: MPIL CopyToCPU Recursive Doubling Time: 6.359596e-05
0: MPIL CopyToCPU Node-Aware Dissemination Time: 7.927897e-05
0: MPIL CopyToCPU NUMA-Aware Dissemination Time: 5.434338e-05
0: MPIL CopyToCPU RADIX-3 Dissemination Time: 5.657092e-05
0: MPIL CopyToCPU RADIX-4 Dissemination Time: 5.540605e-05
0: MPIL CopyToCPU RADIX-5 Dissemination Time: 5.830837e-05
0: MPIL CopyToCPU RADIX-6 Dissemination Time: 5.476693e-05
0: MPIL CopyToCPU RADIX-7 Dissemination Time: 5.904541e-05
0: MPIL CopyToCPU RADIX-8 Dissemination Time: 5.409380e-05
0: MPIL CopyToCPU RADIX-9 Dissemination Time: 6.485095e-05
0: MPIL CopyToCPU RADIX-10 Dissemination Time: 6.791429e-05
0: MPIL CopyToCPU RADIX-11 Dissemination Time: 7.113397e-05
0: MPIL CopyToCPU RADIX-12 Dissemination Time: 7.791999e-05
0: MPIL CopyToCPU RADIX-13 Dissemination Time: 7.615707e-05
0: MPIL CopyToCPU RADIX-14 Dissemination Time: 7.621478e-05
0: Testing Size 256
0: PMPI Allreduce Time: 6.670699e-05
0: MPIL GPU-Aware Recursive Doubling Time: 6.664765e-05
0: MPIL GPU-Aware Node-Aware Dissemination Time: 3.496771e-04
0: MPIL GPU-Aware NUMA-Aware Dissemination Time: 6.594050e-04
0: CopyToCPU PMPI Allreduce Time: 7.317840e-05
0: MPIL CopyToCPU Recursive Doubling Time: 8.019513e-05
0: MPIL CopyToCPU Node-Aware Dissemination Time: 1.092848e-04
0: MPIL CopyToCPU NUMA-Aware Dissemination Time: 7.155566e-05
0: MPIL CopyToCPU RADIX-3 Dissemination Time: 6.439968e-05
0: MPIL CopyToCPU RADIX-4 Dissemination Time: 6.482167e-05
0: MPIL CopyToCPU RADIX-5 Dissemination Time: 6.347412e-05
0: MPIL CopyToCPU RADIX-6 Dissemination Time: 6.072013e-05
0: MPIL CopyToCPU RADIX-7 Dissemination Time: 6.563678e-05
0: MPIL CopyToCPU RADIX-8 Dissemination Time: 5.822370e-05
0: MPIL CopyToCPU RADIX-9 Dissemination Time: 7.757756e-05
0: MPIL CopyToCPU RADIX-10 Dissemination Time: 8.317425e-05
0: MPIL CopyToCPU RADIX-11 Dissemination Time: 8.747248e-05
0: MPIL CopyToCPU RADIX-12 Dissemination Time: 9.329713e-05
0: MPIL CopyToCPU RADIX-13 Dissemination Time: 9.572283e-05
0: MPIL CopyToCPU RADIX-14 Dissemination Time: 9.975159e-05
0: Testing Size 512
0: PMPI Allreduce Time: 8.205896e-05
0: MPIL GPU-Aware Recursive Doubling Time: 8.201530e-05
0: MPIL GPU-Aware Node-Aware Dissemination Time: 3.727433e-04
0: MPIL GPU-Aware NUMA-Aware Dissemination Time: 6.547546e-04
0: CopyToCPU PMPI Allreduce Time: 8.246331e-05
0: MPIL CopyToCPU Recursive Doubling Time: 8.707523e-05
0: MPIL CopyToCPU Node-Aware Dissemination Time: 1.227963e-04
0: MPIL CopyToCPU NUMA-Aware Dissemination Time: 7.889113e-05
0: MPIL CopyToCPU RADIX-3 Dissemination Time: 7.653361e-05
0: MPIL CopyToCPU RADIX-4 Dissemination Time: 7.581273e-05
0: MPIL CopyToCPU RADIX-5 Dissemination Time: 6.911817e-05
0: MPIL CopyToCPU RADIX-6 Dissemination Time: 6.840646e-05
0: MPIL CopyToCPU RADIX-7 Dissemination Time: 7.283184e-05
0: MPIL CopyToCPU RADIX-8 Dissemination Time: 6.845038e-05
0: MPIL CopyToCPU RADIX-9 Dissemination Time: 7.976751e-05
0: MPIL CopyToCPU RADIX-10 Dissemination Time: 8.307540e-05
0: MPIL CopyToCPU RADIX-11 Dissemination Time: 9.147217e-05
0: MPIL CopyToCPU RADIX-12 Dissemination Time: 9.316888e-05
0: MPIL CopyToCPU RADIX-13 Dissemination Time: 9.673743e-05
0: MPIL CopyToCPU RADIX-14 Dissemination Time: 1.058950e-04
0: Testing Size 1024
0: PMPI Allreduce Time: 5.968074e-04
0: MPIL GPU-Aware Recursive Doubling Time: 5.968822e-04
0: MPIL GPU-Aware Node-Aware Dissemination Time: 1.442758e-03
0: MPIL GPU-Aware NUMA-Aware Dissemination Time: 2.803244e-03
0: CopyToCPU PMPI Allreduce Time: 1.167006e-04
0: MPIL CopyToCPU Recursive Doubling Time: 1.163101e-04
0: MPIL CopyToCPU Node-Aware Dissemination Time: 1.870166e-04
0: MPIL CopyToCPU NUMA-Aware Dissemination Time: 1.196272e-04
0: MPIL CopyToCPU RADIX-3 Dissemination Time: 9.690681e-05
0: MPIL CopyToCPU RADIX-4 Dissemination Time: 9.605379e-05
0: MPIL CopyToCPU RADIX-5 Dissemination Time: 8.703447e-05
0: MPIL CopyToCPU RADIX-6 Dissemination Time: 9.062063e-05
0: MPIL CopyToCPU RADIX-7 Dissemination Time: 9.637962e-05
0: MPIL CopyToCPU RADIX-8 Dissemination Time: 9.242635e-05
0: MPIL CopyToCPU RADIX-9 Dissemination Time: 1.045506e-04
0: MPIL CopyToCPU RADIX-10 Dissemination Time: 1.129525e-04
0: MPIL CopyToCPU RADIX-11 Dissemination Time: 1.194890e-04
0: MPIL CopyToCPU RADIX-12 Dissemination Time: 1.231919e-04
0: MPIL CopyToCPU RADIX-13 Dissemination Time: 1.227292e-04
0: MPIL CopyToCPU RADIX-14 Dissemination Time: 1.245684e-04
0: Testing Size 2048
0: PMPI Allreduce Time: 2.647955e-04
0: MPIL GPU-Aware Recursive Doubling Time: 2.614781e-04
0: MPIL GPU-Aware Node-Aware Dissemination Time: 1.113065e-03
0: MPIL GPU-Aware NUMA-Aware Dissemination Time: 2.277873e-03
0: CopyToCPU PMPI Allreduce Time: 1.501601e-04
0: MPIL CopyToCPU Recursive Doubling Time: 1.697123e-04
0: MPIL CopyToCPU Node-Aware Dissemination Time: 2.237373e-04
0: MPIL CopyToCPU NUMA-Aware Dissemination Time: 1.681127e-04
0: MPIL CopyToCPU RADIX-3 Dissemination Time: 1.448021e-04
0: MPIL CopyToCPU RADIX-4 Dissemination Time: 1.469884e-04
0: MPIL CopyToCPU RADIX-5 Dissemination Time: 1.284799e-04
0: MPIL CopyToCPU RADIX-6 Dissemination Time: 1.354331e-04
0: MPIL CopyToCPU RADIX-7 Dissemination Time: 1.491191e-04
0: MPIL CopyToCPU RADIX-8 Dissemination Time: 1.487805e-04
0: MPIL CopyToCPU RADIX-9 Dissemination Time: 1.564269e-04
0: MPIL CopyToCPU RADIX-10 Dissemination Time: 1.657851e-04
0: MPIL CopyToCPU RADIX-11 Dissemination Time: 1.698526e-04
0: MPIL CopyToCPU RADIX-12 Dissemination Time: 1.765044e-04
0: MPIL CopyToCPU RADIX-13 Dissemination Time: 1.869875e-04
0: MPIL CopyToCPU RADIX-14 Dissemination Time: 2.002394e-04
0: Testing Size 4096
0: PMPI Allreduce Time: 2.804851e-04
0: MPIL GPU-Aware Recursive Doubling Time: 2.799578e-04
0: MPIL GPU-Aware Node-Aware Dissemination Time: 1.083631e-03
0: MPIL GPU-Aware NUMA-Aware Dissemination Time: 2.310684e-03
0: CopyToCPU PMPI Allreduce Time: 2.230701e-04
0: MPIL CopyToCPU Recursive Doubling Time: 3.157160e-04
0: MPIL CopyToCPU Node-Aware Dissemination Time: 3.606104e-04
0: MPIL CopyToCPU NUMA-Aware Dissemination Time: 2.952704e-04
0: MPIL CopyToCPU RADIX-3 Dissemination Time: 2.735780e-04
0: MPIL CopyToCPU RADIX-4 Dissemination Time: 2.755684e-04
0: MPIL CopyToCPU RADIX-5 Dissemination Time: 2.423262e-04
0: MPIL CopyToCPU RADIX-6 Dissemination Time: 2.568178e-04
0: MPIL CopyToCPU RADIX-7 Dissemination Time: 2.904272e-04
0: MPIL CopyToCPU RADIX-8 Dissemination Time: 2.807216e-04
0: MPIL CopyToCPU RADIX-9 Dissemination Time: 3.013883e-04
0: MPIL CopyToCPU RADIX-10 Dissemination Time: 3.144137e-04
0: MPIL CopyToCPU RADIX-11 Dissemination Time: 3.265161e-04
0: MPIL CopyToCPU RADIX-12 Dissemination Time: 3.477949e-04
0: MPIL CopyToCPU RADIX-13 Dissemination Time: 3.616402e-04
0: MPIL CopyToCPU RADIX-14 Dissemination Time: 3.910732e-04
0: Testing Size 8192
0: PMPI Allreduce Time: 2.915267e-04
0: MPIL GPU-Aware Recursive Doubling Time: 2.911344e-04
0: MPIL GPU-Aware Node-Aware Dissemination Time: 1.227781e-03
0: MPIL GPU-Aware NUMA-Aware Dissemination Time: 2.303318e-03
0: CopyToCPU PMPI Allreduce Time: 3.504099e-04
0: MPIL CopyToCPU Recursive Doubling Time: 5.412858e-04
0: MPIL CopyToCPU Node-Aware Dissemination Time: 5.975708e-04
0: MPIL CopyToCPU NUMA-Aware Dissemination Time: 4.987115e-04
0: MPIL CopyToCPU RADIX-3 Dissemination Time: 4.724610e-04
0: MPIL CopyToCPU RADIX-4 Dissemination Time: 4.890040e-04
0: MPIL CopyToCPU RADIX-5 Dissemination Time: 4.335034e-04
0: MPIL CopyToCPU RADIX-6 Dissemination Time: 4.541276e-04
0: MPIL CopyToCPU RADIX-7 Dissemination Time: 5.265183e-04
0: MPIL CopyToCPU RADIX-8 Dissemination Time: 5.203986e-04
0: MPIL CopyToCPU RADIX-9 Dissemination Time: 5.373162e-04
0: MPIL CopyToCPU RADIX-10 Dissemination Time: 5.661698e-04
0: MPIL CopyToCPU RADIX-11 Dissemination Time: 5.951731e-04
0: MPIL CopyToCPU RADIX-12 Dissemination Time: 6.601811e-04
0: MPIL CopyToCPU RADIX-13 Dissemination Time: 6.736700e-04
0: MPIL CopyToCPU RADIX-14 Dissemination Time: 7.320982e-04
0: Testing Size 16384
0: PMPI Allreduce Time: 2.972049e-04
0: MPIL GPU-Aware Recursive Doubling Time: 2.966871e-04
0: MPIL GPU-Aware Node-Aware Dissemination Time: 1.390594e-03
0: MPIL GPU-Aware NUMA-Aware Dissemination Time: 2.418213e-03
0: CopyToCPU PMPI Allreduce Time: 5.829304e-04
0: MPIL CopyToCPU Recursive Doubling Time: 1.001117e-03
0: MPIL CopyToCPU Node-Aware Dissemination Time: 1.061483e-03
0: MPIL CopyToCPU NUMA-Aware Dissemination Time: 8.966251e-04
0: MPIL CopyToCPU RADIX-3 Dissemination Time: 8.761364e-04
0: MPIL CopyToCPU RADIX-4 Dissemination Time: 9.184742e-04
0: MPIL CopyToCPU RADIX-5 Dissemination Time: 8.174187e-04
0: MPIL CopyToCPU RADIX-6 Dissemination Time: 8.534982e-04
0: MPIL CopyToCPU RADIX-7 Dissemination Time: 1.006040e-03
0: MPIL CopyToCPU RADIX-8 Dissemination Time: 9.952767e-04
0: MPIL CopyToCPU RADIX-9 Dissemination Time: 1.013121e-03
0: MPIL CopyToCPU RADIX-10 Dissemination Time: 1.092284e-03
0: MPIL CopyToCPU RADIX-11 Dissemination Time: 1.167770e-03
0: MPIL CopyToCPU RADIX-12 Dissemination Time: 1.331874e-03
0: MPIL CopyToCPU RADIX-13 Dissemination Time: 1.348759e-03
0: MPIL CopyToCPU RADIX-14 Dissemination Time: 1.442938e-03
0: Testing Size 32768
0: PMPI Allreduce Time: 3.116212e-04
0: MPIL GPU-Aware Recursive Doubling Time: 3.108581e-04
0: MPIL GPU-Aware Node-Aware Dissemination Time: 1.286685e-02
0: MPIL GPU-Aware NUMA-Aware Dissemination Time: 3.099785e-03
0: CopyToCPU PMPI Allreduce Time: 1.028049e-03
0: MPIL CopyToCPU Recursive Doubling Time: 1.915318e-03
0: MPIL CopyToCPU Node-Aware Dissemination Time: 1.972840e-03
0: MPIL CopyToCPU NUMA-Aware Dissemination Time: 1.646278e-03
0: MPIL CopyToCPU RADIX-3 Dissemination Time: 1.679617e-03
0: MPIL CopyToCPU RADIX-4 Dissemination Time: 1.728166e-03
0: MPIL CopyToCPU RADIX-5 Dissemination Time: 1.592848e-03
0: MPIL CopyToCPU RADIX-6 Dissemination Time: 1.666498e-03
0: MPIL CopyToCPU RADIX-7 Dissemination Time: 1.966449e-03
0: MPIL CopyToCPU RADIX-8 Dissemination Time: 1.935498e-03
0: MPIL CopyToCPU RADIX-9 Dissemination Time: 1.980837e-03
0: MPIL CopyToCPU RADIX-10 Dissemination Time: 2.120383e-03
0: MPIL CopyToCPU RADIX-11 Dissemination Time: 2.226346e-03
0: MPIL CopyToCPU RADIX-12 Dissemination Time: 2.525534e-03
0: MPIL CopyToCPU RADIX-13 Dissemination Time: 2.587193e-03
0: MPIL CopyToCPU RADIX-14 Dissemination Time: 2.847115e-03
0: Testing Size 65536
0: PMPI Allreduce Time: 3.446709e-04
0: MPIL GPU-Aware Recursive Doubling Time: 3.434732e-04
0: MPIL GPU-Aware Node-Aware Dissemination Time: 1.360042e-02
0: MPIL GPU-Aware NUMA-Aware Dissemination Time: 4.257777e-03
0: CopyToCPU PMPI Allreduce Time: 1.808422e-03
0: MPIL CopyToCPU Recursive Doubling Time: 3.715571e-03
0: MPIL CopyToCPU Node-Aware Dissemination Time: 3.428033e-03
0: MPIL CopyToCPU NUMA-Aware Dissemination Time: 3.040124e-03
0: MPIL CopyToCPU RADIX-3 Dissemination Time: 3.242050e-03
0: MPIL CopyToCPU RADIX-4 Dissemination Time: 3.364047e-03
0: MPIL CopyToCPU RADIX-5 Dissemination Time: 3.160792e-03
0: MPIL CopyToCPU RADIX-6 Dissemination Time: 3.258865e-03
0: MPIL CopyToCPU RADIX-7 Dissemination Time: 3.867101e-03
0: MPIL CopyToCPU RADIX-8 Dissemination Time: 3.744803e-03
0: MPIL CopyToCPU RADIX-9 Dissemination Time: 3.855015e-03
0: MPIL CopyToCPU RADIX-10 Dissemination Time: 4.145577e-03
0: MPIL CopyToCPU RADIX-11 Dissemination Time: 4.479199e-03
0: MPIL CopyToCPU RADIX-12 Dissemination Time: 4.837384e-03
0: MPIL CopyToCPU RADIX-13 Dissemination Time: 5.125675e-03
0: MPIL CopyToCPU RADIX-14 Dissemination Time: 5.525547e-03
0: Testing Size 131072
0: PMPI Allreduce Time: 4.144431e-04
0: MPIL GPU-Aware Recursive Doubling Time: 4.150083e-04
0: MPIL GPU-Aware Node-Aware Dissemination Time: 1.650235e-02
0: MPIL GPU-Aware NUMA-Aware Dissemination Time: 9.648183e-03
0: CopyToCPU PMPI Allreduce Time: 3.560306e-03
0: MPIL CopyToCPU Recursive Doubling Time: 6.899846e-03
0: MPIL CopyToCPU Node-Aware Dissemination Time: 6.780918e-03
0: MPIL CopyToCPU NUMA-Aware Dissemination Time: 5.899816e-03
0: MPIL CopyToCPU RADIX-3 Dissemination Time: 6.024112e-03
0: MPIL CopyToCPU RADIX-4 Dissemination Time: 6.590573e-03
0: MPIL CopyToCPU RADIX-5 Dissemination Time: 6.205147e-03
0: MPIL CopyToCPU RADIX-6 Dissemination Time: 6.372385e-03
0: MPIL CopyToCPU RADIX-7 Dissemination Time: 7.470440e-03
0: MPIL CopyToCPU RADIX-8 Dissemination Time: 7.267091e-03
0: MPIL CopyToCPU RADIX-9 Dissemination Time: 7.573744e-03
0: MPIL CopyToCPU RADIX-10 Dissemination Time: 8.102258e-03
0: MPIL CopyToCPU RADIX-11 Dissemination Time: 8.484239e-03
0: MPIL CopyToCPU RADIX-12 Dissemination Time: 9.135204e-03
0: MPIL CopyToCPU RADIX-13 Dissemination Time: 9.660320e-03
0: MPIL CopyToCPU RADIX-14 Dissemination Time: 1.038770e-02
0: Testing Size 262144
0: PMPI Allreduce Time: 5.424815e-04
0: MPIL GPU-Aware Recursive Doubling Time: 5.416623e-04
0: MPIL GPU-Aware Node-Aware Dissemination Time: 2.233009e-02
0: MPIL GPU-Aware NUMA-Aware Dissemination Time: 1.764779e-02
0: CopyToCPU PMPI Allreduce Time: 7.053944e-03
0: MPIL CopyToCPU Recursive Doubling Time: 1.375816e-02
0: MPIL CopyToCPU Node-Aware Dissemination Time: 1.318378e-02
0: MPIL CopyToCPU NUMA-Aware Dissemination Time: 1.136481e-02
0: MPIL CopyToCPU RADIX-3 Dissemination Time: 1.258162e-02
0: MPIL CopyToCPU RADIX-4 Dissemination Time: 1.276484e-02
0: MPIL CopyToCPU RADIX-5 Dissemination Time: 1.204355e-02
0: MPIL CopyToCPU RADIX-6 Dissemination Time: 1.225778e-02
0: MPIL CopyToCPU RADIX-7 Dissemination Time: 1.396073e-02
0: MPIL CopyToCPU RADIX-8 Dissemination Time: 1.409791e-02
0: MPIL CopyToCPU RADIX-9 Dissemination Time: 1.498825e-02
0: MPIL CopyToCPU RADIX-10 Dissemination Time: 1.609801e-02
0: MPIL CopyToCPU RADIX-11 Dissemination Time: 1.730242e-02
0: MPIL CopyToCPU RADIX-12 Dissemination Time: 1.942603e-02
0: MPIL CopyToCPU RADIX-13 Dissemination Time: 2.043307e-02
0: MPIL CopyToCPU RADIX-14 Dissemination Time: 2.138743e-02
0: Testing Size 524288
0: PMPI Allreduce Time: 8.263898e-04
0: MPIL GPU-Aware Recursive Doubling Time: 8.258758e-04
0: MPIL GPU-Aware Node-Aware Dissemination Time: 3.291305e-02
0: MPIL GPU-Aware NUMA-Aware Dissemination Time: 3.381029e-02
0: CopyToCPU PMPI Allreduce Time: 1.454299e-02
0: MPIL CopyToCPU Recursive Doubling Time: 2.537356e-02
0: MPIL CopyToCPU Node-Aware Dissemination Time: 2.771045e-02
0: MPIL CopyToCPU NUMA-Aware Dissemination Time: 2.234217e-02
0: MPIL CopyToCPU RADIX-3 Dissemination Time: 2.314046e-02
0: MPIL CopyToCPU RADIX-4 Dissemination Time: 2.204015e-02
0: MPIL CopyToCPU RADIX-5 Dissemination Time: 2.329813e-02
0: MPIL CopyToCPU RADIX-6 Dissemination Time: 2.502235e-02
0: MPIL CopyToCPU RADIX-7 Dissemination Time: 2.876546e-02
0: MPIL CopyToCPU RADIX-8 Dissemination Time: 3.194691e-02
0: MPIL CopyToCPU RADIX-9 Dissemination Time: 3.365506e-02
0: MPIL CopyToCPU RADIX-10 Dissemination Time: 3.525696e-02
0: MPIL CopyToCPU RADIX-11 Dissemination Time: 3.748224e-02
0: MPIL CopyToCPU RADIX-12 Dissemination Time: 4.026466e-02
0: MPIL CopyToCPU RADIX-13 Dissemination Time: 4.281101e-02
0: MPIL CopyToCPU RADIX-14 Dissemination Time: 4.720529e-02
