0: Testing Size 1
0: PMPI Allreduce Time: 1.768601e-05
0: MPIL GPU-Aware Recursive Doubling Time: 1.754548e-05
0: MPIL GPU-Aware Node-Aware Dissemination Time: 2.521990e-04
0: MPIL GPU-Aware NUMA-Aware Dissemination Time: 4.895360e-04
0: CopyToCPU PMPI Allreduce Time: 1.790795e-05
0: MPIL CopyToCPU Recursive Doubling Time: 2.075591e-05
0: MPIL CopyToCPU Node-Aware Dissemination Time: 2.155208e-05
0: MPIL CopyToCPU NUMA-Aware Dissemination Time: 1.841289e-05
0: MPIL CopyToCPU RADIX-3 Dissemination Time: 2.313928e-05
0: MPIL CopyToCPU RADIX-4 Dissemination Time: 2.315156e-05
0: MPIL CopyToCPU RADIX-5 Dissemination Time: 2.445930e-05
0: MPIL CopyToCPU RADIX-6 Dissemination Time: 2.552352e-05
0: MPIL CopyToCPU RADIX-7 Dissemination Time: 2.438285e-05
0: MPIL CopyToCPU RADIX-8 Dissemination Time: 2.640564e-05
0: MPIL CopyToCPU RADIX-9 Dissemination Time: 2.764979e-05
0: MPIL CopyToCPU RADIX-10 Dissemination Time: 2.663361e-05
0: MPIL CopyToCPU RADIX-11 Dissemination Time: 2.751015e-05
0: MPIL CopyToCPU RADIX-12 Dissemination Time: 2.753857e-05
0: MPIL CopyToCPU RADIX-13 Dissemination Time: 2.811867e-05
0: MPIL CopyToCPU RADIX-14 Dissemination Time: 3.090036e-05
0: Testing Size 2
0: PMPI Allreduce Time: 1.780825e-05
0: MPIL GPU-Aware Recursive Doubling Time: 1.769102e-05
0: MPIL GPU-Aware Node-Aware Dissemination Time: 2.509376e-04
0: MPIL GPU-Aware NUMA-Aware Dissemination Time: 4.951355e-04
0: CopyToCPU PMPI Allreduce Time: 1.813940e-05
0: MPIL CopyToCPU Recursive Doubling Time: 2.022529e-05
0: MPIL CopyToCPU Node-Aware Dissemination Time: 2.128657e-05
0: MPIL CopyToCPU NUMA-Aware Dissemination Time: 1.807231e-05
0: MPIL CopyToCPU RADIX-3 Dissemination Time: 2.316143e-05
0: MPIL CopyToCPU RADIX-4 Dissemination Time: 2.382618e-05
0: MPIL CopyToCPU RADIX-5 Dissemination Time: 2.507062e-05
0: MPIL CopyToCPU RADIX-6 Dissemination Time: 2.573185e-05
0: MPIL CopyToCPU RADIX-7 Dissemination Time: 2.430702e-05
0: MPIL CopyToCPU RADIX-8 Dissemination Time: 2.652630e-05
0: MPIL CopyToCPU RADIX-9 Dissemination Time: 2.834820e-05
0: MPIL CopyToCPU RADIX-10 Dissemination Time: 2.669668e-05
0: MPIL CopyToCPU RADIX-11 Dissemination Time: 2.797012e-05
0: MPIL CopyToCPU RADIX-12 Dissemination Time: 2.769315e-05
0: MPIL CopyToCPU RADIX-13 Dissemination Time: 2.865721e-05
0: MPIL CopyToCPU RADIX-14 Dissemination Time: 3.092970e-05
0: Testing Size 4
0: PMPI Allreduce Time: 1.772696e-05
0: MPIL GPU-Aware Recursive Doubling Time: 1.774666e-05
0: MPIL GPU-Aware Node-Aware Dissemination Time: 2.491224e-04
0: MPIL GPU-Aware NUMA-Aware Dissemination Time: 4.940460e-04
0: CopyToCPU PMPI Allreduce Time: 1.818660e-05
0: MPIL CopyToCPU Recursive Doubling Time: 2.028513e-05
0: MPIL CopyToCPU Node-Aware Dissemination Time: 2.140458e-05
0: MPIL CopyToCPU NUMA-Aware Dissemination Time: 1.820231e-05
0: MPIL CopyToCPU RADIX-3 Dissemination Time: 2.305118e-05
0: MPIL CopyToCPU RADIX-4 Dissemination Time: 2.355255e-05
0: MPIL CopyToCPU RADIX-5 Dissemination Time: 2.476069e-05
0: MPIL CopyToCPU RADIX-6 Dissemination Time: 2.568020e-05
0: MPIL CopyToCPU RADIX-7 Dissemination Time: 2.461511e-05
0: MPIL CopyToCPU RADIX-8 Dissemination Time: 2.638841e-05
0: MPIL CopyToCPU RADIX-9 Dissemination Time: 2.812737e-05
0: MPIL CopyToCPU RADIX-10 Dissemination Time: 2.671285e-05
0: MPIL CopyToCPU RADIX-11 Dissemination Time: 2.729173e-05
0: MPIL CopyToCPU RADIX-12 Dissemination Time: 2.795570e-05
0: MPIL CopyToCPU RADIX-13 Dissemination Time: 2.808512e-05
0: MPIL CopyToCPU RADIX-14 Dissemination Time: 3.058928e-05
0: Testing Size 8
0: PMPI Allreduce Time: 1.766639e-05
0: MPIL GPU-Aware Recursive Doubling Time: 1.760338e-05
0: MPIL GPU-Aware Node-Aware Dissemination Time: 2.535146e-04
0: MPIL GPU-Aware NUMA-Aware Dissemination Time: 4.956444e-04
0: CopyToCPU PMPI Allreduce Time: 1.803445e-05
0: MPIL CopyToCPU Recursive Doubling Time: 2.238061e-05
0: MPIL CopyToCPU Node-Aware Dissemination Time: 2.155262e-05
0: MPIL CopyToCPU NUMA-Aware Dissemination Time: 1.846782e-05
0: MPIL CopyToCPU RADIX-3 Dissemination Time: 2.448801e-05
0: MPIL CopyToCPU RADIX-4 Dissemination Time: 2.506068e-05
0: MPIL CopyToCPU RADIX-5 Dissemination Time: 2.604056e-05
0: MPIL CopyToCPU RADIX-6 Dissemination Time: 2.727378e-05
0: MPIL CopyToCPU RADIX-7 Dissemination Time: 2.634137e-05
0: MPIL CopyToCPU RADIX-8 Dissemination Time: 2.843034e-05
0: MPIL CopyToCPU RADIX-9 Dissemination Time: 3.022177e-05
0: MPIL CopyToCPU RADIX-10 Dissemination Time: 2.799668e-05
0: MPIL CopyToCPU RADIX-11 Dissemination Time: 2.917132e-05
0: MPIL CopyToCPU RADIX-12 Dissemination Time: 3.052472e-05
0: MPIL CopyToCPU RADIX-13 Dissemination Time: 3.129629e-05
0: MPIL CopyToCPU RADIX-14 Dissemination Time: 3.254148e-05
0: Testing Size 16
0: PMPI Allreduce Time: 1.873291e-05
0: MPIL GPU-Aware Recursive Doubling Time: 1.872040e-05
0: MPIL GPU-Aware Node-Aware Dissemination Time: 2.515508e-04
0: MPIL GPU-Aware NUMA-Aware Dissemination Time: 4.959915e-04
0: CopyToCPU PMPI Allreduce Time: 1.901518e-05
0: MPIL CopyToCPU Recursive Doubling Time: 2.385347e-05
0: MPIL CopyToCPU Node-Aware Dissemination Time: 2.178240e-05
0: MPIL CopyToCPU NUMA-Aware Dissemination Time: 2.020342e-05
0: MPIL CopyToCPU RADIX-3 Dissemination Time: 2.626822e-05
0: MPIL CopyToCPU RADIX-4 Dissemination Time: 2.686154e-05
0: MPIL CopyToCPU RADIX-5 Dissemination Time: 2.794687e-05
0: MPIL CopyToCPU RADIX-6 Dissemination Time: 2.954320e-05
0: MPIL CopyToCPU RADIX-7 Dissemination Time: 2.887711e-05
0: MPIL CopyToCPU RADIX-8 Dissemination Time: 3.087766e-05
0: MPIL CopyToCPU RADIX-9 Dissemination Time: 3.329511e-05
0: MPIL CopyToCPU RADIX-10 Dissemination Time: 3.027058e-05
0: MPIL CopyToCPU RADIX-11 Dissemination Time: 3.142939e-05
0: MPIL CopyToCPU RADIX-12 Dissemination Time: 3.265629e-05
0: MPIL CopyToCPU RADIX-13 Dissemination Time: 3.339227e-05
0: MPIL CopyToCPU RADIX-14 Dissemination Time: 3.560890e-05
0: Testing Size 32
0: PMPI Allreduce Time: 2.864322e-05
0: MPIL GPU-Aware Recursive Doubling Time: 2.834476e-05
0: MPIL GPU-Aware Node-Aware Dissemination Time: 2.652941e-04
0: MPIL GPU-Aware NUMA-Aware Dissemination Time: 4.951174e-04
0: CopyToCPU PMPI Allreduce Time: 2.202651e-05
0: MPIL CopyToCPU Recursive Doubling Time: 2.954648e-05
0: MPIL CopyToCPU Node-Aware Dissemination Time: 2.271930e-05
0: MPIL CopyToCPU NUMA-Aware Dissemination Time: 2.789584e-05
0: MPIL CopyToCPU RADIX-3 Dissemination Time: 3.641808e-05
0: MPIL CopyToCPU RADIX-4 Dissemination Time: 3.122498e-05
0: MPIL CopyToCPU RADIX-5 Dissemination Time: 3.395703e-05
0: MPIL CopyToCPU RADIX-6 Dissemination Time: 3.633481e-05
0: MPIL CopyToCPU RADIX-7 Dissemination Time: 3.217536e-05
0: MPIL CopyToCPU RADIX-8 Dissemination Time: 3.426153e-05
0: MPIL CopyToCPU RADIX-9 Dissemination Time: 3.578470e-05
0: MPIL CopyToCPU RADIX-10 Dissemination Time: 3.471778e-05
0: MPIL CopyToCPU RADIX-11 Dissemination Time: 3.894683e-05
0: MPIL CopyToCPU RADIX-12 Dissemination Time: 3.514645e-05
0: MPIL CopyToCPU RADIX-13 Dissemination Time: 3.812020e-05
0: MPIL CopyToCPU RADIX-14 Dissemination Time: 4.514820e-05
0: Testing Size 64
0: PMPI Allreduce Time: 2.870554e-05
0: MPIL GPU-Aware Recursive Doubling Time: 2.867187e-05
0: MPIL GPU-Aware Node-Aware Dissemination Time: 2.656267e-04
0: MPIL GPU-Aware NUMA-Aware Dissemination Time: 4.949325e-04
0: CopyToCPU PMPI Allreduce Time: 2.814384e-05
0: MPIL CopyToCPU Recursive Doubling Time: 3.047561e-05
0: MPIL CopyToCPU Node-Aware Dissemination Time: 3.026072e-05
0: MPIL CopyToCPU NUMA-Aware Dissemination Time: 3.369684e-05
0: MPIL CopyToCPU RADIX-3 Dissemination Time: 3.717522e-05
0: MPIL CopyToCPU RADIX-4 Dissemination Time: 3.188730e-05
0: MPIL CopyToCPU RADIX-5 Dissemination Time: 3.479431e-05
0: MPIL CopyToCPU RADIX-6 Dissemination Time: 3.663460e-05
0: MPIL CopyToCPU RADIX-7 Dissemination Time: 3.244722e-05
0: MPIL CopyToCPU RADIX-8 Dissemination Time: 3.493659e-05
0: MPIL CopyToCPU RADIX-9 Dissemination Time: 3.626443e-05
0: MPIL CopyToCPU RADIX-10 Dissemination Time: 3.530337e-05
0: MPIL CopyToCPU RADIX-11 Dissemination Time: 4.110355e-05
0: MPIL CopyToCPU RADIX-12 Dissemination Time: 3.968541e-05
0: MPIL CopyToCPU RADIX-13 Dissemination Time: 4.117366e-05
0: MPIL CopyToCPU RADIX-14 Dissemination Time: 4.420093e-05
0: Testing Size 128
0: PMPI Allreduce Time: 4.536685e-05
0: MPIL GPU-Aware Recursive Doubling Time: 4.529961e-05
0: MPIL GPU-Aware Node-Aware Dissemination Time: 3.030287e-04
0: MPIL GPU-Aware NUMA-Aware Dissemination Time: 4.819168e-04
0: CopyToCPU PMPI Allreduce Time: 4.606925e-05
0: MPIL CopyToCPU Recursive Doubling Time: 5.216080e-05
0: MPIL CopyToCPU Node-Aware Dissemination Time: 7.418619e-05
0: MPIL CopyToCPU NUMA-Aware Dissemination Time: 5.472798e-05
0: MPIL CopyToCPU RADIX-3 Dissemination Time: 4.811331e-05
0: MPIL CopyToCPU RADIX-4 Dissemination Time: 4.504127e-05
0: MPIL CopyToCPU RADIX-5 Dissemination Time: 4.781611e-05
0: MPIL CopyToCPU RADIX-6 Dissemination Time: 4.993295e-05
0: MPIL CopyToCPU RADIX-7 Dissemination Time: 5.035288e-05
0: MPIL CopyToCPU RADIX-8 Dissemination Time: 5.266433e-05
0: MPIL CopyToCPU RADIX-9 Dissemination Time: 5.667822e-05
0: MPIL CopyToCPU RADIX-10 Dissemination Time: 5.358838e-05
0: MPIL CopyToCPU RADIX-11 Dissemination Time: 5.516326e-05
0: MPIL CopyToCPU RADIX-12 Dissemination Time: 5.653553e-05
0: MPIL CopyToCPU RADIX-13 Dissemination Time: 5.716123e-05
0: MPIL CopyToCPU RADIX-14 Dissemination Time: 6.284280e-05
0: Testing Size 256
0: PMPI Allreduce Time: 5.258923e-05
0: MPIL GPU-Aware Recursive Doubling Time: 5.248269e-05
0: MPIL GPU-Aware Node-Aware Dissemination Time: 3.072985e-04
0: MPIL GPU-Aware NUMA-Aware Dissemination Time: 4.965441e-04
0: CopyToCPU PMPI Allreduce Time: 5.684426e-05
0: MPIL CopyToCPU Recursive Doubling Time: 6.027031e-05
0: MPIL CopyToCPU Node-Aware Dissemination Time: 1.015797e-04
0: MPIL CopyToCPU NUMA-Aware Dissemination Time: 6.693065e-05
0: MPIL CopyToCPU RADIX-3 Dissemination Time: 5.550436e-05
0: MPIL CopyToCPU RADIX-4 Dissemination Time: 5.383740e-05
0: MPIL CopyToCPU RADIX-5 Dissemination Time: 5.292068e-05
0: MPIL CopyToCPU RADIX-6 Dissemination Time: 5.482996e-05
0: MPIL CopyToCPU RADIX-7 Dissemination Time: 5.401914e-05
0: MPIL CopyToCPU RADIX-8 Dissemination Time: 5.694573e-05
0: MPIL CopyToCPU RADIX-9 Dissemination Time: 6.236830e-05
0: MPIL CopyToCPU RADIX-10 Dissemination Time: 5.792973e-05
0: MPIL CopyToCPU RADIX-11 Dissemination Time: 6.326617e-05
0: MPIL CopyToCPU RADIX-12 Dissemination Time: 6.245466e-05
0: MPIL CopyToCPU RADIX-13 Dissemination Time: 6.192656e-05
0: MPIL CopyToCPU RADIX-14 Dissemination Time: 7.414709e-05
0: Testing Size 512
0: PMPI Allreduce Time: 6.816087e-05
0: MPIL GPU-Aware Recursive Doubling Time: 6.813762e-05
0: MPIL GPU-Aware Node-Aware Dissemination Time: 3.323487e-04
0: MPIL GPU-Aware NUMA-Aware Dissemination Time: 5.064863e-04
0: CopyToCPU PMPI Allreduce Time: 6.854549e-05
0: MPIL CopyToCPU Recursive Doubling Time: 7.288086e-05
0: MPIL CopyToCPU Node-Aware Dissemination Time: 1.168682e-04
0: MPIL CopyToCPU NUMA-Aware Dissemination Time: 7.934842e-05
0: MPIL CopyToCPU RADIX-3 Dissemination Time: 6.578335e-05
0: MPIL CopyToCPU RADIX-4 Dissemination Time: 5.995585e-05
0: MPIL CopyToCPU RADIX-5 Dissemination Time: 5.983400e-05
0: MPIL CopyToCPU RADIX-6 Dissemination Time: 6.299313e-05
0: MPIL CopyToCPU RADIX-7 Dissemination Time: 6.432698e-05
0: MPIL CopyToCPU RADIX-8 Dissemination Time: 6.686799e-05
0: MPIL CopyToCPU RADIX-9 Dissemination Time: 7.232094e-05
0: MPIL CopyToCPU RADIX-10 Dissemination Time: 6.875001e-05
0: MPIL CopyToCPU RADIX-11 Dissemination Time: 7.112300e-05
0: MPIL CopyToCPU RADIX-12 Dissemination Time: 7.163690e-05
0: MPIL CopyToCPU RADIX-13 Dissemination Time: 7.186091e-05
0: MPIL CopyToCPU RADIX-14 Dissemination Time: 7.724657e-05
0: Testing Size 1024
0: PMPI Allreduce Time: 5.445161e-04
0: MPIL GPU-Aware Recursive Doubling Time: 5.427129e-04
0: MPIL GPU-Aware Node-Aware Dissemination Time: 1.400266e-03
0: MPIL GPU-Aware NUMA-Aware Dissemination Time: 2.230046e-03
0: CopyToCPU PMPI Allreduce Time: 9.901961e-05
0: MPIL CopyToCPU Recursive Doubling Time: 9.996785e-05
0: MPIL CopyToCPU Node-Aware Dissemination Time: 1.632536e-04
0: MPIL CopyToCPU NUMA-Aware Dissemination Time: 1.074135e-04
0: MPIL CopyToCPU RADIX-3 Dissemination Time: 9.064033e-05
0: MPIL CopyToCPU RADIX-4 Dissemination Time: 8.304256e-05
0: MPIL CopyToCPU RADIX-5 Dissemination Time: 7.905212e-05
0: MPIL CopyToCPU RADIX-6 Dissemination Time: 8.156383e-05
0: MPIL CopyToCPU RADIX-7 Dissemination Time: 8.773986e-05
0: MPIL CopyToCPU RADIX-8 Dissemination Time: 9.123356e-05
0: MPIL CopyToCPU RADIX-9 Dissemination Time: 9.814688e-05
0: MPIL CopyToCPU RADIX-10 Dissemination Time: 9.408032e-05
0: MPIL CopyToCPU RADIX-11 Dissemination Time: 9.668720e-05
0: MPIL CopyToCPU RADIX-12 Dissemination Time: 9.709221e-05
0: MPIL CopyToCPU RADIX-13 Dissemination Time: 9.878408e-05
0: MPIL CopyToCPU RADIX-14 Dissemination Time: 1.036753e-04
0: Testing Size 2048
0: PMPI Allreduce Time: 2.158495e-04
0: MPIL GPU-Aware Recursive Doubling Time: 2.142701e-04
0: MPIL GPU-Aware Node-Aware Dissemination Time: 1.131304e-03
0: MPIL GPU-Aware NUMA-Aware Dissemination Time: 1.768291e-03
0: CopyToCPU PMPI Allreduce Time: 1.309746e-04
0: MPIL CopyToCPU Recursive Doubling Time: 1.528558e-04
0: MPIL CopyToCPU Node-Aware Dissemination Time: 2.101422e-04
0: MPIL CopyToCPU NUMA-Aware Dissemination Time: 1.530761e-04
0: MPIL CopyToCPU RADIX-3 Dissemination Time: 1.367372e-04
0: MPIL CopyToCPU RADIX-4 Dissemination Time: 1.279958e-04
0: MPIL CopyToCPU RADIX-5 Dissemination Time: 1.160807e-04
0: MPIL CopyToCPU RADIX-6 Dissemination Time: 1.224827e-04
0: MPIL CopyToCPU RADIX-7 Dissemination Time: 1.290521e-04
0: MPIL CopyToCPU RADIX-8 Dissemination Time: 1.333090e-04
0: MPIL CopyToCPU RADIX-9 Dissemination Time: 1.406095e-04
0: MPIL CopyToCPU RADIX-10 Dissemination Time: 1.445416e-04
0: MPIL CopyToCPU RADIX-11 Dissemination Time: 1.424676e-04
0: MPIL CopyToCPU RADIX-12 Dissemination Time: 1.496642e-04
0: MPIL CopyToCPU RADIX-13 Dissemination Time: 1.486000e-04
0: MPIL CopyToCPU RADIX-14 Dissemination Time: 1.567548e-04
0: Testing Size 4096
0: PMPI Allreduce Time: 2.231032e-04
0: MPIL GPU-Aware Recursive Doubling Time: 2.223042e-04
0: MPIL GPU-Aware Node-Aware Dissemination Time: 1.031129e-03
0: MPIL GPU-Aware NUMA-Aware Dissemination Time: 1.760720e-03
0: CopyToCPU PMPI Allreduce Time: 2.048932e-04
0: MPIL CopyToCPU Recursive Doubling Time: 2.859288e-04
0: MPIL CopyToCPU Node-Aware Dissemination Time: 3.498601e-04
0: MPIL CopyToCPU NUMA-Aware Dissemination Time: 2.904929e-04
0: MPIL CopyToCPU RADIX-3 Dissemination Time: 2.510840e-04
0: MPIL CopyToCPU RADIX-4 Dissemination Time: 2.367653e-04
0: MPIL CopyToCPU RADIX-5 Dissemination Time: 2.097478e-04
0: MPIL CopyToCPU RADIX-6 Dissemination Time: 2.197983e-04
0: MPIL CopyToCPU RADIX-7 Dissemination Time: 2.252778e-04
0: MPIL CopyToCPU RADIX-8 Dissemination Time: 2.349096e-04
0: MPIL CopyToCPU RADIX-9 Dissemination Time: 2.518035e-04
0: MPIL CopyToCPU RADIX-10 Dissemination Time: 2.622958e-04
0: MPIL CopyToCPU RADIX-11 Dissemination Time: 2.585547e-04
0: MPIL CopyToCPU RADIX-12 Dissemination Time: 2.646254e-04
0: MPIL CopyToCPU RADIX-13 Dissemination Time: 2.722492e-04
0: MPIL CopyToCPU RADIX-14 Dissemination Time: 2.758924e-04
0: Testing Size 8192
0: PMPI Allreduce Time: 2.307885e-04
0: MPIL GPU-Aware Recursive Doubling Time: 2.300273e-04
0: MPIL GPU-Aware Node-Aware Dissemination Time: 1.197959e-03
0: MPIL GPU-Aware NUMA-Aware Dissemination Time: 1.936431e-03
0: CopyToCPU PMPI Allreduce Time: 3.210802e-04
0: MPIL CopyToCPU Recursive Doubling Time: 4.955039e-04
0: MPIL CopyToCPU Node-Aware Dissemination Time: 5.859485e-04
0: MPIL CopyToCPU NUMA-Aware Dissemination Time: 4.631280e-04
0: MPIL CopyToCPU RADIX-3 Dissemination Time: 4.410918e-04
0: MPIL CopyToCPU RADIX-4 Dissemination Time: 4.204553e-04
0: MPIL CopyToCPU RADIX-5 Dissemination Time: 3.665279e-04
0: MPIL CopyToCPU RADIX-6 Dissemination Time: 3.777402e-04
0: MPIL CopyToCPU RADIX-7 Dissemination Time: 3.807122e-04
0: MPIL CopyToCPU RADIX-8 Dissemination Time: 4.147121e-04
0: MPIL CopyToCPU RADIX-9 Dissemination Time: 4.548957e-04
0: MPIL CopyToCPU RADIX-10 Dissemination Time: 4.786490e-04
0: MPIL CopyToCPU RADIX-11 Dissemination Time: 4.690989e-04
0: MPIL CopyToCPU RADIX-12 Dissemination Time: 4.879951e-04
0: MPIL CopyToCPU RADIX-13 Dissemination Time: 4.994895e-04
0: MPIL CopyToCPU RADIX-14 Dissemination Time: 5.082578e-04
0: Testing Size 16384
0: PMPI Allreduce Time: 2.365611e-04
0: MPIL GPU-Aware Recursive Doubling Time: 2.363476e-04
0: MPIL GPU-Aware Node-Aware Dissemination Time: 1.299743e-03
0: MPIL GPU-Aware NUMA-Aware Dissemination Time: 1.997528e-03
0: CopyToCPU PMPI Allreduce Time: 5.955032e-04
0: MPIL CopyToCPU Recursive Doubling Time: 9.255934e-04
0: MPIL CopyToCPU Node-Aware Dissemination Time: 1.202216e-03
0: MPIL CopyToCPU NUMA-Aware Dissemination Time: 8.422732e-04
0: MPIL CopyToCPU RADIX-3 Dissemination Time: 8.013989e-04
0: MPIL CopyToCPU RADIX-4 Dissemination Time: 7.817047e-04
0: MPIL CopyToCPU RADIX-5 Dissemination Time: 6.740420e-04
0: MPIL CopyToCPU RADIX-6 Dissemination Time: 6.923925e-04
0: MPIL CopyToCPU RADIX-7 Dissemination Time: 7.077241e-04
0: MPIL CopyToCPU RADIX-8 Dissemination Time: 7.758525e-04
0: MPIL CopyToCPU RADIX-9 Dissemination Time: 8.538642e-04
0: MPIL CopyToCPU RADIX-10 Dissemination Time: 9.307207e-04
0: MPIL CopyToCPU RADIX-11 Dissemination Time: 9.171196e-04
0: MPIL CopyToCPU RADIX-12 Dissemination Time: 9.356994e-04
0: MPIL CopyToCPU RADIX-13 Dissemination Time: 9.601735e-04
0: MPIL CopyToCPU RADIX-14 Dissemination Time: 9.720480e-04
0: Testing Size 32768
0: PMPI Allreduce Time: 2.558611e-04
0: MPIL GPU-Aware Recursive Doubling Time: 2.559784e-04
0: MPIL GPU-Aware Node-Aware Dissemination Time: 1.226741e-02
0: MPIL GPU-Aware NUMA-Aware Dissemination Time: 2.798362e-03
0: CopyToCPU PMPI Allreduce Time: 9.774422e-04
0: MPIL CopyToCPU Recursive Doubling Time: 1.775045e-03
0: MPIL CopyToCPU Node-Aware Dissemination Time: 2.353302e-03
0: MPIL CopyToCPU NUMA-Aware Dissemination Time: 1.596183e-03
0: MPIL CopyToCPU RADIX-3 Dissemination Time: 1.522238e-03
0: MPIL CopyToCPU RADIX-4 Dissemination Time: 1.517898e-03
0: MPIL CopyToCPU RADIX-5 Dissemination Time: 1.280455e-03
0: MPIL CopyToCPU RADIX-6 Dissemination Time: 1.323438e-03
0: MPIL CopyToCPU RADIX-7 Dissemination Time: 1.369634e-03
0: MPIL CopyToCPU RADIX-8 Dissemination Time: 1.517269e-03
0: MPIL CopyToCPU RADIX-9 Dissemination Time: 1.694559e-03
0: MPIL CopyToCPU RADIX-10 Dissemination Time: 1.832913e-03
0: MPIL CopyToCPU RADIX-11 Dissemination Time: 1.812257e-03
0: MPIL CopyToCPU RADIX-12 Dissemination Time: 1.836737e-03
0: MPIL CopyToCPU RADIX-13 Dissemination Time: 1.879468e-03
0: MPIL CopyToCPU RADIX-14 Dissemination Time: 1.878019e-03
0: Testing Size 65536
0: PMPI Allreduce Time: 2.931182e-04
0: MPIL GPU-Aware Recursive Doubling Time: 2.924757e-04
0: MPIL GPU-Aware Node-Aware Dissemination Time: 1.389257e-02
0: MPIL GPU-Aware NUMA-Aware Dissemination Time: 4.283311e-03
0: CopyToCPU PMPI Allreduce Time: 1.740949e-03
0: MPIL CopyToCPU Recursive Doubling Time: 3.338848e-03
0: MPIL CopyToCPU Node-Aware Dissemination Time: 4.192720e-03
0: MPIL CopyToCPU NUMA-Aware Dissemination Time: 2.945720e-03
0: MPIL CopyToCPU RADIX-3 Dissemination Time: 2.903208e-03
0: MPIL CopyToCPU RADIX-4 Dissemination Time: 2.957414e-03
0: MPIL CopyToCPU RADIX-5 Dissemination Time: 2.507406e-03
0: MPIL CopyToCPU RADIX-6 Dissemination Time: 2.556584e-03
0: MPIL CopyToCPU RADIX-7 Dissemination Time: 2.688357e-03
0: MPIL CopyToCPU RADIX-8 Dissemination Time: 2.966908e-03
0: MPIL CopyToCPU RADIX-9 Dissemination Time: 3.271528e-03
0: MPIL CopyToCPU RADIX-10 Dissemination Time: 3.502404e-03
0: MPIL CopyToCPU RADIX-11 Dissemination Time: 3.457477e-03
0: MPIL CopyToCPU RADIX-12 Dissemination Time: 3.531340e-03
0: MPIL CopyToCPU RADIX-13 Dissemination Time: 3.645894e-03
0: MPIL CopyToCPU RADIX-14 Dissemination Time: 3.484813e-03
0: Testing Size 131072
0: PMPI Allreduce Time: 3.554934e-04
0: MPIL GPU-Aware Recursive Doubling Time: 3.556560e-04
0: MPIL GPU-Aware Node-Aware Dissemination Time: 1.748449e-02
0: MPIL GPU-Aware NUMA-Aware Dissemination Time: 8.962833e-03
0: CopyToCPU PMPI Allreduce Time: 3.497724e-03
0: MPIL CopyToCPU Recursive Doubling Time: 6.075096e-03
0: MPIL CopyToCPU Node-Aware Dissemination Time: 8.404390e-03
0: MPIL CopyToCPU NUMA-Aware Dissemination Time: 5.659498e-03
0: MPIL CopyToCPU RADIX-3 Dissemination Time: 5.379593e-03
0: MPIL CopyToCPU RADIX-4 Dissemination Time: 5.675828e-03
0: MPIL CopyToCPU RADIX-5 Dissemination Time: 4.902248e-03
0: MPIL CopyToCPU RADIX-6 Dissemination Time: 4.989138e-03
0: MPIL CopyToCPU RADIX-7 Dissemination Time: 5.277093e-03
0: MPIL CopyToCPU RADIX-8 Dissemination Time: 5.874494e-03
0: MPIL CopyToCPU RADIX-9 Dissemination Time: 6.489081e-03
0: MPIL CopyToCPU RADIX-10 Dissemination Time: 6.784889e-03
0: MPIL CopyToCPU RADIX-11 Dissemination Time: 6.587862e-03
0: MPIL CopyToCPU RADIX-12 Dissemination Time: 6.836353e-03
0: MPIL CopyToCPU RADIX-13 Dissemination Time: 6.912627e-03
0: MPIL CopyToCPU RADIX-14 Dissemination Time: 6.615945e-03
0: Testing Size 262144
0: PMPI Allreduce Time: 4.862195e-04
0: MPIL GPU-Aware Recursive Doubling Time: 4.857269e-04
0: MPIL GPU-Aware Node-Aware Dissemination Time: 2.364371e-02
0: MPIL GPU-Aware NUMA-Aware Dissemination Time: 1.643468e-02
0: CopyToCPU PMPI Allreduce Time: 6.849343e-03
0: MPIL CopyToCPU Recursive Doubling Time: 1.228482e-02
0: MPIL CopyToCPU Node-Aware Dissemination Time: 1.628029e-02
0: MPIL CopyToCPU NUMA-Aware Dissemination Time: 1.111680e-02
0: MPIL CopyToCPU RADIX-3 Dissemination Time: 1.122995e-02
0: MPIL CopyToCPU RADIX-4 Dissemination Time: 1.000739e-02
0: MPIL CopyToCPU RADIX-5 Dissemination Time: 9.549014e-03
0: MPIL CopyToCPU RADIX-6 Dissemination Time: 9.984439e-03
0: MPIL CopyToCPU RADIX-7 Dissemination Time: 1.010498e-02
0: MPIL CopyToCPU RADIX-8 Dissemination Time: 1.145530e-02
0: MPIL CopyToCPU RADIX-9 Dissemination Time: 1.285603e-02
0: MPIL CopyToCPU RADIX-10 Dissemination Time: 1.365427e-02
0: MPIL CopyToCPU RADIX-11 Dissemination Time: 1.348967e-02
0: MPIL CopyToCPU RADIX-12 Dissemination Time: 1.393845e-02
0: MPIL CopyToCPU RADIX-13 Dissemination Time: 1.407042e-02
0: MPIL CopyToCPU RADIX-14 Dissemination Time: 1.354891e-02
0: Testing Size 524288
0: PMPI Allreduce Time: 7.487526e-04
0: MPIL GPU-Aware Recursive Doubling Time: 7.485254e-04
0: MPIL GPU-Aware Node-Aware Dissemination Time: 3.526965e-02
0: MPIL GPU-Aware NUMA-Aware Dissemination Time: 3.049308e-02
0: CopyToCPU PMPI Allreduce Time: 1.404876e-02
0: MPIL CopyToCPU Recursive Doubling Time: 2.102886e-02
0: MPIL CopyToCPU Node-Aware Dissemination Time: 2.747417e-02
0: MPIL CopyToCPU NUMA-Aware Dissemination Time: 2.342428e-02
0: MPIL CopyToCPU RADIX-3 Dissemination Time: 1.850144e-02
0: MPIL CopyToCPU RADIX-4 Dissemination Time: 1.787946e-02
0: MPIL CopyToCPU RADIX-5 Dissemination Time: 1.900274e-02
0: MPIL CopyToCPU RADIX-6 Dissemination Time: 2.001886e-02
0: MPIL CopyToCPU RADIX-7 Dissemination Time: 2.134846e-02
0: MPIL CopyToCPU RADIX-8 Dissemination Time: 2.743011e-02
0: MPIL CopyToCPU RADIX-9 Dissemination Time: 3.019375e-02
0: MPIL CopyToCPU RADIX-10 Dissemination Time: 3.149499e-02
0: MPIL CopyToCPU RADIX-11 Dissemination Time: 3.103352e-02
0: MPIL CopyToCPU RADIX-12 Dissemination Time: 3.169946e-02
0: MPIL CopyToCPU RADIX-13 Dissemination Time: 3.197301e-02
0: MPIL CopyToCPU RADIX-14 Dissemination Time: 3.200966e-02
