0: Testing Size 1
0: PMPI Allreduce Time: 2.212833e-05
0: MPIL GPU-Aware Recursive Doubling Time: 2.194501e-05
0: MPIL GPU-Aware Node-Aware Dissemination Time: 2.725000e-04
0: MPIL GPU-Aware NUMA-Aware Dissemination Time: 6.142985e-04
0: CopyToCPU PMPI Allreduce Time: 2.197076e-05
0: MPIL CopyToCPU Recursive Doubling Time: 2.474232e-05
0: MPIL CopyToCPU Node-Aware Dissemination Time: 2.140261e-05
0: MPIL CopyToCPU NUMA-Aware Dissemination Time: 2.084736e-05
0: MPIL CopyToCPU RADIX-3 Dissemination Time: 2.733063e-05
0: MPIL CopyToCPU RADIX-4 Dissemination Time: 2.277096e-05
0: MPIL CopyToCPU RADIX-5 Dissemination Time: 2.636851e-05
0: MPIL CopyToCPU RADIX-6 Dissemination Time: 2.775784e-05
0: MPIL CopyToCPU RADIX-7 Dissemination Time: 2.955461e-05
0: MPIL CopyToCPU RADIX-8 Dissemination Time: 2.644759e-05
0: MPIL CopyToCPU RADIX-9 Dissemination Time: 3.231466e-05
0: MPIL CopyToCPU RADIX-10 Dissemination Time: 3.174456e-05
0: MPIL CopyToCPU RADIX-11 Dissemination Time: 3.450597e-05
0: MPIL CopyToCPU RADIX-12 Dissemination Time: 3.664798e-05
0: MPIL CopyToCPU RADIX-13 Dissemination Time: 3.998816e-05
0: MPIL CopyToCPU RADIX-14 Dissemination Time: 3.758775e-05
0: Testing Size 2
0: PMPI Allreduce Time: 2.197920e-05
0: MPIL GPU-Aware Recursive Doubling Time: 2.195218e-05
0: MPIL GPU-Aware Node-Aware Dissemination Time: 2.683981e-04
0: MPIL GPU-Aware NUMA-Aware Dissemination Time: 6.179350e-04
0: CopyToCPU PMPI Allreduce Time: 2.204710e-05
0: MPIL CopyToCPU Recursive Doubling Time: 2.367733e-05
0: MPIL CopyToCPU Node-Aware Dissemination Time: 2.154115e-05
0: MPIL CopyToCPU NUMA-Aware Dissemination Time: 2.083226e-05
0: MPIL CopyToCPU RADIX-3 Dissemination Time: 2.745873e-05
0: MPIL CopyToCPU RADIX-4 Dissemination Time: 2.352922e-05
0: MPIL CopyToCPU RADIX-5 Dissemination Time: 2.685965e-05
0: MPIL CopyToCPU RADIX-6 Dissemination Time: 2.878193e-05
0: MPIL CopyToCPU RADIX-7 Dissemination Time: 2.984295e-05
0: MPIL CopyToCPU RADIX-8 Dissemination Time: 2.680743e-05
0: MPIL CopyToCPU RADIX-9 Dissemination Time: 3.307091e-05
0: MPIL CopyToCPU RADIX-10 Dissemination Time: 3.151707e-05
0: MPIL CopyToCPU RADIX-11 Dissemination Time: 3.445522e-05
0: MPIL CopyToCPU RADIX-12 Dissemination Time: 3.662724e-05
0: MPIL CopyToCPU RADIX-13 Dissemination Time: 3.867436e-05
0: MPIL CopyToCPU RADIX-14 Dissemination Time: 3.670873e-05
0: Testing Size 4
0: PMPI Allreduce Time: 2.211699e-05
0: MPIL GPU-Aware Recursive Doubling Time: 2.213326e-05
0: MPIL GPU-Aware Node-Aware Dissemination Time: 2.689044e-04
0: MPIL GPU-Aware NUMA-Aware Dissemination Time: 6.195194e-04
0: CopyToCPU PMPI Allreduce Time: 2.234347e-05
0: MPIL CopyToCPU Recursive Doubling Time: 2.381105e-05
0: MPIL CopyToCPU Node-Aware Dissemination Time: 2.143013e-05
0: MPIL CopyToCPU NUMA-Aware Dissemination Time: 2.075863e-05
0: MPIL CopyToCPU RADIX-3 Dissemination Time: 2.771475e-05
0: MPIL CopyToCPU RADIX-4 Dissemination Time: 2.332671e-05
0: MPIL CopyToCPU RADIX-5 Dissemination Time: 2.640629e-05
0: MPIL CopyToCPU RADIX-6 Dissemination Time: 2.912681e-05
0: MPIL CopyToCPU RADIX-7 Dissemination Time: 2.986328e-05
0: MPIL CopyToCPU RADIX-8 Dissemination Time: 2.687225e-05
0: MPIL CopyToCPU RADIX-9 Dissemination Time: 3.236857e-05
0: MPIL CopyToCPU RADIX-10 Dissemination Time: 3.161089e-05
0: MPIL CopyToCPU RADIX-11 Dissemination Time: 3.389021e-05
0: MPIL CopyToCPU RADIX-12 Dissemination Time: 3.639389e-05
0: MPIL CopyToCPU RADIX-13 Dissemination Time: 3.846429e-05
0: MPIL CopyToCPU RADIX-14 Dissemination Time: 3.599592e-05
0: Testing Size 8
0: PMPI Allreduce Time: 2.189307e-05
0: MPIL GPU-Aware Recursive Doubling Time: 2.197161e-05
0: MPIL GPU-Aware Node-Aware Dissemination Time: 2.689524e-04
0: MPIL GPU-Aware NUMA-Aware Dissemination Time: 6.173748e-04
0: CopyToCPU PMPI Allreduce Time: 2.202711e-05
0: MPIL CopyToCPU Recursive Doubling Time: 2.616472e-05
0: MPIL CopyToCPU Node-Aware Dissemination Time: 2.150325e-05
0: MPIL CopyToCPU NUMA-Aware Dissemination Time: 2.076190e-05
0: MPIL CopyToCPU RADIX-3 Dissemination Time: 2.877854e-05
0: MPIL CopyToCPU RADIX-4 Dissemination Time: 2.507235e-05
0: MPIL CopyToCPU RADIX-5 Dissemination Time: 2.815609e-05
0: MPIL CopyToCPU RADIX-6 Dissemination Time: 2.883534e-05
0: MPIL CopyToCPU RADIX-7 Dissemination Time: 3.132395e-05
0: MPIL CopyToCPU RADIX-8 Dissemination Time: 2.813124e-05
0: MPIL CopyToCPU RADIX-9 Dissemination Time: 3.462461e-05
0: MPIL CopyToCPU RADIX-10 Dissemination Time: 3.408450e-05
0: MPIL CopyToCPU RADIX-11 Dissemination Time: 3.623646e-05
0: MPIL CopyToCPU RADIX-12 Dissemination Time: 3.869333e-05
0: MPIL CopyToCPU RADIX-13 Dissemination Time: 4.121748e-05
0: MPIL CopyToCPU RADIX-14 Dissemination Time: 3.843466e-05
0: Testing Size 16
0: PMPI Allreduce Time: 2.355238e-05
0: MPIL GPU-Aware Recursive Doubling Time: 2.357692e-05
0: MPIL GPU-Aware Node-Aware Dissemination Time: 2.710336e-04
0: MPIL GPU-Aware NUMA-Aware Dissemination Time: 6.168437e-04
0: CopyToCPU PMPI Allreduce Time: 2.346333e-05
0: MPIL CopyToCPU Recursive Doubling Time: 2.786669e-05
0: MPIL CopyToCPU Node-Aware Dissemination Time: 2.202745e-05
0: MPIL CopyToCPU NUMA-Aware Dissemination Time: 2.269646e-05
0: MPIL CopyToCPU RADIX-3 Dissemination Time: 3.111932e-05
0: MPIL CopyToCPU RADIX-4 Dissemination Time: 2.643319e-05
0: MPIL CopyToCPU RADIX-5 Dissemination Time: 2.992809e-05
0: MPIL CopyToCPU RADIX-6 Dissemination Time: 3.089696e-05
0: MPIL CopyToCPU RADIX-7 Dissemination Time: 3.339207e-05
0: MPIL CopyToCPU RADIX-8 Dissemination Time: 3.019742e-05
0: MPIL CopyToCPU RADIX-9 Dissemination Time: 3.707361e-05
0: MPIL CopyToCPU RADIX-10 Dissemination Time: 3.713411e-05
0: MPIL CopyToCPU RADIX-11 Dissemination Time: 3.955441e-05
0: MPIL CopyToCPU RADIX-12 Dissemination Time: 4.247495e-05
0: MPIL CopyToCPU RADIX-13 Dissemination Time: 4.456584e-05
0: MPIL CopyToCPU RADIX-14 Dissemination Time: 4.146718e-05
0: Testing Size 32
0: PMPI Allreduce Time: 3.708378e-05
0: MPIL GPU-Aware Recursive Doubling Time: 3.687065e-05
0: MPIL GPU-Aware Node-Aware Dissemination Time: 2.824623e-04
0: MPIL GPU-Aware NUMA-Aware Dissemination Time: 6.252240e-04
0: CopyToCPU PMPI Allreduce Time: 2.947944e-05
0: MPIL CopyToCPU Recursive Doubling Time: 3.474646e-05
0: MPIL CopyToCPU Node-Aware Dissemination Time: 2.401020e-05
0: MPIL CopyToCPU NUMA-Aware Dissemination Time: 2.877335e-05
0: MPIL CopyToCPU RADIX-3 Dissemination Time: 4.534008e-05
0: MPIL CopyToCPU RADIX-4 Dissemination Time: 3.334654e-05
0: MPIL CopyToCPU RADIX-5 Dissemination Time: 3.586205e-05
0: MPIL CopyToCPU RADIX-6 Dissemination Time: 3.994020e-05
0: MPIL CopyToCPU RADIX-7 Dissemination Time: 4.036821e-05
0: MPIL CopyToCPU RADIX-8 Dissemination Time: 3.527883e-05
0: MPIL CopyToCPU RADIX-9 Dissemination Time: 4.668708e-05
0: MPIL CopyToCPU RADIX-10 Dissemination Time: 4.143298e-05
0: MPIL CopyToCPU RADIX-11 Dissemination Time: 4.426482e-05
0: MPIL CopyToCPU RADIX-12 Dissemination Time: 4.669276e-05
0: MPIL CopyToCPU RADIX-13 Dissemination Time: 4.950191e-05
0: MPIL CopyToCPU RADIX-14 Dissemination Time: 4.849040e-05
0: Testing Size 64
0: PMPI Allreduce Time: 3.763435e-05
0: MPIL GPU-Aware Recursive Doubling Time: 3.820401e-05
0: MPIL GPU-Aware Node-Aware Dissemination Time: 2.909735e-04
0: MPIL GPU-Aware NUMA-Aware Dissemination Time: 6.276368e-04
0: CopyToCPU PMPI Allreduce Time: 3.709863e-05
0: MPIL CopyToCPU Recursive Doubling Time: 3.521939e-05
0: MPIL CopyToCPU Node-Aware Dissemination Time: 3.149000e-05
0: MPIL CopyToCPU NUMA-Aware Dissemination Time: 3.492639e-05
0: MPIL CopyToCPU RADIX-3 Dissemination Time: 4.629457e-05
0: MPIL CopyToCPU RADIX-4 Dissemination Time: 3.335266e-05
0: MPIL CopyToCPU RADIX-5 Dissemination Time: 3.655431e-05
0: MPIL CopyToCPU RADIX-6 Dissemination Time: 4.041781e-05
0: MPIL CopyToCPU RADIX-7 Dissemination Time: 4.138690e-05
0: MPIL CopyToCPU RADIX-8 Dissemination Time: 3.623109e-05
0: MPIL CopyToCPU RADIX-9 Dissemination Time: 4.724401e-05
0: MPIL CopyToCPU RADIX-10 Dissemination Time: 4.242108e-05
0: MPIL CopyToCPU RADIX-11 Dissemination Time: 4.485885e-05
0: MPIL CopyToCPU RADIX-12 Dissemination Time: 4.743751e-05
0: MPIL CopyToCPU RADIX-13 Dissemination Time: 5.060004e-05
0: MPIL CopyToCPU RADIX-14 Dissemination Time: 5.159452e-05
0: Testing Size 128
0: PMPI Allreduce Time: 5.567078e-05
0: MPIL GPU-Aware Recursive Doubling Time: 5.550127e-05
0: MPIL GPU-Aware Node-Aware Dissemination Time: 3.200366e-04
0: MPIL GPU-Aware NUMA-Aware Dissemination Time: 6.339567e-04
0: CopyToCPU PMPI Allreduce Time: 5.750112e-05
0: MPIL CopyToCPU Recursive Doubling Time: 5.508962e-05
0: MPIL CopyToCPU Node-Aware Dissemination Time: 8.063508e-05
0: MPIL CopyToCPU NUMA-Aware Dissemination Time: 5.442895e-05
0: MPIL CopyToCPU RADIX-3 Dissemination Time: 5.589734e-05
0: MPIL CopyToCPU RADIX-4 Dissemination Time: 4.721891e-05
0: MPIL CopyToCPU RADIX-5 Dissemination Time: 5.201838e-05
0: MPIL CopyToCPU RADIX-6 Dissemination Time: 5.232857e-05
0: MPIL CopyToCPU RADIX-7 Dissemination Time: 5.670192e-05
0: MPIL CopyToCPU RADIX-8 Dissemination Time: 5.263307e-05
0: MPIL CopyToCPU RADIX-9 Dissemination Time: 6.209136e-05
0: MPIL CopyToCPU RADIX-10 Dissemination Time: 6.358122e-05
0: MPIL CopyToCPU RADIX-11 Dissemination Time: 6.577092e-05
0: MPIL CopyToCPU RADIX-12 Dissemination Time: 6.962472e-05
0: MPIL CopyToCPU RADIX-13 Dissemination Time: 7.065987e-05
0: MPIL CopyToCPU RADIX-14 Dissemination Time: 7.210512e-05
0: Testing Size 256
0: PMPI Allreduce Time: 6.190520e-05
0: MPIL GPU-Aware Recursive Doubling Time: 6.179836e-05
0: MPIL GPU-Aware Node-Aware Dissemination Time: 3.265647e-04
0: MPIL GPU-Aware NUMA-Aware Dissemination Time: 6.399755e-04
0: CopyToCPU PMPI Allreduce Time: 6.671808e-05
0: MPIL CopyToCPU Recursive Doubling Time: 7.038885e-05
0: MPIL CopyToCPU Node-Aware Dissemination Time: 1.113096e-04
0: MPIL CopyToCPU NUMA-Aware Dissemination Time: 7.513693e-05
0: MPIL CopyToCPU RADIX-3 Dissemination Time: 6.346391e-05
0: MPIL CopyToCPU RADIX-4 Dissemination Time: 5.510652e-05
0: MPIL CopyToCPU RADIX-5 Dissemination Time: 5.563709e-05
0: MPIL CopyToCPU RADIX-6 Dissemination Time: 5.598555e-05
0: MPIL CopyToCPU RADIX-7 Dissemination Time: 6.064021e-05
0: MPIL CopyToCPU RADIX-8 Dissemination Time: 5.616451e-05
0: MPIL CopyToCPU RADIX-9 Dissemination Time: 6.809620e-05
0: MPIL CopyToCPU RADIX-10 Dissemination Time: 7.126324e-05
0: MPIL CopyToCPU RADIX-11 Dissemination Time: 8.048759e-05
0: MPIL CopyToCPU RADIX-12 Dissemination Time: 8.355356e-05
0: MPIL CopyToCPU RADIX-13 Dissemination Time: 8.694813e-05
0: MPIL CopyToCPU RADIX-14 Dissemination Time: 8.357196e-05
0: Testing Size 512
0: PMPI Allreduce Time: 7.752129e-05
0: MPIL GPU-Aware Recursive Doubling Time: 7.740165e-05
0: MPIL GPU-Aware Node-Aware Dissemination Time: 3.490158e-04
0: MPIL GPU-Aware NUMA-Aware Dissemination Time: 6.433731e-04
0: CopyToCPU PMPI Allreduce Time: 7.848899e-05
0: MPIL CopyToCPU Recursive Doubling Time: 7.759736e-05
0: MPIL CopyToCPU Node-Aware Dissemination Time: 1.226040e-04
0: MPIL CopyToCPU NUMA-Aware Dissemination Time: 7.983643e-05
0: MPIL CopyToCPU RADIX-3 Dissemination Time: 7.462977e-05
0: MPIL CopyToCPU RADIX-4 Dissemination Time: 6.302966e-05
0: MPIL CopyToCPU RADIX-5 Dissemination Time: 6.263421e-05
0: MPIL CopyToCPU RADIX-6 Dissemination Time: 6.540123e-05
0: MPIL CopyToCPU RADIX-7 Dissemination Time: 6.912526e-05
0: MPIL CopyToCPU RADIX-8 Dissemination Time: 6.622651e-05
0: MPIL CopyToCPU RADIX-9 Dissemination Time: 7.707666e-05
0: MPIL CopyToCPU RADIX-10 Dissemination Time: 7.904613e-05
0: MPIL CopyToCPU RADIX-11 Dissemination Time: 8.127665e-05
0: MPIL CopyToCPU RADIX-12 Dissemination Time: 8.467646e-05
0: MPIL CopyToCPU RADIX-13 Dissemination Time: 8.773331e-05
0: MPIL CopyToCPU RADIX-14 Dissemination Time: 9.146223e-05
0: Testing Size 1024
0: PMPI Allreduce Time: 5.796613e-04
0: MPIL GPU-Aware Recursive Doubling Time: 5.773359e-04
0: MPIL GPU-Aware Node-Aware Dissemination Time: 1.435194e-03
0: MPIL GPU-Aware NUMA-Aware Dissemination Time: 2.813563e-03
0: CopyToCPU PMPI Allreduce Time: 1.104987e-04
0: MPIL CopyToCPU Recursive Doubling Time: 1.061233e-04
0: MPIL CopyToCPU Node-Aware Dissemination Time: 1.861350e-04
0: MPIL CopyToCPU NUMA-Aware Dissemination Time: 1.148793e-04
0: MPIL CopyToCPU RADIX-3 Dissemination Time: 9.661035e-05
0: MPIL CopyToCPU RADIX-4 Dissemination Time: 8.581517e-05
0: MPIL CopyToCPU RADIX-5 Dissemination Time: 8.256954e-05
0: MPIL CopyToCPU RADIX-6 Dissemination Time: 8.219929e-05
0: MPIL CopyToCPU RADIX-7 Dissemination Time: 9.129939e-05
0: MPIL CopyToCPU RADIX-8 Dissemination Time: 8.764204e-05
0: MPIL CopyToCPU RADIX-9 Dissemination Time: 1.018305e-04
0: MPIL CopyToCPU RADIX-10 Dissemination Time: 1.060079e-04
0: MPIL CopyToCPU RADIX-11 Dissemination Time: 1.083964e-04
0: MPIL CopyToCPU RADIX-12 Dissemination Time: 1.153115e-04
0: MPIL CopyToCPU RADIX-13 Dissemination Time: 1.161797e-04
0: MPIL CopyToCPU RADIX-14 Dissemination Time: 1.198751e-04
0: Testing Size 2048
0: PMPI Allreduce Time: 2.460458e-04
0: MPIL GPU-Aware Recursive Doubling Time: 2.427912e-04
0: MPIL GPU-Aware Node-Aware Dissemination Time: 1.151236e-03
0: MPIL GPU-Aware NUMA-Aware Dissemination Time: 2.311859e-03
0: CopyToCPU PMPI Allreduce Time: 1.413699e-04
0: MPIL CopyToCPU Recursive Doubling Time: 1.676136e-04
0: MPIL CopyToCPU Node-Aware Dissemination Time: 2.210090e-04
0: MPIL CopyToCPU NUMA-Aware Dissemination Time: 1.816365e-04
0: MPIL CopyToCPU RADIX-3 Dissemination Time: 1.419375e-04
0: MPIL CopyToCPU RADIX-4 Dissemination Time: 1.348905e-04
0: MPIL CopyToCPU RADIX-5 Dissemination Time: 1.246921e-04
0: MPIL CopyToCPU RADIX-6 Dissemination Time: 1.225806e-04
0: MPIL CopyToCPU RADIX-7 Dissemination Time: 1.332072e-04
0: MPIL CopyToCPU RADIX-8 Dissemination Time: 1.370147e-04
0: MPIL CopyToCPU RADIX-9 Dissemination Time: 1.499824e-04
0: MPIL CopyToCPU RADIX-10 Dissemination Time: 1.563172e-04
0: MPIL CopyToCPU RADIX-11 Dissemination Time: 1.646237e-04
0: MPIL CopyToCPU RADIX-12 Dissemination Time: 1.770907e-04
0: MPIL CopyToCPU RADIX-13 Dissemination Time: 1.815650e-04
0: MPIL CopyToCPU RADIX-14 Dissemination Time: 1.862756e-04
0: Testing Size 4096
0: PMPI Allreduce Time: 2.633487e-04
0: MPIL GPU-Aware Recursive Doubling Time: 2.632610e-04
0: MPIL GPU-Aware Node-Aware Dissemination Time: 1.070807e-03
0: MPIL GPU-Aware NUMA-Aware Dissemination Time: 2.258401e-03
0: CopyToCPU PMPI Allreduce Time: 2.105689e-04
0: MPIL CopyToCPU Recursive Doubling Time: 2.980539e-04
0: MPIL CopyToCPU Node-Aware Dissemination Time: 3.577906e-04
0: MPIL CopyToCPU NUMA-Aware Dissemination Time: 3.157818e-04
0: MPIL CopyToCPU RADIX-3 Dissemination Time: 2.637175e-04
0: MPIL CopyToCPU RADIX-4 Dissemination Time: 2.451835e-04
0: MPIL CopyToCPU RADIX-5 Dissemination Time: 2.340251e-04
0: MPIL CopyToCPU RADIX-6 Dissemination Time: 2.292341e-04
0: MPIL CopyToCPU RADIX-7 Dissemination Time: 2.492263e-04
0: MPIL CopyToCPU RADIX-8 Dissemination Time: 2.514981e-04
0: MPIL CopyToCPU RADIX-9 Dissemination Time: 2.859298e-04
0: MPIL CopyToCPU RADIX-10 Dissemination Time: 2.880455e-04
0: MPIL CopyToCPU RADIX-11 Dissemination Time: 3.106414e-04
0: MPIL CopyToCPU RADIX-12 Dissemination Time: 3.326683e-04
0: MPIL CopyToCPU RADIX-13 Dissemination Time: 3.495820e-04
0: MPIL CopyToCPU RADIX-14 Dissemination Time: 3.529256e-04
0: Testing Size 8192
0: PMPI Allreduce Time: 2.721811e-04
0: MPIL GPU-Aware Recursive Doubling Time: 2.718600e-04
0: MPIL GPU-Aware Node-Aware Dissemination Time: 1.209024e-03
0: MPIL GPU-Aware NUMA-Aware Dissemination Time: 2.335886e-03
0: CopyToCPU PMPI Allreduce Time: 3.340746e-04
0: MPIL CopyToCPU Recursive Doubling Time: 5.199891e-04
0: MPIL CopyToCPU Node-Aware Dissemination Time: 5.927601e-04
0: MPIL CopyToCPU NUMA-Aware Dissemination Time: 5.519066e-04
0: MPIL CopyToCPU RADIX-3 Dissemination Time: 4.511868e-04
0: MPIL CopyToCPU RADIX-4 Dissemination Time: 4.443033e-04
0: MPIL CopyToCPU RADIX-5 Dissemination Time: 4.175692e-04
0: MPIL CopyToCPU RADIX-6 Dissemination Time: 4.063198e-04
0: MPIL CopyToCPU RADIX-7 Dissemination Time: 4.429570e-04
0: MPIL CopyToCPU RADIX-8 Dissemination Time: 4.617664e-04
0: MPIL CopyToCPU RADIX-9 Dissemination Time: 5.070173e-04
0: MPIL CopyToCPU RADIX-10 Dissemination Time: 5.182348e-04
0: MPIL CopyToCPU RADIX-11 Dissemination Time: 5.677265e-04
0: MPIL CopyToCPU RADIX-12 Dissemination Time: 6.144454e-04
0: MPIL CopyToCPU RADIX-13 Dissemination Time: 6.601888e-04
0: MPIL CopyToCPU RADIX-14 Dissemination Time: 6.673799e-04
0: Testing Size 16384
0: PMPI Allreduce Time: 2.805475e-04
0: MPIL GPU-Aware Recursive Doubling Time: 2.791505e-04
0: MPIL GPU-Aware Node-Aware Dissemination Time: 1.412939e-03
0: MPIL GPU-Aware NUMA-Aware Dissemination Time: 2.647581e-03
0: CopyToCPU PMPI Allreduce Time: 5.624937e-04
0: MPIL CopyToCPU Recursive Doubling Time: 9.508333e-04
0: MPIL CopyToCPU Node-Aware Dissemination Time: 1.051542e-03
0: MPIL CopyToCPU NUMA-Aware Dissemination Time: 1.036396e-03
0: MPIL CopyToCPU RADIX-3 Dissemination Time: 8.271501e-04
0: MPIL CopyToCPU RADIX-4 Dissemination Time: 8.385514e-04
0: MPIL CopyToCPU RADIX-5 Dissemination Time: 7.797183e-04
0: MPIL CopyToCPU RADIX-6 Dissemination Time: 7.628171e-04
0: MPIL CopyToCPU RADIX-7 Dissemination Time: 8.259791e-04
0: MPIL CopyToCPU RADIX-8 Dissemination Time: 8.779282e-04
0: MPIL CopyToCPU RADIX-9 Dissemination Time: 9.623735e-04
0: MPIL CopyToCPU RADIX-10 Dissemination Time: 1.002495e-03
0: MPIL CopyToCPU RADIX-11 Dissemination Time: 1.109681e-03
0: MPIL CopyToCPU RADIX-12 Dissemination Time: 1.209153e-03
0: MPIL CopyToCPU RADIX-13 Dissemination Time: 1.304529e-03
0: MPIL CopyToCPU RADIX-14 Dissemination Time: 1.313969e-03
0: Testing Size 32768
0: PMPI Allreduce Time: 2.932583e-04
0: MPIL GPU-Aware Recursive Doubling Time: 2.935010e-04
0: MPIL GPU-Aware Node-Aware Dissemination Time: 1.253912e-02
0: MPIL GPU-Aware NUMA-Aware Dissemination Time: 3.276384e-03
0: CopyToCPU PMPI Allreduce Time: 1.008870e-03
0: MPIL CopyToCPU Recursive Doubling Time: 1.808697e-03
0: MPIL CopyToCPU Node-Aware Dissemination Time: 1.953685e-03
0: MPIL CopyToCPU NUMA-Aware Dissemination Time: 1.938274e-03
0: MPIL CopyToCPU RADIX-3 Dissemination Time: 1.579855e-03
0: MPIL CopyToCPU RADIX-4 Dissemination Time: 1.618639e-03
0: MPIL CopyToCPU RADIX-5 Dissemination Time: 1.516246e-03
0: MPIL CopyToCPU RADIX-6 Dissemination Time: 1.478537e-03
0: MPIL CopyToCPU RADIX-7 Dissemination Time: 1.589373e-03
0: MPIL CopyToCPU RADIX-8 Dissemination Time: 1.703745e-03
0: MPIL CopyToCPU RADIX-9 Dissemination Time: 1.876728e-03
0: MPIL CopyToCPU RADIX-10 Dissemination Time: 1.966235e-03
0: MPIL CopyToCPU RADIX-11 Dissemination Time: 2.172132e-03
0: MPIL CopyToCPU RADIX-12 Dissemination Time: 2.400635e-03
0: MPIL CopyToCPU RADIX-13 Dissemination Time: 2.574087e-03
0: MPIL CopyToCPU RADIX-14 Dissemination Time: 2.618372e-03
0: Testing Size 65536
0: PMPI Allreduce Time: 3.267224e-04
0: MPIL GPU-Aware Recursive Doubling Time: 3.250823e-04
0: MPIL GPU-Aware Node-Aware Dissemination Time: 1.389047e-02
0: MPIL GPU-Aware NUMA-Aware Dissemination Time: 5.072263e-03
0: CopyToCPU PMPI Allreduce Time: 1.785196e-03
0: MPIL CopyToCPU Recursive Doubling Time: 3.476623e-03
0: MPIL CopyToCPU Node-Aware Dissemination Time: 3.414649e-03
0: MPIL CopyToCPU NUMA-Aware Dissemination Time: 3.396321e-03
0: MPIL CopyToCPU RADIX-3 Dissemination Time: 3.072912e-03
0: MPIL CopyToCPU RADIX-4 Dissemination Time: 3.191019e-03
0: MPIL CopyToCPU RADIX-5 Dissemination Time: 2.945544e-03
0: MPIL CopyToCPU RADIX-6 Dissemination Time: 2.880390e-03
0: MPIL CopyToCPU RADIX-7 Dissemination Time: 3.117398e-03
0: MPIL CopyToCPU RADIX-8 Dissemination Time: 3.325424e-03
0: MPIL CopyToCPU RADIX-9 Dissemination Time: 3.665022e-03
0: MPIL CopyToCPU RADIX-10 Dissemination Time: 3.785514e-03
0: MPIL CopyToCPU RADIX-11 Dissemination Time: 4.179672e-03
0: MPIL CopyToCPU RADIX-12 Dissemination Time: 4.726973e-03
0: MPIL CopyToCPU RADIX-13 Dissemination Time: 4.969389e-03
0: MPIL CopyToCPU RADIX-14 Dissemination Time: 5.043391e-03
0: Testing Size 131072
0: PMPI Allreduce Time: 3.951606e-04
0: MPIL GPU-Aware Recursive Doubling Time: 3.961104e-04
0: MPIL GPU-Aware Node-Aware Dissemination Time: 1.718759e-02
0: MPIL GPU-Aware NUMA-Aware Dissemination Time: 1.007482e-02
0: CopyToCPU PMPI Allreduce Time: 3.539715e-03
0: MPIL CopyToCPU Recursive Doubling Time: 6.694835e-03
0: MPIL CopyToCPU Node-Aware Dissemination Time: 6.867579e-03
0: MPIL CopyToCPU NUMA-Aware Dissemination Time: 7.054910e-03
0: MPIL CopyToCPU RADIX-3 Dissemination Time: 5.688829e-03
0: MPIL CopyToCPU RADIX-4 Dissemination Time: 6.221522e-03
0: MPIL CopyToCPU RADIX-5 Dissemination Time: 5.737608e-03
0: MPIL CopyToCPU RADIX-6 Dissemination Time: 5.591492e-03
0: MPIL CopyToCPU RADIX-7 Dissemination Time: 6.042533e-03
0: MPIL CopyToCPU RADIX-8 Dissemination Time: 6.545431e-03
0: MPIL CopyToCPU RADIX-9 Dissemination Time: 7.129926e-03
0: MPIL CopyToCPU RADIX-10 Dissemination Time: 7.258793e-03
0: MPIL CopyToCPU RADIX-11 Dissemination Time: 7.982283e-03
0: MPIL CopyToCPU RADIX-12 Dissemination Time: 8.985525e-03
0: MPIL CopyToCPU RADIX-13 Dissemination Time: 9.404795e-03
0: MPIL CopyToCPU RADIX-14 Dissemination Time: 9.453950e-03
0: Testing Size 262144
0: PMPI Allreduce Time: 5.317796e-04
0: MPIL GPU-Aware Recursive Doubling Time: 5.321436e-04
0: MPIL GPU-Aware Node-Aware Dissemination Time: 2.434385e-02
0: MPIL GPU-Aware NUMA-Aware Dissemination Time: 2.042868e-02
0: CopyToCPU PMPI Allreduce Time: 6.978761e-03
0: MPIL CopyToCPU Recursive Doubling Time: 1.299667e-02
0: MPIL CopyToCPU Node-Aware Dissemination Time: 1.374435e-02
0: MPIL CopyToCPU NUMA-Aware Dissemination Time: 1.380225e-02
0: MPIL CopyToCPU RADIX-3 Dissemination Time: 1.202777e-02
0: MPIL CopyToCPU RADIX-4 Dissemination Time: 1.216747e-02
0: MPIL CopyToCPU RADIX-5 Dissemination Time: 1.127002e-02
0: MPIL CopyToCPU RADIX-6 Dissemination Time: 1.118526e-02
0: MPIL CopyToCPU RADIX-7 Dissemination Time: 1.190575e-02
0: MPIL CopyToCPU RADIX-8 Dissemination Time: 1.299800e-02
0: MPIL CopyToCPU RADIX-9 Dissemination Time: 1.407860e-02
0: MPIL CopyToCPU RADIX-10 Dissemination Time: 1.453286e-02
0: MPIL CopyToCPU RADIX-11 Dissemination Time: 1.619522e-02
0: MPIL CopyToCPU RADIX-12 Dissemination Time: 1.869995e-02
0: MPIL CopyToCPU RADIX-13 Dissemination Time: 1.914825e-02
0: MPIL CopyToCPU RADIX-14 Dissemination Time: 1.941629e-02
0: Testing Size 524288
0: PMPI Allreduce Time: 8.052948e-04
0: MPIL GPU-Aware Recursive Doubling Time: 8.040723e-04
0: MPIL GPU-Aware Node-Aware Dissemination Time: 3.642809e-02
0: MPIL GPU-Aware NUMA-Aware Dissemination Time: 3.119463e-02
0: CopyToCPU PMPI Allreduce Time: 1.429233e-02
0: MPIL CopyToCPU Recursive Doubling Time: 2.390900e-02
0: MPIL CopyToCPU Node-Aware Dissemination Time: 2.823349e-02
0: MPIL CopyToCPU NUMA-Aware Dissemination Time: 2.164682e-02
0: MPIL CopyToCPU RADIX-3 Dissemination Time: 2.155070e-02
0: MPIL CopyToCPU RADIX-4 Dissemination Time: 1.993532e-02
0: MPIL CopyToCPU RADIX-5 Dissemination Time: 2.199026e-02
0: MPIL CopyToCPU RADIX-6 Dissemination Time: 2.240343e-02
0: MPIL CopyToCPU RADIX-7 Dissemination Time: 2.412165e-02
0: MPIL CopyToCPU RADIX-8 Dissemination Time: 2.960227e-02
0: MPIL CopyToCPU RADIX-9 Dissemination Time: 3.186619e-02
0: MPIL CopyToCPU RADIX-10 Dissemination Time: 3.377871e-02
0: MPIL CopyToCPU RADIX-11 Dissemination Time: 3.665959e-02
0: MPIL CopyToCPU RADIX-12 Dissemination Time: 4.084398e-02
0: MPIL CopyToCPU RADIX-13 Dissemination Time: 4.198661e-02
0: MPIL CopyToCPU RADIX-14 Dissemination Time: 4.349434e-02
