0: Testing Size 1
0: PMPI Allreduce Time: 2.225549e-05
0: MPIL GPU-Aware Recursive Doubling Time: 2.195096e-05
0: MPIL GPU-Aware Node-Aware Dissemination Time: 2.775394e-04
0: MPIL GPU-Aware NUMA-Aware Dissemination Time: 6.125958e-04
0: CopyToCPU PMPI Allreduce Time: 2.252771e-05
0: MPIL CopyToCPU Recursive Doubling Time: 2.755513e-05
0: MPIL CopyToCPU Node-Aware Dissemination Time: 2.163680e-05
0: MPIL CopyToCPU NUMA-Aware Dissemination Time: 2.117946e-05
0: MPIL CopyToCPU RADIX-3 Dissemination Time: 2.768238e-05
0: MPIL CopyToCPU RADIX-4 Dissemination Time: 2.330719e-05
0: MPIL CopyToCPU RADIX-5 Dissemination Time: 2.698861e-05
0: MPIL CopyToCPU RADIX-6 Dissemination Time: 2.750073e-05
0: MPIL CopyToCPU RADIX-7 Dissemination Time: 2.997393e-05
0: MPIL CopyToCPU RADIX-8 Dissemination Time: 2.668217e-05
0: MPIL CopyToCPU RADIX-9 Dissemination Time: 3.213673e-05
0: MPIL CopyToCPU RADIX-10 Dissemination Time: 3.177907e-05
0: MPIL CopyToCPU RADIX-11 Dissemination Time: 3.479924e-05
0: MPIL CopyToCPU RADIX-12 Dissemination Time: 3.682495e-05
0: MPIL CopyToCPU RADIX-13 Dissemination Time: 3.943380e-05
0: MPIL CopyToCPU RADIX-14 Dissemination Time: 3.693109e-05
0: Testing Size 2
0: PMPI Allreduce Time: 2.210191e-05
0: MPIL GPU-Aware Recursive Doubling Time: 2.212759e-05
0: MPIL GPU-Aware Node-Aware Dissemination Time: 2.738142e-04
0: MPIL GPU-Aware NUMA-Aware Dissemination Time: 6.246103e-04
0: CopyToCPU PMPI Allreduce Time: 2.233246e-05
0: MPIL CopyToCPU Recursive Doubling Time: 2.654862e-05
0: MPIL CopyToCPU Node-Aware Dissemination Time: 2.140015e-05
0: MPIL CopyToCPU NUMA-Aware Dissemination Time: 2.104794e-05
0: MPIL CopyToCPU RADIX-3 Dissemination Time: 2.828068e-05
0: MPIL CopyToCPU RADIX-4 Dissemination Time: 2.403418e-05
0: MPIL CopyToCPU RADIX-5 Dissemination Time: 2.741766e-05
0: MPIL CopyToCPU RADIX-6 Dissemination Time: 2.902357e-05
0: MPIL CopyToCPU RADIX-7 Dissemination Time: 3.082130e-05
0: MPIL CopyToCPU RADIX-8 Dissemination Time: 2.731460e-05
0: MPIL CopyToCPU RADIX-9 Dissemination Time: 3.241301e-05
0: MPIL CopyToCPU RADIX-10 Dissemination Time: 3.204288e-05
0: MPIL CopyToCPU RADIX-11 Dissemination Time: 3.431506e-05
0: MPIL CopyToCPU RADIX-12 Dissemination Time: 3.655971e-05
0: MPIL CopyToCPU RADIX-13 Dissemination Time: 3.898792e-05
0: MPIL CopyToCPU RADIX-14 Dissemination Time: 3.665973e-05
0: Testing Size 4
0: PMPI Allreduce Time: 2.226007e-05
0: MPIL GPU-Aware Recursive Doubling Time: 2.230746e-05
0: MPIL GPU-Aware Node-Aware Dissemination Time: 2.748981e-04
0: MPIL GPU-Aware NUMA-Aware Dissemination Time: 6.234630e-04
0: CopyToCPU PMPI Allreduce Time: 2.261854e-05
0: MPIL CopyToCPU Recursive Doubling Time: 2.642591e-05
0: MPIL CopyToCPU Node-Aware Dissemination Time: 2.162269e-05
0: MPIL CopyToCPU NUMA-Aware Dissemination Time: 2.097961e-05
0: MPIL CopyToCPU RADIX-3 Dissemination Time: 2.805582e-05
0: MPIL CopyToCPU RADIX-4 Dissemination Time: 2.427348e-05
0: MPIL CopyToCPU RADIX-5 Dissemination Time: 2.701650e-05
0: MPIL CopyToCPU RADIX-6 Dissemination Time: 2.873314e-05
0: MPIL CopyToCPU RADIX-7 Dissemination Time: 3.041574e-05
0: MPIL CopyToCPU RADIX-8 Dissemination Time: 2.710275e-05
0: MPIL CopyToCPU RADIX-9 Dissemination Time: 3.257654e-05
0: MPIL CopyToCPU RADIX-10 Dissemination Time: 3.178317e-05
0: MPIL CopyToCPU RADIX-11 Dissemination Time: 3.427740e-05
0: MPIL CopyToCPU RADIX-12 Dissemination Time: 3.665054e-05
0: MPIL CopyToCPU RADIX-13 Dissemination Time: 3.889773e-05
0: MPIL CopyToCPU RADIX-14 Dissemination Time: 3.619102e-05
0: Testing Size 8
0: PMPI Allreduce Time: 2.217102e-05
0: MPIL GPU-Aware Recursive Doubling Time: 2.220731e-05
0: MPIL GPU-Aware Node-Aware Dissemination Time: 2.764426e-04
0: MPIL GPU-Aware NUMA-Aware Dissemination Time: 6.218688e-04
0: CopyToCPU PMPI Allreduce Time: 2.216053e-05
0: MPIL CopyToCPU Recursive Doubling Time: 2.836620e-05
0: MPIL CopyToCPU Node-Aware Dissemination Time: 2.150032e-05
0: MPIL CopyToCPU NUMA-Aware Dissemination Time: 2.084756e-05
0: MPIL CopyToCPU RADIX-3 Dissemination Time: 2.900330e-05
0: MPIL CopyToCPU RADIX-4 Dissemination Time: 2.553874e-05
0: MPIL CopyToCPU RADIX-5 Dissemination Time: 2.901112e-05
0: MPIL CopyToCPU RADIX-6 Dissemination Time: 2.875038e-05
0: MPIL CopyToCPU RADIX-7 Dissemination Time: 3.192451e-05
0: MPIL CopyToCPU RADIX-8 Dissemination Time: 2.850547e-05
0: MPIL CopyToCPU RADIX-9 Dissemination Time: 3.460887e-05
0: MPIL CopyToCPU RADIX-10 Dissemination Time: 3.436104e-05
0: MPIL CopyToCPU RADIX-11 Dissemination Time: 3.690362e-05
0: MPIL CopyToCPU RADIX-12 Dissemination Time: 3.911254e-05
0: MPIL CopyToCPU RADIX-13 Dissemination Time: 4.156847e-05
0: MPIL CopyToCPU RADIX-14 Dissemination Time: 3.893145e-05
0: Testing Size 16
0: PMPI Allreduce Time: 2.347549e-05
0: MPIL GPU-Aware Recursive Doubling Time: 2.342677e-05
0: MPIL GPU-Aware Node-Aware Dissemination Time: 2.754301e-04
0: MPIL GPU-Aware NUMA-Aware Dissemination Time: 6.205590e-04
0: CopyToCPU PMPI Allreduce Time: 2.340857e-05
0: MPIL CopyToCPU Recursive Doubling Time: 3.015015e-05
0: MPIL CopyToCPU Node-Aware Dissemination Time: 2.199968e-05
0: MPIL CopyToCPU NUMA-Aware Dissemination Time: 2.283370e-05
0: MPIL CopyToCPU RADIX-3 Dissemination Time: 3.149659e-05
0: MPIL CopyToCPU RADIX-4 Dissemination Time: 2.678000e-05
0: MPIL CopyToCPU RADIX-5 Dissemination Time: 3.070664e-05
0: MPIL CopyToCPU RADIX-6 Dissemination Time: 3.065686e-05
0: MPIL CopyToCPU RADIX-7 Dissemination Time: 3.396967e-05
0: MPIL CopyToCPU RADIX-8 Dissemination Time: 3.029415e-05
0: MPIL CopyToCPU RADIX-9 Dissemination Time: 3.692098e-05
0: MPIL CopyToCPU RADIX-10 Dissemination Time: 3.716895e-05
0: MPIL CopyToCPU RADIX-11 Dissemination Time: 3.992017e-05
0: MPIL CopyToCPU RADIX-12 Dissemination Time: 4.265092e-05
0: MPIL CopyToCPU RADIX-13 Dissemination Time: 4.447099e-05
0: MPIL CopyToCPU RADIX-14 Dissemination Time: 4.171759e-05
0: Testing Size 32
0: PMPI Allreduce Time: 3.899657e-05
0: MPIL GPU-Aware Recursive Doubling Time: 3.855929e-05
0: MPIL GPU-Aware Node-Aware Dissemination Time: 2.865114e-04
0: MPIL GPU-Aware NUMA-Aware Dissemination Time: 6.289951e-04
0: CopyToCPU PMPI Allreduce Time: 3.017314e-05
0: MPIL CopyToCPU Recursive Doubling Time: 4.070131e-05
0: MPIL CopyToCPU Node-Aware Dissemination Time: 2.466459e-05
0: MPIL CopyToCPU NUMA-Aware Dissemination Time: 2.940727e-05
0: MPIL CopyToCPU RADIX-3 Dissemination Time: 4.561608e-05
0: MPIL CopyToCPU RADIX-4 Dissemination Time: 3.311402e-05
0: MPIL CopyToCPU RADIX-5 Dissemination Time: 3.726641e-05
0: MPIL CopyToCPU RADIX-6 Dissemination Time: 4.031243e-05
0: MPIL CopyToCPU RADIX-7 Dissemination Time: 4.095050e-05
0: MPIL CopyToCPU RADIX-8 Dissemination Time: 3.531650e-05
0: MPIL CopyToCPU RADIX-9 Dissemination Time: 4.592865e-05
0: MPIL CopyToCPU RADIX-10 Dissemination Time: 4.115863e-05
0: MPIL CopyToCPU RADIX-11 Dissemination Time: 4.526900e-05
0: MPIL CopyToCPU RADIX-12 Dissemination Time: 4.753108e-05
0: MPIL CopyToCPU RADIX-13 Dissemination Time: 5.064086e-05
0: MPIL CopyToCPU RADIX-14 Dissemination Time: 5.256757e-05
0: Testing Size 64
0: PMPI Allreduce Time: 3.927804e-05
0: MPIL GPU-Aware Recursive Doubling Time: 3.953973e-05
0: MPIL GPU-Aware Node-Aware Dissemination Time: 2.899386e-04
0: MPIL GPU-Aware NUMA-Aware Dissemination Time: 6.247592e-04
0: CopyToCPU PMPI Allreduce Time: 3.834494e-05
0: MPIL CopyToCPU Recursive Doubling Time: 4.099161e-05
0: MPIL CopyToCPU Node-Aware Dissemination Time: 3.178865e-05
0: MPIL CopyToCPU NUMA-Aware Dissemination Time: 3.556717e-05
0: MPIL CopyToCPU RADIX-3 Dissemination Time: 4.633923e-05
0: MPIL CopyToCPU RADIX-4 Dissemination Time: 3.359523e-05
0: MPIL CopyToCPU RADIX-5 Dissemination Time: 3.818684e-05
0: MPIL CopyToCPU RADIX-6 Dissemination Time: 4.103028e-05
0: MPIL CopyToCPU RADIX-7 Dissemination Time: 4.177028e-05
0: MPIL CopyToCPU RADIX-8 Dissemination Time: 3.657510e-05
0: MPIL CopyToCPU RADIX-9 Dissemination Time: 4.701264e-05
0: MPIL CopyToCPU RADIX-10 Dissemination Time: 4.235733e-05
0: MPIL CopyToCPU RADIX-11 Dissemination Time: 4.581557e-05
0: MPIL CopyToCPU RADIX-12 Dissemination Time: 4.824200e-05
0: MPIL CopyToCPU RADIX-13 Dissemination Time: 5.125226e-05
0: MPIL CopyToCPU RADIX-14 Dissemination Time: 5.348198e-05
0: Testing Size 128
0: PMPI Allreduce Time: 5.472683e-05
0: MPIL GPU-Aware Recursive Doubling Time: 5.472834e-05
0: MPIL GPU-Aware Node-Aware Dissemination Time: 3.248703e-04
0: MPIL GPU-Aware NUMA-Aware Dissemination Time: 6.321210e-04
0: CopyToCPU PMPI Allreduce Time: 5.514709e-05
0: MPIL CopyToCPU Recursive Doubling Time: 5.863764e-05
0: MPIL CopyToCPU Node-Aware Dissemination Time: 7.818268e-05
0: MPIL CopyToCPU NUMA-Aware Dissemination Time: 5.389583e-05
0: MPIL CopyToCPU RADIX-3 Dissemination Time: 5.625219e-05
0: MPIL CopyToCPU RADIX-4 Dissemination Time: 4.789113e-05
0: MPIL CopyToCPU RADIX-5 Dissemination Time: 5.344046e-05
0: MPIL CopyToCPU RADIX-6 Dissemination Time: 5.364015e-05
0: MPIL CopyToCPU RADIX-7 Dissemination Time: 5.715002e-05
0: MPIL CopyToCPU RADIX-8 Dissemination Time: 5.238113e-05
0: MPIL CopyToCPU RADIX-9 Dissemination Time: 6.223914e-05
0: MPIL CopyToCPU RADIX-10 Dissemination Time: 6.367173e-05
0: MPIL CopyToCPU RADIX-11 Dissemination Time: 6.642237e-05
0: MPIL CopyToCPU RADIX-12 Dissemination Time: 7.037511e-05
0: MPIL CopyToCPU RADIX-13 Dissemination Time: 7.138367e-05
0: MPIL CopyToCPU RADIX-14 Dissemination Time: 7.113108e-05
0: Testing Size 256
0: PMPI Allreduce Time: 6.059576e-05
0: MPIL GPU-Aware Recursive Doubling Time: 6.051950e-05
0: MPIL GPU-Aware Node-Aware Dissemination Time: 3.290174e-04
0: MPIL GPU-Aware NUMA-Aware Dissemination Time: 6.526389e-04
0: CopyToCPU PMPI Allreduce Time: 7.113659e-05
0: MPIL CopyToCPU Recursive Doubling Time: 6.941809e-05
0: MPIL CopyToCPU Node-Aware Dissemination Time: 1.076263e-04
0: MPIL CopyToCPU NUMA-Aware Dissemination Time: 7.073046e-05
0: MPIL CopyToCPU RADIX-3 Dissemination Time: 6.375159e-05
0: MPIL CopyToCPU RADIX-4 Dissemination Time: 5.562991e-05
0: MPIL CopyToCPU RADIX-5 Dissemination Time: 5.793231e-05
0: MPIL CopyToCPU RADIX-6 Dissemination Time: 5.837696e-05
0: MPIL CopyToCPU RADIX-7 Dissemination Time: 6.248172e-05
0: MPIL CopyToCPU RADIX-8 Dissemination Time: 5.608208e-05
0: MPIL CopyToCPU RADIX-9 Dissemination Time: 6.616321e-05
0: MPIL CopyToCPU RADIX-10 Dissemination Time: 7.267118e-05
0: MPIL CopyToCPU RADIX-11 Dissemination Time: 7.894865e-05
0: MPIL CopyToCPU RADIX-12 Dissemination Time: 7.373076e-05
0: MPIL CopyToCPU RADIX-13 Dissemination Time: 7.531236e-05
0: MPIL CopyToCPU RADIX-14 Dissemination Time: 8.214756e-05
0: Testing Size 512
0: PMPI Allreduce Time: 7.515614e-05
0: MPIL GPU-Aware Recursive Doubling Time: 7.505348e-05
0: MPIL GPU-Aware Node-Aware Dissemination Time: 3.489767e-04
0: MPIL GPU-Aware NUMA-Aware Dissemination Time: 6.451037e-04
0: CopyToCPU PMPI Allreduce Time: 7.714442e-05
0: MPIL CopyToCPU Recursive Doubling Time: 8.136251e-05
0: MPIL CopyToCPU Node-Aware Dissemination Time: 1.262798e-04
0: MPIL CopyToCPU NUMA-Aware Dissemination Time: 7.978775e-05
0: MPIL CopyToCPU RADIX-3 Dissemination Time: 7.545294e-05
0: MPIL CopyToCPU RADIX-4 Dissemination Time: 6.446247e-05
0: MPIL CopyToCPU RADIX-5 Dissemination Time: 6.484784e-05
0: MPIL CopyToCPU RADIX-6 Dissemination Time: 6.442978e-05
0: MPIL CopyToCPU RADIX-7 Dissemination Time: 6.979588e-05
0: MPIL CopyToCPU RADIX-8 Dissemination Time: 6.643780e-05
0: MPIL CopyToCPU RADIX-9 Dissemination Time: 7.609545e-05
0: MPIL CopyToCPU RADIX-10 Dissemination Time: 7.721899e-05
0: MPIL CopyToCPU RADIX-11 Dissemination Time: 8.047263e-05
0: MPIL CopyToCPU RADIX-12 Dissemination Time: 8.359190e-05
0: MPIL CopyToCPU RADIX-13 Dissemination Time: 8.786095e-05
0: MPIL CopyToCPU RADIX-14 Dissemination Time: 8.690335e-05
0: Testing Size 1024
0: PMPI Allreduce Time: 5.828720e-04
0: MPIL GPU-Aware Recursive Doubling Time: 5.816757e-04
0: MPIL GPU-Aware Node-Aware Dissemination Time: 1.432358e-03
0: MPIL GPU-Aware NUMA-Aware Dissemination Time: 2.764106e-03
0: CopyToCPU PMPI Allreduce Time: 1.129815e-04
0: MPIL CopyToCPU Recursive Doubling Time: 1.099980e-04
0: MPIL CopyToCPU Node-Aware Dissemination Time: 1.880798e-04
0: MPIL CopyToCPU NUMA-Aware Dissemination Time: 1.113282e-04
0: MPIL CopyToCPU RADIX-3 Dissemination Time: 9.876550e-05
0: MPIL CopyToCPU RADIX-4 Dissemination Time: 8.611305e-05
0: MPIL CopyToCPU RADIX-5 Dissemination Time: 8.250120e-05
0: MPIL CopyToCPU RADIX-6 Dissemination Time: 8.224635e-05
0: MPIL CopyToCPU RADIX-7 Dissemination Time: 9.240289e-05
0: MPIL CopyToCPU RADIX-8 Dissemination Time: 8.879183e-05
0: MPIL CopyToCPU RADIX-9 Dissemination Time: 1.015466e-04
0: MPIL CopyToCPU RADIX-10 Dissemination Time: 1.075200e-04
0: MPIL CopyToCPU RADIX-11 Dissemination Time: 1.111240e-04
0: MPIL CopyToCPU RADIX-12 Dissemination Time: 1.174629e-04
0: MPIL CopyToCPU RADIX-13 Dissemination Time: 1.183576e-04
0: MPIL CopyToCPU RADIX-14 Dissemination Time: 1.202457e-04
0: Testing Size 2048
0: PMPI Allreduce Time: 2.526065e-04
0: MPIL GPU-Aware Recursive Doubling Time: 2.501872e-04
0: MPIL GPU-Aware Node-Aware Dissemination Time: 1.160918e-03
0: MPIL GPU-Aware NUMA-Aware Dissemination Time: 2.245512e-03
0: CopyToCPU PMPI Allreduce Time: 1.454675e-04
0: MPIL CopyToCPU Recursive Doubling Time: 1.643193e-04
0: MPIL CopyToCPU Node-Aware Dissemination Time: 2.247134e-04
0: MPIL CopyToCPU NUMA-Aware Dissemination Time: 1.619011e-04
0: MPIL CopyToCPU RADIX-3 Dissemination Time: 1.412293e-04
0: MPIL CopyToCPU RADIX-4 Dissemination Time: 1.359947e-04
0: MPIL CopyToCPU RADIX-5 Dissemination Time: 1.267164e-04
0: MPIL CopyToCPU RADIX-6 Dissemination Time: 1.216827e-04
0: MPIL CopyToCPU RADIX-7 Dissemination Time: 1.337381e-04
0: MPIL CopyToCPU RADIX-8 Dissemination Time: 1.363962e-04
0: MPIL CopyToCPU RADIX-9 Dissemination Time: 1.485480e-04
0: MPIL CopyToCPU RADIX-10 Dissemination Time: 1.567214e-04
0: MPIL CopyToCPU RADIX-11 Dissemination Time: 1.655554e-04
0: MPIL CopyToCPU RADIX-12 Dissemination Time: 1.789525e-04
0: MPIL CopyToCPU RADIX-13 Dissemination Time: 1.817211e-04
0: MPIL CopyToCPU RADIX-14 Dissemination Time: 1.854233e-04
0: Testing Size 4096
0: PMPI Allreduce Time: 2.700385e-04
0: MPIL GPU-Aware Recursive Doubling Time: 2.712041e-04
0: MPIL GPU-Aware Node-Aware Dissemination Time: 1.072207e-03
0: MPIL GPU-Aware NUMA-Aware Dissemination Time: 1.983541e-03
0: CopyToCPU PMPI Allreduce Time: 2.139653e-04
0: MPIL CopyToCPU Recursive Doubling Time: 3.120740e-04
0: MPIL CopyToCPU Node-Aware Dissemination Time: 3.560108e-04
0: MPIL CopyToCPU NUMA-Aware Dissemination Time: 2.943371e-04
0: MPIL CopyToCPU RADIX-3 Dissemination Time: 2.656634e-04
0: MPIL CopyToCPU RADIX-4 Dissemination Time: 2.468696e-04
0: MPIL CopyToCPU RADIX-5 Dissemination Time: 2.361190e-04
0: MPIL CopyToCPU RADIX-6 Dissemination Time: 2.325563e-04
0: MPIL CopyToCPU RADIX-7 Dissemination Time: 2.506109e-04
0: MPIL CopyToCPU RADIX-8 Dissemination Time: 2.545722e-04
0: MPIL CopyToCPU RADIX-9 Dissemination Time: 2.846791e-04
0: MPIL CopyToCPU RADIX-10 Dissemination Time: 2.872457e-04
0: MPIL CopyToCPU RADIX-11 Dissemination Time: 3.103527e-04
0: MPIL CopyToCPU RADIX-12 Dissemination Time: 3.348197e-04
0: MPIL CopyToCPU RADIX-13 Dissemination Time: 3.496331e-04
0: MPIL CopyToCPU RADIX-14 Dissemination Time: 3.575193e-04
0: Testing Size 8192
0: PMPI Allreduce Time: 2.788309e-04
0: MPIL GPU-Aware Recursive Doubling Time: 2.779142e-04
0: MPIL GPU-Aware Node-Aware Dissemination Time: 1.252296e-03
0: MPIL GPU-Aware NUMA-Aware Dissemination Time: 1.989829e-03
0: CopyToCPU PMPI Allreduce Time: 3.298035e-04
0: MPIL CopyToCPU Recursive Doubling Time: 5.239260e-04
0: MPIL CopyToCPU Node-Aware Dissemination Time: 5.977647e-04
0: MPIL CopyToCPU NUMA-Aware Dissemination Time: 4.908522e-04
0: MPIL CopyToCPU RADIX-3 Dissemination Time: 4.536000e-04
0: MPIL CopyToCPU RADIX-4 Dissemination Time: 4.440092e-04
0: MPIL CopyToCPU RADIX-5 Dissemination Time: 4.134403e-04
0: MPIL CopyToCPU RADIX-6 Dissemination Time: 4.086370e-04
0: MPIL CopyToCPU RADIX-7 Dissemination Time: 4.387331e-04
0: MPIL CopyToCPU RADIX-8 Dissemination Time: 4.654954e-04
0: MPIL CopyToCPU RADIX-9 Dissemination Time: 5.055299e-04
0: MPIL CopyToCPU RADIX-10 Dissemination Time: 5.182738e-04
0: MPIL CopyToCPU RADIX-11 Dissemination Time: 5.726650e-04
0: MPIL CopyToCPU RADIX-12 Dissemination Time: 6.204692e-04
0: MPIL CopyToCPU RADIX-13 Dissemination Time: 6.607497e-04
0: MPIL CopyToCPU RADIX-14 Dissemination Time: 6.790540e-04
0: Testing Size 16384
0: PMPI Allreduce Time: 2.842934e-04
0: MPIL GPU-Aware Recursive Doubling Time: 2.832647e-04
0: MPIL GPU-Aware Node-Aware Dissemination Time: 1.343958e-03
0: MPIL GPU-Aware NUMA-Aware Dissemination Time: 2.165627e-03
0: CopyToCPU PMPI Allreduce Time: 6.030416e-04
0: MPIL CopyToCPU Recursive Doubling Time: 9.589234e-04
0: MPIL CopyToCPU Node-Aware Dissemination Time: 1.231950e-03
0: MPIL CopyToCPU NUMA-Aware Dissemination Time: 8.660831e-04
0: MPIL CopyToCPU RADIX-3 Dissemination Time: 8.334637e-04
0: MPIL CopyToCPU RADIX-4 Dissemination Time: 8.401622e-04
0: MPIL CopyToCPU RADIX-5 Dissemination Time: 7.842084e-04
0: MPIL CopyToCPU RADIX-6 Dissemination Time: 7.638500e-04
0: MPIL CopyToCPU RADIX-7 Dissemination Time: 8.171154e-04
0: MPIL CopyToCPU RADIX-8 Dissemination Time: 8.855043e-04
0: MPIL CopyToCPU RADIX-9 Dissemination Time: 9.554221e-04
0: MPIL CopyToCPU RADIX-10 Dissemination Time: 1.010302e-03
0: MPIL CopyToCPU RADIX-11 Dissemination Time: 1.094977e-03
0: MPIL CopyToCPU RADIX-12 Dissemination Time: 1.219294e-03
0: MPIL CopyToCPU RADIX-13 Dissemination Time: 1.298951e-03
0: MPIL CopyToCPU RADIX-14 Dissemination Time: 1.332003e-03
0: Testing Size 32768
0: PMPI Allreduce Time: 3.026867e-04
0: MPIL GPU-Aware Recursive Doubling Time: 3.004802e-04
0: MPIL GPU-Aware Node-Aware Dissemination Time: 1.269024e-02
0: MPIL GPU-Aware NUMA-Aware Dissemination Time: 2.996155e-03
0: CopyToCPU PMPI Allreduce Time: 1.105236e-03
0: MPIL CopyToCPU Recursive Doubling Time: 1.814738e-03
0: MPIL CopyToCPU Node-Aware Dissemination Time: 2.331869e-03
0: MPIL CopyToCPU NUMA-Aware Dissemination Time: 1.617442e-03
0: MPIL CopyToCPU RADIX-3 Dissemination Time: 1.581608e-03
0: MPIL CopyToCPU RADIX-4 Dissemination Time: 1.626859e-03
0: MPIL CopyToCPU RADIX-5 Dissemination Time: 1.533810e-03
0: MPIL CopyToCPU RADIX-6 Dissemination Time: 1.489488e-03
0: MPIL CopyToCPU RADIX-7 Dissemination Time: 1.590453e-03
0: MPIL CopyToCPU RADIX-8 Dissemination Time: 1.733515e-03
0: MPIL CopyToCPU RADIX-9 Dissemination Time: 1.874567e-03
0: MPIL CopyToCPU RADIX-10 Dissemination Time: 1.983094e-03
0: MPIL CopyToCPU RADIX-11 Dissemination Time: 2.187410e-03
0: MPIL CopyToCPU RADIX-12 Dissemination Time: 2.418970e-03
0: MPIL CopyToCPU RADIX-13 Dissemination Time: 2.592340e-03
0: MPIL CopyToCPU RADIX-14 Dissemination Time: 2.626261e-03
0: Testing Size 65536
0: PMPI Allreduce Time: 3.382256e-04
0: MPIL GPU-Aware Recursive Doubling Time: 3.369758e-04
0: MPIL GPU-Aware Node-Aware Dissemination Time: 1.375351e-02
0: MPIL GPU-Aware NUMA-Aware Dissemination Time: 4.020602e-03
0: CopyToCPU PMPI Allreduce Time: 1.983706e-03
0: MPIL CopyToCPU Recursive Doubling Time: 3.484133e-03
0: MPIL CopyToCPU Node-Aware Dissemination Time: 4.247208e-03
0: MPIL CopyToCPU NUMA-Aware Dissemination Time: 2.999261e-03
0: MPIL CopyToCPU RADIX-3 Dissemination Time: 3.043622e-03
0: MPIL CopyToCPU RADIX-4 Dissemination Time: 3.214876e-03
0: MPIL CopyToCPU RADIX-5 Dissemination Time: 2.997229e-03
0: MPIL CopyToCPU RADIX-6 Dissemination Time: 2.943177e-03
0: MPIL CopyToCPU RADIX-7 Dissemination Time: 3.110976e-03
0: MPIL CopyToCPU RADIX-8 Dissemination Time: 3.384013e-03
0: MPIL CopyToCPU RADIX-9 Dissemination Time: 3.673455e-03
0: MPIL CopyToCPU RADIX-10 Dissemination Time: 3.826623e-03
0: MPIL CopyToCPU RADIX-11 Dissemination Time: 4.277050e-03
0: MPIL CopyToCPU RADIX-12 Dissemination Time: 4.747732e-03
0: MPIL CopyToCPU RADIX-13 Dissemination Time: 5.050064e-03
0: MPIL CopyToCPU RADIX-14 Dissemination Time: 5.097734e-03
0: Testing Size 131072
0: PMPI Allreduce Time: 3.995133e-04
0: MPIL GPU-Aware Recursive Doubling Time: 3.999659e-04
0: MPIL GPU-Aware Node-Aware Dissemination Time: 1.656449e-02
0: MPIL GPU-Aware NUMA-Aware Dissemination Time: 9.423591e-03
0: CopyToCPU PMPI Allreduce Time: 3.991986e-03
0: MPIL CopyToCPU Recursive Doubling Time: 6.486563e-03
0: MPIL CopyToCPU Node-Aware Dissemination Time: 8.496472e-03
0: MPIL CopyToCPU NUMA-Aware Dissemination Time: 7.214354e-03
0: MPIL CopyToCPU RADIX-3 Dissemination Time: 5.730611e-03
0: MPIL CopyToCPU RADIX-4 Dissemination Time: 6.255147e-03
0: MPIL CopyToCPU RADIX-5 Dissemination Time: 5.893954e-03
0: MPIL CopyToCPU RADIX-6 Dissemination Time: 5.748065e-03
0: MPIL CopyToCPU RADIX-7 Dissemination Time: 6.121678e-03
0: MPIL CopyToCPU RADIX-8 Dissemination Time: 6.670811e-03
0: MPIL CopyToCPU RADIX-9 Dissemination Time: 7.263174e-03
0: MPIL CopyToCPU RADIX-10 Dissemination Time: 7.465700e-03
0: MPIL CopyToCPU RADIX-11 Dissemination Time: 8.248734e-03
0: MPIL CopyToCPU RADIX-12 Dissemination Time: 9.005733e-03
0: MPIL CopyToCPU RADIX-13 Dissemination Time: 9.640878e-03
0: MPIL CopyToCPU RADIX-14 Dissemination Time: 9.900883e-03
0: Testing Size 262144
0: PMPI Allreduce Time: 5.358136e-04
0: MPIL GPU-Aware Recursive Doubling Time: 5.359833e-04
0: MPIL GPU-Aware Node-Aware Dissemination Time: 2.286825e-02
0: MPIL GPU-Aware NUMA-Aware Dissemination Time: 1.744707e-02
0: CopyToCPU PMPI Allreduce Time: 7.777465e-03
0: MPIL CopyToCPU Recursive Doubling Time: 1.326861e-02
0: MPIL CopyToCPU Node-Aware Dissemination Time: 1.663315e-02
0: MPIL CopyToCPU NUMA-Aware Dissemination Time: 1.419812e-02
0: MPIL CopyToCPU RADIX-3 Dissemination Time: 1.190721e-02
0: MPIL CopyToCPU RADIX-4 Dissemination Time: 1.214505e-02
0: MPIL CopyToCPU RADIX-5 Dissemination Time: 1.142334e-02
0: MPIL CopyToCPU RADIX-6 Dissemination Time: 1.126012e-02
0: MPIL CopyToCPU RADIX-7 Dissemination Time: 1.218035e-02
0: MPIL CopyToCPU RADIX-8 Dissemination Time: 1.329423e-02
0: MPIL CopyToCPU RADIX-9 Dissemination Time: 1.450684e-02
0: MPIL CopyToCPU RADIX-10 Dissemination Time: 1.516158e-02
0: MPIL CopyToCPU RADIX-11 Dissemination Time: 1.666732e-02
0: MPIL CopyToCPU RADIX-12 Dissemination Time: 1.850786e-02
0: MPIL CopyToCPU RADIX-13 Dissemination Time: 1.986157e-02
0: MPIL CopyToCPU RADIX-14 Dissemination Time: 2.016313e-02
0: Testing Size 524288
0: PMPI Allreduce Time: 8.179933e-04
0: MPIL GPU-Aware Recursive Doubling Time: 8.191729e-04
0: MPIL GPU-Aware Node-Aware Dissemination Time: 3.264777e-02
0: MPIL GPU-Aware NUMA-Aware Dissemination Time: 2.591841e-02
0: CopyToCPU PMPI Allreduce Time: 1.523183e-02
0: MPIL CopyToCPU Recursive Doubling Time: 2.329550e-02
0: MPIL CopyToCPU Node-Aware Dissemination Time: 2.809057e-02
0: MPIL CopyToCPU NUMA-Aware Dissemination Time: 2.800383e-02
0: MPIL CopyToCPU RADIX-3 Dissemination Time: 2.127676e-02
0: MPIL CopyToCPU RADIX-4 Dissemination Time: 2.061709e-02
0: MPIL CopyToCPU RADIX-5 Dissemination Time: 2.276278e-02
0: MPIL CopyToCPU RADIX-6 Dissemination Time: 2.260163e-02
0: MPIL CopyToCPU RADIX-7 Dissemination Time: 2.461920e-02
0: MPIL CopyToCPU RADIX-8 Dissemination Time: 2.989188e-02
0: MPIL CopyToCPU RADIX-9 Dissemination Time: 3.239303e-02
0: MPIL CopyToCPU RADIX-10 Dissemination Time: 3.452100e-02
0: MPIL CopyToCPU RADIX-11 Dissemination Time: 3.808927e-02
0: MPIL CopyToCPU RADIX-12 Dissemination Time: 4.061314e-02
0: MPIL CopyToCPU RADIX-13 Dissemination Time: 4.326126e-02
0: MPIL CopyToCPU RADIX-14 Dissemination Time: 4.518474e-02
