0: Testing Size 1
0: PMPI Allreduce Time: 1.773810e-05
0: MPIL GPU-Aware Recursive Doubling Time: 1.759703e-05
0: MPIL GPU-Aware Node-Aware Dissemination Time: 2.499968e-04
0: MPIL GPU-Aware NUMA-Aware Dissemination Time: 4.900382e-04
0: CopyToCPU PMPI Allreduce Time: 1.786083e-05
0: MPIL CopyToCPU Recursive Doubling Time: 2.143824e-05
0: MPIL CopyToCPU Node-Aware Dissemination Time: 2.131574e-05
0: MPIL CopyToCPU NUMA-Aware Dissemination Time: 1.833549e-05
0: MPIL CopyToCPU RADIX-3 Dissemination Time: 2.323078e-05
0: MPIL CopyToCPU RADIX-4 Dissemination Time: 2.320818e-05
0: MPIL CopyToCPU RADIX-5 Dissemination Time: 2.438658e-05
0: MPIL CopyToCPU RADIX-6 Dissemination Time: 2.557746e-05
0: MPIL CopyToCPU RADIX-7 Dissemination Time: 2.448905e-05
0: MPIL CopyToCPU RADIX-8 Dissemination Time: 2.639911e-05
0: MPIL CopyToCPU RADIX-9 Dissemination Time: 2.799756e-05
0: MPIL CopyToCPU RADIX-10 Dissemination Time: 2.666361e-05
0: MPIL CopyToCPU RADIX-11 Dissemination Time: 2.785986e-05
0: MPIL CopyToCPU RADIX-12 Dissemination Time: 2.768677e-05
0: MPIL CopyToCPU RADIX-13 Dissemination Time: 2.816954e-05
0: MPIL CopyToCPU RADIX-14 Dissemination Time: 3.052375e-05
0: Testing Size 2
0: PMPI Allreduce Time: 1.760617e-05
0: MPIL GPU-Aware Recursive Doubling Time: 1.762815e-05
0: MPIL GPU-Aware Node-Aware Dissemination Time: 2.501270e-04
0: MPIL GPU-Aware NUMA-Aware Dissemination Time: 4.969520e-04
0: CopyToCPU PMPI Allreduce Time: 1.761238e-05
0: MPIL CopyToCPU Recursive Doubling Time: 2.107962e-05
0: MPIL CopyToCPU Node-Aware Dissemination Time: 2.172149e-05
0: MPIL CopyToCPU NUMA-Aware Dissemination Time: 1.796305e-05
0: MPIL CopyToCPU RADIX-3 Dissemination Time: 2.360306e-05
0: MPIL CopyToCPU RADIX-4 Dissemination Time: 2.386490e-05
0: MPIL CopyToCPU RADIX-5 Dissemination Time: 2.513019e-05
0: MPIL CopyToCPU RADIX-6 Dissemination Time: 2.600924e-05
0: MPIL CopyToCPU RADIX-7 Dissemination Time: 2.461355e-05
0: MPIL CopyToCPU RADIX-8 Dissemination Time: 2.676562e-05
0: MPIL CopyToCPU RADIX-9 Dissemination Time: 2.837783e-05
0: MPIL CopyToCPU RADIX-10 Dissemination Time: 2.694839e-05
0: MPIL CopyToCPU RADIX-11 Dissemination Time: 2.853267e-05
0: MPIL CopyToCPU RADIX-12 Dissemination Time: 2.784257e-05
0: MPIL CopyToCPU RADIX-13 Dissemination Time: 2.857028e-05
0: MPIL CopyToCPU RADIX-14 Dissemination Time: 3.140164e-05
0: Testing Size 4
0: PMPI Allreduce Time: 1.789190e-05
0: MPIL GPU-Aware Recursive Doubling Time: 1.797806e-05
0: MPIL GPU-Aware Node-Aware Dissemination Time: 2.466793e-04
0: MPIL GPU-Aware NUMA-Aware Dissemination Time: 4.935121e-04
0: CopyToCPU PMPI Allreduce Time: 1.786411e-05
0: MPIL CopyToCPU Recursive Doubling Time: 2.089778e-05
0: MPIL CopyToCPU Node-Aware Dissemination Time: 2.129355e-05
0: MPIL CopyToCPU NUMA-Aware Dissemination Time: 1.819040e-05
0: MPIL CopyToCPU RADIX-3 Dissemination Time: 2.355037e-05
0: MPIL CopyToCPU RADIX-4 Dissemination Time: 2.379032e-05
0: MPIL CopyToCPU RADIX-5 Dissemination Time: 2.489156e-05
0: MPIL CopyToCPU RADIX-6 Dissemination Time: 2.595977e-05
0: MPIL CopyToCPU RADIX-7 Dissemination Time: 2.480553e-05
0: MPIL CopyToCPU RADIX-8 Dissemination Time: 2.666040e-05
0: MPIL CopyToCPU RADIX-9 Dissemination Time: 2.812021e-05
0: MPIL CopyToCPU RADIX-10 Dissemination Time: 2.690585e-05
0: MPIL CopyToCPU RADIX-11 Dissemination Time: 2.783919e-05
0: MPIL CopyToCPU RADIX-12 Dissemination Time: 2.763622e-05
0: MPIL CopyToCPU RADIX-13 Dissemination Time: 2.820167e-05
0: MPIL CopyToCPU RADIX-14 Dissemination Time: 3.084380e-05
0: Testing Size 8
0: PMPI Allreduce Time: 1.778933e-05
0: MPIL GPU-Aware Recursive Doubling Time: 1.782580e-05
0: MPIL GPU-Aware Node-Aware Dissemination Time: 2.488435e-04
0: MPIL GPU-Aware NUMA-Aware Dissemination Time: 4.916145e-04
0: CopyToCPU PMPI Allreduce Time: 1.752458e-05
0: MPIL CopyToCPU Recursive Doubling Time: 2.279844e-05
0: MPIL CopyToCPU Node-Aware Dissemination Time: 2.117418e-05
0: MPIL CopyToCPU NUMA-Aware Dissemination Time: 1.835220e-05
0: MPIL CopyToCPU RADIX-3 Dissemination Time: 2.455903e-05
0: MPIL CopyToCPU RADIX-4 Dissemination Time: 2.502550e-05
0: MPIL CopyToCPU RADIX-5 Dissemination Time: 2.615165e-05
0: MPIL CopyToCPU RADIX-6 Dissemination Time: 2.729412e-05
0: MPIL CopyToCPU RADIX-7 Dissemination Time: 2.630434e-05
0: MPIL CopyToCPU RADIX-8 Dissemination Time: 2.854751e-05
0: MPIL CopyToCPU RADIX-9 Dissemination Time: 3.019955e-05
0: MPIL CopyToCPU RADIX-10 Dissemination Time: 2.798083e-05
0: MPIL CopyToCPU RADIX-11 Dissemination Time: 2.928428e-05
0: MPIL CopyToCPU RADIX-12 Dissemination Time: 3.020729e-05
0: MPIL CopyToCPU RADIX-13 Dissemination Time: 3.138663e-05
0: MPIL CopyToCPU RADIX-14 Dissemination Time: 3.254245e-05
0: Testing Size 16
0: PMPI Allreduce Time: 1.893302e-05
0: MPIL GPU-Aware Recursive Doubling Time: 1.890820e-05
0: MPIL GPU-Aware Node-Aware Dissemination Time: 2.478082e-04
0: MPIL GPU-Aware NUMA-Aware Dissemination Time: 4.950125e-04
0: CopyToCPU PMPI Allreduce Time: 1.875408e-05
0: MPIL CopyToCPU Recursive Doubling Time: 2.457809e-05
0: MPIL CopyToCPU Node-Aware Dissemination Time: 2.199166e-05
0: MPIL CopyToCPU NUMA-Aware Dissemination Time: 2.028717e-05
0: MPIL CopyToCPU RADIX-3 Dissemination Time: 2.631144e-05
0: MPIL CopyToCPU RADIX-4 Dissemination Time: 2.656698e-05
0: MPIL CopyToCPU RADIX-5 Dissemination Time: 2.793895e-05
0: MPIL CopyToCPU RADIX-6 Dissemination Time: 2.955207e-05
0: MPIL CopyToCPU RADIX-7 Dissemination Time: 2.883287e-05
0: MPIL CopyToCPU RADIX-8 Dissemination Time: 3.096899e-05
0: MPIL CopyToCPU RADIX-9 Dissemination Time: 3.312268e-05
0: MPIL CopyToCPU RADIX-10 Dissemination Time: 3.043894e-05
0: MPIL CopyToCPU RADIX-11 Dissemination Time: 3.152694e-05
0: MPIL CopyToCPU RADIX-12 Dissemination Time: 3.227682e-05
0: MPIL CopyToCPU RADIX-13 Dissemination Time: 3.319677e-05
0: MPIL CopyToCPU RADIX-14 Dissemination Time: 3.561455e-05
0: Testing Size 32
0: PMPI Allreduce Time: 2.942461e-05
0: MPIL GPU-Aware Recursive Doubling Time: 2.914614e-05
0: MPIL GPU-Aware Node-Aware Dissemination Time: 2.627971e-04
0: MPIL GPU-Aware NUMA-Aware Dissemination Time: 4.949764e-04
0: CopyToCPU PMPI Allreduce Time: 2.421693e-05
0: MPIL CopyToCPU Recursive Doubling Time: 3.086764e-05
0: MPIL CopyToCPU Node-Aware Dissemination Time: 2.247731e-05
0: MPIL CopyToCPU NUMA-Aware Dissemination Time: 2.784250e-05
0: MPIL CopyToCPU RADIX-3 Dissemination Time: 3.764477e-05
0: MPIL CopyToCPU RADIX-4 Dissemination Time: 3.235298e-05
0: MPIL CopyToCPU RADIX-5 Dissemination Time: 3.532454e-05
0: MPIL CopyToCPU RADIX-6 Dissemination Time: 3.640091e-05
0: MPIL CopyToCPU RADIX-7 Dissemination Time: 3.266262e-05
0: MPIL CopyToCPU RADIX-8 Dissemination Time: 3.562304e-05
0: MPIL CopyToCPU RADIX-9 Dissemination Time: 3.897245e-05
0: MPIL CopyToCPU RADIX-10 Dissemination Time: 3.504378e-05
0: MPIL CopyToCPU RADIX-11 Dissemination Time: 3.864269e-05
0: MPIL CopyToCPU RADIX-12 Dissemination Time: 3.533380e-05
0: MPIL CopyToCPU RADIX-13 Dissemination Time: 3.843662e-05
0: MPIL CopyToCPU RADIX-14 Dissemination Time: 4.255538e-05
0: Testing Size 64
0: PMPI Allreduce Time: 2.945124e-05
0: MPIL GPU-Aware Recursive Doubling Time: 2.938924e-05
0: MPIL GPU-Aware Node-Aware Dissemination Time: 2.702054e-04
0: MPIL GPU-Aware NUMA-Aware Dissemination Time: 4.976520e-04
0: CopyToCPU PMPI Allreduce Time: 2.844815e-05
0: MPIL CopyToCPU Recursive Doubling Time: 3.099455e-05
0: MPIL CopyToCPU Node-Aware Dissemination Time: 3.037920e-05
0: MPIL CopyToCPU NUMA-Aware Dissemination Time: 3.428849e-05
0: MPIL CopyToCPU RADIX-3 Dissemination Time: 3.829301e-05
0: MPIL CopyToCPU RADIX-4 Dissemination Time: 3.315060e-05
0: MPIL CopyToCPU RADIX-5 Dissemination Time: 3.622232e-05
0: MPIL CopyToCPU RADIX-6 Dissemination Time: 3.671833e-05
0: MPIL CopyToCPU RADIX-7 Dissemination Time: 3.300686e-05
0: MPIL CopyToCPU RADIX-8 Dissemination Time: 3.610195e-05
0: MPIL CopyToCPU RADIX-9 Dissemination Time: 3.812988e-05
0: MPIL CopyToCPU RADIX-10 Dissemination Time: 3.548967e-05
0: MPIL CopyToCPU RADIX-11 Dissemination Time: 3.979183e-05
0: MPIL CopyToCPU RADIX-12 Dissemination Time: 3.954877e-05
0: MPIL CopyToCPU RADIX-13 Dissemination Time: 4.139237e-05
0: MPIL CopyToCPU RADIX-14 Dissemination Time: 4.325679e-05
0: Testing Size 128
0: PMPI Allreduce Time: 4.655379e-05
0: MPIL GPU-Aware Recursive Doubling Time: 4.653796e-05
0: MPIL GPU-Aware Node-Aware Dissemination Time: 3.025312e-04
0: MPIL GPU-Aware NUMA-Aware Dissemination Time: 4.845342e-04
0: CopyToCPU PMPI Allreduce Time: 4.607912e-05
0: MPIL CopyToCPU Recursive Doubling Time: 5.276816e-05
0: MPIL CopyToCPU Node-Aware Dissemination Time: 7.787472e-05
0: MPIL CopyToCPU NUMA-Aware Dissemination Time: 5.380773e-05
0: MPIL CopyToCPU RADIX-3 Dissemination Time: 4.967759e-05
0: MPIL CopyToCPU RADIX-4 Dissemination Time: 4.687730e-05
0: MPIL CopyToCPU RADIX-5 Dissemination Time: 4.943061e-05
0: MPIL CopyToCPU RADIX-6 Dissemination Time: 5.048764e-05
0: MPIL CopyToCPU RADIX-7 Dissemination Time: 4.954475e-05
0: MPIL CopyToCPU RADIX-8 Dissemination Time: 5.297016e-05
0: MPIL CopyToCPU RADIX-9 Dissemination Time: 5.529336e-05
0: MPIL CopyToCPU RADIX-10 Dissemination Time: 5.379399e-05
0: MPIL CopyToCPU RADIX-11 Dissemination Time: 5.624057e-05
0: MPIL CopyToCPU RADIX-12 Dissemination Time: 5.637065e-05
0: MPIL CopyToCPU RADIX-13 Dissemination Time: 5.788316e-05
0: MPIL CopyToCPU RADIX-14 Dissemination Time: 6.421421e-05
0: Testing Size 256
0: PMPI Allreduce Time: 5.397052e-05
0: MPIL GPU-Aware Recursive Doubling Time: 5.400300e-05
0: MPIL GPU-Aware Node-Aware Dissemination Time: 3.067966e-04
0: MPIL GPU-Aware NUMA-Aware Dissemination Time: 4.930236e-04
0: CopyToCPU PMPI Allreduce Time: 6.478704e-05
0: MPIL CopyToCPU Recursive Doubling Time: 6.906131e-05
0: MPIL CopyToCPU Node-Aware Dissemination Time: 1.119391e-04
0: MPIL CopyToCPU NUMA-Aware Dissemination Time: 6.985717e-05
0: MPIL CopyToCPU RADIX-3 Dissemination Time: 5.790048e-05
0: MPIL CopyToCPU RADIX-4 Dissemination Time: 5.595830e-05
0: MPIL CopyToCPU RADIX-5 Dissemination Time: 5.481172e-05
0: MPIL CopyToCPU RADIX-6 Dissemination Time: 5.439960e-05
0: MPIL CopyToCPU RADIX-7 Dissemination Time: 5.403072e-05
0: MPIL CopyToCPU RADIX-8 Dissemination Time: 5.886835e-05
0: MPIL CopyToCPU RADIX-9 Dissemination Time: 6.144154e-05
0: MPIL CopyToCPU RADIX-10 Dissemination Time: 5.812559e-05
0: MPIL CopyToCPU RADIX-11 Dissemination Time: 6.386659e-05
0: MPIL CopyToCPU RADIX-12 Dissemination Time: 6.629254e-05
0: MPIL CopyToCPU RADIX-13 Dissemination Time: 6.218394e-05
0: MPIL CopyToCPU RADIX-14 Dissemination Time: 6.884395e-05
0: Testing Size 512
0: PMPI Allreduce Time: 6.798564e-05
0: MPIL GPU-Aware Recursive Doubling Time: 6.795532e-05
0: MPIL GPU-Aware Node-Aware Dissemination Time: 3.322336e-04
0: MPIL GPU-Aware NUMA-Aware Dissemination Time: 4.954572e-04
0: CopyToCPU PMPI Allreduce Time: 7.090973e-05
0: MPIL CopyToCPU Recursive Doubling Time: 7.562736e-05
0: MPIL CopyToCPU Node-Aware Dissemination Time: 1.174378e-04
0: MPIL CopyToCPU NUMA-Aware Dissemination Time: 8.069975e-05
0: MPIL CopyToCPU RADIX-3 Dissemination Time: 6.588648e-05
0: MPIL CopyToCPU RADIX-4 Dissemination Time: 6.148528e-05
0: MPIL CopyToCPU RADIX-5 Dissemination Time: 6.049874e-05
0: MPIL CopyToCPU RADIX-6 Dissemination Time: 6.288232e-05
0: MPIL CopyToCPU RADIX-7 Dissemination Time: 6.363153e-05
0: MPIL CopyToCPU RADIX-8 Dissemination Time: 6.688505e-05
0: MPIL CopyToCPU RADIX-9 Dissemination Time: 7.098772e-05
0: MPIL CopyToCPU RADIX-10 Dissemination Time: 6.887314e-05
0: MPIL CopyToCPU RADIX-11 Dissemination Time: 7.115469e-05
0: MPIL CopyToCPU RADIX-12 Dissemination Time: 7.164602e-05
0: MPIL CopyToCPU RADIX-13 Dissemination Time: 7.193751e-05
0: MPIL CopyToCPU RADIX-14 Dissemination Time: 7.842591e-05
0: Testing Size 1024
0: PMPI Allreduce Time: 5.455155e-04
0: MPIL GPU-Aware Recursive Doubling Time: 5.441001e-04
0: MPIL GPU-Aware Node-Aware Dissemination Time: 1.404114e-03
0: MPIL GPU-Aware NUMA-Aware Dissemination Time: 2.253575e-03
0: CopyToCPU PMPI Allreduce Time: 9.836950e-05
0: MPIL CopyToCPU Recursive Doubling Time: 1.013721e-04
0: MPIL CopyToCPU Node-Aware Dissemination Time: 1.665907e-04
0: MPIL CopyToCPU NUMA-Aware Dissemination Time: 1.064994e-04
0: MPIL CopyToCPU RADIX-3 Dissemination Time: 9.099751e-05
0: MPIL CopyToCPU RADIX-4 Dissemination Time: 8.510934e-05
0: MPIL CopyToCPU RADIX-5 Dissemination Time: 7.956653e-05
0: MPIL CopyToCPU RADIX-6 Dissemination Time: 8.134519e-05
0: MPIL CopyToCPU RADIX-7 Dissemination Time: 8.710025e-05
0: MPIL CopyToCPU RADIX-8 Dissemination Time: 9.121535e-05
0: MPIL CopyToCPU RADIX-9 Dissemination Time: 9.633490e-05
0: MPIL CopyToCPU RADIX-10 Dissemination Time: 9.808071e-05
0: MPIL CopyToCPU RADIX-11 Dissemination Time: 9.703723e-05
0: MPIL CopyToCPU RADIX-12 Dissemination Time: 9.703925e-05
0: MPIL CopyToCPU RADIX-13 Dissemination Time: 9.842178e-05
0: MPIL CopyToCPU RADIX-14 Dissemination Time: 1.046827e-04
0: Testing Size 2048
0: PMPI Allreduce Time: 2.172382e-04
0: MPIL GPU-Aware Recursive Doubling Time: 2.141344e-04
0: MPIL GPU-Aware Node-Aware Dissemination Time: 1.130455e-03
0: MPIL GPU-Aware NUMA-Aware Dissemination Time: 1.751837e-03
0: CopyToCPU PMPI Allreduce Time: 1.306041e-04
0: MPIL CopyToCPU Recursive Doubling Time: 1.576855e-04
0: MPIL CopyToCPU Node-Aware Dissemination Time: 2.135836e-04
0: MPIL CopyToCPU NUMA-Aware Dissemination Time: 1.617024e-04
0: MPIL CopyToCPU RADIX-3 Dissemination Time: 1.383711e-04
0: MPIL CopyToCPU RADIX-4 Dissemination Time: 1.301894e-04
0: MPIL CopyToCPU RADIX-5 Dissemination Time: 1.163282e-04
0: MPIL CopyToCPU RADIX-6 Dissemination Time: 1.209127e-04
0: MPIL CopyToCPU RADIX-7 Dissemination Time: 1.274983e-04
0: MPIL CopyToCPU RADIX-8 Dissemination Time: 1.348202e-04
0: MPIL CopyToCPU RADIX-9 Dissemination Time: 1.436450e-04
0: MPIL CopyToCPU RADIX-10 Dissemination Time: 1.435211e-04
0: MPIL CopyToCPU RADIX-11 Dissemination Time: 1.440344e-04
0: MPIL CopyToCPU RADIX-12 Dissemination Time: 1.494711e-04
0: MPIL CopyToCPU RADIX-13 Dissemination Time: 1.495309e-04
0: MPIL CopyToCPU RADIX-14 Dissemination Time: 1.572337e-04
0: Testing Size 4096
0: PMPI Allreduce Time: 2.239866e-04
0: MPIL GPU-Aware Recursive Doubling Time: 2.236907e-04
0: MPIL GPU-Aware Node-Aware Dissemination Time: 1.035336e-03
0: MPIL GPU-Aware NUMA-Aware Dissemination Time: 1.746621e-03
0: CopyToCPU PMPI Allreduce Time: 1.928018e-04
0: MPIL CopyToCPU Recursive Doubling Time: 2.852922e-04
0: MPIL CopyToCPU Node-Aware Dissemination Time: 3.431396e-04
0: MPIL CopyToCPU NUMA-Aware Dissemination Time: 2.699215e-04
0: MPIL CopyToCPU RADIX-3 Dissemination Time: 2.597231e-04
0: MPIL CopyToCPU RADIX-4 Dissemination Time: 2.369008e-04
0: MPIL CopyToCPU RADIX-5 Dissemination Time: 2.162883e-04
0: MPIL CopyToCPU RADIX-6 Dissemination Time: 2.229796e-04
0: MPIL CopyToCPU RADIX-7 Dissemination Time: 2.194050e-04
0: MPIL CopyToCPU RADIX-8 Dissemination Time: 2.355607e-04
0: MPIL CopyToCPU RADIX-9 Dissemination Time: 2.515725e-04
0: MPIL CopyToCPU RADIX-10 Dissemination Time: 2.623015e-04
0: MPIL CopyToCPU RADIX-11 Dissemination Time: 2.575160e-04
0: MPIL CopyToCPU RADIX-12 Dissemination Time: 2.620716e-04
0: MPIL CopyToCPU RADIX-13 Dissemination Time: 2.702802e-04
0: MPIL CopyToCPU RADIX-14 Dissemination Time: 2.767562e-04
0: Testing Size 8192
0: PMPI Allreduce Time: 2.374931e-04
0: MPIL GPU-Aware Recursive Doubling Time: 2.354653e-04
0: MPIL GPU-Aware Node-Aware Dissemination Time: 1.226510e-03
0: MPIL GPU-Aware NUMA-Aware Dissemination Time: 2.066877e-03
0: CopyToCPU PMPI Allreduce Time: 3.201519e-04
0: MPIL CopyToCPU Recursive Doubling Time: 5.024962e-04
0: MPIL CopyToCPU Node-Aware Dissemination Time: 5.866861e-04
0: MPIL CopyToCPU NUMA-Aware Dissemination Time: 4.628544e-04
0: MPIL CopyToCPU RADIX-3 Dissemination Time: 4.399375e-04
0: MPIL CopyToCPU RADIX-4 Dissemination Time: 4.170382e-04
0: MPIL CopyToCPU RADIX-5 Dissemination Time: 3.637234e-04
0: MPIL CopyToCPU RADIX-6 Dissemination Time: 3.792136e-04
0: MPIL CopyToCPU RADIX-7 Dissemination Time: 3.789279e-04
0: MPIL CopyToCPU RADIX-8 Dissemination Time: 4.139111e-04
0: MPIL CopyToCPU RADIX-9 Dissemination Time: 4.521616e-04
0: MPIL CopyToCPU RADIX-10 Dissemination Time: 4.767715e-04
0: MPIL CopyToCPU RADIX-11 Dissemination Time: 4.686635e-04
0: MPIL CopyToCPU RADIX-12 Dissemination Time: 4.864280e-04
0: MPIL CopyToCPU RADIX-13 Dissemination Time: 4.951049e-04
0: MPIL CopyToCPU RADIX-14 Dissemination Time: 5.084448e-04
0: Testing Size 16384
0: PMPI Allreduce Time: 2.452691e-04
0: MPIL GPU-Aware Recursive Doubling Time: 2.442801e-04
0: MPIL GPU-Aware Node-Aware Dissemination Time: 1.317375e-03
0: MPIL GPU-Aware NUMA-Aware Dissemination Time: 2.143285e-03
0: CopyToCPU PMPI Allreduce Time: 5.590441e-04
0: MPIL CopyToCPU Recursive Doubling Time: 9.327700e-04
0: MPIL CopyToCPU Node-Aware Dissemination Time: 1.056509e-03
0: MPIL CopyToCPU NUMA-Aware Dissemination Time: 8.434359e-04
0: MPIL CopyToCPU RADIX-3 Dissemination Time: 7.989675e-04
0: MPIL CopyToCPU RADIX-4 Dissemination Time: 7.874152e-04
0: MPIL CopyToCPU RADIX-5 Dissemination Time: 6.720285e-04
0: MPIL CopyToCPU RADIX-6 Dissemination Time: 6.987768e-04
0: MPIL CopyToCPU RADIX-7 Dissemination Time: 7.027799e-04
0: MPIL CopyToCPU RADIX-8 Dissemination Time: 7.828770e-04
0: MPIL CopyToCPU RADIX-9 Dissemination Time: 8.548501e-04
0: MPIL CopyToCPU RADIX-10 Dissemination Time: 9.336134e-04
0: MPIL CopyToCPU RADIX-11 Dissemination Time: 9.039052e-04
0: MPIL CopyToCPU RADIX-12 Dissemination Time: 9.397274e-04
0: MPIL CopyToCPU RADIX-13 Dissemination Time: 9.405720e-04
0: MPIL CopyToCPU RADIX-14 Dissemination Time: 9.741347e-04
0: Testing Size 32768
0: PMPI Allreduce Time: 2.640487e-04
0: MPIL GPU-Aware Recursive Doubling Time: 2.648665e-04
0: MPIL GPU-Aware Node-Aware Dissemination Time: 1.251441e-02
0: MPIL GPU-Aware NUMA-Aware Dissemination Time: 2.977342e-03
0: CopyToCPU PMPI Allreduce Time: 9.972489e-04
0: MPIL CopyToCPU Recursive Doubling Time: 1.784128e-03
0: MPIL CopyToCPU Node-Aware Dissemination Time: 1.904581e-03
0: MPIL CopyToCPU NUMA-Aware Dissemination Time: 1.592522e-03
0: MPIL CopyToCPU RADIX-3 Dissemination Time: 1.541671e-03
0: MPIL CopyToCPU RADIX-4 Dissemination Time: 1.508894e-03
0: MPIL CopyToCPU RADIX-5 Dissemination Time: 1.291924e-03
0: MPIL CopyToCPU RADIX-6 Dissemination Time: 1.331713e-03
0: MPIL CopyToCPU RADIX-7 Dissemination Time: 1.367348e-03
0: MPIL CopyToCPU RADIX-8 Dissemination Time: 1.516068e-03
0: MPIL CopyToCPU RADIX-9 Dissemination Time: 1.657813e-03
0: MPIL CopyToCPU RADIX-10 Dissemination Time: 1.811224e-03
0: MPIL CopyToCPU RADIX-11 Dissemination Time: 1.791847e-03
0: MPIL CopyToCPU RADIX-12 Dissemination Time: 1.808821e-03
0: MPIL CopyToCPU RADIX-13 Dissemination Time: 1.835739e-03
0: MPIL CopyToCPU RADIX-14 Dissemination Time: 1.850430e-03
0: Testing Size 65536
0: PMPI Allreduce Time: 3.021211e-04
0: MPIL GPU-Aware Recursive Doubling Time: 3.015292e-04
0: MPIL GPU-Aware Node-Aware Dissemination Time: 1.383757e-02
0: MPIL GPU-Aware NUMA-Aware Dissemination Time: 4.784621e-03
0: CopyToCPU PMPI Allreduce Time: 1.755603e-03
0: MPIL CopyToCPU Recursive Doubling Time: 3.423676e-03
0: MPIL CopyToCPU Node-Aware Dissemination Time: 3.401031e-03
0: MPIL CopyToCPU NUMA-Aware Dissemination Time: 2.935725e-03
0: MPIL CopyToCPU RADIX-3 Dissemination Time: 2.962600e-03
0: MPIL CopyToCPU RADIX-4 Dissemination Time: 2.940027e-03
0: MPIL CopyToCPU RADIX-5 Dissemination Time: 2.521943e-03
0: MPIL CopyToCPU RADIX-6 Dissemination Time: 2.586699e-03
0: MPIL CopyToCPU RADIX-7 Dissemination Time: 2.677457e-03
0: MPIL CopyToCPU RADIX-8 Dissemination Time: 2.930061e-03
0: MPIL CopyToCPU RADIX-9 Dissemination Time: 3.257207e-03
0: MPIL CopyToCPU RADIX-10 Dissemination Time: 3.471397e-03
0: MPIL CopyToCPU RADIX-11 Dissemination Time: 3.400275e-03
0: MPIL CopyToCPU RADIX-12 Dissemination Time: 3.466970e-03
0: MPIL CopyToCPU RADIX-13 Dissemination Time: 3.492040e-03
0: MPIL CopyToCPU RADIX-14 Dissemination Time: 3.470925e-03
0: Testing Size 131072
0: PMPI Allreduce Time: 3.656596e-04
0: MPIL GPU-Aware Recursive Doubling Time: 3.654938e-04
0: MPIL GPU-Aware Node-Aware Dissemination Time: 1.737988e-02
0: MPIL GPU-Aware NUMA-Aware Dissemination Time: 9.600920e-03
0: CopyToCPU PMPI Allreduce Time: 3.450099e-03
0: MPIL CopyToCPU Recursive Doubling Time: 6.595279e-03
0: MPIL CopyToCPU Node-Aware Dissemination Time: 6.827146e-03
0: MPIL CopyToCPU NUMA-Aware Dissemination Time: 5.663415e-03
0: MPIL CopyToCPU RADIX-3 Dissemination Time: 5.463629e-03
0: MPIL CopyToCPU RADIX-4 Dissemination Time: 5.701758e-03
0: MPIL CopyToCPU RADIX-5 Dissemination Time: 4.930415e-03
0: MPIL CopyToCPU RADIX-6 Dissemination Time: 5.030532e-03
0: MPIL CopyToCPU RADIX-7 Dissemination Time: 5.265422e-03
0: MPIL CopyToCPU RADIX-8 Dissemination Time: 5.807849e-03
0: MPIL CopyToCPU RADIX-9 Dissemination Time: 6.397117e-03
0: MPIL CopyToCPU RADIX-10 Dissemination Time: 6.692841e-03
0: MPIL CopyToCPU RADIX-11 Dissemination Time: 6.519360e-03
0: MPIL CopyToCPU RADIX-12 Dissemination Time: 6.717789e-03
0: MPIL CopyToCPU RADIX-13 Dissemination Time: 6.606121e-03
0: MPIL CopyToCPU RADIX-14 Dissemination Time: 6.526501e-03
0: Testing Size 262144
0: PMPI Allreduce Time: 4.989655e-04
0: MPIL GPU-Aware Recursive Doubling Time: 5.003805e-04
0: MPIL GPU-Aware Node-Aware Dissemination Time: 2.418510e-02
0: MPIL GPU-Aware NUMA-Aware Dissemination Time: 1.780451e-02
0: CopyToCPU PMPI Allreduce Time: 6.842953e-03
0: MPIL CopyToCPU Recursive Doubling Time: 1.189211e-02
0: MPIL CopyToCPU Node-Aware Dissemination Time: 1.369698e-02
0: MPIL CopyToCPU NUMA-Aware Dissemination Time: 1.100355e-02
0: MPIL CopyToCPU RADIX-3 Dissemination Time: 1.138687e-02
0: MPIL CopyToCPU RADIX-4 Dissemination Time: 1.052508e-02
0: MPIL CopyToCPU RADIX-5 Dissemination Time: 9.741332e-03
0: MPIL CopyToCPU RADIX-6 Dissemination Time: 1.019380e-02
0: MPIL CopyToCPU RADIX-7 Dissemination Time: 1.043337e-02
0: MPIL CopyToCPU RADIX-8 Dissemination Time: 1.152475e-02
0: MPIL CopyToCPU RADIX-9 Dissemination Time: 1.306861e-02
0: MPIL CopyToCPU RADIX-10 Dissemination Time: 1.347921e-02
0: MPIL CopyToCPU RADIX-11 Dissemination Time: 1.334289e-02
0: MPIL CopyToCPU RADIX-12 Dissemination Time: 1.378375e-02
0: MPIL CopyToCPU RADIX-13 Dissemination Time: 1.350821e-02
0: MPIL CopyToCPU RADIX-14 Dissemination Time: 1.336109e-02
0: Testing Size 524288
0: PMPI Allreduce Time: 7.598918e-04
0: MPIL GPU-Aware Recursive Doubling Time: 7.589629e-04
0: MPIL GPU-Aware Node-Aware Dissemination Time: 3.702267e-02
0: MPIL GPU-Aware NUMA-Aware Dissemination Time: 3.441927e-02
0: CopyToCPU PMPI Allreduce Time: 1.413440e-02
0: MPIL CopyToCPU Recursive Doubling Time: 2.042353e-02
0: MPIL CopyToCPU Node-Aware Dissemination Time: 2.824925e-02
0: MPIL CopyToCPU NUMA-Aware Dissemination Time: 2.353105e-02
0: MPIL CopyToCPU RADIX-3 Dissemination Time: 1.924171e-02
0: MPIL CopyToCPU RADIX-4 Dissemination Time: 1.817739e-02
0: MPIL CopyToCPU RADIX-5 Dissemination Time: 1.940612e-02
0: MPIL CopyToCPU RADIX-6 Dissemination Time: 2.033299e-02
0: MPIL CopyToCPU RADIX-7 Dissemination Time: 2.188739e-02
0: MPIL CopyToCPU RADIX-8 Dissemination Time: 2.780423e-02
0: MPIL CopyToCPU RADIX-9 Dissemination Time: 3.007464e-02
0: MPIL CopyToCPU RADIX-10 Dissemination Time: 3.129415e-02
0: MPIL CopyToCPU RADIX-11 Dissemination Time: 3.068012e-02
0: MPIL CopyToCPU RADIX-12 Dissemination Time: 3.185993e-02
0: MPIL CopyToCPU RADIX-13 Dissemination Time: 3.163375e-02
0: MPIL CopyToCPU RADIX-14 Dissemination Time: 3.230139e-02
