0: Testing Size 1
0: PMPI Allreduce Time: 1.467701e-05
0: MPIL GPU-Aware Recursive Doubling Time: 1.454069e-05
0: MPIL GPU-Aware Node-Aware Dissemination Time: 2.309276e-04
0: MPIL GPU-Aware NUMA-Aware Dissemination Time: 2.342220e-04
0: CopyToCPU PMPI Allreduce Time: 1.442663e-05
0: MPIL CopyToCPU Recursive Doubling Time: 1.731632e-05
0: MPIL CopyToCPU Node-Aware Dissemination Time: 2.006228e-05
0: MPIL CopyToCPU NUMA-Aware Dissemination Time: 1.445138e-05
0: MPIL CopyToCPU RADIX-3 Dissemination Time: 1.958880e-05
0: MPIL CopyToCPU RADIX-4 Dissemination Time: 1.665764e-05
0: MPIL CopyToCPU RADIX-5 Dissemination Time: 1.998785e-05
0: MPIL CopyToCPU RADIX-6 Dissemination Time: 2.246869e-05
0: MPIL CopyToCPU RADIX-7 Dissemination Time: 2.331277e-05
0: MPIL CopyToCPU RADIX-8 Dissemination Time: 1.892695e-05
0: MPIL CopyToCPU RADIX-9 Dissemination Time: 2.172098e-05
0: MPIL CopyToCPU RADIX-10 Dissemination Time: 2.449626e-05
0: MPIL CopyToCPU RADIX-11 Dissemination Time: 2.307445e-05
0: MPIL CopyToCPU RADIX-12 Dissemination Time: 2.357225e-05
0: MPIL CopyToCPU RADIX-13 Dissemination Time: 2.621398e-05
0: MPIL CopyToCPU RADIX-14 Dissemination Time: 2.583360e-05
0: Testing Size 2
0: PMPI Allreduce Time: 1.400156e-05
0: MPIL GPU-Aware Recursive Doubling Time: 1.416529e-05
0: MPIL GPU-Aware Node-Aware Dissemination Time: 2.303177e-04
0: MPIL GPU-Aware NUMA-Aware Dissemination Time: 2.385954e-04
0: CopyToCPU PMPI Allreduce Time: 1.423975e-05
0: MPIL CopyToCPU Recursive Doubling Time: 1.665275e-05
0: MPIL CopyToCPU Node-Aware Dissemination Time: 2.029594e-05
0: MPIL CopyToCPU NUMA-Aware Dissemination Time: 1.425577e-05
0: MPIL CopyToCPU RADIX-3 Dissemination Time: 1.954921e-05
0: MPIL CopyToCPU RADIX-4 Dissemination Time: 1.721171e-05
0: MPIL CopyToCPU RADIX-5 Dissemination Time: 1.995614e-05
0: MPIL CopyToCPU RADIX-6 Dissemination Time: 2.254983e-05
0: MPIL CopyToCPU RADIX-7 Dissemination Time: 2.344888e-05
0: MPIL CopyToCPU RADIX-8 Dissemination Time: 1.895341e-05
0: MPIL CopyToCPU RADIX-9 Dissemination Time: 2.181517e-05
0: MPIL CopyToCPU RADIX-10 Dissemination Time: 2.465697e-05
0: MPIL CopyToCPU RADIX-11 Dissemination Time: 2.336287e-05
0: MPIL CopyToCPU RADIX-12 Dissemination Time: 2.376347e-05
0: MPIL CopyToCPU RADIX-13 Dissemination Time: 2.641260e-05
0: MPIL CopyToCPU RADIX-14 Dissemination Time: 2.612077e-05
0: Testing Size 4
0: PMPI Allreduce Time: 1.410550e-05
0: MPIL GPU-Aware Recursive Doubling Time: 1.427607e-05
0: MPIL GPU-Aware Node-Aware Dissemination Time: 2.324091e-04
0: MPIL GPU-Aware NUMA-Aware Dissemination Time: 2.362757e-04
0: CopyToCPU PMPI Allreduce Time: 1.408987e-05
0: MPIL CopyToCPU Recursive Doubling Time: 1.660345e-05
0: MPIL CopyToCPU Node-Aware Dissemination Time: 1.987625e-05
0: MPIL CopyToCPU NUMA-Aware Dissemination Time: 1.446471e-05
0: MPIL CopyToCPU RADIX-3 Dissemination Time: 1.962979e-05
0: MPIL CopyToCPU RADIX-4 Dissemination Time: 1.719957e-05
0: MPIL CopyToCPU RADIX-5 Dissemination Time: 1.998939e-05
0: MPIL CopyToCPU RADIX-6 Dissemination Time: 2.279667e-05
0: MPIL CopyToCPU RADIX-7 Dissemination Time: 2.376880e-05
0: MPIL CopyToCPU RADIX-8 Dissemination Time: 1.919845e-05
0: MPIL CopyToCPU RADIX-9 Dissemination Time: 2.177543e-05
0: MPIL CopyToCPU RADIX-10 Dissemination Time: 2.457658e-05
0: MPIL CopyToCPU RADIX-11 Dissemination Time: 2.315051e-05
0: MPIL CopyToCPU RADIX-12 Dissemination Time: 2.365132e-05
0: MPIL CopyToCPU RADIX-13 Dissemination Time: 2.634433e-05
0: MPIL CopyToCPU RADIX-14 Dissemination Time: 2.600165e-05
0: Testing Size 8
0: PMPI Allreduce Time: 1.419060e-05
0: MPIL GPU-Aware Recursive Doubling Time: 1.420638e-05
0: MPIL GPU-Aware Node-Aware Dissemination Time: 2.336780e-04
0: MPIL GPU-Aware NUMA-Aware Dissemination Time: 2.365548e-04
0: CopyToCPU PMPI Allreduce Time: 1.421516e-05
0: MPIL CopyToCPU Recursive Doubling Time: 1.900334e-05
0: MPIL CopyToCPU Node-Aware Dissemination Time: 1.978538e-05
0: MPIL CopyToCPU NUMA-Aware Dissemination Time: 1.419230e-05
0: MPIL CopyToCPU RADIX-3 Dissemination Time: 2.104535e-05
0: MPIL CopyToCPU RADIX-4 Dissemination Time: 1.843742e-05
0: MPIL CopyToCPU RADIX-5 Dissemination Time: 2.196153e-05
0: MPIL CopyToCPU RADIX-6 Dissemination Time: 2.390670e-05
0: MPIL CopyToCPU RADIX-7 Dissemination Time: 2.438646e-05
0: MPIL CopyToCPU RADIX-8 Dissemination Time: 2.097215e-05
0: MPIL CopyToCPU RADIX-9 Dissemination Time: 2.307842e-05
0: MPIL CopyToCPU RADIX-10 Dissemination Time: 2.545588e-05
0: MPIL CopyToCPU RADIX-11 Dissemination Time: 2.457689e-05
0: MPIL CopyToCPU RADIX-12 Dissemination Time: 2.589212e-05
0: MPIL CopyToCPU RADIX-13 Dissemination Time: 2.796150e-05
0: MPIL CopyToCPU RADIX-14 Dissemination Time: 2.835439e-05
0: Testing Size 16
0: PMPI Allreduce Time: 1.496425e-05
0: MPIL GPU-Aware Recursive Doubling Time: 1.500815e-05
0: MPIL GPU-Aware Node-Aware Dissemination Time: 2.328994e-04
0: MPIL GPU-Aware NUMA-Aware Dissemination Time: 2.398170e-04
0: CopyToCPU PMPI Allreduce Time: 1.502643e-05
0: MPIL CopyToCPU Recursive Doubling Time: 2.047934e-05
0: MPIL CopyToCPU Node-Aware Dissemination Time: 2.035722e-05
0: MPIL CopyToCPU NUMA-Aware Dissemination Time: 1.519013e-05
0: MPIL CopyToCPU RADIX-3 Dissemination Time: 2.252442e-05
0: MPIL CopyToCPU RADIX-4 Dissemination Time: 2.028486e-05
0: MPIL CopyToCPU RADIX-5 Dissemination Time: 2.444155e-05
0: MPIL CopyToCPU RADIX-6 Dissemination Time: 2.612765e-05
0: MPIL CopyToCPU RADIX-7 Dissemination Time: 2.627527e-05
0: MPIL CopyToCPU RADIX-8 Dissemination Time: 2.292916e-05
0: MPIL CopyToCPU RADIX-9 Dissemination Time: 2.436005e-05
0: MPIL CopyToCPU RADIX-10 Dissemination Time: 2.754227e-05
0: MPIL CopyToCPU RADIX-11 Dissemination Time: 2.659226e-05
0: MPIL CopyToCPU RADIX-12 Dissemination Time: 2.830525e-05
0: MPIL CopyToCPU RADIX-13 Dissemination Time: 3.021938e-05
0: MPIL CopyToCPU RADIX-14 Dissemination Time: 3.065060e-05
0: Testing Size 32
0: PMPI Allreduce Time: 2.376211e-05
0: MPIL GPU-Aware Recursive Doubling Time: 2.347654e-05
0: MPIL GPU-Aware Node-Aware Dissemination Time: 2.355424e-04
0: MPIL GPU-Aware NUMA-Aware Dissemination Time: 2.348190e-04
0: CopyToCPU PMPI Allreduce Time: 1.747132e-05
0: MPIL CopyToCPU Recursive Doubling Time: 2.445150e-05
0: MPIL CopyToCPU Node-Aware Dissemination Time: 2.130070e-05
0: MPIL CopyToCPU NUMA-Aware Dissemination Time: 1.968117e-05
0: MPIL CopyToCPU RADIX-3 Dissemination Time: 2.616039e-05
0: MPIL CopyToCPU RADIX-4 Dissemination Time: 2.388737e-05
0: MPIL CopyToCPU RADIX-5 Dissemination Time: 2.709685e-05
0: MPIL CopyToCPU RADIX-6 Dissemination Time: 3.079307e-05
0: MPIL CopyToCPU RADIX-7 Dissemination Time: 3.101811e-05
0: MPIL CopyToCPU RADIX-8 Dissemination Time: 2.658917e-05
0: MPIL CopyToCPU RADIX-9 Dissemination Time: 2.947863e-05
0: MPIL CopyToCPU RADIX-10 Dissemination Time: 3.377636e-05
0: MPIL CopyToCPU RADIX-11 Dissemination Time: 3.148940e-05
0: MPIL CopyToCPU RADIX-12 Dissemination Time: 3.197089e-05
0: MPIL CopyToCPU RADIX-13 Dissemination Time: 3.617146e-05
0: MPIL CopyToCPU RADIX-14 Dissemination Time: 3.574216e-05
0: Testing Size 64
0: PMPI Allreduce Time: 2.375086e-05
0: MPIL GPU-Aware Recursive Doubling Time: 2.362685e-05
0: MPIL GPU-Aware Node-Aware Dissemination Time: 2.546551e-04
0: MPIL GPU-Aware NUMA-Aware Dissemination Time: 2.311733e-04
0: CopyToCPU PMPI Allreduce Time: 2.259053e-05
0: MPIL CopyToCPU Recursive Doubling Time: 2.452767e-05
0: MPIL CopyToCPU Node-Aware Dissemination Time: 3.052231e-05
0: MPIL CopyToCPU NUMA-Aware Dissemination Time: 2.424375e-05
0: MPIL CopyToCPU RADIX-3 Dissemination Time: 2.667359e-05
0: MPIL CopyToCPU RADIX-4 Dissemination Time: 2.436208e-05
0: MPIL CopyToCPU RADIX-5 Dissemination Time: 2.687901e-05
0: MPIL CopyToCPU RADIX-6 Dissemination Time: 3.106183e-05
0: MPIL CopyToCPU RADIX-7 Dissemination Time: 3.123767e-05
0: MPIL CopyToCPU RADIX-8 Dissemination Time: 2.720859e-05
0: MPIL CopyToCPU RADIX-9 Dissemination Time: 2.996629e-05
0: MPIL CopyToCPU RADIX-10 Dissemination Time: 3.459797e-05
0: MPIL CopyToCPU RADIX-11 Dissemination Time: 3.222906e-05
0: MPIL CopyToCPU RADIX-12 Dissemination Time: 3.249617e-05
0: MPIL CopyToCPU RADIX-13 Dissemination Time: 3.669227e-05
0: MPIL CopyToCPU RADIX-14 Dissemination Time: 3.656194e-05
0: Testing Size 128
0: PMPI Allreduce Time: 4.021714e-05
0: MPIL GPU-Aware Recursive Doubling Time: 4.018628e-05
0: MPIL GPU-Aware Node-Aware Dissemination Time: 2.890489e-04
0: MPIL GPU-Aware NUMA-Aware Dissemination Time: 2.473909e-04
0: CopyToCPU PMPI Allreduce Time: 4.218215e-05
0: MPIL CopyToCPU Recursive Doubling Time: 4.833406e-05
0: MPIL CopyToCPU Node-Aware Dissemination Time: 7.211626e-05
0: MPIL CopyToCPU NUMA-Aware Dissemination Time: 3.841496e-05
0: MPIL CopyToCPU RADIX-3 Dissemination Time: 4.116416e-05
0: MPIL CopyToCPU RADIX-4 Dissemination Time: 3.908196e-05
0: MPIL CopyToCPU RADIX-5 Dissemination Time: 4.366070e-05
0: MPIL CopyToCPU RADIX-6 Dissemination Time: 4.455917e-05
0: MPIL CopyToCPU RADIX-7 Dissemination Time: 4.299608e-05
0: MPIL CopyToCPU RADIX-8 Dissemination Time: 4.319215e-05
0: MPIL CopyToCPU RADIX-9 Dissemination Time: 4.482581e-05
0: MPIL CopyToCPU RADIX-10 Dissemination Time: 4.797656e-05
0: MPIL CopyToCPU RADIX-11 Dissemination Time: 4.961608e-05
0: MPIL CopyToCPU RADIX-12 Dissemination Time: 5.244395e-05
0: MPIL CopyToCPU RADIX-13 Dissemination Time: 5.533560e-05
0: MPIL CopyToCPU RADIX-14 Dissemination Time: 5.383709e-05
0: Testing Size 256
0: PMPI Allreduce Time: 4.799091e-05
0: MPIL GPU-Aware Recursive Doubling Time: 4.795263e-05
0: MPIL GPU-Aware Node-Aware Dissemination Time: 2.958185e-04
0: MPIL GPU-Aware NUMA-Aware Dissemination Time: 2.587333e-04
0: CopyToCPU PMPI Allreduce Time: 6.020612e-05
0: MPIL CopyToCPU Recursive Doubling Time: 6.766931e-05
0: MPIL CopyToCPU Node-Aware Dissemination Time: 1.037602e-04
0: MPIL CopyToCPU NUMA-Aware Dissemination Time: 4.807142e-05
0: MPIL CopyToCPU RADIX-3 Dissemination Time: 4.616917e-05
0: MPIL CopyToCPU RADIX-4 Dissemination Time: 4.246919e-05
0: MPIL CopyToCPU RADIX-5 Dissemination Time: 4.603640e-05
0: MPIL CopyToCPU RADIX-6 Dissemination Time: 4.800949e-05
0: MPIL CopyToCPU RADIX-7 Dissemination Time: 4.736005e-05
0: MPIL CopyToCPU RADIX-8 Dissemination Time: 4.584027e-05
0: MPIL CopyToCPU RADIX-9 Dissemination Time: 4.812810e-05
0: MPIL CopyToCPU RADIX-10 Dissemination Time: 5.211848e-05
0: MPIL CopyToCPU RADIX-11 Dissemination Time: 5.163767e-05
0: MPIL CopyToCPU RADIX-12 Dissemination Time: 5.473064e-05
0: MPIL CopyToCPU RADIX-13 Dissemination Time: 5.848718e-05
0: MPIL CopyToCPU RADIX-14 Dissemination Time: 6.027179e-05
0: Testing Size 512
0: PMPI Allreduce Time: 6.349980e-05
0: MPIL GPU-Aware Recursive Doubling Time: 6.353120e-05
0: MPIL GPU-Aware Node-Aware Dissemination Time: 3.264882e-04
0: MPIL GPU-Aware NUMA-Aware Dissemination Time: 2.589780e-04
0: CopyToCPU PMPI Allreduce Time: 6.216983e-05
0: MPIL CopyToCPU Recursive Doubling Time: 6.738904e-05
0: MPIL CopyToCPU Node-Aware Dissemination Time: 1.146438e-04
0: MPIL CopyToCPU NUMA-Aware Dissemination Time: 5.592096e-05
0: MPIL CopyToCPU RADIX-3 Dissemination Time: 5.501430e-05
0: MPIL CopyToCPU RADIX-4 Dissemination Time: 5.422076e-05
0: MPIL CopyToCPU RADIX-5 Dissemination Time: 5.522202e-05
0: MPIL CopyToCPU RADIX-6 Dissemination Time: 5.739143e-05
0: MPIL CopyToCPU RADIX-7 Dissemination Time: 5.547933e-05
0: MPIL CopyToCPU RADIX-8 Dissemination Time: 5.580062e-05
0: MPIL CopyToCPU RADIX-9 Dissemination Time: 5.838430e-05
0: MPIL CopyToCPU RADIX-10 Dissemination Time: 6.113955e-05
0: MPIL CopyToCPU RADIX-11 Dissemination Time: 6.212510e-05
0: MPIL CopyToCPU RADIX-12 Dissemination Time: 6.592802e-05
0: MPIL CopyToCPU RADIX-13 Dissemination Time: 6.943507e-05
0: MPIL CopyToCPU RADIX-14 Dissemination Time: 6.803457e-05
0: Testing Size 1024
0: PMPI Allreduce Time: 5.188377e-04
0: MPIL GPU-Aware Recursive Doubling Time: 5.194230e-04
0: MPIL GPU-Aware Node-Aware Dissemination Time: 1.383276e-03
0: MPIL GPU-Aware NUMA-Aware Dissemination Time: 1.415770e-03
0: CopyToCPU PMPI Allreduce Time: 9.332348e-05
0: MPIL CopyToCPU Recursive Doubling Time: 9.341984e-05
0: MPIL CopyToCPU Node-Aware Dissemination Time: 1.620876e-04
0: MPIL CopyToCPU NUMA-Aware Dissemination Time: 8.316058e-05
0: MPIL CopyToCPU RADIX-3 Dissemination Time: 7.984843e-05
0: MPIL CopyToCPU RADIX-4 Dissemination Time: 7.492431e-05
0: MPIL CopyToCPU RADIX-5 Dissemination Time: 7.615203e-05
0: MPIL CopyToCPU RADIX-6 Dissemination Time: 7.852668e-05
0: MPIL CopyToCPU RADIX-7 Dissemination Time: 7.580982e-05
0: MPIL CopyToCPU RADIX-8 Dissemination Time: 7.703443e-05
0: MPIL CopyToCPU RADIX-9 Dissemination Time: 7.918008e-05
0: MPIL CopyToCPU RADIX-10 Dissemination Time: 8.353072e-05
0: MPIL CopyToCPU RADIX-11 Dissemination Time: 8.537802e-05
0: MPIL CopyToCPU RADIX-12 Dissemination Time: 8.864394e-05
0: MPIL CopyToCPU RADIX-13 Dissemination Time: 9.327564e-05
0: MPIL CopyToCPU RADIX-14 Dissemination Time: 9.361413e-05
0: Testing Size 2048
0: PMPI Allreduce Time: 1.866590e-04
0: MPIL GPU-Aware Recursive Doubling Time: 1.848995e-04
0: MPIL GPU-Aware Node-Aware Dissemination Time: 1.113124e-03
0: MPIL GPU-Aware NUMA-Aware Dissemination Time: 9.986389e-04
0: CopyToCPU PMPI Allreduce Time: 1.181685e-04
0: MPIL CopyToCPU Recursive Doubling Time: 1.520752e-04
0: MPIL CopyToCPU Node-Aware Dissemination Time: 2.233069e-04
0: MPIL CopyToCPU NUMA-Aware Dissemination Time: 1.244434e-04
0: MPIL CopyToCPU RADIX-3 Dissemination Time: 1.238180e-04
0: MPIL CopyToCPU RADIX-4 Dissemination Time: 1.142678e-04
0: MPIL CopyToCPU RADIX-5 Dissemination Time: 1.196170e-04
0: MPIL CopyToCPU RADIX-6 Dissemination Time: 1.165945e-04
0: MPIL CopyToCPU RADIX-7 Dissemination Time: 1.155031e-04
0: MPIL CopyToCPU RADIX-8 Dissemination Time: 1.162661e-04
0: MPIL CopyToCPU RADIX-9 Dissemination Time: 1.197568e-04
0: MPIL CopyToCPU RADIX-10 Dissemination Time: 1.262571e-04
0: MPIL CopyToCPU RADIX-11 Dissemination Time: 1.269426e-04
0: MPIL CopyToCPU RADIX-12 Dissemination Time: 1.308968e-04
0: MPIL CopyToCPU RADIX-13 Dissemination Time: 1.401198e-04
0: MPIL CopyToCPU RADIX-14 Dissemination Time: 1.389638e-04
0: Testing Size 4096
0: PMPI Allreduce Time: 1.961874e-04
0: MPIL GPU-Aware Recursive Doubling Time: 1.973253e-04
0: MPIL GPU-Aware Node-Aware Dissemination Time: 1.012645e-03
0: MPIL GPU-Aware NUMA-Aware Dissemination Time: 1.110937e-03
0: CopyToCPU PMPI Allreduce Time: 1.843800e-04
0: MPIL CopyToCPU Recursive Doubling Time: 2.734384e-04
0: MPIL CopyToCPU Node-Aware Dissemination Time: 3.380817e-04
0: MPIL CopyToCPU NUMA-Aware Dissemination Time: 2.244100e-04
0: MPIL CopyToCPU RADIX-3 Dissemination Time: 2.268718e-04
0: MPIL CopyToCPU RADIX-4 Dissemination Time: 2.094222e-04
0: MPIL CopyToCPU RADIX-5 Dissemination Time: 1.992260e-04
0: MPIL CopyToCPU RADIX-6 Dissemination Time: 1.987229e-04
0: MPIL CopyToCPU RADIX-7 Dissemination Time: 2.011974e-04
0: MPIL CopyToCPU RADIX-8 Dissemination Time: 1.940992e-04
0: MPIL CopyToCPU RADIX-9 Dissemination Time: 2.058724e-04
0: MPIL CopyToCPU RADIX-10 Dissemination Time: 2.195587e-04
0: MPIL CopyToCPU RADIX-11 Dissemination Time: 2.203117e-04
0: MPIL CopyToCPU RADIX-12 Dissemination Time: 2.240026e-04
0: MPIL CopyToCPU RADIX-13 Dissemination Time: 2.404099e-04
0: MPIL CopyToCPU RADIX-14 Dissemination Time: 2.486155e-04
0: Testing Size 8192
0: PMPI Allreduce Time: 2.052109e-04
0: MPIL GPU-Aware Recursive Doubling Time: 2.047204e-04
0: MPIL GPU-Aware Node-Aware Dissemination Time: 1.203648e-03
0: MPIL GPU-Aware NUMA-Aware Dissemination Time: 1.500393e-03
0: CopyToCPU PMPI Allreduce Time: 3.049585e-04
0: MPIL CopyToCPU Recursive Doubling Time: 4.827001e-04
0: MPIL CopyToCPU Node-Aware Dissemination Time: 5.775937e-04
0: MPIL CopyToCPU NUMA-Aware Dissemination Time: 3.826073e-04
0: MPIL CopyToCPU RADIX-3 Dissemination Time: 4.093224e-04
0: MPIL CopyToCPU RADIX-4 Dissemination Time: 3.809494e-04
0: MPIL CopyToCPU RADIX-5 Dissemination Time: 3.446937e-04
0: MPIL CopyToCPU RADIX-6 Dissemination Time: 3.466273e-04
0: MPIL CopyToCPU RADIX-7 Dissemination Time: 3.531638e-04
0: MPIL CopyToCPU RADIX-8 Dissemination Time: 3.483502e-04
0: MPIL CopyToCPU RADIX-9 Dissemination Time: 3.725160e-04
0: MPIL CopyToCPU RADIX-10 Dissemination Time: 3.882447e-04
0: MPIL CopyToCPU RADIX-11 Dissemination Time: 3.974227e-04
0: MPIL CopyToCPU RADIX-12 Dissemination Time: 4.049850e-04
0: MPIL CopyToCPU RADIX-13 Dissemination Time: 4.255815e-04
0: MPIL CopyToCPU RADIX-14 Dissemination Time: 4.543636e-04
0: Testing Size 16384
0: PMPI Allreduce Time: 2.158243e-04
0: MPIL GPU-Aware Recursive Doubling Time: 2.154098e-04
0: MPIL GPU-Aware Node-Aware Dissemination Time: 1.298289e-03
0: MPIL GPU-Aware NUMA-Aware Dissemination Time: 1.369344e-03
0: CopyToCPU PMPI Allreduce Time: 4.897583e-04
0: MPIL CopyToCPU Recursive Doubling Time: 9.030104e-04
0: MPIL CopyToCPU Node-Aware Dissemination Time: 1.032464e-03
0: MPIL CopyToCPU NUMA-Aware Dissemination Time: 6.719206e-04
0: MPIL CopyToCPU RADIX-3 Dissemination Time: 7.680020e-04
0: MPIL CopyToCPU RADIX-4 Dissemination Time: 7.186086e-04
0: MPIL CopyToCPU RADIX-5 Dissemination Time: 6.438365e-04
0: MPIL CopyToCPU RADIX-6 Dissemination Time: 6.321464e-04
0: MPIL CopyToCPU RADIX-7 Dissemination Time: 6.454967e-04
0: MPIL CopyToCPU RADIX-8 Dissemination Time: 6.564255e-04
0: MPIL CopyToCPU RADIX-9 Dissemination Time: 7.011042e-04
0: MPIL CopyToCPU RADIX-10 Dissemination Time: 7.273881e-04
0: MPIL CopyToCPU RADIX-11 Dissemination Time: 7.490650e-04
0: MPIL CopyToCPU RADIX-12 Dissemination Time: 7.827738e-04
0: MPIL CopyToCPU RADIX-13 Dissemination Time: 8.079148e-04
0: MPIL CopyToCPU RADIX-14 Dissemination Time: 8.636713e-04
0: Testing Size 32768
0: PMPI Allreduce Time: 2.400262e-04
0: MPIL GPU-Aware Recursive Doubling Time: 2.391520e-04
0: MPIL GPU-Aware Node-Aware Dissemination Time: 1.260554e-02
0: MPIL GPU-Aware NUMA-Aware Dissemination Time: 1.629615e-03
0: CopyToCPU PMPI Allreduce Time: 9.651575e-04
0: MPIL CopyToCPU Recursive Doubling Time: 1.739218e-03
0: MPIL CopyToCPU Node-Aware Dissemination Time: 1.880818e-03
0: MPIL CopyToCPU NUMA-Aware Dissemination Time: 1.280530e-03
0: MPIL CopyToCPU RADIX-3 Dissemination Time: 1.486890e-03
0: MPIL CopyToCPU RADIX-4 Dissemination Time: 1.397089e-03
0: MPIL CopyToCPU RADIX-5 Dissemination Time: 1.195193e-03
0: MPIL CopyToCPU RADIX-6 Dissemination Time: 1.211053e-03
0: MPIL CopyToCPU RADIX-7 Dissemination Time: 1.252704e-03
0: MPIL CopyToCPU RADIX-8 Dissemination Time: 1.278894e-03
0: MPIL CopyToCPU RADIX-9 Dissemination Time: 1.357255e-03
0: MPIL CopyToCPU RADIX-10 Dissemination Time: 1.407640e-03
0: MPIL CopyToCPU RADIX-11 Dissemination Time: 1.440929e-03
0: MPIL CopyToCPU RADIX-12 Dissemination Time: 1.493962e-03
0: MPIL CopyToCPU RADIX-13 Dissemination Time: 1.555591e-03
0: MPIL CopyToCPU RADIX-14 Dissemination Time: 1.661298e-03
0: Testing Size 65536
0: PMPI Allreduce Time: 2.793557e-04
0: MPIL GPU-Aware Recursive Doubling Time: 2.795471e-04
0: MPIL GPU-Aware Node-Aware Dissemination Time: 1.396615e-02
0: MPIL GPU-Aware NUMA-Aware Dissemination Time: 2.283781e-03
0: CopyToCPU PMPI Allreduce Time: 1.707342e-03
0: MPIL CopyToCPU Recursive Doubling Time: 3.348548e-03
0: MPIL CopyToCPU Node-Aware Dissemination Time: 3.688108e-03
0: MPIL CopyToCPU NUMA-Aware Dissemination Time: 2.383204e-03
0: MPIL CopyToCPU RADIX-3 Dissemination Time: 2.889701e-03
0: MPIL CopyToCPU RADIX-4 Dissemination Time: 2.764896e-03
0: MPIL CopyToCPU RADIX-5 Dissemination Time: 2.341888e-03
0: MPIL CopyToCPU RADIX-6 Dissemination Time: 2.344308e-03
0: MPIL CopyToCPU RADIX-7 Dissemination Time: 2.463376e-03
0: MPIL CopyToCPU RADIX-8 Dissemination Time: 2.513540e-03
0: MPIL CopyToCPU RADIX-9 Dissemination Time: 2.575875e-03
0: MPIL CopyToCPU RADIX-10 Dissemination Time: 2.616463e-03
0: MPIL CopyToCPU RADIX-11 Dissemination Time: 2.754813e-03
0: MPIL CopyToCPU RADIX-12 Dissemination Time: 2.859210e-03
0: MPIL CopyToCPU RADIX-13 Dissemination Time: 2.908190e-03
0: MPIL CopyToCPU RADIX-14 Dissemination Time: 3.107108e-03
0: Testing Size 131072
0: PMPI Allreduce Time: 3.437519e-04
0: MPIL GPU-Aware Recursive Doubling Time: 3.431570e-04
0: MPIL GPU-Aware Node-Aware Dissemination Time: 1.713208e-02
0: MPIL GPU-Aware NUMA-Aware Dissemination Time: 4.768040e-03
0: CopyToCPU PMPI Allreduce Time: 3.424497e-03
0: MPIL CopyToCPU Recursive Doubling Time: 6.562923e-03
0: MPIL CopyToCPU Node-Aware Dissemination Time: 6.743586e-03
0: MPIL CopyToCPU NUMA-Aware Dissemination Time: 4.564715e-03
0: MPIL CopyToCPU RADIX-3 Dissemination Time: 5.804953e-03
0: MPIL CopyToCPU RADIX-4 Dissemination Time: 5.462107e-03
0: MPIL CopyToCPU RADIX-5 Dissemination Time: 4.646414e-03
0: MPIL CopyToCPU RADIX-6 Dissemination Time: 4.831603e-03
0: MPIL CopyToCPU RADIX-7 Dissemination Time: 4.931688e-03
0: MPIL CopyToCPU RADIX-8 Dissemination Time: 5.132500e-03
0: MPIL CopyToCPU RADIX-9 Dissemination Time: 5.097777e-03
0: MPIL CopyToCPU RADIX-10 Dissemination Time: 5.110664e-03
0: MPIL CopyToCPU RADIX-11 Dissemination Time: 5.327785e-03
0: MPIL CopyToCPU RADIX-12 Dissemination Time: 5.658025e-03
0: MPIL CopyToCPU RADIX-13 Dissemination Time: 5.612537e-03
0: MPIL CopyToCPU RADIX-14 Dissemination Time: 5.991550e-03
0: Testing Size 262144
0: PMPI Allreduce Time: 4.650295e-04
0: MPIL GPU-Aware Recursive Doubling Time: 4.645468e-04
0: MPIL GPU-Aware Node-Aware Dissemination Time: 2.375206e-02
0: MPIL GPU-Aware NUMA-Aware Dissemination Time: 8.233243e-03
0: CopyToCPU PMPI Allreduce Time: 6.762499e-03
0: MPIL CopyToCPU Recursive Doubling Time: 9.351611e-03
0: MPIL CopyToCPU Node-Aware Dissemination Time: 1.351382e-02
0: MPIL CopyToCPU NUMA-Aware Dissemination Time: 8.577897e-03
0: MPIL CopyToCPU RADIX-3 Dissemination Time: 9.676618e-03
0: MPIL CopyToCPU RADIX-4 Dissemination Time: 9.722316e-03
0: MPIL CopyToCPU RADIX-5 Dissemination Time: 8.749798e-03
0: MPIL CopyToCPU RADIX-6 Dissemination Time: 9.006268e-03
0: MPIL CopyToCPU RADIX-7 Dissemination Time: 9.667183e-03
0: MPIL CopyToCPU RADIX-8 Dissemination Time: 1.031395e-02
0: MPIL CopyToCPU RADIX-9 Dissemination Time: 1.026254e-02
0: MPIL CopyToCPU RADIX-10 Dissemination Time: 1.072859e-02
0: MPIL CopyToCPU RADIX-11 Dissemination Time: 1.112453e-02
0: MPIL CopyToCPU RADIX-12 Dissemination Time: 1.133699e-02
0: MPIL CopyToCPU RADIX-13 Dissemination Time: 1.156836e-02
0: MPIL CopyToCPU RADIX-14 Dissemination Time: 1.203248e-02
0: Testing Size 524288
0: PMPI Allreduce Time: 7.270880e-04
0: MPIL GPU-Aware Recursive Doubling Time: 7.271673e-04
0: MPIL GPU-Aware Node-Aware Dissemination Time: 3.520388e-02
0: MPIL GPU-Aware NUMA-Aware Dissemination Time: 1.419606e-02
0: CopyToCPU PMPI Allreduce Time: 1.388962e-02
0: MPIL CopyToCPU Recursive Doubling Time: 1.659635e-02
0: MPIL CopyToCPU Node-Aware Dissemination Time: 2.777975e-02
0: MPIL CopyToCPU NUMA-Aware Dissemination Time: 1.662915e-02
0: MPIL CopyToCPU RADIX-3 Dissemination Time: 1.688663e-02
0: MPIL CopyToCPU RADIX-4 Dissemination Time: 1.673931e-02
0: MPIL CopyToCPU RADIX-5 Dissemination Time: 1.838017e-02
0: MPIL CopyToCPU RADIX-6 Dissemination Time: 1.831681e-02
0: MPIL CopyToCPU RADIX-7 Dissemination Time: 1.980452e-02
0: MPIL CopyToCPU RADIX-8 Dissemination Time: 2.537619e-02
0: MPIL CopyToCPU RADIX-9 Dissemination Time: 2.603746e-02
0: MPIL CopyToCPU RADIX-10 Dissemination Time: 2.700050e-02
0: MPIL CopyToCPU RADIX-11 Dissemination Time: 2.853387e-02
0: MPIL CopyToCPU RADIX-12 Dissemination Time: 2.867206e-02
0: MPIL CopyToCPU RADIX-13 Dissemination Time: 2.881084e-02
0: MPIL CopyToCPU RADIX-14 Dissemination Time: 2.991811e-02
