0: Testing Size 1
0: PMPI Allreduce Time: 3.027585e-05
0: MPIL GPU-Aware Recursive Doubling Time: 2.984432e-05
0: MPIL GPU-Aware Node-Aware Dissemination Time: 4.939132e-04
0: MPIL GPU-Aware NUMA-Aware Dissemination Time: 8.454329e-04
0: CopyToCPU PMPI Allreduce Time: 3.025886e-05
0: MPIL CopyToCPU Recursive Doubling Time: 3.677559e-05
0: MPIL CopyToCPU Node-Aware Dissemination Time: 3.335496e-05
0: MPIL CopyToCPU NUMA-Aware Dissemination Time: 2.746262e-05
0: MPIL CopyToCPU RADIX-3 Dissemination Time: 3.261662e-05
0: MPIL CopyToCPU RADIX-4 Dissemination Time: 2.847726e-05
0: MPIL CopyToCPU RADIX-5 Dissemination Time: 3.353578e-05
0: MPIL CopyToCPU RADIX-6 Dissemination Time: 3.475666e-05
0: MPIL CopyToCPU RADIX-7 Dissemination Time: 3.609863e-05
0: MPIL CopyToCPU RADIX-8 Dissemination Time: 3.690293e-05
0: MPIL CopyToCPU RADIX-9 Dissemination Time: 4.114862e-05
0: MPIL CopyToCPU RADIX-10 Dissemination Time: 4.494426e-05
0: MPIL CopyToCPU RADIX-11 Dissemination Time: 4.822997e-05
0: MPIL CopyToCPU RADIX-12 Dissemination Time: 5.009039e-05
0: MPIL CopyToCPU RADIX-13 Dissemination Time: 5.335030e-05
0: MPIL CopyToCPU RADIX-14 Dissemination Time: 5.418286e-05
0: Testing Size 2
0: PMPI Allreduce Time: 2.950533e-05
0: MPIL GPU-Aware Recursive Doubling Time: 2.957262e-05
0: MPIL GPU-Aware Node-Aware Dissemination Time: 4.782443e-04
0: MPIL GPU-Aware NUMA-Aware Dissemination Time: 8.482865e-04
0: CopyToCPU PMPI Allreduce Time: 3.023117e-05
0: MPIL CopyToCPU Recursive Doubling Time: 3.588917e-05
0: MPIL CopyToCPU Node-Aware Dissemination Time: 3.264027e-05
0: MPIL CopyToCPU NUMA-Aware Dissemination Time: 2.876708e-05
0: MPIL CopyToCPU RADIX-3 Dissemination Time: 3.654466e-05
0: MPIL CopyToCPU RADIX-4 Dissemination Time: 3.227275e-05
0: MPIL CopyToCPU RADIX-5 Dissemination Time: 3.826399e-05
0: MPIL CopyToCPU RADIX-6 Dissemination Time: 3.922500e-05
0: MPIL CopyToCPU RADIX-7 Dissemination Time: 4.400910e-05
0: MPIL CopyToCPU RADIX-8 Dissemination Time: 3.839026e-05
0: MPIL CopyToCPU RADIX-9 Dissemination Time: 4.308395e-05
0: MPIL CopyToCPU RADIX-10 Dissemination Time: 4.194538e-05
0: MPIL CopyToCPU RADIX-11 Dissemination Time: 4.268449e-05
0: MPIL CopyToCPU RADIX-12 Dissemination Time: 4.455766e-05
0: MPIL CopyToCPU RADIX-13 Dissemination Time: 4.620221e-05
0: MPIL CopyToCPU RADIX-14 Dissemination Time: 4.861286e-05
0: Testing Size 4
0: PMPI Allreduce Time: 2.955748e-05
0: MPIL GPU-Aware Recursive Doubling Time: 2.953500e-05
0: MPIL GPU-Aware Node-Aware Dissemination Time: 4.765496e-04
0: MPIL GPU-Aware NUMA-Aware Dissemination Time: 8.506630e-04
0: CopyToCPU PMPI Allreduce Time: 3.016234e-05
0: MPIL CopyToCPU Recursive Doubling Time: 3.452425e-05
0: MPIL CopyToCPU Node-Aware Dissemination Time: 3.204302e-05
0: MPIL CopyToCPU NUMA-Aware Dissemination Time: 2.730113e-05
0: MPIL CopyToCPU RADIX-3 Dissemination Time: 3.263276e-05
0: MPIL CopyToCPU RADIX-4 Dissemination Time: 2.877974e-05
0: MPIL CopyToCPU RADIX-5 Dissemination Time: 3.349925e-05
0: MPIL CopyToCPU RADIX-6 Dissemination Time: 3.512993e-05
0: MPIL CopyToCPU RADIX-7 Dissemination Time: 3.647936e-05
0: MPIL CopyToCPU RADIX-8 Dissemination Time: 3.633516e-05
0: MPIL CopyToCPU RADIX-9 Dissemination Time: 3.833554e-05
0: MPIL CopyToCPU RADIX-10 Dissemination Time: 3.985002e-05
0: MPIL CopyToCPU RADIX-11 Dissemination Time: 4.145124e-05
0: MPIL CopyToCPU RADIX-12 Dissemination Time: 4.374516e-05
0: MPIL CopyToCPU RADIX-13 Dissemination Time: 4.613577e-05
0: MPIL CopyToCPU RADIX-14 Dissemination Time: 4.877229e-05
0: Testing Size 8
0: PMPI Allreduce Time: 2.977671e-05
0: MPIL GPU-Aware Recursive Doubling Time: 2.973566e-05
0: MPIL GPU-Aware Node-Aware Dissemination Time: 4.778926e-04
0: MPIL GPU-Aware NUMA-Aware Dissemination Time: 8.481088e-04
0: CopyToCPU PMPI Allreduce Time: 3.010202e-05
0: MPIL CopyToCPU Recursive Doubling Time: 3.888161e-05
0: MPIL CopyToCPU Node-Aware Dissemination Time: 3.200313e-05
0: MPIL CopyToCPU NUMA-Aware Dissemination Time: 2.758317e-05
0: MPIL CopyToCPU RADIX-3 Dissemination Time: 3.405846e-05
0: MPIL CopyToCPU RADIX-4 Dissemination Time: 3.259690e-05
0: MPIL CopyToCPU RADIX-5 Dissemination Time: 3.576863e-05
0: MPIL CopyToCPU RADIX-6 Dissemination Time: 3.889222e-05
0: MPIL CopyToCPU RADIX-7 Dissemination Time: 4.028665e-05
0: MPIL CopyToCPU RADIX-8 Dissemination Time: 4.080323e-05
0: MPIL CopyToCPU RADIX-9 Dissemination Time: 4.077600e-05
0: MPIL CopyToCPU RADIX-10 Dissemination Time: 4.359071e-05
0: MPIL CopyToCPU RADIX-11 Dissemination Time: 4.432028e-05
0: MPIL CopyToCPU RADIX-12 Dissemination Time: 4.628013e-05
0: MPIL CopyToCPU RADIX-13 Dissemination Time: 4.892652e-05
0: MPIL CopyToCPU RADIX-14 Dissemination Time: 5.175302e-05
0: Testing Size 16
0: PMPI Allreduce Time: 3.197453e-05
0: MPIL GPU-Aware Recursive Doubling Time: 3.191919e-05
0: MPIL GPU-Aware Node-Aware Dissemination Time: 4.787396e-04
0: MPIL GPU-Aware NUMA-Aware Dissemination Time: 8.505312e-04
0: CopyToCPU PMPI Allreduce Time: 3.205584e-05
0: MPIL CopyToCPU Recursive Doubling Time: 4.260283e-05
0: MPIL CopyToCPU Node-Aware Dissemination Time: 3.372870e-05
0: MPIL CopyToCPU NUMA-Aware Dissemination Time: 3.043481e-05
0: MPIL CopyToCPU RADIX-3 Dissemination Time: 3.644748e-05
0: MPIL CopyToCPU RADIX-4 Dissemination Time: 3.290024e-05
0: MPIL CopyToCPU RADIX-5 Dissemination Time: 3.896667e-05
0: MPIL CopyToCPU RADIX-6 Dissemination Time: 4.203742e-05
0: MPIL CopyToCPU RADIX-7 Dissemination Time: 4.363485e-05
0: MPIL CopyToCPU RADIX-8 Dissemination Time: 4.373677e-05
0: MPIL CopyToCPU RADIX-9 Dissemination Time: 4.466364e-05
0: MPIL CopyToCPU RADIX-10 Dissemination Time: 4.636128e-05
0: MPIL CopyToCPU RADIX-11 Dissemination Time: 4.727051e-05
0: MPIL CopyToCPU RADIX-12 Dissemination Time: 4.907101e-05
0: MPIL CopyToCPU RADIX-13 Dissemination Time: 5.161290e-05
0: MPIL CopyToCPU RADIX-14 Dissemination Time: 5.459486e-05
0: Testing Size 32
0: PMPI Allreduce Time: 5.165379e-05
0: MPIL GPU-Aware Recursive Doubling Time: 5.174323e-05
0: MPIL GPU-Aware Node-Aware Dissemination Time: 4.904257e-04
0: MPIL GPU-Aware NUMA-Aware Dissemination Time: 8.552244e-04
0: CopyToCPU PMPI Allreduce Time: 4.158142e-05
0: MPIL CopyToCPU Recursive Doubling Time: 5.407265e-05
0: MPIL CopyToCPU Node-Aware Dissemination Time: 3.947684e-05
0: MPIL CopyToCPU NUMA-Aware Dissemination Time: 3.825749e-05
0: MPIL CopyToCPU RADIX-3 Dissemination Time: 5.435544e-05
0: MPIL CopyToCPU RADIX-4 Dissemination Time: 4.343635e-05
0: MPIL CopyToCPU RADIX-5 Dissemination Time: 4.816115e-05
0: MPIL CopyToCPU RADIX-6 Dissemination Time: 4.986003e-05
0: MPIL CopyToCPU RADIX-7 Dissemination Time: 5.147948e-05
0: MPIL CopyToCPU RADIX-8 Dissemination Time: 4.917624e-05
0: MPIL CopyToCPU RADIX-9 Dissemination Time: 5.261460e-05
0: MPIL CopyToCPU RADIX-10 Dissemination Time: 5.369733e-05
0: MPIL CopyToCPU RADIX-11 Dissemination Time: 5.593263e-05
0: MPIL CopyToCPU RADIX-12 Dissemination Time: 5.733420e-05
0: MPIL CopyToCPU RADIX-13 Dissemination Time: 6.038080e-05
0: MPIL CopyToCPU RADIX-14 Dissemination Time: 6.134666e-05
0: Testing Size 64
0: PMPI Allreduce Time: 5.136727e-05
0: MPIL GPU-Aware Recursive Doubling Time: 5.133287e-05
0: MPIL GPU-Aware Node-Aware Dissemination Time: 5.041995e-04
0: MPIL GPU-Aware NUMA-Aware Dissemination Time: 8.571034e-04
0: CopyToCPU PMPI Allreduce Time: 5.039867e-05
0: MPIL CopyToCPU Recursive Doubling Time: 5.465273e-05
0: MPIL CopyToCPU Node-Aware Dissemination Time: 4.295515e-05
0: MPIL CopyToCPU NUMA-Aware Dissemination Time: 4.813564e-05
0: MPIL CopyToCPU RADIX-3 Dissemination Time: 5.540808e-05
0: MPIL CopyToCPU RADIX-4 Dissemination Time: 4.363451e-05
0: MPIL CopyToCPU RADIX-5 Dissemination Time: 4.919526e-05
0: MPIL CopyToCPU RADIX-6 Dissemination Time: 5.053192e-05
0: MPIL CopyToCPU RADIX-7 Dissemination Time: 5.194946e-05
0: MPIL CopyToCPU RADIX-8 Dissemination Time: 4.984133e-05
0: MPIL CopyToCPU RADIX-9 Dissemination Time: 5.188335e-05
0: MPIL CopyToCPU RADIX-10 Dissemination Time: 5.445159e-05
0: MPIL CopyToCPU RADIX-11 Dissemination Time: 5.657213e-05
0: MPIL CopyToCPU RADIX-12 Dissemination Time: 5.805965e-05
0: MPIL CopyToCPU RADIX-13 Dissemination Time: 6.094257e-05
0: MPIL CopyToCPU RADIX-14 Dissemination Time: 6.220447e-05
0: Testing Size 128
0: PMPI Allreduce Time: 6.697890e-05
0: MPIL GPU-Aware Recursive Doubling Time: 6.719359e-05
0: MPIL GPU-Aware Node-Aware Dissemination Time: 5.323777e-04
0: MPIL GPU-Aware NUMA-Aware Dissemination Time: 8.573314e-04
0: CopyToCPU PMPI Allreduce Time: 6.700648e-05
0: MPIL CopyToCPU Recursive Doubling Time: 7.180950e-05
0: MPIL CopyToCPU Node-Aware Dissemination Time: 8.676925e-05
0: MPIL CopyToCPU NUMA-Aware Dissemination Time: 7.193057e-05
0: MPIL CopyToCPU RADIX-3 Dissemination Time: 6.705071e-05
0: MPIL CopyToCPU RADIX-4 Dissemination Time: 5.601214e-05
0: MPIL CopyToCPU RADIX-5 Dissemination Time: 6.157725e-05
0: MPIL CopyToCPU RADIX-6 Dissemination Time: 6.464543e-05
0: MPIL CopyToCPU RADIX-7 Dissemination Time: 6.740746e-05
0: MPIL CopyToCPU RADIX-8 Dissemination Time: 6.560122e-05
0: MPIL CopyToCPU RADIX-9 Dissemination Time: 6.787073e-05
0: MPIL CopyToCPU RADIX-10 Dissemination Time: 7.206388e-05
0: MPIL CopyToCPU RADIX-11 Dissemination Time: 7.476835e-05
0: MPIL CopyToCPU RADIX-12 Dissemination Time: 7.559230e-05
0: MPIL CopyToCPU RADIX-13 Dissemination Time: 8.001707e-05
0: MPIL CopyToCPU RADIX-14 Dissemination Time: 8.160121e-05
0: Testing Size 256
0: PMPI Allreduce Time: 8.492702e-05
0: MPIL GPU-Aware Recursive Doubling Time: 8.486798e-05
0: MPIL GPU-Aware Node-Aware Dissemination Time: 5.475449e-04
0: MPIL GPU-Aware NUMA-Aware Dissemination Time: 8.771560e-04
0: CopyToCPU PMPI Allreduce Time: 8.129846e-05
0: MPIL CopyToCPU Recursive Doubling Time: 8.848141e-05
0: MPIL CopyToCPU Node-Aware Dissemination Time: 1.238858e-04
0: MPIL CopyToCPU NUMA-Aware Dissemination Time: 9.280297e-05
0: MPIL CopyToCPU RADIX-3 Dissemination Time: 7.366429e-05
0: MPIL CopyToCPU RADIX-4 Dissemination Time: 6.525744e-05
0: MPIL CopyToCPU RADIX-5 Dissemination Time: 6.865548e-05
0: MPIL CopyToCPU RADIX-6 Dissemination Time: 7.153619e-05
0: MPIL CopyToCPU RADIX-7 Dissemination Time: 7.295140e-05
0: MPIL CopyToCPU RADIX-8 Dissemination Time: 7.335167e-05
0: MPIL CopyToCPU RADIX-9 Dissemination Time: 7.655295e-05
0: MPIL CopyToCPU RADIX-10 Dissemination Time: 8.279505e-05
0: MPIL CopyToCPU RADIX-11 Dissemination Time: 8.235622e-05
0: MPIL CopyToCPU RADIX-12 Dissemination Time: 9.064021e-05
0: MPIL CopyToCPU RADIX-13 Dissemination Time: 9.584593e-05
0: MPIL CopyToCPU RADIX-14 Dissemination Time: 1.044677e-04
0: Testing Size 512
0: PMPI Allreduce Time: 1.275705e-04
0: MPIL GPU-Aware Recursive Doubling Time: 1.275860e-04
0: MPIL GPU-Aware Node-Aware Dissemination Time: 5.634394e-04
0: MPIL GPU-Aware NUMA-Aware Dissemination Time: 8.776697e-04
0: CopyToCPU PMPI Allreduce Time: 9.755567e-05
0: MPIL CopyToCPU Recursive Doubling Time: 1.023506e-04
0: MPIL CopyToCPU Node-Aware Dissemination Time: 1.428067e-04
0: MPIL CopyToCPU NUMA-Aware Dissemination Time: 1.082123e-04
0: MPIL CopyToCPU RADIX-3 Dissemination Time: 8.395876e-05
0: MPIL CopyToCPU RADIX-4 Dissemination Time: 7.514685e-05
0: MPIL CopyToCPU RADIX-5 Dissemination Time: 7.829130e-05
0: MPIL CopyToCPU RADIX-6 Dissemination Time: 7.702369e-05
0: MPIL CopyToCPU RADIX-7 Dissemination Time: 7.916601e-05
0: MPIL CopyToCPU RADIX-8 Dissemination Time: 7.929408e-05
0: MPIL CopyToCPU RADIX-9 Dissemination Time: 8.437050e-05
0: MPIL CopyToCPU RADIX-10 Dissemination Time: 8.895114e-05
0: MPIL CopyToCPU RADIX-11 Dissemination Time: 9.142233e-05
0: MPIL CopyToCPU RADIX-12 Dissemination Time: 9.576736e-05
0: MPIL CopyToCPU RADIX-13 Dissemination Time: 1.010152e-04
0: MPIL CopyToCPU RADIX-14 Dissemination Time: 1.094547e-04
0: Testing Size 1024
0: PMPI Allreduce Time: 6.227634e-04
0: MPIL GPU-Aware Recursive Doubling Time: 6.218798e-04
0: MPIL GPU-Aware Node-Aware Dissemination Time: 2.204092e-03
0: MPIL GPU-Aware NUMA-Aware Dissemination Time: 3.597652e-03
0: CopyToCPU PMPI Allreduce Time: 1.242562e-04
0: MPIL CopyToCPU Recursive Doubling Time: 1.323912e-04
0: MPIL CopyToCPU Node-Aware Dissemination Time: 1.985403e-04
0: MPIL CopyToCPU NUMA-Aware Dissemination Time: 1.487508e-04
0: MPIL CopyToCPU RADIX-3 Dissemination Time: 1.078127e-04
0: MPIL CopyToCPU RADIX-4 Dissemination Time: 9.785116e-05
0: MPIL CopyToCPU RADIX-5 Dissemination Time: 9.567359e-05
0: MPIL CopyToCPU RADIX-6 Dissemination Time: 9.853523e-05
0: MPIL CopyToCPU RADIX-7 Dissemination Time: 1.045908e-04
0: MPIL CopyToCPU RADIX-8 Dissemination Time: 1.070290e-04
0: MPIL CopyToCPU RADIX-9 Dissemination Time: 1.130315e-04
0: MPIL CopyToCPU RADIX-10 Dissemination Time: 1.185604e-04
0: MPIL CopyToCPU RADIX-11 Dissemination Time: 1.201438e-04
0: MPIL CopyToCPU RADIX-12 Dissemination Time: 1.244820e-04
0: MPIL CopyToCPU RADIX-13 Dissemination Time: 1.287895e-04
0: MPIL CopyToCPU RADIX-14 Dissemination Time: 1.348127e-04
0: Testing Size 2048
0: PMPI Allreduce Time: 2.879796e-04
0: MPIL GPU-Aware Recursive Doubling Time: 2.838084e-04
0: MPIL GPU-Aware Node-Aware Dissemination Time: 1.799826e-03
0: MPIL GPU-Aware NUMA-Aware Dissemination Time: 3.060039e-03
0: CopyToCPU PMPI Allreduce Time: 1.608411e-04
0: MPIL CopyToCPU Recursive Doubling Time: 1.902972e-04
0: MPIL CopyToCPU Node-Aware Dissemination Time: 2.291109e-04
0: MPIL CopyToCPU NUMA-Aware Dissemination Time: 2.143557e-04
0: MPIL CopyToCPU RADIX-3 Dissemination Time: 1.570476e-04
0: MPIL CopyToCPU RADIX-4 Dissemination Time: 1.508578e-04
0: MPIL CopyToCPU RADIX-5 Dissemination Time: 1.486747e-04
0: MPIL CopyToCPU RADIX-6 Dissemination Time: 1.481496e-04
0: MPIL CopyToCPU RADIX-7 Dissemination Time: 1.605229e-04
0: MPIL CopyToCPU RADIX-8 Dissemination Time: 1.701518e-04
0: MPIL CopyToCPU RADIX-9 Dissemination Time: 1.802377e-04
0: MPIL CopyToCPU RADIX-10 Dissemination Time: 1.827105e-04
0: MPIL CopyToCPU RADIX-11 Dissemination Time: 1.862449e-04
0: MPIL CopyToCPU RADIX-12 Dissemination Time: 1.856549e-04
0: MPIL CopyToCPU RADIX-13 Dissemination Time: 1.985419e-04
0: MPIL CopyToCPU RADIX-14 Dissemination Time: 2.094123e-04
0: Testing Size 4096
0: PMPI Allreduce Time: 3.018665e-04
0: MPIL GPU-Aware Recursive Doubling Time: 3.012730e-04
0: MPIL GPU-Aware Node-Aware Dissemination Time: 1.814697e-03
0: MPIL GPU-Aware NUMA-Aware Dissemination Time: 3.055415e-03
0: CopyToCPU PMPI Allreduce Time: 2.348945e-04
0: MPIL CopyToCPU Recursive Doubling Time: 3.431152e-04
0: MPIL CopyToCPU Node-Aware Dissemination Time: 3.796387e-04
0: MPIL CopyToCPU NUMA-Aware Dissemination Time: 3.742817e-04
0: MPIL CopyToCPU RADIX-3 Dissemination Time: 2.998482e-04
0: MPIL CopyToCPU RADIX-4 Dissemination Time: 2.780904e-04
0: MPIL CopyToCPU RADIX-5 Dissemination Time: 2.854040e-04
0: MPIL CopyToCPU RADIX-6 Dissemination Time: 2.816811e-04
0: MPIL CopyToCPU RADIX-7 Dissemination Time: 3.099216e-04
0: MPIL CopyToCPU RADIX-8 Dissemination Time: 3.312070e-04
0: MPIL CopyToCPU RADIX-9 Dissemination Time: 3.521672e-04
0: MPIL CopyToCPU RADIX-10 Dissemination Time: 3.553148e-04
0: MPIL CopyToCPU RADIX-11 Dissemination Time: 3.565097e-04
0: MPIL CopyToCPU RADIX-12 Dissemination Time: 3.640531e-04
0: MPIL CopyToCPU RADIX-13 Dissemination Time: 3.842045e-04
0: MPIL CopyToCPU RADIX-14 Dissemination Time: 4.193528e-04
0: Testing Size 8192
0: PMPI Allreduce Time: 3.144536e-04
0: MPIL GPU-Aware Recursive Doubling Time: 3.138836e-04
0: MPIL GPU-Aware Node-Aware Dissemination Time: 1.887515e-03
0: MPIL GPU-Aware NUMA-Aware Dissemination Time: 3.008587e-03
0: CopyToCPU PMPI Allreduce Time: 3.613501e-04
0: MPIL CopyToCPU Recursive Doubling Time: 5.721268e-04
0: MPIL CopyToCPU Node-Aware Dissemination Time: 6.273371e-04
0: MPIL CopyToCPU NUMA-Aware Dissemination Time: 6.314759e-04
0: MPIL CopyToCPU RADIX-3 Dissemination Time: 5.083550e-04
0: MPIL CopyToCPU RADIX-4 Dissemination Time: 4.994869e-04
0: MPIL CopyToCPU RADIX-5 Dissemination Time: 5.010828e-04
0: MPIL CopyToCPU RADIX-6 Dissemination Time: 4.911236e-04
0: MPIL CopyToCPU RADIX-7 Dissemination Time: 5.556895e-04
0: MPIL CopyToCPU RADIX-8 Dissemination Time: 5.998165e-04
0: MPIL CopyToCPU RADIX-9 Dissemination Time: 6.422230e-04
0: MPIL CopyToCPU RADIX-10 Dissemination Time: 6.424851e-04
0: MPIL CopyToCPU RADIX-11 Dissemination Time: 6.596943e-04
0: MPIL CopyToCPU RADIX-12 Dissemination Time: 6.711298e-04
0: MPIL CopyToCPU RADIX-13 Dissemination Time: 7.093957e-04
0: MPIL CopyToCPU RADIX-14 Dissemination Time: 7.660960e-04
0: Testing Size 16384
0: PMPI Allreduce Time: 3.246333e-04
0: MPIL GPU-Aware Recursive Doubling Time: 3.240530e-04
0: MPIL GPU-Aware Node-Aware Dissemination Time: 2.003434e-03
0: MPIL GPU-Aware NUMA-Aware Dissemination Time: 3.312264e-03
0: CopyToCPU PMPI Allreduce Time: 5.925949e-04
0: MPIL CopyToCPU Recursive Doubling Time: 1.039204e-03
0: MPIL CopyToCPU Node-Aware Dissemination Time: 1.099366e-03
0: MPIL CopyToCPU NUMA-Aware Dissemination Time: 1.318613e-03
0: MPIL CopyToCPU RADIX-3 Dissemination Time: 9.277514e-04
0: MPIL CopyToCPU RADIX-4 Dissemination Time: 9.464327e-04
0: MPIL CopyToCPU RADIX-5 Dissemination Time: 9.486437e-04
0: MPIL CopyToCPU RADIX-6 Dissemination Time: 9.052624e-04
0: MPIL CopyToCPU RADIX-7 Dissemination Time: 1.042880e-03
0: MPIL CopyToCPU RADIX-8 Dissemination Time: 1.133602e-03
0: MPIL CopyToCPU RADIX-9 Dissemination Time: 1.240341e-03
0: MPIL CopyToCPU RADIX-10 Dissemination Time: 1.225269e-03
0: MPIL CopyToCPU RADIX-11 Dissemination Time: 1.264209e-03
0: MPIL CopyToCPU RADIX-12 Dissemination Time: 1.341128e-03
0: MPIL CopyToCPU RADIX-13 Dissemination Time: 1.404340e-03
0: MPIL CopyToCPU RADIX-14 Dissemination Time: 1.498096e-03
0: Testing Size 32768
0: PMPI Allreduce Time: 3.378654e-04
0: MPIL GPU-Aware Recursive Doubling Time: 3.368345e-04
0: MPIL GPU-Aware Node-Aware Dissemination Time: 1.454246e-02
0: MPIL GPU-Aware NUMA-Aware Dissemination Time: 4.822826e-03
0: CopyToCPU PMPI Allreduce Time: 1.057628e-03
0: MPIL CopyToCPU Recursive Doubling Time: 1.992915e-03
0: MPIL CopyToCPU Node-Aware Dissemination Time: 2.046482e-03
0: MPIL CopyToCPU NUMA-Aware Dissemination Time: 2.500984e-03
0: MPIL CopyToCPU RADIX-3 Dissemination Time: 1.779193e-03
0: MPIL CopyToCPU RADIX-4 Dissemination Time: 1.809485e-03
0: MPIL CopyToCPU RADIX-5 Dissemination Time: 1.847556e-03
0: MPIL CopyToCPU RADIX-6 Dissemination Time: 1.761295e-03
0: MPIL CopyToCPU RADIX-7 Dissemination Time: 2.036539e-03
0: MPIL CopyToCPU RADIX-8 Dissemination Time: 2.203266e-03
0: MPIL CopyToCPU RADIX-9 Dissemination Time: 2.434627e-03
0: MPIL CopyToCPU RADIX-10 Dissemination Time: 2.367453e-03
0: MPIL CopyToCPU RADIX-11 Dissemination Time: 2.455703e-03
0: MPIL CopyToCPU RADIX-12 Dissemination Time: 2.652455e-03
0: MPIL CopyToCPU RADIX-13 Dissemination Time: 2.717293e-03
0: MPIL CopyToCPU RADIX-14 Dissemination Time: 2.926724e-03
0: Testing Size 65536
0: PMPI Allreduce Time: 3.708762e-04
0: MPIL GPU-Aware Recursive Doubling Time: 3.696376e-04
0: MPIL GPU-Aware Node-Aware Dissemination Time: 1.670318e-02
0: MPIL GPU-Aware NUMA-Aware Dissemination Time: 6.703535e-03
0: CopyToCPU PMPI Allreduce Time: 1.955743e-03
0: MPIL CopyToCPU Recursive Doubling Time: 3.868981e-03
0: MPIL CopyToCPU Node-Aware Dissemination Time: 3.750593e-03
0: MPIL CopyToCPU NUMA-Aware Dissemination Time: 4.568601e-03
0: MPIL CopyToCPU RADIX-3 Dissemination Time: 3.450644e-03
0: MPIL CopyToCPU RADIX-4 Dissemination Time: 3.550867e-03
0: MPIL CopyToCPU RADIX-5 Dissemination Time: 3.605382e-03
0: MPIL CopyToCPU RADIX-6 Dissemination Time: 3.442057e-03
0: MPIL CopyToCPU RADIX-7 Dissemination Time: 3.985417e-03
0: MPIL CopyToCPU RADIX-8 Dissemination Time: 4.286617e-03
0: MPIL CopyToCPU RADIX-9 Dissemination Time: 4.761970e-03
0: MPIL CopyToCPU RADIX-10 Dissemination Time: 4.599528e-03
0: MPIL CopyToCPU RADIX-11 Dissemination Time: 4.865378e-03
0: MPIL CopyToCPU RADIX-12 Dissemination Time: 5.203544e-03
0: MPIL CopyToCPU RADIX-13 Dissemination Time: 5.309058e-03
0: MPIL CopyToCPU RADIX-14 Dissemination Time: 5.750351e-03
0: Testing Size 131072
0: PMPI Allreduce Time: 4.437463e-04
0: MPIL GPU-Aware Recursive Doubling Time: 4.436885e-04
0: MPIL GPU-Aware Node-Aware Dissemination Time: 2.229359e-02
0: MPIL GPU-Aware NUMA-Aware Dissemination Time: 1.475784e-02
0: CopyToCPU PMPI Allreduce Time: 3.931936e-03
0: MPIL CopyToCPU Recursive Doubling Time: 7.273096e-03
0: MPIL CopyToCPU Node-Aware Dissemination Time: 7.253993e-03
0: MPIL CopyToCPU NUMA-Aware Dissemination Time: 9.436132e-03
0: MPIL CopyToCPU RADIX-3 Dissemination Time: 6.605182e-03
0: MPIL CopyToCPU RADIX-4 Dissemination Time: 6.942599e-03
0: MPIL CopyToCPU RADIX-5 Dissemination Time: 7.054519e-03
0: MPIL CopyToCPU RADIX-6 Dissemination Time: 6.754003e-03
0: MPIL CopyToCPU RADIX-7 Dissemination Time: 7.726062e-03
0: MPIL CopyToCPU RADIX-8 Dissemination Time: 8.127478e-03
0: MPIL CopyToCPU RADIX-9 Dissemination Time: 9.108238e-03
0: MPIL CopyToCPU RADIX-10 Dissemination Time: 8.866737e-03
0: MPIL CopyToCPU RADIX-11 Dissemination Time: 9.198373e-03
0: MPIL CopyToCPU RADIX-12 Dissemination Time: 9.748037e-03
0: MPIL CopyToCPU RADIX-13 Dissemination Time: 1.005051e-02
0: MPIL CopyToCPU RADIX-14 Dissemination Time: 1.081886e-02
0: Testing Size 262144
0: PMPI Allreduce Time: 5.755241e-04
0: MPIL GPU-Aware Recursive Doubling Time: 5.748222e-04
0: MPIL GPU-Aware Node-Aware Dissemination Time: 3.237379e-02
0: MPIL GPU-Aware NUMA-Aware Dissemination Time: 2.675376e-02
0: CopyToCPU PMPI Allreduce Time: 7.393909e-03
0: MPIL CopyToCPU Recursive Doubling Time: 1.437209e-02
0: MPIL CopyToCPU Node-Aware Dissemination Time: 1.390041e-02
0: MPIL CopyToCPU NUMA-Aware Dissemination Time: 1.827057e-02
0: MPIL CopyToCPU RADIX-3 Dissemination Time: 1.336667e-02
0: MPIL CopyToCPU RADIX-4 Dissemination Time: 1.368682e-02
0: MPIL CopyToCPU RADIX-5 Dissemination Time: 1.373070e-02
0: MPIL CopyToCPU RADIX-6 Dissemination Time: 1.308359e-02
0: MPIL CopyToCPU RADIX-7 Dissemination Time: 1.460914e-02
0: MPIL CopyToCPU RADIX-8 Dissemination Time: 1.597052e-02
0: MPIL CopyToCPU RADIX-9 Dissemination Time: 1.830936e-02
0: MPIL CopyToCPU RADIX-10 Dissemination Time: 1.786880e-02
0: MPIL CopyToCPU RADIX-11 Dissemination Time: 1.878709e-02
0: MPIL CopyToCPU RADIX-12 Dissemination Time: 2.051754e-02
0: MPIL CopyToCPU RADIX-13 Dissemination Time: 2.095734e-02
0: MPIL CopyToCPU RADIX-14 Dissemination Time: 2.263758e-02
0: Testing Size 524288
0: PMPI Allreduce Time: 8.610177e-04
0: MPIL GPU-Aware Recursive Doubling Time: 8.602818e-04
0: MPIL GPU-Aware Node-Aware Dissemination Time: 5.159007e-02
0: MPIL GPU-Aware NUMA-Aware Dissemination Time: 4.530486e-02
0: CopyToCPU PMPI Allreduce Time: 1.483840e-02
0: MPIL CopyToCPU Recursive Doubling Time: 2.670626e-02
0: MPIL CopyToCPU Node-Aware Dissemination Time: 2.795529e-02
0: MPIL CopyToCPU NUMA-Aware Dissemination Time: 3.784771e-02
0: MPIL CopyToCPU RADIX-3 Dissemination Time: 2.427302e-02
0: MPIL CopyToCPU RADIX-4 Dissemination Time: 2.386611e-02
0: MPIL CopyToCPU RADIX-5 Dissemination Time: 2.684169e-02
0: MPIL CopyToCPU RADIX-6 Dissemination Time: 2.637229e-02
0: MPIL CopyToCPU RADIX-7 Dissemination Time: 2.963436e-02
0: MPIL CopyToCPU RADIX-8 Dissemination Time: 3.587567e-02
0: MPIL CopyToCPU RADIX-9 Dissemination Time: 4.047384e-02
0: MPIL CopyToCPU RADIX-10 Dissemination Time: 3.932614e-02
0: MPIL CopyToCPU RADIX-11 Dissemination Time: 4.151878e-02
0: MPIL CopyToCPU RADIX-12 Dissemination Time: 4.290547e-02
0: MPIL CopyToCPU RADIX-13 Dissemination Time: 4.463742e-02
0: MPIL CopyToCPU RADIX-14 Dissemination Time: 4.718850e-02
