0: Testing Size 1
0: PMPI Allreduce Time: 3.094943e-05
0: MPIL GPU-Aware Recursive Doubling Time: 3.065057e-05
0: MPIL GPU-Aware Node-Aware Dissemination Time: 5.081958e-04
0: MPIL GPU-Aware NUMA-Aware Dissemination Time: 8.534397e-04
0: CopyToCPU PMPI Allreduce Time: 3.057620e-05
0: MPIL CopyToCPU Recursive Doubling Time: 3.601081e-05
0: MPIL CopyToCPU Node-Aware Dissemination Time: 3.314465e-05
0: MPIL CopyToCPU NUMA-Aware Dissemination Time: 2.736272e-05
0: MPIL CopyToCPU RADIX-3 Dissemination Time: 3.264404e-05
0: MPIL CopyToCPU RADIX-4 Dissemination Time: 2.865743e-05
0: MPIL CopyToCPU RADIX-5 Dissemination Time: 3.300167e-05
0: MPIL CopyToCPU RADIX-6 Dissemination Time: 3.454167e-05
0: MPIL CopyToCPU RADIX-7 Dissemination Time: 3.622442e-05
0: MPIL CopyToCPU RADIX-8 Dissemination Time: 3.710983e-05
0: MPIL CopyToCPU RADIX-9 Dissemination Time: 3.984252e-05
0: MPIL CopyToCPU RADIX-10 Dissemination Time: 4.252044e-05
0: MPIL CopyToCPU RADIX-11 Dissemination Time: 4.682728e-05
0: MPIL CopyToCPU RADIX-12 Dissemination Time: 5.044629e-05
0: MPIL CopyToCPU RADIX-13 Dissemination Time: 5.532213e-05
0: MPIL CopyToCPU RADIX-14 Dissemination Time: 5.475316e-05
0: Testing Size 2
0: PMPI Allreduce Time: 3.005145e-05
0: MPIL GPU-Aware Recursive Doubling Time: 3.007219e-05
0: MPIL GPU-Aware Node-Aware Dissemination Time: 4.967398e-04
0: MPIL GPU-Aware NUMA-Aware Dissemination Time: 8.576527e-04
0: CopyToCPU PMPI Allreduce Time: 3.061460e-05
0: MPIL CopyToCPU Recursive Doubling Time: 3.388163e-05
0: MPIL CopyToCPU Node-Aware Dissemination Time: 3.233341e-05
0: MPIL CopyToCPU NUMA-Aware Dissemination Time: 2.773731e-05
0: MPIL CopyToCPU RADIX-3 Dissemination Time: 3.709022e-05
0: MPIL CopyToCPU RADIX-4 Dissemination Time: 3.236255e-05
0: MPIL CopyToCPU RADIX-5 Dissemination Time: 3.694301e-05
0: MPIL CopyToCPU RADIX-6 Dissemination Time: 3.943721e-05
0: MPIL CopyToCPU RADIX-7 Dissemination Time: 4.341496e-05
0: MPIL CopyToCPU RADIX-8 Dissemination Time: 4.027535e-05
0: MPIL CopyToCPU RADIX-9 Dissemination Time: 4.568755e-05
0: MPIL CopyToCPU RADIX-10 Dissemination Time: 4.211766e-05
0: MPIL CopyToCPU RADIX-11 Dissemination Time: 4.375381e-05
0: MPIL CopyToCPU RADIX-12 Dissemination Time: 4.470132e-05
0: MPIL CopyToCPU RADIX-13 Dissemination Time: 4.674818e-05
0: MPIL CopyToCPU RADIX-14 Dissemination Time: 4.872634e-05
0: Testing Size 4
0: PMPI Allreduce Time: 3.021973e-05
0: MPIL GPU-Aware Recursive Doubling Time: 3.024644e-05
0: MPIL GPU-Aware Node-Aware Dissemination Time: 4.969078e-04
0: MPIL GPU-Aware NUMA-Aware Dissemination Time: 8.567474e-04
0: CopyToCPU PMPI Allreduce Time: 3.060786e-05
0: MPIL CopyToCPU Recursive Doubling Time: 3.303341e-05
0: MPIL CopyToCPU Node-Aware Dissemination Time: 3.192815e-05
0: MPIL CopyToCPU NUMA-Aware Dissemination Time: 2.732540e-05
0: MPIL CopyToCPU RADIX-3 Dissemination Time: 3.315174e-05
0: MPIL CopyToCPU RADIX-4 Dissemination Time: 2.912411e-05
0: MPIL CopyToCPU RADIX-5 Dissemination Time: 3.361228e-05
0: MPIL CopyToCPU RADIX-6 Dissemination Time: 3.491347e-05
0: MPIL CopyToCPU RADIX-7 Dissemination Time: 3.676105e-05
0: MPIL CopyToCPU RADIX-8 Dissemination Time: 3.648385e-05
0: MPIL CopyToCPU RADIX-9 Dissemination Time: 3.848479e-05
0: MPIL CopyToCPU RADIX-10 Dissemination Time: 3.994680e-05
0: MPIL CopyToCPU RADIX-11 Dissemination Time: 4.158485e-05
0: MPIL CopyToCPU RADIX-12 Dissemination Time: 4.397399e-05
0: MPIL CopyToCPU RADIX-13 Dissemination Time: 4.638804e-05
0: MPIL CopyToCPU RADIX-14 Dissemination Time: 4.890377e-05
0: Testing Size 8
0: PMPI Allreduce Time: 3.026921e-05
0: MPIL GPU-Aware Recursive Doubling Time: 3.030763e-05
0: MPIL GPU-Aware Node-Aware Dissemination Time: 4.971598e-04
0: MPIL GPU-Aware NUMA-Aware Dissemination Time: 8.570019e-04
0: CopyToCPU PMPI Allreduce Time: 3.025694e-05
0: MPIL CopyToCPU Recursive Doubling Time: 3.632176e-05
0: MPIL CopyToCPU Node-Aware Dissemination Time: 3.209028e-05
0: MPIL CopyToCPU NUMA-Aware Dissemination Time: 2.751539e-05
0: MPIL CopyToCPU RADIX-3 Dissemination Time: 3.432706e-05
0: MPIL CopyToCPU RADIX-4 Dissemination Time: 3.237022e-05
0: MPIL CopyToCPU RADIX-5 Dissemination Time: 3.569271e-05
0: MPIL CopyToCPU RADIX-6 Dissemination Time: 3.749427e-05
0: MPIL CopyToCPU RADIX-7 Dissemination Time: 4.075213e-05
0: MPIL CopyToCPU RADIX-8 Dissemination Time: 4.074542e-05
0: MPIL CopyToCPU RADIX-9 Dissemination Time: 4.195520e-05
0: MPIL CopyToCPU RADIX-10 Dissemination Time: 4.358439e-05
0: MPIL CopyToCPU RADIX-11 Dissemination Time: 4.473188e-05
0: MPIL CopyToCPU RADIX-12 Dissemination Time: 4.664197e-05
0: MPIL CopyToCPU RADIX-13 Dissemination Time: 4.918885e-05
0: MPIL CopyToCPU RADIX-14 Dissemination Time: 5.177610e-05
0: Testing Size 16
0: PMPI Allreduce Time: 3.224865e-05
0: MPIL GPU-Aware Recursive Doubling Time: 3.226350e-05
0: MPIL GPU-Aware Node-Aware Dissemination Time: 4.988087e-04
0: MPIL GPU-Aware NUMA-Aware Dissemination Time: 8.563632e-04
0: CopyToCPU PMPI Allreduce Time: 3.222020e-05
0: MPIL CopyToCPU Recursive Doubling Time: 4.162533e-05
0: MPIL CopyToCPU Node-Aware Dissemination Time: 3.353697e-05
0: MPIL CopyToCPU NUMA-Aware Dissemination Time: 3.029812e-05
0: MPIL CopyToCPU RADIX-3 Dissemination Time: 3.652608e-05
0: MPIL CopyToCPU RADIX-4 Dissemination Time: 3.332957e-05
0: MPIL CopyToCPU RADIX-5 Dissemination Time: 3.833268e-05
0: MPIL CopyToCPU RADIX-6 Dissemination Time: 4.135617e-05
0: MPIL CopyToCPU RADIX-7 Dissemination Time: 4.382717e-05
0: MPIL CopyToCPU RADIX-8 Dissemination Time: 4.344385e-05
0: MPIL CopyToCPU RADIX-9 Dissemination Time: 4.488635e-05
0: MPIL CopyToCPU RADIX-10 Dissemination Time: 4.671501e-05
0: MPIL CopyToCPU RADIX-11 Dissemination Time: 4.746565e-05
0: MPIL CopyToCPU RADIX-12 Dissemination Time: 4.932106e-05
0: MPIL CopyToCPU RADIX-13 Dissemination Time: 5.200116e-05
0: MPIL CopyToCPU RADIX-14 Dissemination Time: 5.482045e-05
0: Testing Size 32
0: PMPI Allreduce Time: 5.467033e-05
0: MPIL GPU-Aware Recursive Doubling Time: 5.331540e-05
0: MPIL GPU-Aware Node-Aware Dissemination Time: 5.038190e-04
0: MPIL GPU-Aware NUMA-Aware Dissemination Time: 8.629377e-04
0: CopyToCPU PMPI Allreduce Time: 4.286725e-05
0: MPIL CopyToCPU Recursive Doubling Time: 5.642290e-05
0: MPIL CopyToCPU Node-Aware Dissemination Time: 3.912320e-05
0: MPIL CopyToCPU NUMA-Aware Dissemination Time: 3.804029e-05
0: MPIL CopyToCPU RADIX-3 Dissemination Time: 5.477348e-05
0: MPIL CopyToCPU RADIX-4 Dissemination Time: 4.374565e-05
0: MPIL CopyToCPU RADIX-5 Dissemination Time: 4.840357e-05
0: MPIL CopyToCPU RADIX-6 Dissemination Time: 4.978568e-05
0: MPIL CopyToCPU RADIX-7 Dissemination Time: 5.170556e-05
0: MPIL CopyToCPU RADIX-8 Dissemination Time: 4.888466e-05
0: MPIL CopyToCPU RADIX-9 Dissemination Time: 5.276926e-05
0: MPIL CopyToCPU RADIX-10 Dissemination Time: 5.350413e-05
0: MPIL CopyToCPU RADIX-11 Dissemination Time: 5.567872e-05
0: MPIL CopyToCPU RADIX-12 Dissemination Time: 5.732609e-05
0: MPIL CopyToCPU RADIX-13 Dissemination Time: 6.074743e-05
0: MPIL CopyToCPU RADIX-14 Dissemination Time: 6.228176e-05
0: Testing Size 64
0: PMPI Allreduce Time: 5.360635e-05
0: MPIL GPU-Aware Recursive Doubling Time: 5.360260e-05
0: MPIL GPU-Aware Node-Aware Dissemination Time: 5.116355e-04
0: MPIL GPU-Aware NUMA-Aware Dissemination Time: 8.634599e-04
0: CopyToCPU PMPI Allreduce Time: 5.290952e-05
0: MPIL CopyToCPU Recursive Doubling Time: 5.692387e-05
0: MPIL CopyToCPU Node-Aware Dissemination Time: 4.271230e-05
0: MPIL CopyToCPU NUMA-Aware Dissemination Time: 4.827858e-05
0: MPIL CopyToCPU RADIX-3 Dissemination Time: 5.556329e-05
0: MPIL CopyToCPU RADIX-4 Dissemination Time: 4.396744e-05
0: MPIL CopyToCPU RADIX-5 Dissemination Time: 4.908009e-05
0: MPIL CopyToCPU RADIX-6 Dissemination Time: 5.039053e-05
0: MPIL CopyToCPU RADIX-7 Dissemination Time: 5.245561e-05
0: MPIL CopyToCPU RADIX-8 Dissemination Time: 4.954226e-05
0: MPIL CopyToCPU RADIX-9 Dissemination Time: 5.233316e-05
0: MPIL CopyToCPU RADIX-10 Dissemination Time: 5.399361e-05
0: MPIL CopyToCPU RADIX-11 Dissemination Time: 5.653989e-05
0: MPIL CopyToCPU RADIX-12 Dissemination Time: 5.793262e-05
0: MPIL CopyToCPU RADIX-13 Dissemination Time: 6.102841e-05
0: MPIL CopyToCPU RADIX-14 Dissemination Time: 6.294538e-05
0: Testing Size 128
0: PMPI Allreduce Time: 6.747224e-05
0: MPIL GPU-Aware Recursive Doubling Time: 6.760454e-05
0: MPIL GPU-Aware Node-Aware Dissemination Time: 5.397441e-04
0: MPIL GPU-Aware NUMA-Aware Dissemination Time: 8.648477e-04
0: CopyToCPU PMPI Allreduce Time: 6.724924e-05
0: MPIL CopyToCPU Recursive Doubling Time: 7.062054e-05
0: MPIL CopyToCPU Node-Aware Dissemination Time: 8.714132e-05
0: MPIL CopyToCPU NUMA-Aware Dissemination Time: 7.059601e-05
0: MPIL CopyToCPU RADIX-3 Dissemination Time: 6.577912e-05
0: MPIL CopyToCPU RADIX-4 Dissemination Time: 5.643504e-05
0: MPIL CopyToCPU RADIX-5 Dissemination Time: 6.251465e-05
0: MPIL CopyToCPU RADIX-6 Dissemination Time: 6.380524e-05
0: MPIL CopyToCPU RADIX-7 Dissemination Time: 6.721435e-05
0: MPIL CopyToCPU RADIX-8 Dissemination Time: 6.529839e-05
0: MPIL CopyToCPU RADIX-9 Dissemination Time: 6.795929e-05
0: MPIL CopyToCPU RADIX-10 Dissemination Time: 7.202947e-05
0: MPIL CopyToCPU RADIX-11 Dissemination Time: 7.486006e-05
0: MPIL CopyToCPU RADIX-12 Dissemination Time: 7.615498e-05
0: MPIL CopyToCPU RADIX-13 Dissemination Time: 8.129923e-05
0: MPIL CopyToCPU RADIX-14 Dissemination Time: 8.126673e-05
0: Testing Size 256
0: PMPI Allreduce Time: 7.456174e-05
0: MPIL GPU-Aware Recursive Doubling Time: 7.456559e-05
0: MPIL GPU-Aware Node-Aware Dissemination Time: 5.494812e-04
0: MPIL GPU-Aware NUMA-Aware Dissemination Time: 8.883521e-04
0: CopyToCPU PMPI Allreduce Time: 8.103025e-05
0: MPIL CopyToCPU Recursive Doubling Time: 8.655873e-05
0: MPIL CopyToCPU Node-Aware Dissemination Time: 1.271903e-04
0: MPIL CopyToCPU NUMA-Aware Dissemination Time: 9.249408e-05
0: MPIL CopyToCPU RADIX-3 Dissemination Time: 7.310665e-05
0: MPIL CopyToCPU RADIX-4 Dissemination Time: 6.661064e-05
0: MPIL CopyToCPU RADIX-5 Dissemination Time: 6.857213e-05
0: MPIL CopyToCPU RADIX-6 Dissemination Time: 7.125361e-05
0: MPIL CopyToCPU RADIX-7 Dissemination Time: 7.284550e-05
0: MPIL CopyToCPU RADIX-8 Dissemination Time: 7.319408e-05
0: MPIL CopyToCPU RADIX-9 Dissemination Time: 7.611901e-05
0: MPIL CopyToCPU RADIX-10 Dissemination Time: 8.115657e-05
0: MPIL CopyToCPU RADIX-11 Dissemination Time: 8.667349e-05
0: MPIL CopyToCPU RADIX-12 Dissemination Time: 9.162677e-05
0: MPIL CopyToCPU RADIX-13 Dissemination Time: 9.539472e-05
0: MPIL CopyToCPU RADIX-14 Dissemination Time: 1.037362e-04
0: Testing Size 512
0: PMPI Allreduce Time: 8.907389e-05
0: MPIL GPU-Aware Recursive Doubling Time: 8.907996e-05
0: MPIL GPU-Aware Node-Aware Dissemination Time: 5.679525e-04
0: MPIL GPU-Aware NUMA-Aware Dissemination Time: 8.790047e-04
0: CopyToCPU PMPI Allreduce Time: 9.183973e-05
0: MPIL CopyToCPU Recursive Doubling Time: 9.502167e-05
0: MPIL CopyToCPU Node-Aware Dissemination Time: 1.390155e-04
0: MPIL CopyToCPU NUMA-Aware Dissemination Time: 1.043948e-04
0: MPIL CopyToCPU RADIX-3 Dissemination Time: 8.479605e-05
0: MPIL CopyToCPU RADIX-4 Dissemination Time: 7.528948e-05
0: MPIL CopyToCPU RADIX-5 Dissemination Time: 7.731874e-05
0: MPIL CopyToCPU RADIX-6 Dissemination Time: 7.717594e-05
0: MPIL CopyToCPU RADIX-7 Dissemination Time: 8.040932e-05
0: MPIL CopyToCPU RADIX-8 Dissemination Time: 7.914327e-05
0: MPIL CopyToCPU RADIX-9 Dissemination Time: 8.406906e-05
0: MPIL CopyToCPU RADIX-10 Dissemination Time: 8.864444e-05
0: MPIL CopyToCPU RADIX-11 Dissemination Time: 9.204690e-05
0: MPIL CopyToCPU RADIX-12 Dissemination Time: 9.680740e-05
0: MPIL CopyToCPU RADIX-13 Dissemination Time: 9.895484e-05
0: MPIL CopyToCPU RADIX-14 Dissemination Time: 1.146290e-04
0: Testing Size 1024
0: PMPI Allreduce Time: 6.251319e-04
0: MPIL GPU-Aware Recursive Doubling Time: 6.261251e-04
0: MPIL GPU-Aware Node-Aware Dissemination Time: 2.213471e-03
0: MPIL GPU-Aware NUMA-Aware Dissemination Time: 3.585777e-03
0: CopyToCPU PMPI Allreduce Time: 1.254088e-04
0: MPIL CopyToCPU Recursive Doubling Time: 1.308411e-04
0: MPIL CopyToCPU Node-Aware Dissemination Time: 1.983691e-04
0: MPIL CopyToCPU NUMA-Aware Dissemination Time: 1.500944e-04
0: MPIL CopyToCPU RADIX-3 Dissemination Time: 1.071153e-04
0: MPIL CopyToCPU RADIX-4 Dissemination Time: 9.998773e-05
0: MPIL CopyToCPU RADIX-5 Dissemination Time: 9.600187e-05
0: MPIL CopyToCPU RADIX-6 Dissemination Time: 9.930220e-05
0: MPIL CopyToCPU RADIX-7 Dissemination Time: 1.056068e-04
0: MPIL CopyToCPU RADIX-8 Dissemination Time: 1.069816e-04
0: MPIL CopyToCPU RADIX-9 Dissemination Time: 1.118794e-04
0: MPIL CopyToCPU RADIX-10 Dissemination Time: 1.161642e-04
0: MPIL CopyToCPU RADIX-11 Dissemination Time: 1.192496e-04
0: MPIL CopyToCPU RADIX-12 Dissemination Time: 1.236694e-04
0: MPIL CopyToCPU RADIX-13 Dissemination Time: 1.270209e-04
0: MPIL CopyToCPU RADIX-14 Dissemination Time: 1.338655e-04
0: Testing Size 2048
0: PMPI Allreduce Time: 2.922416e-04
0: MPIL GPU-Aware Recursive Doubling Time: 2.878321e-04
0: MPIL GPU-Aware Node-Aware Dissemination Time: 1.797146e-03
0: MPIL GPU-Aware NUMA-Aware Dissemination Time: 3.075530e-03
0: CopyToCPU PMPI Allreduce Time: 1.620561e-04
0: MPIL CopyToCPU Recursive Doubling Time: 1.859739e-04
0: MPIL CopyToCPU Node-Aware Dissemination Time: 2.294140e-04
0: MPIL CopyToCPU NUMA-Aware Dissemination Time: 2.133689e-04
0: MPIL CopyToCPU RADIX-3 Dissemination Time: 1.568325e-04
0: MPIL CopyToCPU RADIX-4 Dissemination Time: 1.513246e-04
0: MPIL CopyToCPU RADIX-5 Dissemination Time: 1.511644e-04
0: MPIL CopyToCPU RADIX-6 Dissemination Time: 1.487653e-04
0: MPIL CopyToCPU RADIX-7 Dissemination Time: 1.604835e-04
0: MPIL CopyToCPU RADIX-8 Dissemination Time: 1.704718e-04
0: MPIL CopyToCPU RADIX-9 Dissemination Time: 1.790603e-04
0: MPIL CopyToCPU RADIX-10 Dissemination Time: 1.821142e-04
0: MPIL CopyToCPU RADIX-11 Dissemination Time: 1.867332e-04
0: MPIL CopyToCPU RADIX-12 Dissemination Time: 1.863145e-04
0: MPIL CopyToCPU RADIX-13 Dissemination Time: 1.994961e-04
0: MPIL CopyToCPU RADIX-14 Dissemination Time: 2.104919e-04
0: Testing Size 4096
0: PMPI Allreduce Time: 3.052507e-04
0: MPIL GPU-Aware Recursive Doubling Time: 3.045205e-04
0: MPIL GPU-Aware Node-Aware Dissemination Time: 1.820851e-03
0: MPIL GPU-Aware NUMA-Aware Dissemination Time: 3.077637e-03
0: CopyToCPU PMPI Allreduce Time: 2.377474e-04
0: MPIL CopyToCPU Recursive Doubling Time: 3.393706e-04
0: MPIL CopyToCPU Node-Aware Dissemination Time: 3.789665e-04
0: MPIL CopyToCPU NUMA-Aware Dissemination Time: 3.733932e-04
0: MPIL CopyToCPU RADIX-3 Dissemination Time: 3.001569e-04
0: MPIL CopyToCPU RADIX-4 Dissemination Time: 2.771778e-04
0: MPIL CopyToCPU RADIX-5 Dissemination Time: 2.876062e-04
0: MPIL CopyToCPU RADIX-6 Dissemination Time: 2.790516e-04
0: MPIL CopyToCPU RADIX-7 Dissemination Time: 3.092639e-04
0: MPIL CopyToCPU RADIX-8 Dissemination Time: 3.298292e-04
0: MPIL CopyToCPU RADIX-9 Dissemination Time: 3.534717e-04
0: MPIL CopyToCPU RADIX-10 Dissemination Time: 3.577884e-04
0: MPIL CopyToCPU RADIX-11 Dissemination Time: 3.636542e-04
0: MPIL CopyToCPU RADIX-12 Dissemination Time: 3.661143e-04
0: MPIL CopyToCPU RADIX-13 Dissemination Time: 3.808645e-04
0: MPIL CopyToCPU RADIX-14 Dissemination Time: 4.151193e-04
0: Testing Size 8192
0: PMPI Allreduce Time: 3.232544e-04
0: MPIL GPU-Aware Recursive Doubling Time: 3.226197e-04
0: MPIL GPU-Aware Node-Aware Dissemination Time: 1.883233e-03
0: MPIL GPU-Aware NUMA-Aware Dissemination Time: 3.054647e-03
0: CopyToCPU PMPI Allreduce Time: 3.613461e-04
0: MPIL CopyToCPU Recursive Doubling Time: 5.694697e-04
0: MPIL CopyToCPU Node-Aware Dissemination Time: 6.431294e-04
0: MPIL CopyToCPU NUMA-Aware Dissemination Time: 6.348500e-04
0: MPIL CopyToCPU RADIX-3 Dissemination Time: 5.099543e-04
0: MPIL CopyToCPU RADIX-4 Dissemination Time: 5.001216e-04
0: MPIL CopyToCPU RADIX-5 Dissemination Time: 5.018832e-04
0: MPIL CopyToCPU RADIX-6 Dissemination Time: 4.864779e-04
0: MPIL CopyToCPU RADIX-7 Dissemination Time: 5.575964e-04
0: MPIL CopyToCPU RADIX-8 Dissemination Time: 5.991519e-04
0: MPIL CopyToCPU RADIX-9 Dissemination Time: 6.487646e-04
0: MPIL CopyToCPU RADIX-10 Dissemination Time: 6.475776e-04
0: MPIL CopyToCPU RADIX-11 Dissemination Time: 6.644260e-04
0: MPIL CopyToCPU RADIX-12 Dissemination Time: 6.755906e-04
0: MPIL CopyToCPU RADIX-13 Dissemination Time: 7.052434e-04
0: MPIL CopyToCPU RADIX-14 Dissemination Time: 7.697359e-04
0: Testing Size 16384
0: PMPI Allreduce Time: 3.321012e-04
0: MPIL GPU-Aware Recursive Doubling Time: 3.305312e-04
0: MPIL GPU-Aware Node-Aware Dissemination Time: 2.104439e-03
0: MPIL GPU-Aware NUMA-Aware Dissemination Time: 3.696022e-03
0: CopyToCPU PMPI Allreduce Time: 6.160451e-04
0: MPIL CopyToCPU Recursive Doubling Time: 1.040328e-03
0: MPIL CopyToCPU Node-Aware Dissemination Time: 1.143874e-03
0: MPIL CopyToCPU NUMA-Aware Dissemination Time: 1.131443e-03
0: MPIL CopyToCPU RADIX-3 Dissemination Time: 9.356666e-04
0: MPIL CopyToCPU RADIX-4 Dissemination Time: 9.401590e-04
0: MPIL CopyToCPU RADIX-5 Dissemination Time: 9.392815e-04
0: MPIL CopyToCPU RADIX-6 Dissemination Time: 9.013504e-04
0: MPIL CopyToCPU RADIX-7 Dissemination Time: 1.072382e-03
0: MPIL CopyToCPU RADIX-8 Dissemination Time: 1.130894e-03
0: MPIL CopyToCPU RADIX-9 Dissemination Time: 1.248960e-03
0: MPIL CopyToCPU RADIX-10 Dissemination Time: 1.237823e-03
0: MPIL CopyToCPU RADIX-11 Dissemination Time: 1.282734e-03
0: MPIL CopyToCPU RADIX-12 Dissemination Time: 1.338157e-03
0: MPIL CopyToCPU RADIX-13 Dissemination Time: 1.375974e-03
0: MPIL CopyToCPU RADIX-14 Dissemination Time: 1.524591e-03
0: Testing Size 32768
0: PMPI Allreduce Time: 3.457810e-04
0: MPIL GPU-Aware Recursive Doubling Time: 3.444616e-04
0: MPIL GPU-Aware Node-Aware Dissemination Time: 1.456111e-02
0: MPIL GPU-Aware NUMA-Aware Dissemination Time: 4.555491e-03
0: CopyToCPU PMPI Allreduce Time: 1.047212e-03
0: MPIL CopyToCPU Recursive Doubling Time: 1.992812e-03
0: MPIL CopyToCPU Node-Aware Dissemination Time: 2.014662e-03
0: MPIL CopyToCPU NUMA-Aware Dissemination Time: 2.075707e-03
0: MPIL CopyToCPU RADIX-3 Dissemination Time: 1.800945e-03
0: MPIL CopyToCPU RADIX-4 Dissemination Time: 1.806738e-03
0: MPIL CopyToCPU RADIX-5 Dissemination Time: 1.830872e-03
0: MPIL CopyToCPU RADIX-6 Dissemination Time: 1.760965e-03
0: MPIL CopyToCPU RADIX-7 Dissemination Time: 2.054645e-03
0: MPIL CopyToCPU RADIX-8 Dissemination Time: 2.210320e-03
0: MPIL CopyToCPU RADIX-9 Dissemination Time: 2.395964e-03
0: MPIL CopyToCPU RADIX-10 Dissemination Time: 2.393619e-03
0: MPIL CopyToCPU RADIX-11 Dissemination Time: 2.481402e-03
0: MPIL CopyToCPU RADIX-12 Dissemination Time: 2.696138e-03
0: MPIL CopyToCPU RADIX-13 Dissemination Time: 2.729826e-03
0: MPIL CopyToCPU RADIX-14 Dissemination Time: 2.964610e-03
0: Testing Size 65536
0: PMPI Allreduce Time: 3.779294e-04
0: MPIL GPU-Aware Recursive Doubling Time: 3.768222e-04
0: MPIL GPU-Aware Node-Aware Dissemination Time: 1.684434e-02
0: MPIL GPU-Aware NUMA-Aware Dissemination Time: 6.977128e-03
0: CopyToCPU PMPI Allreduce Time: 1.912066e-03
0: MPIL CopyToCPU Recursive Doubling Time: 3.857280e-03
0: MPIL CopyToCPU Node-Aware Dissemination Time: 3.541621e-03
0: MPIL CopyToCPU NUMA-Aware Dissemination Time: 3.814180e-03
0: MPIL CopyToCPU RADIX-3 Dissemination Time: 3.474524e-03
0: MPIL CopyToCPU RADIX-4 Dissemination Time: 3.569685e-03
0: MPIL CopyToCPU RADIX-5 Dissemination Time: 3.585330e-03
0: MPIL CopyToCPU RADIX-6 Dissemination Time: 3.481943e-03
0: MPIL CopyToCPU RADIX-7 Dissemination Time: 4.020009e-03
0: MPIL CopyToCPU RADIX-8 Dissemination Time: 4.259275e-03
0: MPIL CopyToCPU RADIX-9 Dissemination Time: 4.643890e-03
0: MPIL CopyToCPU RADIX-10 Dissemination Time: 4.628694e-03
0: MPIL CopyToCPU RADIX-11 Dissemination Time: 4.863841e-03
0: MPIL CopyToCPU RADIX-12 Dissemination Time: 5.284136e-03
0: MPIL CopyToCPU RADIX-13 Dissemination Time: 5.352843e-03
0: MPIL CopyToCPU RADIX-14 Dissemination Time: 5.820235e-03
0: Testing Size 131072
0: PMPI Allreduce Time: 4.495486e-04
0: MPIL GPU-Aware Recursive Doubling Time: 4.465763e-04
0: MPIL GPU-Aware Node-Aware Dissemination Time: 2.218704e-02
0: MPIL GPU-Aware NUMA-Aware Dissemination Time: 1.551153e-02
0: CopyToCPU PMPI Allreduce Time: 3.675662e-03
0: MPIL CopyToCPU Recursive Doubling Time: 7.191426e-03
0: MPIL CopyToCPU Node-Aware Dissemination Time: 6.972226e-03
0: MPIL CopyToCPU NUMA-Aware Dissemination Time: 7.418095e-03
0: MPIL CopyToCPU RADIX-3 Dissemination Time: 6.650759e-03
0: MPIL CopyToCPU RADIX-4 Dissemination Time: 6.929470e-03
0: MPIL CopyToCPU RADIX-5 Dissemination Time: 7.050860e-03
0: MPIL CopyToCPU RADIX-6 Dissemination Time: 6.865881e-03
0: MPIL CopyToCPU RADIX-7 Dissemination Time: 7.787971e-03
0: MPIL CopyToCPU RADIX-8 Dissemination Time: 8.137417e-03
0: MPIL CopyToCPU RADIX-9 Dissemination Time: 8.956331e-03
0: MPIL CopyToCPU RADIX-10 Dissemination Time: 8.899418e-03
0: MPIL CopyToCPU RADIX-11 Dissemination Time: 9.158164e-03
0: MPIL CopyToCPU RADIX-12 Dissemination Time: 9.839329e-03
0: MPIL CopyToCPU RADIX-13 Dissemination Time: 1.016314e-02
0: MPIL CopyToCPU RADIX-14 Dissemination Time: 1.094106e-02
0: Testing Size 262144
0: PMPI Allreduce Time: 5.744664e-04
0: MPIL GPU-Aware Recursive Doubling Time: 5.737795e-04
0: MPIL GPU-Aware Node-Aware Dissemination Time: 3.364737e-02
0: MPIL GPU-Aware NUMA-Aware Dissemination Time: 2.971763e-02
0: CopyToCPU PMPI Allreduce Time: 7.172204e-03
0: MPIL CopyToCPU Recursive Doubling Time: 1.452230e-02
0: MPIL CopyToCPU Node-Aware Dissemination Time: 1.320779e-02
0: MPIL CopyToCPU NUMA-Aware Dissemination Time: 1.464220e-02
0: MPIL CopyToCPU RADIX-3 Dissemination Time: 1.338708e-02
0: MPIL CopyToCPU RADIX-4 Dissemination Time: 1.368766e-02
0: MPIL CopyToCPU RADIX-5 Dissemination Time: 1.373026e-02
0: MPIL CopyToCPU RADIX-6 Dissemination Time: 1.332565e-02
0: MPIL CopyToCPU RADIX-7 Dissemination Time: 1.462355e-02
0: MPIL CopyToCPU RADIX-8 Dissemination Time: 1.599273e-02
0: MPIL CopyToCPU RADIX-9 Dissemination Time: 1.810550e-02
0: MPIL CopyToCPU RADIX-10 Dissemination Time: 1.796052e-02
0: MPIL CopyToCPU RADIX-11 Dissemination Time: 1.868063e-02
0: MPIL CopyToCPU RADIX-12 Dissemination Time: 2.051296e-02
0: MPIL CopyToCPU RADIX-13 Dissemination Time: 2.103477e-02
0: MPIL CopyToCPU RADIX-14 Dissemination Time: 2.286048e-02
0: Testing Size 524288
0: PMPI Allreduce Time: 8.598437e-04
0: MPIL GPU-Aware Recursive Doubling Time: 8.593066e-04
0: MPIL GPU-Aware Node-Aware Dissemination Time: 5.427133e-02
0: MPIL GPU-Aware NUMA-Aware Dissemination Time: 4.985127e-02
0: CopyToCPU PMPI Allreduce Time: 1.471712e-02
0: MPIL CopyToCPU Recursive Doubling Time: 2.697069e-02
0: MPIL CopyToCPU Node-Aware Dissemination Time: 2.743829e-02
0: MPIL CopyToCPU NUMA-Aware Dissemination Time: 2.911797e-02
0: MPIL CopyToCPU RADIX-3 Dissemination Time: 2.504195e-02
0: MPIL CopyToCPU RADIX-4 Dissemination Time: 2.388233e-02
0: MPIL CopyToCPU RADIX-5 Dissemination Time: 2.700660e-02
0: MPIL CopyToCPU RADIX-6 Dissemination Time: 2.689843e-02
0: MPIL CopyToCPU RADIX-7 Dissemination Time: 2.992600e-02
0: MPIL CopyToCPU RADIX-8 Dissemination Time: 3.598990e-02
0: MPIL CopyToCPU RADIX-9 Dissemination Time: 4.082579e-02
0: MPIL CopyToCPU RADIX-10 Dissemination Time: 3.994096e-02
0: MPIL CopyToCPU RADIX-11 Dissemination Time: 4.128379e-02
0: MPIL CopyToCPU RADIX-12 Dissemination Time: 4.372204e-02
0: MPIL CopyToCPU RADIX-13 Dissemination Time: 4.490689e-02
0: MPIL CopyToCPU RADIX-14 Dissemination Time: 4.749656e-02
