0: Testing Size 1
0: PMPI Allreduce Time: 1.656115e-05
0: MPIL GPU-Aware Recursive Doubling Time: 1.649107e-05
0: MPIL GPU-Aware Node-Aware Dissemination Time: 2.480257e-04
0: MPIL GPU-Aware NUMA-Aware Dissemination Time: 4.934489e-04
0: CopyToCPU PMPI Allreduce Time: 1.663119e-05
0: MPIL CopyToCPU Recursive Doubling Time: 1.881813e-05
0: MPIL CopyToCPU Node-Aware Dissemination Time: 2.113691e-05
0: MPIL CopyToCPU NUMA-Aware Dissemination Time: 1.573584e-05
0: MPIL CopyToCPU RADIX-3 Dissemination Time: 1.958600e-05
0: MPIL CopyToCPU RADIX-4 Dissemination Time: 2.043637e-05
0: MPIL CopyToCPU RADIX-5 Dissemination Time: 2.168393e-05
0: MPIL CopyToCPU RADIX-6 Dissemination Time: 2.251341e-05
0: MPIL CopyToCPU RADIX-7 Dissemination Time: 2.183333e-05
0: MPIL CopyToCPU RADIX-8 Dissemination Time: 2.447566e-05
0: MPIL CopyToCPU RADIX-9 Dissemination Time: 2.540154e-05
0: MPIL CopyToCPU RADIX-10 Dissemination Time: 2.457139e-05
0: MPIL CopyToCPU RADIX-11 Dissemination Time: 2.566244e-05
0: MPIL CopyToCPU RADIX-12 Dissemination Time: 2.689354e-05
0: MPIL CopyToCPU RADIX-13 Dissemination Time: 2.756912e-05
0: MPIL CopyToCPU RADIX-14 Dissemination Time: 2.912936e-05
0: Testing Size 2
0: PMPI Allreduce Time: 1.634647e-05
0: MPIL GPU-Aware Recursive Doubling Time: 1.629228e-05
0: MPIL GPU-Aware Node-Aware Dissemination Time: 2.462731e-04
0: MPIL GPU-Aware NUMA-Aware Dissemination Time: 4.958121e-04
0: CopyToCPU PMPI Allreduce Time: 1.615090e-05
0: MPIL CopyToCPU Recursive Doubling Time: 1.796669e-05
0: MPIL CopyToCPU Node-Aware Dissemination Time: 2.126772e-05
0: MPIL CopyToCPU NUMA-Aware Dissemination Time: 1.566510e-05
0: MPIL CopyToCPU RADIX-3 Dissemination Time: 2.017507e-05
0: MPIL CopyToCPU RADIX-4 Dissemination Time: 2.062392e-05
0: MPIL CopyToCPU RADIX-5 Dissemination Time: 2.180073e-05
0: MPIL CopyToCPU RADIX-6 Dissemination Time: 2.263629e-05
0: MPIL CopyToCPU RADIX-7 Dissemination Time: 2.228170e-05
0: MPIL CopyToCPU RADIX-8 Dissemination Time: 2.458054e-05
0: MPIL CopyToCPU RADIX-9 Dissemination Time: 2.593890e-05
0: MPIL CopyToCPU RADIX-10 Dissemination Time: 2.522507e-05
0: MPIL CopyToCPU RADIX-11 Dissemination Time: 2.559479e-05
0: MPIL CopyToCPU RADIX-12 Dissemination Time: 2.704122e-05
0: MPIL CopyToCPU RADIX-13 Dissemination Time: 2.759407e-05
0: MPIL CopyToCPU RADIX-14 Dissemination Time: 2.890659e-05
0: Testing Size 4
0: PMPI Allreduce Time: 1.677921e-05
0: MPIL GPU-Aware Recursive Doubling Time: 1.682700e-05
0: MPIL GPU-Aware Node-Aware Dissemination Time: 2.448498e-04
0: MPIL GPU-Aware NUMA-Aware Dissemination Time: 4.949755e-04
0: CopyToCPU PMPI Allreduce Time: 1.630421e-05
0: MPIL CopyToCPU Recursive Doubling Time: 1.814103e-05
0: MPIL CopyToCPU Node-Aware Dissemination Time: 2.118754e-05
0: MPIL CopyToCPU NUMA-Aware Dissemination Time: 1.574667e-05
0: MPIL CopyToCPU RADIX-3 Dissemination Time: 1.964756e-05
0: MPIL CopyToCPU RADIX-4 Dissemination Time: 2.071736e-05
0: MPIL CopyToCPU RADIX-5 Dissemination Time: 2.176292e-05
0: MPIL CopyToCPU RADIX-6 Dissemination Time: 2.265669e-05
0: MPIL CopyToCPU RADIX-7 Dissemination Time: 2.198149e-05
0: MPIL CopyToCPU RADIX-8 Dissemination Time: 2.455996e-05
0: MPIL CopyToCPU RADIX-9 Dissemination Time: 2.573960e-05
0: MPIL CopyToCPU RADIX-10 Dissemination Time: 2.458823e-05
0: MPIL CopyToCPU RADIX-11 Dissemination Time: 2.577200e-05
0: MPIL CopyToCPU RADIX-12 Dissemination Time: 2.697931e-05
0: MPIL CopyToCPU RADIX-13 Dissemination Time: 2.748854e-05
0: MPIL CopyToCPU RADIX-14 Dissemination Time: 2.892572e-05
0: Testing Size 8
0: PMPI Allreduce Time: 1.656872e-05
0: MPIL GPU-Aware Recursive Doubling Time: 1.654346e-05
0: MPIL GPU-Aware Node-Aware Dissemination Time: 2.449996e-04
0: MPIL GPU-Aware NUMA-Aware Dissemination Time: 4.959036e-04
0: CopyToCPU PMPI Allreduce Time: 1.631467e-05
0: MPIL CopyToCPU Recursive Doubling Time: 2.020416e-05
0: MPIL CopyToCPU Node-Aware Dissemination Time: 2.147435e-05
0: MPIL CopyToCPU NUMA-Aware Dissemination Time: 1.590600e-05
0: MPIL CopyToCPU RADIX-3 Dissemination Time: 2.136833e-05
0: MPIL CopyToCPU RADIX-4 Dissemination Time: 2.221956e-05
0: MPIL CopyToCPU RADIX-5 Dissemination Time: 2.304405e-05
0: MPIL CopyToCPU RADIX-6 Dissemination Time: 2.420347e-05
0: MPIL CopyToCPU RADIX-7 Dissemination Time: 2.419969e-05
0: MPIL CopyToCPU RADIX-8 Dissemination Time: 2.649074e-05
0: MPIL CopyToCPU RADIX-9 Dissemination Time: 2.788345e-05
0: MPIL CopyToCPU RADIX-10 Dissemination Time: 2.703343e-05
0: MPIL CopyToCPU RADIX-11 Dissemination Time: 2.881430e-05
0: MPIL CopyToCPU RADIX-12 Dissemination Time: 2.994151e-05
0: MPIL CopyToCPU RADIX-13 Dissemination Time: 3.058163e-05
0: MPIL CopyToCPU RADIX-14 Dissemination Time: 3.147959e-05
0: Testing Size 16
0: PMPI Allreduce Time: 1.772122e-05
0: MPIL GPU-Aware Recursive Doubling Time: 1.767695e-05
0: MPIL GPU-Aware Node-Aware Dissemination Time: 2.459845e-04
0: MPIL GPU-Aware NUMA-Aware Dissemination Time: 4.976331e-04
0: CopyToCPU PMPI Allreduce Time: 1.765610e-05
0: MPIL CopyToCPU Recursive Doubling Time: 2.169395e-05
0: MPIL CopyToCPU Node-Aware Dissemination Time: 2.150829e-05
0: MPIL CopyToCPU NUMA-Aware Dissemination Time: 1.729390e-05
0: MPIL CopyToCPU RADIX-3 Dissemination Time: 2.300147e-05
0: MPIL CopyToCPU RADIX-4 Dissemination Time: 2.359271e-05
0: MPIL CopyToCPU RADIX-5 Dissemination Time: 2.460725e-05
0: MPIL CopyToCPU RADIX-6 Dissemination Time: 2.598959e-05
0: MPIL CopyToCPU RADIX-7 Dissemination Time: 2.678641e-05
0: MPIL CopyToCPU RADIX-8 Dissemination Time: 2.865661e-05
0: MPIL CopyToCPU RADIX-9 Dissemination Time: 3.069111e-05
0: MPIL CopyToCPU RADIX-10 Dissemination Time: 2.921515e-05
0: MPIL CopyToCPU RADIX-11 Dissemination Time: 3.024224e-05
0: MPIL CopyToCPU RADIX-12 Dissemination Time: 3.207197e-05
0: MPIL CopyToCPU RADIX-13 Dissemination Time: 3.270715e-05
0: MPIL CopyToCPU RADIX-14 Dissemination Time: 3.438650e-05
0: Testing Size 32
0: PMPI Allreduce Time: 2.456213e-05
0: MPIL GPU-Aware Recursive Doubling Time: 2.422617e-05
0: MPIL GPU-Aware Node-Aware Dissemination Time: 2.603985e-04
0: MPIL GPU-Aware NUMA-Aware Dissemination Time: 4.970444e-04
0: CopyToCPU PMPI Allreduce Time: 1.965369e-05
0: MPIL CopyToCPU Recursive Doubling Time: 2.557487e-05
0: MPIL CopyToCPU Node-Aware Dissemination Time: 2.205805e-05
0: MPIL CopyToCPU NUMA-Aware Dissemination Time: 2.211456e-05
0: MPIL CopyToCPU RADIX-3 Dissemination Time: 2.833571e-05
0: MPIL CopyToCPU RADIX-4 Dissemination Time: 2.678316e-05
0: MPIL CopyToCPU RADIX-5 Dissemination Time: 2.890721e-05
0: MPIL CopyToCPU RADIX-6 Dissemination Time: 2.967754e-05
0: MPIL CopyToCPU RADIX-7 Dissemination Time: 2.845602e-05
0: MPIL CopyToCPU RADIX-8 Dissemination Time: 3.270380e-05
0: MPIL CopyToCPU RADIX-9 Dissemination Time: 3.315331e-05
0: MPIL CopyToCPU RADIX-10 Dissemination Time: 3.238018e-05
0: MPIL CopyToCPU RADIX-11 Dissemination Time: 3.355320e-05
0: MPIL CopyToCPU RADIX-12 Dissemination Time: 3.384349e-05
0: MPIL CopyToCPU RADIX-13 Dissemination Time: 3.656600e-05
0: MPIL CopyToCPU RADIX-14 Dissemination Time: 3.783729e-05
0: Testing Size 64
0: PMPI Allreduce Time: 2.454294e-05
0: MPIL GPU-Aware Recursive Doubling Time: 2.456052e-05
0: MPIL GPU-Aware Node-Aware Dissemination Time: 2.698650e-04
0: MPIL GPU-Aware NUMA-Aware Dissemination Time: 4.961750e-04
0: CopyToCPU PMPI Allreduce Time: 2.404623e-05
0: MPIL CopyToCPU Recursive Doubling Time: 2.599649e-05
0: MPIL CopyToCPU Node-Aware Dissemination Time: 2.930307e-05
0: MPIL CopyToCPU NUMA-Aware Dissemination Time: 2.872922e-05
0: MPIL CopyToCPU RADIX-3 Dissemination Time: 2.901683e-05
0: MPIL CopyToCPU RADIX-4 Dissemination Time: 2.727756e-05
0: MPIL CopyToCPU RADIX-5 Dissemination Time: 2.930208e-05
0: MPIL CopyToCPU RADIX-6 Dissemination Time: 3.036595e-05
0: MPIL CopyToCPU RADIX-7 Dissemination Time: 3.079517e-05
0: MPIL CopyToCPU RADIX-8 Dissemination Time: 3.301468e-05
0: MPIL CopyToCPU RADIX-9 Dissemination Time: 3.386756e-05
0: MPIL CopyToCPU RADIX-10 Dissemination Time: 3.393763e-05
0: MPIL CopyToCPU RADIX-11 Dissemination Time: 3.502959e-05
0: MPIL CopyToCPU RADIX-12 Dissemination Time: 3.596086e-05
0: MPIL CopyToCPU RADIX-13 Dissemination Time: 3.874018e-05
0: MPIL CopyToCPU RADIX-14 Dissemination Time: 3.884314e-05
0: Testing Size 128
0: PMPI Allreduce Time: 4.293558e-05
0: MPIL GPU-Aware Recursive Doubling Time: 4.300033e-05
0: MPIL GPU-Aware Node-Aware Dissemination Time: 2.966317e-04
0: MPIL GPU-Aware NUMA-Aware Dissemination Time: 4.952087e-04
0: CopyToCPU PMPI Allreduce Time: 4.208794e-05
0: MPIL CopyToCPU Recursive Doubling Time: 4.761236e-05
0: MPIL CopyToCPU Node-Aware Dissemination Time: 7.594566e-05
0: MPIL CopyToCPU NUMA-Aware Dissemination Time: 4.929142e-05
0: MPIL CopyToCPU RADIX-3 Dissemination Time: 4.353857e-05
0: MPIL CopyToCPU RADIX-4 Dissemination Time: 4.388126e-05
0: MPIL CopyToCPU RADIX-5 Dissemination Time: 4.373245e-05
0: MPIL CopyToCPU RADIX-6 Dissemination Time: 4.505206e-05
0: MPIL CopyToCPU RADIX-7 Dissemination Time: 4.837369e-05
0: MPIL CopyToCPU RADIX-8 Dissemination Time: 5.172595e-05
0: MPIL CopyToCPU RADIX-9 Dissemination Time: 5.593169e-05
0: MPIL CopyToCPU RADIX-10 Dissemination Time: 5.623013e-05
0: MPIL CopyToCPU RADIX-11 Dissemination Time: 5.554656e-05
0: MPIL CopyToCPU RADIX-12 Dissemination Time: 5.861537e-05
0: MPIL CopyToCPU RADIX-13 Dissemination Time: 5.793999e-05
0: MPIL CopyToCPU RADIX-14 Dissemination Time: 6.133524e-05
0: Testing Size 256
0: PMPI Allreduce Time: 4.963569e-05
0: MPIL GPU-Aware Recursive Doubling Time: 4.964077e-05
0: MPIL GPU-Aware Node-Aware Dissemination Time: 3.031540e-04
0: MPIL GPU-Aware NUMA-Aware Dissemination Time: 5.092767e-04
0: CopyToCPU PMPI Allreduce Time: 5.396950e-05
0: MPIL CopyToCPU Recursive Doubling Time: 5.864667e-05
0: MPIL CopyToCPU Node-Aware Dissemination Time: 1.051860e-04
0: MPIL CopyToCPU NUMA-Aware Dissemination Time: 6.060263e-05
0: MPIL CopyToCPU RADIX-3 Dissemination Time: 5.012001e-05
0: MPIL CopyToCPU RADIX-4 Dissemination Time: 4.879372e-05
0: MPIL CopyToCPU RADIX-5 Dissemination Time: 4.708957e-05
0: MPIL CopyToCPU RADIX-6 Dissemination Time: 4.819251e-05
0: MPIL CopyToCPU RADIX-7 Dissemination Time: 5.131987e-05
0: MPIL CopyToCPU RADIX-8 Dissemination Time: 5.551906e-05
0: MPIL CopyToCPU RADIX-9 Dissemination Time: 5.939583e-05
0: MPIL CopyToCPU RADIX-10 Dissemination Time: 5.891611e-05
0: MPIL CopyToCPU RADIX-11 Dissemination Time: 6.265115e-05
0: MPIL CopyToCPU RADIX-12 Dissemination Time: 6.239412e-05
0: MPIL CopyToCPU RADIX-13 Dissemination Time: 6.107041e-05
0: MPIL CopyToCPU RADIX-14 Dissemination Time: 6.830659e-05
0: Testing Size 512
0: PMPI Allreduce Time: 6.413152e-05
0: MPIL GPU-Aware Recursive Doubling Time: 6.409822e-05
0: MPIL GPU-Aware Node-Aware Dissemination Time: 3.302616e-04
0: MPIL GPU-Aware NUMA-Aware Dissemination Time: 4.955746e-04
0: CopyToCPU PMPI Allreduce Time: 6.451713e-05
0: MPIL CopyToCPU Recursive Doubling Time: 6.763605e-05
0: MPIL CopyToCPU Node-Aware Dissemination Time: 1.147044e-04
0: MPIL CopyToCPU NUMA-Aware Dissemination Time: 6.980887e-05
0: MPIL CopyToCPU RADIX-3 Dissemination Time: 5.924006e-05
0: MPIL CopyToCPU RADIX-4 Dissemination Time: 5.726158e-05
0: MPIL CopyToCPU RADIX-5 Dissemination Time: 5.532019e-05
0: MPIL CopyToCPU RADIX-6 Dissemination Time: 5.648724e-05
0: MPIL CopyToCPU RADIX-7 Dissemination Time: 6.107876e-05
0: MPIL CopyToCPU RADIX-8 Dissemination Time: 6.479609e-05
0: MPIL CopyToCPU RADIX-9 Dissemination Time: 7.283609e-05
0: MPIL CopyToCPU RADIX-10 Dissemination Time: 6.814758e-05
0: MPIL CopyToCPU RADIX-11 Dissemination Time: 7.168229e-05
0: MPIL CopyToCPU RADIX-12 Dissemination Time: 7.083547e-05
0: MPIL CopyToCPU RADIX-13 Dissemination Time: 7.477765e-05
0: MPIL CopyToCPU RADIX-14 Dissemination Time: 7.489322e-05
0: Testing Size 1024
0: PMPI Allreduce Time: 5.412881e-04
0: MPIL GPU-Aware Recursive Doubling Time: 5.399020e-04
0: MPIL GPU-Aware Node-Aware Dissemination Time: 1.399849e-03
0: MPIL GPU-Aware NUMA-Aware Dissemination Time: 2.224402e-03
0: CopyToCPU PMPI Allreduce Time: 9.815519e-05
0: MPIL CopyToCPU Recursive Doubling Time: 9.855539e-05
0: MPIL CopyToCPU Node-Aware Dissemination Time: 1.703858e-04
0: MPIL CopyToCPU NUMA-Aware Dissemination Time: 1.035808e-04
0: MPIL CopyToCPU RADIX-3 Dissemination Time: 8.540618e-05
0: MPIL CopyToCPU RADIX-4 Dissemination Time: 7.975601e-05
0: MPIL CopyToCPU RADIX-5 Dissemination Time: 7.561988e-05
0: MPIL CopyToCPU RADIX-6 Dissemination Time: 7.701127e-05
0: MPIL CopyToCPU RADIX-7 Dissemination Time: 8.535867e-05
0: MPIL CopyToCPU RADIX-8 Dissemination Time: 8.871289e-05
0: MPIL CopyToCPU RADIX-9 Dissemination Time: 9.529429e-05
0: MPIL CopyToCPU RADIX-10 Dissemination Time: 9.425136e-05
0: MPIL CopyToCPU RADIX-11 Dissemination Time: 9.479514e-05
0: MPIL CopyToCPU RADIX-12 Dissemination Time: 9.844363e-05
0: MPIL CopyToCPU RADIX-13 Dissemination Time: 9.721229e-05
0: MPIL CopyToCPU RADIX-14 Dissemination Time: 1.032699e-04
0: Testing Size 2048
0: PMPI Allreduce Time: 2.098850e-04
0: MPIL GPU-Aware Recursive Doubling Time: 2.083145e-04
0: MPIL GPU-Aware Node-Aware Dissemination Time: 1.133201e-03
0: MPIL GPU-Aware NUMA-Aware Dissemination Time: 1.760354e-03
0: CopyToCPU PMPI Allreduce Time: 1.216689e-04
0: MPIL CopyToCPU Recursive Doubling Time: 1.526072e-04
0: MPIL CopyToCPU Node-Aware Dissemination Time: 2.106140e-04
0: MPIL CopyToCPU NUMA-Aware Dissemination Time: 1.565858e-04
0: MPIL CopyToCPU RADIX-3 Dissemination Time: 1.320552e-04
0: MPIL CopyToCPU RADIX-4 Dissemination Time: 1.258109e-04
0: MPIL CopyToCPU RADIX-5 Dissemination Time: 1.122175e-04
0: MPIL CopyToCPU RADIX-6 Dissemination Time: 1.175153e-04
0: MPIL CopyToCPU RADIX-7 Dissemination Time: 1.259228e-04
0: MPIL CopyToCPU RADIX-8 Dissemination Time: 1.318658e-04
0: MPIL CopyToCPU RADIX-9 Dissemination Time: 1.388412e-04
0: MPIL CopyToCPU RADIX-10 Dissemination Time: 1.423191e-04
0: MPIL CopyToCPU RADIX-11 Dissemination Time: 1.411531e-04
0: MPIL CopyToCPU RADIX-12 Dissemination Time: 1.490861e-04
0: MPIL CopyToCPU RADIX-13 Dissemination Time: 1.481698e-04
0: MPIL CopyToCPU RADIX-14 Dissemination Time: 1.509787e-04
0: Testing Size 4096
0: PMPI Allreduce Time: 2.236990e-04
0: MPIL GPU-Aware Recursive Doubling Time: 2.222388e-04
0: MPIL GPU-Aware Node-Aware Dissemination Time: 1.019269e-03
0: MPIL GPU-Aware NUMA-Aware Dissemination Time: 1.697673e-03
0: CopyToCPU PMPI Allreduce Time: 1.913214e-04
0: MPIL CopyToCPU Recursive Doubling Time: 2.777600e-04
0: MPIL CopyToCPU Node-Aware Dissemination Time: 3.482289e-04
0: MPIL CopyToCPU NUMA-Aware Dissemination Time: 2.692243e-04
0: MPIL CopyToCPU RADIX-3 Dissemination Time: 2.390308e-04
0: MPIL CopyToCPU RADIX-4 Dissemination Time: 2.268803e-04
0: MPIL CopyToCPU RADIX-5 Dissemination Time: 2.022526e-04
0: MPIL CopyToCPU RADIX-6 Dissemination Time: 2.096852e-04
0: MPIL CopyToCPU RADIX-7 Dissemination Time: 2.107518e-04
0: MPIL CopyToCPU RADIX-8 Dissemination Time: 2.265281e-04
0: MPIL CopyToCPU RADIX-9 Dissemination Time: 2.440779e-04
0: MPIL CopyToCPU RADIX-10 Dissemination Time: 2.543917e-04
0: MPIL CopyToCPU RADIX-11 Dissemination Time: 2.505220e-04
0: MPIL CopyToCPU RADIX-12 Dissemination Time: 2.599374e-04
0: MPIL CopyToCPU RADIX-13 Dissemination Time: 2.667169e-04
0: MPIL CopyToCPU RADIX-14 Dissemination Time: 2.694366e-04
0: Testing Size 8192
0: PMPI Allreduce Time: 2.354423e-04
0: MPIL GPU-Aware Recursive Doubling Time: 2.347203e-04
0: MPIL GPU-Aware Node-Aware Dissemination Time: 1.138411e-03
0: MPIL GPU-Aware NUMA-Aware Dissemination Time: 1.818724e-03
0: CopyToCPU PMPI Allreduce Time: 3.142935e-04
0: MPIL CopyToCPU Recursive Doubling Time: 4.970568e-04
0: MPIL CopyToCPU Node-Aware Dissemination Time: 6.016186e-04
0: MPIL CopyToCPU NUMA-Aware Dissemination Time: 4.582646e-04
0: MPIL CopyToCPU RADIX-3 Dissemination Time: 4.196291e-04
0: MPIL CopyToCPU RADIX-4 Dissemination Time: 4.119895e-04
0: MPIL CopyToCPU RADIX-5 Dissemination Time: 3.545158e-04
0: MPIL CopyToCPU RADIX-6 Dissemination Time: 3.675341e-04
0: MPIL CopyToCPU RADIX-7 Dissemination Time: 3.715036e-04
0: MPIL CopyToCPU RADIX-8 Dissemination Time: 4.039535e-04
0: MPIL CopyToCPU RADIX-9 Dissemination Time: 4.447455e-04
0: MPIL CopyToCPU RADIX-10 Dissemination Time: 4.707590e-04
0: MPIL CopyToCPU RADIX-11 Dissemination Time: 4.642797e-04
0: MPIL CopyToCPU RADIX-12 Dissemination Time: 4.823587e-04
0: MPIL CopyToCPU RADIX-13 Dissemination Time: 4.939974e-04
0: MPIL CopyToCPU RADIX-14 Dissemination Time: 5.015649e-04
0: Testing Size 16384
0: PMPI Allreduce Time: 2.423951e-04
0: MPIL GPU-Aware Recursive Doubling Time: 2.438803e-04
0: MPIL GPU-Aware Node-Aware Dissemination Time: 1.336868e-03
0: MPIL GPU-Aware NUMA-Aware Dissemination Time: 2.159935e-03
0: CopyToCPU PMPI Allreduce Time: 5.181018e-04
0: MPIL CopyToCPU Recursive Doubling Time: 9.285088e-04
0: MPIL CopyToCPU Node-Aware Dissemination Time: 1.037720e-03
0: MPIL CopyToCPU NUMA-Aware Dissemination Time: 8.392108e-04
0: MPIL CopyToCPU RADIX-3 Dissemination Time: 7.882793e-04
0: MPIL CopyToCPU RADIX-4 Dissemination Time: 7.779777e-04
0: MPIL CopyToCPU RADIX-5 Dissemination Time: 6.677382e-04
0: MPIL CopyToCPU RADIX-6 Dissemination Time: 6.911999e-04
0: MPIL CopyToCPU RADIX-7 Dissemination Time: 7.007467e-04
0: MPIL CopyToCPU RADIX-8 Dissemination Time: 7.667363e-04
0: MPIL CopyToCPU RADIX-9 Dissemination Time: 8.513863e-04
0: MPIL CopyToCPU RADIX-10 Dissemination Time: 9.203388e-04
0: MPIL CopyToCPU RADIX-11 Dissemination Time: 9.143567e-04
0: MPIL CopyToCPU RADIX-12 Dissemination Time: 9.323807e-04
0: MPIL CopyToCPU RADIX-13 Dissemination Time: 9.527749e-04
0: MPIL CopyToCPU RADIX-14 Dissemination Time: 9.679096e-04
0: Testing Size 32768
0: PMPI Allreduce Time: 2.590015e-04
0: MPIL GPU-Aware Recursive Doubling Time: 2.611409e-04
0: MPIL GPU-Aware Node-Aware Dissemination Time: 1.267459e-02
0: MPIL GPU-Aware NUMA-Aware Dissemination Time: 2.859734e-03
0: CopyToCPU PMPI Allreduce Time: 1.012293e-03
0: MPIL CopyToCPU Recursive Doubling Time: 1.768852e-03
0: MPIL CopyToCPU Node-Aware Dissemination Time: 1.914587e-03
0: MPIL CopyToCPU NUMA-Aware Dissemination Time: 1.590425e-03
0: MPIL CopyToCPU RADIX-3 Dissemination Time: 1.552000e-03
0: MPIL CopyToCPU RADIX-4 Dissemination Time: 1.508956e-03
0: MPIL CopyToCPU RADIX-5 Dissemination Time: 1.293049e-03
0: MPIL CopyToCPU RADIX-6 Dissemination Time: 1.323235e-03
0: MPIL CopyToCPU RADIX-7 Dissemination Time: 1.361731e-03
0: MPIL CopyToCPU RADIX-8 Dissemination Time: 1.496696e-03
0: MPIL CopyToCPU RADIX-9 Dissemination Time: 1.652795e-03
0: MPIL CopyToCPU RADIX-10 Dissemination Time: 1.814160e-03
0: MPIL CopyToCPU RADIX-11 Dissemination Time: 1.802787e-03
0: MPIL CopyToCPU RADIX-12 Dissemination Time: 1.780034e-03
0: MPIL CopyToCPU RADIX-13 Dissemination Time: 1.839198e-03
0: MPIL CopyToCPU RADIX-14 Dissemination Time: 1.876176e-03
0: Testing Size 65536
0: PMPI Allreduce Time: 2.891836e-04
0: MPIL GPU-Aware Recursive Doubling Time: 2.886661e-04
0: MPIL GPU-Aware Node-Aware Dissemination Time: 1.410733e-02
0: MPIL GPU-Aware NUMA-Aware Dissemination Time: 4.108482e-03
0: CopyToCPU PMPI Allreduce Time: 1.714793e-03
0: MPIL CopyToCPU Recursive Doubling Time: 3.489679e-03
0: MPIL CopyToCPU Node-Aware Dissemination Time: 3.384961e-03
0: MPIL CopyToCPU NUMA-Aware Dissemination Time: 3.007508e-03
0: MPIL CopyToCPU RADIX-3 Dissemination Time: 2.957471e-03
0: MPIL CopyToCPU RADIX-4 Dissemination Time: 2.940629e-03
0: MPIL CopyToCPU RADIX-5 Dissemination Time: 2.486885e-03
0: MPIL CopyToCPU RADIX-6 Dissemination Time: 2.584836e-03
0: MPIL CopyToCPU RADIX-7 Dissemination Time: 2.700485e-03
0: MPIL CopyToCPU RADIX-8 Dissemination Time: 2.921545e-03
0: MPIL CopyToCPU RADIX-9 Dissemination Time: 3.250561e-03
0: MPIL CopyToCPU RADIX-10 Dissemination Time: 3.455247e-03
0: MPIL CopyToCPU RADIX-11 Dissemination Time: 3.390804e-03
0: MPIL CopyToCPU RADIX-12 Dissemination Time: 3.461642e-03
0: MPIL CopyToCPU RADIX-13 Dissemination Time: 3.484634e-03
0: MPIL CopyToCPU RADIX-14 Dissemination Time: 3.445299e-03
0: Testing Size 131072
0: PMPI Allreduce Time: 3.457426e-04
0: MPIL GPU-Aware Recursive Doubling Time: 3.454046e-04
0: MPIL GPU-Aware Node-Aware Dissemination Time: 1.757729e-02
0: MPIL GPU-Aware NUMA-Aware Dissemination Time: 8.853437e-03
0: CopyToCPU PMPI Allreduce Time: 3.424885e-03
0: MPIL CopyToCPU Recursive Doubling Time: 5.954803e-03
0: MPIL CopyToCPU Node-Aware Dissemination Time: 6.737808e-03
0: MPIL CopyToCPU NUMA-Aware Dissemination Time: 5.577335e-03
0: MPIL CopyToCPU RADIX-3 Dissemination Time: 5.500083e-03
0: MPIL CopyToCPU RADIX-4 Dissemination Time: 5.612550e-03
0: MPIL CopyToCPU RADIX-5 Dissemination Time: 4.853946e-03
0: MPIL CopyToCPU RADIX-6 Dissemination Time: 4.994211e-03
0: MPIL CopyToCPU RADIX-7 Dissemination Time: 5.243334e-03
0: MPIL CopyToCPU RADIX-8 Dissemination Time: 5.746215e-03
0: MPIL CopyToCPU RADIX-9 Dissemination Time: 6.327621e-03
0: MPIL CopyToCPU RADIX-10 Dissemination Time: 6.611091e-03
0: MPIL CopyToCPU RADIX-11 Dissemination Time: 6.415529e-03
0: MPIL CopyToCPU RADIX-12 Dissemination Time: 6.537639e-03
0: MPIL CopyToCPU RADIX-13 Dissemination Time: 6.586756e-03
0: MPIL CopyToCPU RADIX-14 Dissemination Time: 6.434512e-03
0: Testing Size 262144
0: PMPI Allreduce Time: 4.720108e-04
0: MPIL GPU-Aware Recursive Doubling Time: 4.724877e-04
0: MPIL GPU-Aware Node-Aware Dissemination Time: 2.371021e-02
0: MPIL GPU-Aware NUMA-Aware Dissemination Time: 1.513426e-02
0: CopyToCPU PMPI Allreduce Time: 6.761962e-03
0: MPIL CopyToCPU Recursive Doubling Time: 1.179421e-02
0: MPIL CopyToCPU Node-Aware Dissemination Time: 1.358246e-02
0: MPIL CopyToCPU NUMA-Aware Dissemination Time: 1.094189e-02
0: MPIL CopyToCPU RADIX-3 Dissemination Time: 1.131357e-02
0: MPIL CopyToCPU RADIX-4 Dissemination Time: 1.021989e-02
0: MPIL CopyToCPU RADIX-5 Dissemination Time: 9.633485e-03
0: MPIL CopyToCPU RADIX-6 Dissemination Time: 9.990400e-03
0: MPIL CopyToCPU RADIX-7 Dissemination Time: 1.009888e-02
0: MPIL CopyToCPU RADIX-8 Dissemination Time: 1.125372e-02
0: MPIL CopyToCPU RADIX-9 Dissemination Time: 1.272672e-02
0: MPIL CopyToCPU RADIX-10 Dissemination Time: 1.324559e-02
0: MPIL CopyToCPU RADIX-11 Dissemination Time: 1.305818e-02
0: MPIL CopyToCPU RADIX-12 Dissemination Time: 1.340499e-02
0: MPIL CopyToCPU RADIX-13 Dissemination Time: 1.339723e-02
0: MPIL CopyToCPU RADIX-14 Dissemination Time: 1.302762e-02
0: Testing Size 524288
0: PMPI Allreduce Time: 7.406229e-04
0: MPIL GPU-Aware Recursive Doubling Time: 7.404120e-04
0: MPIL GPU-Aware Node-Aware Dissemination Time: 3.392474e-02
0: MPIL GPU-Aware NUMA-Aware Dissemination Time: 2.509671e-02
0: CopyToCPU PMPI Allreduce Time: 1.385913e-02
0: MPIL CopyToCPU Recursive Doubling Time: 2.034420e-02
0: MPIL CopyToCPU Node-Aware Dissemination Time: 2.787720e-02
0: MPIL CopyToCPU NUMA-Aware Dissemination Time: 2.306571e-02
0: MPIL CopyToCPU RADIX-3 Dissemination Time: 2.001567e-02
0: MPIL CopyToCPU RADIX-4 Dissemination Time: 1.809506e-02
0: MPIL CopyToCPU RADIX-5 Dissemination Time: 1.911321e-02
0: MPIL CopyToCPU RADIX-6 Dissemination Time: 2.001784e-02
0: MPIL CopyToCPU RADIX-7 Dissemination Time: 2.089891e-02
0: MPIL CopyToCPU RADIX-8 Dissemination Time: 2.698604e-02
0: MPIL CopyToCPU RADIX-9 Dissemination Time: 2.971889e-02
0: MPIL CopyToCPU RADIX-10 Dissemination Time: 3.071668e-02
0: MPIL CopyToCPU RADIX-11 Dissemination Time: 3.032143e-02
0: MPIL CopyToCPU RADIX-12 Dissemination Time: 3.139745e-02
0: MPIL CopyToCPU RADIX-13 Dissemination Time: 3.127516e-02
0: MPIL CopyToCPU RADIX-14 Dissemination Time: 3.165942e-02
