0: Testing Size 1
0: PMPI Allreduce Time: 3.455935e-05
0: MPIL GPU-Aware Recursive Doubling Time: 3.367936e-05
0: MPIL GPU-Aware Node-Aware Dissemination Time: 7.326168e-04
0: MPIL GPU-Aware NUMA-Aware Dissemination Time: 8.215693e-04
0: CopyToCPU PMPI Allreduce Time: 3.425075e-05
0: MPIL CopyToCPU Recursive Doubling Time: 4.391761e-05
0: MPIL CopyToCPU Node-Aware Dissemination Time: 4.702864e-05
0: MPIL CopyToCPU NUMA-Aware Dissemination Time: 2.783177e-05
0: MPIL CopyToCPU RADIX-3 Dissemination Time: 3.700795e-05
0: MPIL CopyToCPU RADIX-4 Dissemination Time: 3.582159e-05
0: MPIL CopyToCPU RADIX-5 Dissemination Time: 3.728509e-05
0: MPIL CopyToCPU RADIX-6 Dissemination Time: 3.769718e-05
0: MPIL CopyToCPU RADIX-7 Dissemination Time: 3.887461e-05
0: MPIL CopyToCPU RADIX-8 Dissemination Time: 3.669708e-05
0: MPIL CopyToCPU RADIX-9 Dissemination Time: 4.841032e-05
0: MPIL CopyToCPU RADIX-10 Dissemination Time: 5.787774e-05
0: MPIL CopyToCPU RADIX-11 Dissemination Time: 6.097469e-05
0: MPIL CopyToCPU RADIX-12 Dissemination Time: 6.942327e-05
0: MPIL CopyToCPU RADIX-13 Dissemination Time: 6.624133e-05
0: MPIL CopyToCPU RADIX-14 Dissemination Time: 7.340985e-05
0: Testing Size 2
0: PMPI Allreduce Time: 3.381142e-05
0: MPIL GPU-Aware Recursive Doubling Time: 3.368388e-05
0: MPIL GPU-Aware Node-Aware Dissemination Time: 7.206556e-04
0: MPIL GPU-Aware NUMA-Aware Dissemination Time: 8.316804e-04
0: CopyToCPU PMPI Allreduce Time: 3.422688e-05
0: MPIL CopyToCPU Recursive Doubling Time: 4.654481e-05
0: MPIL CopyToCPU Node-Aware Dissemination Time: 4.706938e-05
0: MPIL CopyToCPU NUMA-Aware Dissemination Time: 2.923531e-05
0: MPIL CopyToCPU RADIX-3 Dissemination Time: 5.014423e-05
0: MPIL CopyToCPU RADIX-4 Dissemination Time: 4.720380e-05
0: MPIL CopyToCPU RADIX-5 Dissemination Time: 5.230951e-05
0: MPIL CopyToCPU RADIX-6 Dissemination Time: 5.526360e-05
0: MPIL CopyToCPU RADIX-7 Dissemination Time: 5.574868e-05
0: MPIL CopyToCPU RADIX-8 Dissemination Time: 4.262491e-05
0: MPIL CopyToCPU RADIX-9 Dissemination Time: 5.244648e-05
0: MPIL CopyToCPU RADIX-10 Dissemination Time: 4.670355e-05
0: MPIL CopyToCPU RADIX-11 Dissemination Time: 5.125556e-05
0: MPIL CopyToCPU RADIX-12 Dissemination Time: 5.352564e-05
0: MPIL CopyToCPU RADIX-13 Dissemination Time: 4.902891e-05
0: MPIL CopyToCPU RADIX-14 Dissemination Time: 5.184530e-05
0: Testing Size 4
0: PMPI Allreduce Time: 3.385808e-05
0: MPIL GPU-Aware Recursive Doubling Time: 3.371702e-05
0: MPIL GPU-Aware Node-Aware Dissemination Time: 7.177821e-04
0: MPIL GPU-Aware NUMA-Aware Dissemination Time: 8.336838e-04
0: CopyToCPU PMPI Allreduce Time: 3.454884e-05
0: MPIL CopyToCPU Recursive Doubling Time: 4.166126e-05
0: MPIL CopyToCPU Node-Aware Dissemination Time: 4.459972e-05
0: MPIL CopyToCPU NUMA-Aware Dissemination Time: 2.802107e-05
0: MPIL CopyToCPU RADIX-3 Dissemination Time: 3.805282e-05
0: MPIL CopyToCPU RADIX-4 Dissemination Time: 3.618517e-05
0: MPIL CopyToCPU RADIX-5 Dissemination Time: 4.059971e-05
0: MPIL CopyToCPU RADIX-6 Dissemination Time: 4.068160e-05
0: MPIL CopyToCPU RADIX-7 Dissemination Time: 4.177240e-05
0: MPIL CopyToCPU RADIX-8 Dissemination Time: 3.829869e-05
0: MPIL CopyToCPU RADIX-9 Dissemination Time: 4.564949e-05
0: MPIL CopyToCPU RADIX-10 Dissemination Time: 4.645720e-05
0: MPIL CopyToCPU RADIX-11 Dissemination Time: 4.840084e-05
0: MPIL CopyToCPU RADIX-12 Dissemination Time: 4.917610e-05
0: MPIL CopyToCPU RADIX-13 Dissemination Time: 5.079690e-05
0: MPIL CopyToCPU RADIX-14 Dissemination Time: 5.211239e-05
0: Testing Size 8
0: PMPI Allreduce Time: 3.386055e-05
0: MPIL GPU-Aware Recursive Doubling Time: 3.387765e-05
0: MPIL GPU-Aware Node-Aware Dissemination Time: 7.198410e-04
0: MPIL GPU-Aware NUMA-Aware Dissemination Time: 8.334663e-04
0: CopyToCPU PMPI Allreduce Time: 3.416221e-05
0: MPIL CopyToCPU Recursive Doubling Time: 4.361091e-05
0: MPIL CopyToCPU Node-Aware Dissemination Time: 4.444471e-05
0: MPIL CopyToCPU NUMA-Aware Dissemination Time: 2.776895e-05
0: MPIL CopyToCPU RADIX-3 Dissemination Time: 4.157289e-05
0: MPIL CopyToCPU RADIX-4 Dissemination Time: 4.114534e-05
0: MPIL CopyToCPU RADIX-5 Dissemination Time: 4.362562e-05
0: MPIL CopyToCPU RADIX-6 Dissemination Time: 4.348716e-05
0: MPIL CopyToCPU RADIX-7 Dissemination Time: 4.421491e-05
0: MPIL CopyToCPU RADIX-8 Dissemination Time: 4.508846e-05
0: MPIL CopyToCPU RADIX-9 Dissemination Time: 4.804923e-05
0: MPIL CopyToCPU RADIX-10 Dissemination Time: 4.894252e-05
0: MPIL CopyToCPU RADIX-11 Dissemination Time: 5.130976e-05
0: MPIL CopyToCPU RADIX-12 Dissemination Time: 5.204434e-05
0: MPIL CopyToCPU RADIX-13 Dissemination Time: 5.060881e-05
0: MPIL CopyToCPU RADIX-14 Dissemination Time: 5.507220e-05
0: Testing Size 16
0: PMPI Allreduce Time: 3.715857e-05
0: MPIL GPU-Aware Recursive Doubling Time: 3.717958e-05
0: MPIL GPU-Aware Node-Aware Dissemination Time: 7.207121e-04
0: MPIL GPU-Aware NUMA-Aware Dissemination Time: 8.337981e-04
0: CopyToCPU PMPI Allreduce Time: 3.663680e-05
0: MPIL CopyToCPU Recursive Doubling Time: 4.720509e-05
0: MPIL CopyToCPU Node-Aware Dissemination Time: 4.677239e-05
0: MPIL CopyToCPU NUMA-Aware Dissemination Time: 3.028987e-05
0: MPIL CopyToCPU RADIX-3 Dissemination Time: 4.458601e-05
0: MPIL CopyToCPU RADIX-4 Dissemination Time: 4.401336e-05
0: MPIL CopyToCPU RADIX-5 Dissemination Time: 4.589447e-05
0: MPIL CopyToCPU RADIX-6 Dissemination Time: 4.573939e-05
0: MPIL CopyToCPU RADIX-7 Dissemination Time: 4.635893e-05
0: MPIL CopyToCPU RADIX-8 Dissemination Time: 4.278259e-05
0: MPIL CopyToCPU RADIX-9 Dissemination Time: 5.078184e-05
0: MPIL CopyToCPU RADIX-10 Dissemination Time: 5.145271e-05
0: MPIL CopyToCPU RADIX-11 Dissemination Time: 5.379505e-05
0: MPIL CopyToCPU RADIX-12 Dissemination Time: 5.447755e-05
0: MPIL CopyToCPU RADIX-13 Dissemination Time: 5.284187e-05
0: MPIL CopyToCPU RADIX-14 Dissemination Time: 5.769992e-05
0: Testing Size 32
0: PMPI Allreduce Time: 5.972318e-05
0: MPIL GPU-Aware Recursive Doubling Time: 5.948771e-05
0: MPIL GPU-Aware Node-Aware Dissemination Time: 7.345598e-04
0: MPIL GPU-Aware NUMA-Aware Dissemination Time: 8.339295e-04
0: CopyToCPU PMPI Allreduce Time: 5.011791e-05
0: MPIL CopyToCPU Recursive Doubling Time: 6.198833e-05
0: MPIL CopyToCPU Node-Aware Dissemination Time: 5.169161e-05
0: MPIL CopyToCPU NUMA-Aware Dissemination Time: 3.827080e-05
0: MPIL CopyToCPU RADIX-3 Dissemination Time: 6.036804e-05
0: MPIL CopyToCPU RADIX-4 Dissemination Time: 5.254244e-05
0: MPIL CopyToCPU RADIX-5 Dissemination Time: 5.443535e-05
0: MPIL CopyToCPU RADIX-6 Dissemination Time: 5.219840e-05
0: MPIL CopyToCPU RADIX-7 Dissemination Time: 5.348790e-05
0: MPIL CopyToCPU RADIX-8 Dissemination Time: 4.866328e-05
0: MPIL CopyToCPU RADIX-9 Dissemination Time: 5.844550e-05
0: MPIL CopyToCPU RADIX-10 Dissemination Time: 5.668700e-05
0: MPIL CopyToCPU RADIX-11 Dissemination Time: 6.019096e-05
0: MPIL CopyToCPU RADIX-12 Dissemination Time: 6.145373e-05
0: MPIL CopyToCPU RADIX-13 Dissemination Time: 6.294958e-05
0: MPIL CopyToCPU RADIX-14 Dissemination Time: 6.520940e-05
0: Testing Size 64
0: PMPI Allreduce Time: 6.020826e-05
0: MPIL GPU-Aware Recursive Doubling Time: 6.014302e-05
0: MPIL GPU-Aware Node-Aware Dissemination Time: 7.733320e-04
0: MPIL GPU-Aware NUMA-Aware Dissemination Time: 8.356265e-04
0: CopyToCPU PMPI Allreduce Time: 5.908819e-05
0: MPIL CopyToCPU Recursive Doubling Time: 6.312423e-05
0: MPIL CopyToCPU Node-Aware Dissemination Time: 6.018989e-05
0: MPIL CopyToCPU NUMA-Aware Dissemination Time: 4.870554e-05
0: MPIL CopyToCPU RADIX-3 Dissemination Time: 6.126662e-05
0: MPIL CopyToCPU RADIX-4 Dissemination Time: 5.349019e-05
0: MPIL CopyToCPU RADIX-5 Dissemination Time: 5.520403e-05
0: MPIL CopyToCPU RADIX-6 Dissemination Time: 5.341855e-05
0: MPIL CopyToCPU RADIX-7 Dissemination Time: 5.450654e-05
0: MPIL CopyToCPU RADIX-8 Dissemination Time: 5.018661e-05
0: MPIL CopyToCPU RADIX-9 Dissemination Time: 5.983328e-05
0: MPIL CopyToCPU RADIX-10 Dissemination Time: 5.794359e-05
0: MPIL CopyToCPU RADIX-11 Dissemination Time: 6.182105e-05
0: MPIL CopyToCPU RADIX-12 Dissemination Time: 6.320995e-05
0: MPIL CopyToCPU RADIX-13 Dissemination Time: 6.365031e-05
0: MPIL CopyToCPU RADIX-14 Dissemination Time: 6.664446e-05
0: Testing Size 128
0: PMPI Allreduce Time: 7.385772e-05
0: MPIL GPU-Aware Recursive Doubling Time: 7.383466e-05
0: MPIL GPU-Aware Node-Aware Dissemination Time: 8.101469e-04
0: MPIL GPU-Aware NUMA-Aware Dissemination Time: 8.473169e-04
0: CopyToCPU PMPI Allreduce Time: 7.351673e-05
0: MPIL CopyToCPU Recursive Doubling Time: 7.819824e-05
0: MPIL CopyToCPU Node-Aware Dissemination Time: 1.274438e-04
0: MPIL CopyToCPU NUMA-Aware Dissemination Time: 7.298148e-05
0: MPIL CopyToCPU RADIX-3 Dissemination Time: 7.193211e-05
0: MPIL CopyToCPU RADIX-4 Dissemination Time: 6.626412e-05
0: MPIL CopyToCPU RADIX-5 Dissemination Time: 6.915007e-05
0: MPIL CopyToCPU RADIX-6 Dissemination Time: 6.776193e-05
0: MPIL CopyToCPU RADIX-7 Dissemination Time: 6.918151e-05
0: MPIL CopyToCPU RADIX-8 Dissemination Time: 6.561803e-05
0: MPIL CopyToCPU RADIX-9 Dissemination Time: 7.590681e-05
0: MPIL CopyToCPU RADIX-10 Dissemination Time: 7.576580e-05
0: MPIL CopyToCPU RADIX-11 Dissemination Time: 8.037478e-05
0: MPIL CopyToCPU RADIX-12 Dissemination Time: 8.116431e-05
0: MPIL CopyToCPU RADIX-13 Dissemination Time: 8.271714e-05
0: MPIL CopyToCPU RADIX-14 Dissemination Time: 8.630367e-05
0: Testing Size 256
0: PMPI Allreduce Time: 8.210781e-05
0: MPIL GPU-Aware Recursive Doubling Time: 8.209901e-05
0: MPIL GPU-Aware Node-Aware Dissemination Time: 8.172729e-04
0: MPIL GPU-Aware NUMA-Aware Dissemination Time: 8.641479e-04
0: CopyToCPU PMPI Allreduce Time: 8.816039e-05
0: MPIL CopyToCPU Recursive Doubling Time: 9.359304e-05
0: MPIL CopyToCPU Node-Aware Dissemination Time: 1.855062e-04
0: MPIL CopyToCPU NUMA-Aware Dissemination Time: 9.451259e-05
0: MPIL CopyToCPU RADIX-3 Dissemination Time: 7.920531e-05
0: MPIL CopyToCPU RADIX-4 Dissemination Time: 7.437203e-05
0: MPIL CopyToCPU RADIX-5 Dissemination Time: 7.540239e-05
0: MPIL CopyToCPU RADIX-6 Dissemination Time: 7.597891e-05
0: MPIL CopyToCPU RADIX-7 Dissemination Time: 7.624512e-05
0: MPIL CopyToCPU RADIX-8 Dissemination Time: 7.537872e-05
0: MPIL CopyToCPU RADIX-9 Dissemination Time: 8.761212e-05
0: MPIL CopyToCPU RADIX-10 Dissemination Time: 8.991876e-05
0: MPIL CopyToCPU RADIX-11 Dissemination Time: 9.277231e-05
0: MPIL CopyToCPU RADIX-12 Dissemination Time: 9.861517e-05
0: MPIL CopyToCPU RADIX-13 Dissemination Time: 9.832749e-05
0: MPIL CopyToCPU RADIX-14 Dissemination Time: 1.058201e-04
0: Testing Size 512
0: PMPI Allreduce Time: 9.847002e-05
0: MPIL GPU-Aware Recursive Doubling Time: 9.875299e-05
0: MPIL GPU-Aware Node-Aware Dissemination Time: 8.448348e-04
0: MPIL GPU-Aware NUMA-Aware Dissemination Time: 8.581625e-04
0: CopyToCPU PMPI Allreduce Time: 1.052995e-04
0: MPIL CopyToCPU Recursive Doubling Time: 1.090927e-04
0: MPIL CopyToCPU Node-Aware Dissemination Time: 2.288104e-04
0: MPIL CopyToCPU NUMA-Aware Dissemination Time: 1.124826e-04
0: MPIL CopyToCPU RADIX-3 Dissemination Time: 9.032096e-05
0: MPIL CopyToCPU RADIX-4 Dissemination Time: 8.613587e-05
0: MPIL CopyToCPU RADIX-5 Dissemination Time: 8.338390e-05
0: MPIL CopyToCPU RADIX-6 Dissemination Time: 8.104818e-05
0: MPIL CopyToCPU RADIX-7 Dissemination Time: 8.504585e-05
0: MPIL CopyToCPU RADIX-8 Dissemination Time: 8.026774e-05
0: MPIL CopyToCPU RADIX-9 Dissemination Time: 9.508632e-05
0: MPIL CopyToCPU RADIX-10 Dissemination Time: 9.369196e-05
0: MPIL CopyToCPU RADIX-11 Dissemination Time: 9.885496e-05
0: MPIL CopyToCPU RADIX-12 Dissemination Time: 1.038635e-04
0: MPIL CopyToCPU RADIX-13 Dissemination Time: 1.020814e-04
0: MPIL CopyToCPU RADIX-14 Dissemination Time: 1.110504e-04
0: Testing Size 1024
0: PMPI Allreduce Time: 6.456437e-04
0: MPIL GPU-Aware Recursive Doubling Time: 6.456442e-04
0: MPIL GPU-Aware Node-Aware Dissemination Time: 3.068924e-03
0: MPIL GPU-Aware NUMA-Aware Dissemination Time: 3.547828e-03
0: CopyToCPU PMPI Allreduce Time: 1.345149e-04
0: MPIL CopyToCPU Recursive Doubling Time: 1.409611e-04
0: MPIL CopyToCPU Node-Aware Dissemination Time: 3.010473e-04
0: MPIL CopyToCPU NUMA-Aware Dissemination Time: 1.498184e-04
0: MPIL CopyToCPU RADIX-3 Dissemination Time: 1.162016e-04
0: MPIL CopyToCPU RADIX-4 Dissemination Time: 1.104795e-04
0: MPIL CopyToCPU RADIX-5 Dissemination Time: 1.053271e-04
0: MPIL CopyToCPU RADIX-6 Dissemination Time: 1.063824e-04
0: MPIL CopyToCPU RADIX-7 Dissemination Time: 1.103138e-04
0: MPIL CopyToCPU RADIX-8 Dissemination Time: 1.091800e-04
0: MPIL CopyToCPU RADIX-9 Dissemination Time: 1.213934e-04
0: MPIL CopyToCPU RADIX-10 Dissemination Time: 1.269451e-04
0: MPIL CopyToCPU RADIX-11 Dissemination Time: 1.341591e-04
0: MPIL CopyToCPU RADIX-12 Dissemination Time: 1.341041e-04
0: MPIL CopyToCPU RADIX-13 Dissemination Time: 1.328500e-04
0: MPIL CopyToCPU RADIX-14 Dissemination Time: 1.411174e-04
0: Testing Size 2048
0: PMPI Allreduce Time: 3.099156e-04
0: MPIL GPU-Aware Recursive Doubling Time: 3.054898e-04
0: MPIL GPU-Aware Node-Aware Dissemination Time: 2.642094e-03
0: MPIL GPU-Aware NUMA-Aware Dissemination Time: 2.981257e-03
0: CopyToCPU PMPI Allreduce Time: 1.728870e-04
0: MPIL CopyToCPU Recursive Doubling Time: 2.037997e-04
0: MPIL CopyToCPU Node-Aware Dissemination Time: 3.689720e-04
0: MPIL CopyToCPU NUMA-Aware Dissemination Time: 2.270050e-04
0: MPIL CopyToCPU RADIX-3 Dissemination Time: 1.672679e-04
0: MPIL CopyToCPU RADIX-4 Dissemination Time: 1.688201e-04
0: MPIL CopyToCPU RADIX-5 Dissemination Time: 1.609132e-04
0: MPIL CopyToCPU RADIX-6 Dissemination Time: 1.639736e-04
0: MPIL CopyToCPU RADIX-7 Dissemination Time: 1.707976e-04
0: MPIL CopyToCPU RADIX-8 Dissemination Time: 1.759416e-04
0: MPIL CopyToCPU RADIX-9 Dissemination Time: 1.917830e-04
0: MPIL CopyToCPU RADIX-10 Dissemination Time: 2.061184e-04
0: MPIL CopyToCPU RADIX-11 Dissemination Time: 2.182059e-04
0: MPIL CopyToCPU RADIX-12 Dissemination Time: 2.174218e-04
0: MPIL CopyToCPU RADIX-13 Dissemination Time: 2.192519e-04
0: MPIL CopyToCPU RADIX-14 Dissemination Time: 2.287112e-04
0: Testing Size 4096
0: PMPI Allreduce Time: 3.270162e-04
0: MPIL GPU-Aware Recursive Doubling Time: 3.266088e-04
0: MPIL GPU-Aware Node-Aware Dissemination Time: 2.690765e-03
0: MPIL GPU-Aware NUMA-Aware Dissemination Time: 2.930402e-03
0: CopyToCPU PMPI Allreduce Time: 2.586864e-04
0: MPIL CopyToCPU Recursive Doubling Time: 3.730825e-04
0: MPIL CopyToCPU Node-Aware Dissemination Time: 5.974012e-04
0: MPIL CopyToCPU NUMA-Aware Dissemination Time: 4.210485e-04
0: MPIL CopyToCPU RADIX-3 Dissemination Time: 3.141320e-04
0: MPIL CopyToCPU RADIX-4 Dissemination Time: 3.142730e-04
0: MPIL CopyToCPU RADIX-5 Dissemination Time: 3.043078e-04
0: MPIL CopyToCPU RADIX-6 Dissemination Time: 3.105230e-04
0: MPIL CopyToCPU RADIX-7 Dissemination Time: 3.332589e-04
0: MPIL CopyToCPU RADIX-8 Dissemination Time: 3.368948e-04
0: MPIL CopyToCPU RADIX-9 Dissemination Time: 3.789210e-04
0: MPIL CopyToCPU RADIX-10 Dissemination Time: 4.092001e-04
0: MPIL CopyToCPU RADIX-11 Dissemination Time: 4.401666e-04
0: MPIL CopyToCPU RADIX-12 Dissemination Time: 4.309772e-04
0: MPIL CopyToCPU RADIX-13 Dissemination Time: 4.363356e-04
0: MPIL CopyToCPU RADIX-14 Dissemination Time: 4.575251e-04
0: Testing Size 8192
0: PMPI Allreduce Time: 3.420847e-04
0: MPIL GPU-Aware Recursive Doubling Time: 3.410849e-04
0: MPIL GPU-Aware Node-Aware Dissemination Time: 2.875918e-03
0: MPIL GPU-Aware NUMA-Aware Dissemination Time: 2.932889e-03
0: CopyToCPU PMPI Allreduce Time: 4.100452e-04
0: MPIL CopyToCPU Recursive Doubling Time: 6.015780e-04
0: MPIL CopyToCPU Node-Aware Dissemination Time: 1.030168e-03
0: MPIL CopyToCPU NUMA-Aware Dissemination Time: 7.082421e-04
0: MPIL CopyToCPU RADIX-3 Dissemination Time: 5.303972e-04
0: MPIL CopyToCPU RADIX-4 Dissemination Time: 5.554112e-04
0: MPIL CopyToCPU RADIX-5 Dissemination Time: 5.307981e-04
0: MPIL CopyToCPU RADIX-6 Dissemination Time: 5.537911e-04
0: MPIL CopyToCPU RADIX-7 Dissemination Time: 5.999604e-04
0: MPIL CopyToCPU RADIX-8 Dissemination Time: 6.240300e-04
0: MPIL CopyToCPU RADIX-9 Dissemination Time: 6.792891e-04
0: MPIL CopyToCPU RADIX-10 Dissemination Time: 7.398551e-04
0: MPIL CopyToCPU RADIX-11 Dissemination Time: 8.157952e-04
0: MPIL CopyToCPU RADIX-12 Dissemination Time: 8.137167e-04
0: MPIL CopyToCPU RADIX-13 Dissemination Time: 8.212311e-04
0: MPIL CopyToCPU RADIX-14 Dissemination Time: 8.447303e-04
0: Testing Size 16384
0: PMPI Allreduce Time: 3.553578e-04
0: MPIL GPU-Aware Recursive Doubling Time: 3.542599e-04
0: MPIL GPU-Aware Node-Aware Dissemination Time: 3.266359e-03
0: MPIL GPU-Aware NUMA-Aware Dissemination Time: 3.527477e-03
0: CopyToCPU PMPI Allreduce Time: 7.061514e-04
0: MPIL CopyToCPU Recursive Doubling Time: 1.100582e-03
0: MPIL CopyToCPU Node-Aware Dissemination Time: 1.877052e-03
0: MPIL CopyToCPU NUMA-Aware Dissemination Time: 1.302288e-03
0: MPIL CopyToCPU RADIX-3 Dissemination Time: 9.712055e-04
0: MPIL CopyToCPU RADIX-4 Dissemination Time: 1.031714e-03
0: MPIL CopyToCPU RADIX-5 Dissemination Time: 9.836044e-04
0: MPIL CopyToCPU RADIX-6 Dissemination Time: 1.040380e-03
0: MPIL CopyToCPU RADIX-7 Dissemination Time: 1.142438e-03
0: MPIL CopyToCPU RADIX-8 Dissemination Time: 1.189364e-03
0: MPIL CopyToCPU RADIX-9 Dissemination Time: 1.288497e-03
0: MPIL CopyToCPU RADIX-10 Dissemination Time: 1.415441e-03
0: MPIL CopyToCPU RADIX-11 Dissemination Time: 1.577918e-03
0: MPIL CopyToCPU RADIX-12 Dissemination Time: 1.582570e-03
0: MPIL CopyToCPU RADIX-13 Dissemination Time: 1.604318e-03
0: MPIL CopyToCPU RADIX-14 Dissemination Time: 1.623104e-03
0: Testing Size 32768
0: PMPI Allreduce Time: 3.735034e-04
0: MPIL GPU-Aware Recursive Doubling Time: 3.723029e-04
0: MPIL GPU-Aware Node-Aware Dissemination Time: 1.818252e-02
0: MPIL GPU-Aware NUMA-Aware Dissemination Time: 4.534749e-03
0: CopyToCPU PMPI Allreduce Time: 1.259120e-03
0: MPIL CopyToCPU Recursive Doubling Time: 2.098387e-03
0: MPIL CopyToCPU Node-Aware Dissemination Time: 3.875104e-03
0: MPIL CopyToCPU NUMA-Aware Dissemination Time: 3.642877e-03
0: MPIL CopyToCPU RADIX-3 Dissemination Time: 1.871000e-03
0: MPIL CopyToCPU RADIX-4 Dissemination Time: 1.969477e-03
0: MPIL CopyToCPU RADIX-5 Dissemination Time: 1.906238e-03
0: MPIL CopyToCPU RADIX-6 Dissemination Time: 2.050789e-03
0: MPIL CopyToCPU RADIX-7 Dissemination Time: 2.238118e-03
0: MPIL CopyToCPU RADIX-8 Dissemination Time: 2.329476e-03
0: MPIL CopyToCPU RADIX-9 Dissemination Time: 2.517436e-03
0: MPIL CopyToCPU RADIX-10 Dissemination Time: 2.734129e-03
0: MPIL CopyToCPU RADIX-11 Dissemination Time: 2.995792e-03
0: MPIL CopyToCPU RADIX-12 Dissemination Time: 2.962470e-03
0: MPIL CopyToCPU RADIX-13 Dissemination Time: 3.065615e-03
0: MPIL CopyToCPU RADIX-14 Dissemination Time: 3.130686e-03
0: Testing Size 65536
0: PMPI Allreduce Time: 4.210339e-04
0: MPIL GPU-Aware Recursive Doubling Time: 4.084682e-04
0: MPIL GPU-Aware Node-Aware Dissemination Time: 2.189146e-02
0: MPIL GPU-Aware NUMA-Aware Dissemination Time: 6.338097e-03
0: CopyToCPU PMPI Allreduce Time: 2.389260e-03
0: MPIL CopyToCPU Recursive Doubling Time: 4.065887e-03
0: MPIL CopyToCPU Node-Aware Dissemination Time: 6.870706e-03
0: MPIL CopyToCPU NUMA-Aware Dissemination Time: 6.097293e-03
0: MPIL CopyToCPU RADIX-3 Dissemination Time: 3.615985e-03
0: MPIL CopyToCPU RADIX-4 Dissemination Time: 3.828404e-03
0: MPIL CopyToCPU RADIX-5 Dissemination Time: 3.734940e-03
0: MPIL CopyToCPU RADIX-6 Dissemination Time: 4.087576e-03
0: MPIL CopyToCPU RADIX-7 Dissemination Time: 4.405414e-03
0: MPIL CopyToCPU RADIX-8 Dissemination Time: 4.543099e-03
0: MPIL CopyToCPU RADIX-9 Dissemination Time: 4.917526e-03
0: MPIL CopyToCPU RADIX-10 Dissemination Time: 5.287037e-03
0: MPIL CopyToCPU RADIX-11 Dissemination Time: 5.884969e-03
0: MPIL CopyToCPU RADIX-12 Dissemination Time: 5.841792e-03
0: MPIL CopyToCPU RADIX-13 Dissemination Time: 6.046008e-03
0: MPIL CopyToCPU RADIX-14 Dissemination Time: 6.121316e-03
0: Testing Size 131072
0: PMPI Allreduce Time: 4.952880e-04
0: MPIL GPU-Aware Recursive Doubling Time: 4.765016e-04
0: MPIL GPU-Aware Node-Aware Dissemination Time: 3.031176e-02
0: MPIL GPU-Aware NUMA-Aware Dissemination Time: 1.461395e-02
0: CopyToCPU PMPI Allreduce Time: 4.705531e-03
0: MPIL CopyToCPU Recursive Doubling Time: 7.752446e-03
0: MPIL CopyToCPU Node-Aware Dissemination Time: 1.281063e-02
0: MPIL CopyToCPU NUMA-Aware Dissemination Time: 9.646579e-03
0: MPIL CopyToCPU RADIX-3 Dissemination Time: 6.990620e-03
0: MPIL CopyToCPU RADIX-4 Dissemination Time: 7.422724e-03
0: MPIL CopyToCPU RADIX-5 Dissemination Time: 7.334064e-03
0: MPIL CopyToCPU RADIX-6 Dissemination Time: 8.026225e-03
0: MPIL CopyToCPU RADIX-7 Dissemination Time: 8.548801e-03
0: MPIL CopyToCPU RADIX-8 Dissemination Time: 8.749272e-03
0: MPIL CopyToCPU RADIX-9 Dissemination Time: 9.533628e-03
0: MPIL CopyToCPU RADIX-10 Dissemination Time: 1.022686e-02
0: MPIL CopyToCPU RADIX-11 Dissemination Time: 1.139057e-02
0: MPIL CopyToCPU RADIX-12 Dissemination Time: 1.144452e-02
0: MPIL CopyToCPU RADIX-13 Dissemination Time: 1.194623e-02
0: MPIL CopyToCPU RADIX-14 Dissemination Time: 1.188481e-02
0: Testing Size 262144
0: PMPI Allreduce Time: 6.031187e-04
0: MPIL GPU-Aware Recursive Doubling Time: 6.023391e-04
0: MPIL GPU-Aware Node-Aware Dissemination Time: 4.885000e-02
0: MPIL GPU-Aware NUMA-Aware Dissemination Time: 2.740253e-02
0: CopyToCPU PMPI Allreduce Time: 8.917077e-03
0: MPIL CopyToCPU Recursive Doubling Time: 1.514328e-02
0: MPIL CopyToCPU Node-Aware Dissemination Time: 2.491658e-02
0: MPIL CopyToCPU NUMA-Aware Dissemination Time: 1.870723e-02
0: MPIL CopyToCPU RADIX-3 Dissemination Time: 1.396825e-02
0: MPIL CopyToCPU RADIX-4 Dissemination Time: 1.452991e-02
0: MPIL CopyToCPU RADIX-5 Dissemination Time: 1.430132e-02
0: MPIL CopyToCPU RADIX-6 Dissemination Time: 1.549835e-02
0: MPIL CopyToCPU RADIX-7 Dissemination Time: 1.606878e-02
0: MPIL CopyToCPU RADIX-8 Dissemination Time: 1.743375e-02
0: MPIL CopyToCPU RADIX-9 Dissemination Time: 1.909933e-02
0: MPIL CopyToCPU RADIX-10 Dissemination Time: 2.107927e-02
0: MPIL CopyToCPU RADIX-11 Dissemination Time: 2.347312e-02
0: MPIL CopyToCPU RADIX-12 Dissemination Time: 2.347420e-02
0: MPIL CopyToCPU RADIX-13 Dissemination Time: 2.455088e-02
0: MPIL CopyToCPU RADIX-14 Dissemination Time: 2.443783e-02
0: Testing Size 524288
0: PMPI Allreduce Time: 8.865274e-04
0: MPIL GPU-Aware Recursive Doubling Time: 8.858265e-04
0: MPIL GPU-Aware Node-Aware Dissemination Time: 8.520891e-02
0: MPIL GPU-Aware NUMA-Aware Dissemination Time: 4.568001e-02
0: CopyToCPU PMPI Allreduce Time: 1.639858e-02
0: MPIL CopyToCPU Recursive Doubling Time: 2.823439e-02
0: MPIL CopyToCPU Node-Aware Dissemination Time: 4.233258e-02
0: MPIL CopyToCPU NUMA-Aware Dissemination Time: 3.554181e-02
0: MPIL CopyToCPU RADIX-3 Dissemination Time: 2.618115e-02
0: MPIL CopyToCPU RADIX-4 Dissemination Time: 2.707661e-02
0: MPIL CopyToCPU RADIX-5 Dissemination Time: 2.840384e-02
0: MPIL CopyToCPU RADIX-6 Dissemination Time: 3.129568e-02
0: MPIL CopyToCPU RADIX-7 Dissemination Time: 3.350969e-02
0: MPIL CopyToCPU RADIX-8 Dissemination Time: 3.864564e-02
0: MPIL CopyToCPU RADIX-9 Dissemination Time: 4.221720e-02
0: MPIL CopyToCPU RADIX-10 Dissemination Time: 4.639965e-02
0: MPIL CopyToCPU RADIX-11 Dissemination Time: 5.113432e-02
0: MPIL CopyToCPU RADIX-12 Dissemination Time: 5.251233e-02
0: MPIL CopyToCPU RADIX-13 Dissemination Time: 5.372580e-02
0: MPIL CopyToCPU RADIX-14 Dissemination Time: 5.284176e-02
