0: Testing Size 1
0: PMPI Allreduce Time: 2.104412e-05
0: MPIL GPU-Aware Recursive Doubling Time: 2.089494e-05
0: MPIL GPU-Aware Node-Aware Dissemination Time: 2.726215e-04
0: MPIL GPU-Aware NUMA-Aware Dissemination Time: 6.074826e-04
0: CopyToCPU PMPI Allreduce Time: 2.112665e-05
0: MPIL CopyToCPU Recursive Doubling Time: 2.558701e-05
0: MPIL CopyToCPU Node-Aware Dissemination Time: 2.174737e-05
0: MPIL CopyToCPU NUMA-Aware Dissemination Time: 2.068243e-05
0: MPIL CopyToCPU RADIX-3 Dissemination Time: 2.634040e-05
0: MPIL CopyToCPU RADIX-4 Dissemination Time: 2.206745e-05
0: MPIL CopyToCPU RADIX-5 Dissemination Time: 2.629789e-05
0: MPIL CopyToCPU RADIX-6 Dissemination Time: 2.754208e-05
0: MPIL CopyToCPU RADIX-7 Dissemination Time: 2.865789e-05
0: MPIL CopyToCPU RADIX-8 Dissemination Time: 2.610936e-05
0: MPIL CopyToCPU RADIX-9 Dissemination Time: 3.222240e-05
0: MPIL CopyToCPU RADIX-10 Dissemination Time: 3.147407e-05
0: MPIL CopyToCPU RADIX-11 Dissemination Time: 3.432630e-05
0: MPIL CopyToCPU RADIX-12 Dissemination Time: 3.737027e-05
0: MPIL CopyToCPU RADIX-13 Dissemination Time: 4.050217e-05
0: MPIL CopyToCPU RADIX-14 Dissemination Time: 3.641290e-05
0: Testing Size 2
0: PMPI Allreduce Time: 2.081243e-05
0: MPIL GPU-Aware Recursive Doubling Time: 2.077966e-05
0: MPIL GPU-Aware Node-Aware Dissemination Time: 2.707440e-04
0: MPIL GPU-Aware NUMA-Aware Dissemination Time: 6.111838e-04
0: CopyToCPU PMPI Allreduce Time: 2.113478e-05
0: MPIL CopyToCPU Recursive Doubling Time: 2.454614e-05
0: MPIL CopyToCPU Node-Aware Dissemination Time: 2.157129e-05
0: MPIL CopyToCPU NUMA-Aware Dissemination Time: 2.060213e-05
0: MPIL CopyToCPU RADIX-3 Dissemination Time: 2.676246e-05
0: MPIL CopyToCPU RADIX-4 Dissemination Time: 2.298553e-05
0: MPIL CopyToCPU RADIX-5 Dissemination Time: 2.655531e-05
0: MPIL CopyToCPU RADIX-6 Dissemination Time: 2.808745e-05
0: MPIL CopyToCPU RADIX-7 Dissemination Time: 2.894810e-05
0: MPIL CopyToCPU RADIX-8 Dissemination Time: 2.711307e-05
0: MPIL CopyToCPU RADIX-9 Dissemination Time: 3.272952e-05
0: MPIL CopyToCPU RADIX-10 Dissemination Time: 3.149158e-05
0: MPIL CopyToCPU RADIX-11 Dissemination Time: 3.398140e-05
0: MPIL CopyToCPU RADIX-12 Dissemination Time: 3.616407e-05
0: MPIL CopyToCPU RADIX-13 Dissemination Time: 3.928217e-05
0: MPIL CopyToCPU RADIX-14 Dissemination Time: 3.697512e-05
0: Testing Size 4
0: PMPI Allreduce Time: 2.065353e-05
0: MPIL GPU-Aware Recursive Doubling Time: 2.071587e-05
0: MPIL GPU-Aware Node-Aware Dissemination Time: 2.726317e-04
0: MPIL GPU-Aware NUMA-Aware Dissemination Time: 6.108986e-04
0: CopyToCPU PMPI Allreduce Time: 2.146464e-05
0: MPIL CopyToCPU Recursive Doubling Time: 2.458151e-05
0: MPIL CopyToCPU Node-Aware Dissemination Time: 2.222164e-05
0: MPIL CopyToCPU NUMA-Aware Dissemination Time: 2.056443e-05
0: MPIL CopyToCPU RADIX-3 Dissemination Time: 2.662949e-05
0: MPIL CopyToCPU RADIX-4 Dissemination Time: 2.270106e-05
0: MPIL CopyToCPU RADIX-5 Dissemination Time: 2.651892e-05
0: MPIL CopyToCPU RADIX-6 Dissemination Time: 2.757095e-05
0: MPIL CopyToCPU RADIX-7 Dissemination Time: 2.873644e-05
0: MPIL CopyToCPU RADIX-8 Dissemination Time: 2.610195e-05
0: MPIL CopyToCPU RADIX-9 Dissemination Time: 3.226718e-05
0: MPIL CopyToCPU RADIX-10 Dissemination Time: 3.137177e-05
0: MPIL CopyToCPU RADIX-11 Dissemination Time: 3.375959e-05
0: MPIL CopyToCPU RADIX-12 Dissemination Time: 3.634871e-05
0: MPIL CopyToCPU RADIX-13 Dissemination Time: 3.854160e-05
0: MPIL CopyToCPU RADIX-14 Dissemination Time: 3.599264e-05
0: Testing Size 8
0: PMPI Allreduce Time: 2.085609e-05
0: MPIL GPU-Aware Recursive Doubling Time: 2.085300e-05
0: MPIL GPU-Aware Node-Aware Dissemination Time: 2.717674e-04
0: MPIL GPU-Aware NUMA-Aware Dissemination Time: 6.086275e-04
0: CopyToCPU PMPI Allreduce Time: 2.097244e-05
0: MPIL CopyToCPU Recursive Doubling Time: 2.650046e-05
0: MPIL CopyToCPU Node-Aware Dissemination Time: 2.134986e-05
0: MPIL CopyToCPU NUMA-Aware Dissemination Time: 2.058031e-05
0: MPIL CopyToCPU RADIX-3 Dissemination Time: 2.773920e-05
0: MPIL CopyToCPU RADIX-4 Dissemination Time: 2.435458e-05
0: MPIL CopyToCPU RADIX-5 Dissemination Time: 2.775563e-05
0: MPIL CopyToCPU RADIX-6 Dissemination Time: 2.845812e-05
0: MPIL CopyToCPU RADIX-7 Dissemination Time: 3.062102e-05
0: MPIL CopyToCPU RADIX-8 Dissemination Time: 2.746011e-05
0: MPIL CopyToCPU RADIX-9 Dissemination Time: 3.419360e-05
0: MPIL CopyToCPU RADIX-10 Dissemination Time: 3.408216e-05
0: MPIL CopyToCPU RADIX-11 Dissemination Time: 3.632226e-05
0: MPIL CopyToCPU RADIX-12 Dissemination Time: 3.862567e-05
0: MPIL CopyToCPU RADIX-13 Dissemination Time: 4.114888e-05
0: MPIL CopyToCPU RADIX-14 Dissemination Time: 3.869141e-05
0: Testing Size 16
0: PMPI Allreduce Time: 2.222166e-05
0: MPIL GPU-Aware Recursive Doubling Time: 2.222785e-05
0: MPIL GPU-Aware Node-Aware Dissemination Time: 2.716283e-04
0: MPIL GPU-Aware NUMA-Aware Dissemination Time: 6.111743e-04
0: CopyToCPU PMPI Allreduce Time: 2.207858e-05
0: MPIL CopyToCPU Recursive Doubling Time: 2.850290e-05
0: MPIL CopyToCPU Node-Aware Dissemination Time: 2.197532e-05
0: MPIL CopyToCPU NUMA-Aware Dissemination Time: 2.244742e-05
0: MPIL CopyToCPU RADIX-3 Dissemination Time: 2.995154e-05
0: MPIL CopyToCPU RADIX-4 Dissemination Time: 2.543384e-05
0: MPIL CopyToCPU RADIX-5 Dissemination Time: 2.965265e-05
0: MPIL CopyToCPU RADIX-6 Dissemination Time: 3.052746e-05
0: MPIL CopyToCPU RADIX-7 Dissemination Time: 3.249654e-05
0: MPIL CopyToCPU RADIX-8 Dissemination Time: 2.929318e-05
0: MPIL CopyToCPU RADIX-9 Dissemination Time: 3.642852e-05
0: MPIL CopyToCPU RADIX-10 Dissemination Time: 3.631909e-05
0: MPIL CopyToCPU RADIX-11 Dissemination Time: 3.923481e-05
0: MPIL CopyToCPU RADIX-12 Dissemination Time: 4.165592e-05
0: MPIL CopyToCPU RADIX-13 Dissemination Time: 4.389893e-05
0: MPIL CopyToCPU RADIX-14 Dissemination Time: 4.132222e-05
0: Testing Size 32
0: PMPI Allreduce Time: 3.607876e-05
0: MPIL GPU-Aware Recursive Doubling Time: 3.574966e-05
0: MPIL GPU-Aware Node-Aware Dissemination Time: 2.827813e-04
0: MPIL GPU-Aware NUMA-Aware Dissemination Time: 6.203454e-04
0: CopyToCPU PMPI Allreduce Time: 2.935657e-05
0: MPIL CopyToCPU Recursive Doubling Time: 3.755931e-05
0: MPIL CopyToCPU Node-Aware Dissemination Time: 2.399976e-05
0: MPIL CopyToCPU NUMA-Aware Dissemination Time: 2.906737e-05
0: MPIL CopyToCPU RADIX-3 Dissemination Time: 4.478406e-05
0: MPIL CopyToCPU RADIX-4 Dissemination Time: 3.298752e-05
0: MPIL CopyToCPU RADIX-5 Dissemination Time: 3.650882e-05
0: MPIL CopyToCPU RADIX-6 Dissemination Time: 4.012095e-05
0: MPIL CopyToCPU RADIX-7 Dissemination Time: 4.062121e-05
0: MPIL CopyToCPU RADIX-8 Dissemination Time: 3.476033e-05
0: MPIL CopyToCPU RADIX-9 Dissemination Time: 4.592379e-05
0: MPIL CopyToCPU RADIX-10 Dissemination Time: 4.095518e-05
0: MPIL CopyToCPU RADIX-11 Dissemination Time: 4.472829e-05
0: MPIL CopyToCPU RADIX-12 Dissemination Time: 4.691421e-05
0: MPIL CopyToCPU RADIX-13 Dissemination Time: 4.999697e-05
0: MPIL CopyToCPU RADIX-14 Dissemination Time: 5.018101e-05
0: Testing Size 64
0: PMPI Allreduce Time: 3.607091e-05
0: MPIL GPU-Aware Recursive Doubling Time: 3.599725e-05
0: MPIL GPU-Aware Node-Aware Dissemination Time: 2.881034e-04
0: MPIL GPU-Aware NUMA-Aware Dissemination Time: 6.241592e-04
0: CopyToCPU PMPI Allreduce Time: 3.514039e-05
0: MPIL CopyToCPU Recursive Doubling Time: 3.775963e-05
0: MPIL CopyToCPU Node-Aware Dissemination Time: 3.146958e-05
0: MPIL CopyToCPU NUMA-Aware Dissemination Time: 3.521717e-05
0: MPIL CopyToCPU RADIX-3 Dissemination Time: 4.581351e-05
0: MPIL CopyToCPU RADIX-4 Dissemination Time: 3.341644e-05
0: MPIL CopyToCPU RADIX-5 Dissemination Time: 3.734272e-05
0: MPIL CopyToCPU RADIX-6 Dissemination Time: 4.078993e-05
0: MPIL CopyToCPU RADIX-7 Dissemination Time: 4.125462e-05
0: MPIL CopyToCPU RADIX-8 Dissemination Time: 3.508548e-05
0: MPIL CopyToCPU RADIX-9 Dissemination Time: 4.718510e-05
0: MPIL CopyToCPU RADIX-10 Dissemination Time: 4.145872e-05
0: MPIL CopyToCPU RADIX-11 Dissemination Time: 4.528803e-05
0: MPIL CopyToCPU RADIX-12 Dissemination Time: 4.745931e-05
0: MPIL CopyToCPU RADIX-13 Dissemination Time: 5.072119e-05
0: MPIL CopyToCPU RADIX-14 Dissemination Time: 5.239620e-05
0: Testing Size 128
0: PMPI Allreduce Time: 5.363641e-05
0: MPIL GPU-Aware Recursive Doubling Time: 5.367192e-05
0: MPIL GPU-Aware Node-Aware Dissemination Time: 3.180929e-04
0: MPIL GPU-Aware NUMA-Aware Dissemination Time: 6.305290e-04
0: CopyToCPU PMPI Allreduce Time: 5.575029e-05
0: MPIL CopyToCPU Recursive Doubling Time: 5.988070e-05
0: MPIL CopyToCPU Node-Aware Dissemination Time: 7.942694e-05
0: MPIL CopyToCPU NUMA-Aware Dissemination Time: 5.416147e-05
0: MPIL CopyToCPU RADIX-3 Dissemination Time: 5.794269e-05
0: MPIL CopyToCPU RADIX-4 Dissemination Time: 4.585376e-05
0: MPIL CopyToCPU RADIX-5 Dissemination Time: 5.264278e-05
0: MPIL CopyToCPU RADIX-6 Dissemination Time: 5.394735e-05
0: MPIL CopyToCPU RADIX-7 Dissemination Time: 5.600427e-05
0: MPIL CopyToCPU RADIX-8 Dissemination Time: 5.054326e-05
0: MPIL CopyToCPU RADIX-9 Dissemination Time: 6.211983e-05
0: MPIL CopyToCPU RADIX-10 Dissemination Time: 6.070896e-05
0: MPIL CopyToCPU RADIX-11 Dissemination Time: 6.422810e-05
0: MPIL CopyToCPU RADIX-12 Dissemination Time: 6.769626e-05
0: MPIL CopyToCPU RADIX-13 Dissemination Time: 7.452490e-05
0: MPIL CopyToCPU RADIX-14 Dissemination Time: 6.995713e-05
0: Testing Size 256
0: PMPI Allreduce Time: 6.173320e-05
0: MPIL GPU-Aware Recursive Doubling Time: 6.166240e-05
0: MPIL GPU-Aware Node-Aware Dissemination Time: 3.222241e-04
0: MPIL GPU-Aware NUMA-Aware Dissemination Time: 6.317526e-04
0: CopyToCPU PMPI Allreduce Time: 7.199341e-05
0: MPIL CopyToCPU Recursive Doubling Time: 7.712434e-05
0: MPIL CopyToCPU Node-Aware Dissemination Time: 1.047019e-04
0: MPIL CopyToCPU NUMA-Aware Dissemination Time: 7.206454e-05
0: MPIL CopyToCPU RADIX-3 Dissemination Time: 6.254659e-05
0: MPIL CopyToCPU RADIX-4 Dissemination Time: 5.227538e-05
0: MPIL CopyToCPU RADIX-5 Dissemination Time: 5.643710e-05
0: MPIL CopyToCPU RADIX-6 Dissemination Time: 5.662232e-05
0: MPIL CopyToCPU RADIX-7 Dissemination Time: 5.983603e-05
0: MPIL CopyToCPU RADIX-8 Dissemination Time: 5.470847e-05
0: MPIL CopyToCPU RADIX-9 Dissemination Time: 6.670663e-05
0: MPIL CopyToCPU RADIX-10 Dissemination Time: 6.824481e-05
0: MPIL CopyToCPU RADIX-11 Dissemination Time: 7.680825e-05
0: MPIL CopyToCPU RADIX-12 Dissemination Time: 7.436559e-05
0: MPIL CopyToCPU RADIX-13 Dissemination Time: 7.836350e-05
0: MPIL CopyToCPU RADIX-14 Dissemination Time: 8.035229e-05
0: Testing Size 512
0: PMPI Allreduce Time: 7.704598e-05
0: MPIL GPU-Aware Recursive Doubling Time: 7.695724e-05
0: MPIL GPU-Aware Node-Aware Dissemination Time: 3.454123e-04
0: MPIL GPU-Aware NUMA-Aware Dissemination Time: 6.399925e-04
0: CopyToCPU PMPI Allreduce Time: 7.448713e-05
0: MPIL CopyToCPU Recursive Doubling Time: 7.974612e-05
0: MPIL CopyToCPU Node-Aware Dissemination Time: 1.255769e-04
0: MPIL CopyToCPU NUMA-Aware Dissemination Time: 8.179515e-05
0: MPIL CopyToCPU RADIX-3 Dissemination Time: 7.475944e-05
0: MPIL CopyToCPU RADIX-4 Dissemination Time: 6.554989e-05
0: MPIL CopyToCPU RADIX-5 Dissemination Time: 6.150366e-05
0: MPIL CopyToCPU RADIX-6 Dissemination Time: 6.424503e-05
0: MPIL CopyToCPU RADIX-7 Dissemination Time: 6.884613e-05
0: MPIL CopyToCPU RADIX-8 Dissemination Time: 6.476294e-05
0: MPIL CopyToCPU RADIX-9 Dissemination Time: 7.594625e-05
0: MPIL CopyToCPU RADIX-10 Dissemination Time: 7.601039e-05
0: MPIL CopyToCPU RADIX-11 Dissemination Time: 7.985135e-05
0: MPIL CopyToCPU RADIX-12 Dissemination Time: 8.306824e-05
0: MPIL CopyToCPU RADIX-13 Dissemination Time: 8.637847e-05
0: MPIL CopyToCPU RADIX-14 Dissemination Time: 9.001701e-05
0: Testing Size 1024
0: PMPI Allreduce Time: 5.821496e-04
0: MPIL GPU-Aware Recursive Doubling Time: 5.797918e-04
0: MPIL GPU-Aware Node-Aware Dissemination Time: 1.427219e-03
0: MPIL GPU-Aware NUMA-Aware Dissemination Time: 2.790286e-03
0: CopyToCPU PMPI Allreduce Time: 1.093477e-04
0: MPIL CopyToCPU Recursive Doubling Time: 1.088576e-04
0: MPIL CopyToCPU Node-Aware Dissemination Time: 1.878940e-04
0: MPIL CopyToCPU NUMA-Aware Dissemination Time: 1.162956e-04
0: MPIL CopyToCPU RADIX-3 Dissemination Time: 9.748767e-05
0: MPIL CopyToCPU RADIX-4 Dissemination Time: 8.443746e-05
0: MPIL CopyToCPU RADIX-5 Dissemination Time: 8.134328e-05
0: MPIL CopyToCPU RADIX-6 Dissemination Time: 8.230946e-05
0: MPIL CopyToCPU RADIX-7 Dissemination Time: 8.936609e-05
0: MPIL CopyToCPU RADIX-8 Dissemination Time: 8.601267e-05
0: MPIL CopyToCPU RADIX-9 Dissemination Time: 1.006819e-04
0: MPIL CopyToCPU RADIX-10 Dissemination Time: 1.049649e-04
0: MPIL CopyToCPU RADIX-11 Dissemination Time: 1.085938e-04
0: MPIL CopyToCPU RADIX-12 Dissemination Time: 1.118221e-04
0: MPIL CopyToCPU RADIX-13 Dissemination Time: 1.156954e-04
0: MPIL CopyToCPU RADIX-14 Dissemination Time: 1.191898e-04
0: Testing Size 2048
0: PMPI Allreduce Time: 2.436864e-04
0: MPIL GPU-Aware Recursive Doubling Time: 2.408401e-04
0: MPIL GPU-Aware Node-Aware Dissemination Time: 1.267722e-03
0: MPIL GPU-Aware NUMA-Aware Dissemination Time: 2.259735e-03
0: CopyToCPU PMPI Allreduce Time: 1.459357e-04
0: MPIL CopyToCPU Recursive Doubling Time: 1.731512e-04
0: MPIL CopyToCPU Node-Aware Dissemination Time: 2.232967e-04
0: MPIL CopyToCPU NUMA-Aware Dissemination Time: 1.667892e-04
0: MPIL CopyToCPU RADIX-3 Dissemination Time: 1.403905e-04
0: MPIL CopyToCPU RADIX-4 Dissemination Time: 1.350270e-04
0: MPIL CopyToCPU RADIX-5 Dissemination Time: 1.204454e-04
0: MPIL CopyToCPU RADIX-6 Dissemination Time: 1.221854e-04
0: MPIL CopyToCPU RADIX-7 Dissemination Time: 1.315766e-04
0: MPIL CopyToCPU RADIX-8 Dissemination Time: 1.337470e-04
0: MPIL CopyToCPU RADIX-9 Dissemination Time: 1.478726e-04
0: MPIL CopyToCPU RADIX-10 Dissemination Time: 1.541402e-04
0: MPIL CopyToCPU RADIX-11 Dissemination Time: 1.647413e-04
0: MPIL CopyToCPU RADIX-12 Dissemination Time: 1.772922e-04
0: MPIL CopyToCPU RADIX-13 Dissemination Time: 1.832820e-04
0: MPIL CopyToCPU RADIX-14 Dissemination Time: 1.855847e-04
0: Testing Size 4096
0: PMPI Allreduce Time: 2.584964e-04
0: MPIL GPU-Aware Recursive Doubling Time: 2.584602e-04
0: MPIL GPU-Aware Node-Aware Dissemination Time: 1.073736e-03
0: MPIL GPU-Aware NUMA-Aware Dissemination Time: 2.029643e-03
0: CopyToCPU PMPI Allreduce Time: 2.143443e-04
0: MPIL CopyToCPU Recursive Doubling Time: 3.119107e-04
0: MPIL CopyToCPU Node-Aware Dissemination Time: 3.569725e-04
0: MPIL CopyToCPU NUMA-Aware Dissemination Time: 2.961122e-04
0: MPIL CopyToCPU RADIX-3 Dissemination Time: 2.652987e-04
0: MPIL CopyToCPU RADIX-4 Dissemination Time: 2.422955e-04
0: MPIL CopyToCPU RADIX-5 Dissemination Time: 2.305627e-04
0: MPIL CopyToCPU RADIX-6 Dissemination Time: 2.319767e-04
0: MPIL CopyToCPU RADIX-7 Dissemination Time: 2.472611e-04
0: MPIL CopyToCPU RADIX-8 Dissemination Time: 2.505763e-04
0: MPIL CopyToCPU RADIX-9 Dissemination Time: 2.845850e-04
0: MPIL CopyToCPU RADIX-10 Dissemination Time: 2.831413e-04
0: MPIL CopyToCPU RADIX-11 Dissemination Time: 3.054001e-04
0: MPIL CopyToCPU RADIX-12 Dissemination Time: 3.328144e-04
0: MPIL CopyToCPU RADIX-13 Dissemination Time: 3.498567e-04
0: MPIL CopyToCPU RADIX-14 Dissemination Time: 3.512283e-04
0: Testing Size 8192
0: PMPI Allreduce Time: 2.673623e-04
0: MPIL GPU-Aware Recursive Doubling Time: 2.671492e-04
0: MPIL GPU-Aware Node-Aware Dissemination Time: 1.250097e-03
0: MPIL GPU-Aware NUMA-Aware Dissemination Time: 2.677648e-03
0: CopyToCPU PMPI Allreduce Time: 3.266983e-04
0: MPIL CopyToCPU Recursive Doubling Time: 5.216149e-04
0: MPIL CopyToCPU Node-Aware Dissemination Time: 5.998754e-04
0: MPIL CopyToCPU NUMA-Aware Dissemination Time: 4.886003e-04
0: MPIL CopyToCPU RADIX-3 Dissemination Time: 4.533873e-04
0: MPIL CopyToCPU RADIX-4 Dissemination Time: 4.411941e-04
0: MPIL CopyToCPU RADIX-5 Dissemination Time: 4.094505e-04
0: MPIL CopyToCPU RADIX-6 Dissemination Time: 4.064667e-04
0: MPIL CopyToCPU RADIX-7 Dissemination Time: 4.353646e-04
0: MPIL CopyToCPU RADIX-8 Dissemination Time: 4.601608e-04
0: MPIL CopyToCPU RADIX-9 Dissemination Time: 5.030847e-04
0: MPIL CopyToCPU RADIX-10 Dissemination Time: 5.135781e-04
0: MPIL CopyToCPU RADIX-11 Dissemination Time: 5.584821e-04
0: MPIL CopyToCPU RADIX-12 Dissemination Time: 6.099696e-04
0: MPIL CopyToCPU RADIX-13 Dissemination Time: 6.609933e-04
0: MPIL CopyToCPU RADIX-14 Dissemination Time: 6.699796e-04
0: Testing Size 16384
0: PMPI Allreduce Time: 2.754079e-04
0: MPIL GPU-Aware Recursive Doubling Time: 2.740933e-04
0: MPIL GPU-Aware Node-Aware Dissemination Time: 1.341472e-03
0: MPIL GPU-Aware NUMA-Aware Dissemination Time: 2.247007e-03
0: CopyToCPU PMPI Allreduce Time: 5.627349e-04
0: MPIL CopyToCPU Recursive Doubling Time: 9.506568e-04
0: MPIL CopyToCPU Node-Aware Dissemination Time: 1.055459e-03
0: MPIL CopyToCPU NUMA-Aware Dissemination Time: 8.736557e-04
0: MPIL CopyToCPU RADIX-3 Dissemination Time: 8.344082e-04
0: MPIL CopyToCPU RADIX-4 Dissemination Time: 8.332441e-04
0: MPIL CopyToCPU RADIX-5 Dissemination Time: 7.631814e-04
0: MPIL CopyToCPU RADIX-6 Dissemination Time: 7.616700e-04
0: MPIL CopyToCPU RADIX-7 Dissemination Time: 8.193358e-04
0: MPIL CopyToCPU RADIX-8 Dissemination Time: 8.753131e-04
0: MPIL CopyToCPU RADIX-9 Dissemination Time: 9.580250e-04
0: MPIL CopyToCPU RADIX-10 Dissemination Time: 9.908257e-04
0: MPIL CopyToCPU RADIX-11 Dissemination Time: 1.093620e-03
0: MPIL CopyToCPU RADIX-12 Dissemination Time: 1.207600e-03
0: MPIL CopyToCPU RADIX-13 Dissemination Time: 1.312945e-03
0: MPIL CopyToCPU RADIX-14 Dissemination Time: 1.328130e-03
0: Testing Size 32768
0: PMPI Allreduce Time: 2.918875e-04
0: MPIL GPU-Aware Recursive Doubling Time: 2.930118e-04
0: MPIL GPU-Aware Node-Aware Dissemination Time: 1.267346e-02
0: MPIL GPU-Aware NUMA-Aware Dissemination Time: 3.202782e-03
0: CopyToCPU PMPI Allreduce Time: 1.016583e-03
0: MPIL CopyToCPU Recursive Doubling Time: 1.817988e-03
0: MPIL CopyToCPU Node-Aware Dissemination Time: 1.947209e-03
0: MPIL CopyToCPU NUMA-Aware Dissemination Time: 1.610163e-03
0: MPIL CopyToCPU RADIX-3 Dissemination Time: 1.584168e-03
0: MPIL CopyToCPU RADIX-4 Dissemination Time: 1.617258e-03
0: MPIL CopyToCPU RADIX-5 Dissemination Time: 1.500211e-03
0: MPIL CopyToCPU RADIX-6 Dissemination Time: 1.476749e-03
0: MPIL CopyToCPU RADIX-7 Dissemination Time: 1.580266e-03
0: MPIL CopyToCPU RADIX-8 Dissemination Time: 1.698799e-03
0: MPIL CopyToCPU RADIX-9 Dissemination Time: 1.853811e-03
0: MPIL CopyToCPU RADIX-10 Dissemination Time: 1.945036e-03
0: MPIL CopyToCPU RADIX-11 Dissemination Time: 2.143853e-03
0: MPIL CopyToCPU RADIX-12 Dissemination Time: 2.374754e-03
0: MPIL CopyToCPU RADIX-13 Dissemination Time: 2.580332e-03
0: MPIL CopyToCPU RADIX-14 Dissemination Time: 2.602316e-03
0: Testing Size 65536
0: PMPI Allreduce Time: 3.281074e-04
0: MPIL GPU-Aware Recursive Doubling Time: 3.260477e-04
0: MPIL GPU-Aware Node-Aware Dissemination Time: 1.373827e-02
0: MPIL GPU-Aware NUMA-Aware Dissemination Time: 4.438030e-03
0: CopyToCPU PMPI Allreduce Time: 1.759677e-03
0: MPIL CopyToCPU Recursive Doubling Time: 3.481561e-03
0: MPIL CopyToCPU Node-Aware Dissemination Time: 3.429066e-03
0: MPIL CopyToCPU NUMA-Aware Dissemination Time: 2.990306e-03
0: MPIL CopyToCPU RADIX-3 Dissemination Time: 3.035645e-03
0: MPIL CopyToCPU RADIX-4 Dissemination Time: 3.185410e-03
0: MPIL CopyToCPU RADIX-5 Dissemination Time: 2.954589e-03
0: MPIL CopyToCPU RADIX-6 Dissemination Time: 2.892673e-03
0: MPIL CopyToCPU RADIX-7 Dissemination Time: 3.115514e-03
0: MPIL CopyToCPU RADIX-8 Dissemination Time: 3.316564e-03
0: MPIL CopyToCPU RADIX-9 Dissemination Time: 3.623237e-03
0: MPIL CopyToCPU RADIX-10 Dissemination Time: 3.720193e-03
0: MPIL CopyToCPU RADIX-11 Dissemination Time: 4.150385e-03
0: MPIL CopyToCPU RADIX-12 Dissemination Time: 4.622381e-03
0: MPIL CopyToCPU RADIX-13 Dissemination Time: 5.011676e-03
0: MPIL CopyToCPU RADIX-14 Dissemination Time: 5.076967e-03
0: Testing Size 131072
0: PMPI Allreduce Time: 3.917131e-04
0: MPIL GPU-Aware Recursive Doubling Time: 3.911618e-04
0: MPIL GPU-Aware Node-Aware Dissemination Time: 1.694693e-02
0: MPIL GPU-Aware NUMA-Aware Dissemination Time: 9.889493e-03
0: CopyToCPU PMPI Allreduce Time: 3.525477e-03
0: MPIL CopyToCPU Recursive Doubling Time: 6.401235e-03
0: MPIL CopyToCPU Node-Aware Dissemination Time: 6.825824e-03
0: MPIL CopyToCPU NUMA-Aware Dissemination Time: 5.963639e-03
0: MPIL CopyToCPU RADIX-3 Dissemination Time: 5.760996e-03
0: MPIL CopyToCPU RADIX-4 Dissemination Time: 6.186292e-03
0: MPIL CopyToCPU RADIX-5 Dissemination Time: 5.736606e-03
0: MPIL CopyToCPU RADIX-6 Dissemination Time: 5.664618e-03
0: MPIL CopyToCPU RADIX-7 Dissemination Time: 6.018266e-03
0: MPIL CopyToCPU RADIX-8 Dissemination Time: 6.537319e-03
0: MPIL CopyToCPU RADIX-9 Dissemination Time: 7.102603e-03
0: MPIL CopyToCPU RADIX-10 Dissemination Time: 7.290024e-03
0: MPIL CopyToCPU RADIX-11 Dissemination Time: 8.048968e-03
0: MPIL CopyToCPU RADIX-12 Dissemination Time: 8.659314e-03
0: MPIL CopyToCPU RADIX-13 Dissemination Time: 9.460912e-03
0: MPIL CopyToCPU RADIX-14 Dissemination Time: 9.481949e-03
0: Testing Size 262144
0: PMPI Allreduce Time: 5.254302e-04
0: MPIL GPU-Aware Recursive Doubling Time: 5.263663e-04
0: MPIL GPU-Aware Node-Aware Dissemination Time: 2.295419e-02
0: MPIL GPU-Aware NUMA-Aware Dissemination Time: 1.869447e-02
0: CopyToCPU PMPI Allreduce Time: 6.902344e-03
0: MPIL CopyToCPU Recursive Doubling Time: 1.301203e-02
0: MPIL CopyToCPU Node-Aware Dissemination Time: 1.354493e-02
0: MPIL CopyToCPU NUMA-Aware Dissemination Time: 1.114371e-02
0: MPIL CopyToCPU RADIX-3 Dissemination Time: 1.185763e-02
0: MPIL CopyToCPU RADIX-4 Dissemination Time: 1.204361e-02
0: MPIL CopyToCPU RADIX-5 Dissemination Time: 1.105475e-02
0: MPIL CopyToCPU RADIX-6 Dissemination Time: 1.118553e-02
0: MPIL CopyToCPU RADIX-7 Dissemination Time: 1.186097e-02
0: MPIL CopyToCPU RADIX-8 Dissemination Time: 1.290558e-02
0: MPIL CopyToCPU RADIX-9 Dissemination Time: 1.394018e-02
0: MPIL CopyToCPU RADIX-10 Dissemination Time: 1.463017e-02
0: MPIL CopyToCPU RADIX-11 Dissemination Time: 1.633839e-02
0: MPIL CopyToCPU RADIX-12 Dissemination Time: 1.768698e-02
0: MPIL CopyToCPU RADIX-13 Dissemination Time: 1.933731e-02
0: MPIL CopyToCPU RADIX-14 Dissemination Time: 1.956361e-02
0: Testing Size 524288
0: PMPI Allreduce Time: 7.945083e-04
0: MPIL GPU-Aware Recursive Doubling Time: 7.944493e-04
0: MPIL GPU-Aware Node-Aware Dissemination Time: 3.490947e-02
0: MPIL GPU-Aware NUMA-Aware Dissemination Time: 2.952161e-02
0: CopyToCPU PMPI Allreduce Time: 1.434440e-02
0: MPIL CopyToCPU Recursive Doubling Time: 2.361526e-02
0: MPIL CopyToCPU Node-Aware Dissemination Time: 2.812765e-02
0: MPIL CopyToCPU NUMA-Aware Dissemination Time: 2.225633e-02
0: MPIL CopyToCPU RADIX-3 Dissemination Time: 2.108269e-02
0: MPIL CopyToCPU RADIX-4 Dissemination Time: 1.967500e-02
0: MPIL CopyToCPU RADIX-5 Dissemination Time: 2.136479e-02
0: MPIL CopyToCPU RADIX-6 Dissemination Time: 2.198437e-02
0: MPIL CopyToCPU RADIX-7 Dissemination Time: 2.389990e-02
0: MPIL CopyToCPU RADIX-8 Dissemination Time: 2.914561e-02
0: MPIL CopyToCPU RADIX-9 Dissemination Time: 3.120117e-02
0: MPIL CopyToCPU RADIX-10 Dissemination Time: 3.306704e-02
0: MPIL CopyToCPU RADIX-11 Dissemination Time: 3.621528e-02
0: MPIL CopyToCPU RADIX-12 Dissemination Time: 3.917706e-02
0: MPIL CopyToCPU RADIX-13 Dissemination Time: 4.251065e-02
0: MPIL CopyToCPU RADIX-14 Dissemination Time: 4.328273e-02
