0: Testing Size 1
0: PMPI Allreduce Time: 1.431679e-05
0: MPIL GPU-Aware Recursive Doubling Time: 1.429397e-05
0: MPIL GPU-Aware Node-Aware Dissemination Time: 2.469199e-04
0: MPIL GPU-Aware NUMA-Aware Dissemination Time: 2.341644e-04
0: CopyToCPU PMPI Allreduce Time: 1.422582e-05
0: MPIL CopyToCPU Recursive Doubling Time: 1.695855e-05
0: MPIL CopyToCPU Node-Aware Dissemination Time: 2.062537e-05
0: MPIL CopyToCPU NUMA-Aware Dissemination Time: 1.443382e-05
0: MPIL CopyToCPU RADIX-3 Dissemination Time: 1.979105e-05
0: MPIL CopyToCPU RADIX-4 Dissemination Time: 1.675816e-05
0: MPIL CopyToCPU RADIX-5 Dissemination Time: 1.989048e-05
0: MPIL CopyToCPU RADIX-6 Dissemination Time: 2.243011e-05
0: MPIL CopyToCPU RADIX-7 Dissemination Time: 2.331978e-05
0: MPIL CopyToCPU RADIX-8 Dissemination Time: 1.891548e-05
0: MPIL CopyToCPU RADIX-9 Dissemination Time: 2.170292e-05
0: MPIL CopyToCPU RADIX-10 Dissemination Time: 2.442284e-05
0: MPIL CopyToCPU RADIX-11 Dissemination Time: 2.315479e-05
0: MPIL CopyToCPU RADIX-12 Dissemination Time: 2.371218e-05
0: MPIL CopyToCPU RADIX-13 Dissemination Time: 2.618213e-05
0: MPIL CopyToCPU RADIX-14 Dissemination Time: 2.582885e-05
0: Testing Size 2
0: PMPI Allreduce Time: 1.421728e-05
0: MPIL GPU-Aware Recursive Doubling Time: 1.417557e-05
0: MPIL GPU-Aware Node-Aware Dissemination Time: 2.422120e-04
0: MPIL GPU-Aware NUMA-Aware Dissemination Time: 2.360938e-04
0: CopyToCPU PMPI Allreduce Time: 1.422476e-05
0: MPIL CopyToCPU Recursive Doubling Time: 1.659714e-05
0: MPIL CopyToCPU Node-Aware Dissemination Time: 2.046787e-05
0: MPIL CopyToCPU NUMA-Aware Dissemination Time: 1.424353e-05
0: MPIL CopyToCPU RADIX-3 Dissemination Time: 1.958914e-05
0: MPIL CopyToCPU RADIX-4 Dissemination Time: 1.708675e-05
0: MPIL CopyToCPU RADIX-5 Dissemination Time: 2.015934e-05
0: MPIL CopyToCPU RADIX-6 Dissemination Time: 2.250850e-05
0: MPIL CopyToCPU RADIX-7 Dissemination Time: 2.337088e-05
0: MPIL CopyToCPU RADIX-8 Dissemination Time: 1.898553e-05
0: MPIL CopyToCPU RADIX-9 Dissemination Time: 2.150363e-05
0: MPIL CopyToCPU RADIX-10 Dissemination Time: 2.416382e-05
0: MPIL CopyToCPU RADIX-11 Dissemination Time: 2.338735e-05
0: MPIL CopyToCPU RADIX-12 Dissemination Time: 2.411029e-05
0: MPIL CopyToCPU RADIX-13 Dissemination Time: 2.617011e-05
0: MPIL CopyToCPU RADIX-14 Dissemination Time: 2.599017e-05
0: Testing Size 4
0: PMPI Allreduce Time: 1.430528e-05
0: MPIL GPU-Aware Recursive Doubling Time: 1.396568e-05
0: MPIL GPU-Aware Node-Aware Dissemination Time: 2.411619e-04
0: MPIL GPU-Aware NUMA-Aware Dissemination Time: 2.351985e-04
0: CopyToCPU PMPI Allreduce Time: 1.455661e-05
0: MPIL CopyToCPU Recursive Doubling Time: 1.664306e-05
0: MPIL CopyToCPU Node-Aware Dissemination Time: 2.002183e-05
0: MPIL CopyToCPU NUMA-Aware Dissemination Time: 1.428388e-05
0: MPIL CopyToCPU RADIX-3 Dissemination Time: 1.963528e-05
0: MPIL CopyToCPU RADIX-4 Dissemination Time: 1.706297e-05
0: MPIL CopyToCPU RADIX-5 Dissemination Time: 2.014191e-05
0: MPIL CopyToCPU RADIX-6 Dissemination Time: 2.289755e-05
0: MPIL CopyToCPU RADIX-7 Dissemination Time: 2.378188e-05
0: MPIL CopyToCPU RADIX-8 Dissemination Time: 1.919621e-05
0: MPIL CopyToCPU RADIX-9 Dissemination Time: 2.162600e-05
0: MPIL CopyToCPU RADIX-10 Dissemination Time: 2.457841e-05
0: MPIL CopyToCPU RADIX-11 Dissemination Time: 2.323342e-05
0: MPIL CopyToCPU RADIX-12 Dissemination Time: 2.392221e-05
0: MPIL CopyToCPU RADIX-13 Dissemination Time: 2.627994e-05
0: MPIL CopyToCPU RADIX-14 Dissemination Time: 2.593433e-05
0: Testing Size 8
0: PMPI Allreduce Time: 1.405007e-05
0: MPIL GPU-Aware Recursive Doubling Time: 1.406697e-05
0: MPIL GPU-Aware Node-Aware Dissemination Time: 2.428940e-04
0: MPIL GPU-Aware NUMA-Aware Dissemination Time: 2.374583e-04
0: CopyToCPU PMPI Allreduce Time: 1.437014e-05
0: MPIL CopyToCPU Recursive Doubling Time: 1.933979e-05
0: MPIL CopyToCPU Node-Aware Dissemination Time: 2.070781e-05
0: MPIL CopyToCPU NUMA-Aware Dissemination Time: 1.436955e-05
0: MPIL CopyToCPU RADIX-3 Dissemination Time: 2.122551e-05
0: MPIL CopyToCPU RADIX-4 Dissemination Time: 1.865417e-05
0: MPIL CopyToCPU RADIX-5 Dissemination Time: 2.209891e-05
0: MPIL CopyToCPU RADIX-6 Dissemination Time: 2.408840e-05
0: MPIL CopyToCPU RADIX-7 Dissemination Time: 2.465863e-05
0: MPIL CopyToCPU RADIX-8 Dissemination Time: 2.106457e-05
0: MPIL CopyToCPU RADIX-9 Dissemination Time: 2.284860e-05
0: MPIL CopyToCPU RADIX-10 Dissemination Time: 2.573301e-05
0: MPIL CopyToCPU RADIX-11 Dissemination Time: 2.484576e-05
0: MPIL CopyToCPU RADIX-12 Dissemination Time: 2.629020e-05
0: MPIL CopyToCPU RADIX-13 Dissemination Time: 2.887051e-05
0: MPIL CopyToCPU RADIX-14 Dissemination Time: 2.846110e-05
0: Testing Size 16
0: PMPI Allreduce Time: 1.482958e-05
0: MPIL GPU-Aware Recursive Doubling Time: 1.484172e-05
0: MPIL GPU-Aware Node-Aware Dissemination Time: 2.420543e-04
0: MPIL GPU-Aware NUMA-Aware Dissemination Time: 2.392435e-04
0: CopyToCPU PMPI Allreduce Time: 1.492078e-05
0: MPIL CopyToCPU Recursive Doubling Time: 2.057415e-05
0: MPIL CopyToCPU Node-Aware Dissemination Time: 2.137287e-05
0: MPIL CopyToCPU NUMA-Aware Dissemination Time: 1.514480e-05
0: MPIL CopyToCPU RADIX-3 Dissemination Time: 2.263942e-05
0: MPIL CopyToCPU RADIX-4 Dissemination Time: 2.046048e-05
0: MPIL CopyToCPU RADIX-5 Dissemination Time: 2.425756e-05
0: MPIL CopyToCPU RADIX-6 Dissemination Time: 2.607566e-05
0: MPIL CopyToCPU RADIX-7 Dissemination Time: 2.640637e-05
0: MPIL CopyToCPU RADIX-8 Dissemination Time: 2.297382e-05
0: MPIL CopyToCPU RADIX-9 Dissemination Time: 2.483593e-05
0: MPIL CopyToCPU RADIX-10 Dissemination Time: 2.777689e-05
0: MPIL CopyToCPU RADIX-11 Dissemination Time: 2.681202e-05
0: MPIL CopyToCPU RADIX-12 Dissemination Time: 2.879660e-05
0: MPIL CopyToCPU RADIX-13 Dissemination Time: 3.049682e-05
0: MPIL CopyToCPU RADIX-14 Dissemination Time: 3.077861e-05
0: Testing Size 32
0: PMPI Allreduce Time: 2.370315e-05
0: MPIL GPU-Aware Recursive Doubling Time: 2.347391e-05
0: MPIL GPU-Aware Node-Aware Dissemination Time: 2.469543e-04
0: MPIL GPU-Aware NUMA-Aware Dissemination Time: 2.314474e-04
0: CopyToCPU PMPI Allreduce Time: 1.744759e-05
0: MPIL CopyToCPU Recursive Doubling Time: 2.464091e-05
0: MPIL CopyToCPU Node-Aware Dissemination Time: 2.154971e-05
0: MPIL CopyToCPU NUMA-Aware Dissemination Time: 1.951166e-05
0: MPIL CopyToCPU RADIX-3 Dissemination Time: 2.628293e-05
0: MPIL CopyToCPU RADIX-4 Dissemination Time: 2.428305e-05
0: MPIL CopyToCPU RADIX-5 Dissemination Time: 2.707759e-05
0: MPIL CopyToCPU RADIX-6 Dissemination Time: 3.025796e-05
0: MPIL CopyToCPU RADIX-7 Dissemination Time: 3.066213e-05
0: MPIL CopyToCPU RADIX-8 Dissemination Time: 2.666267e-05
0: MPIL CopyToCPU RADIX-9 Dissemination Time: 2.963360e-05
0: MPIL CopyToCPU RADIX-10 Dissemination Time: 3.386914e-05
0: MPIL CopyToCPU RADIX-11 Dissemination Time: 3.166056e-05
0: MPIL CopyToCPU RADIX-12 Dissemination Time: 3.197805e-05
0: MPIL CopyToCPU RADIX-13 Dissemination Time: 3.730391e-05
0: MPIL CopyToCPU RADIX-14 Dissemination Time: 3.600118e-05
0: Testing Size 64
0: PMPI Allreduce Time: 2.351667e-05
0: MPIL GPU-Aware Recursive Doubling Time: 2.347369e-05
0: MPIL GPU-Aware Node-Aware Dissemination Time: 2.562389e-04
0: MPIL GPU-Aware NUMA-Aware Dissemination Time: 2.306016e-04
0: CopyToCPU PMPI Allreduce Time: 2.263067e-05
0: MPIL CopyToCPU Recursive Doubling Time: 2.484440e-05
0: MPIL CopyToCPU Node-Aware Dissemination Time: 3.019453e-05
0: MPIL CopyToCPU NUMA-Aware Dissemination Time: 2.426316e-05
0: MPIL CopyToCPU RADIX-3 Dissemination Time: 2.685793e-05
0: MPIL CopyToCPU RADIX-4 Dissemination Time: 2.437609e-05
0: MPIL CopyToCPU RADIX-5 Dissemination Time: 2.743899e-05
0: MPIL CopyToCPU RADIX-6 Dissemination Time: 3.073415e-05
0: MPIL CopyToCPU RADIX-7 Dissemination Time: 3.144818e-05
0: MPIL CopyToCPU RADIX-8 Dissemination Time: 2.722855e-05
0: MPIL CopyToCPU RADIX-9 Dissemination Time: 3.018327e-05
0: MPIL CopyToCPU RADIX-10 Dissemination Time: 3.451004e-05
0: MPIL CopyToCPU RADIX-11 Dissemination Time: 3.226961e-05
0: MPIL CopyToCPU RADIX-12 Dissemination Time: 3.276926e-05
0: MPIL CopyToCPU RADIX-13 Dissemination Time: 3.777741e-05
0: MPIL CopyToCPU RADIX-14 Dissemination Time: 3.643320e-05
0: Testing Size 128
0: PMPI Allreduce Time: 3.907806e-05
0: MPIL GPU-Aware Recursive Doubling Time: 3.901413e-05
0: MPIL GPU-Aware Node-Aware Dissemination Time: 2.847478e-04
0: MPIL GPU-Aware NUMA-Aware Dissemination Time: 2.442435e-04
0: CopyToCPU PMPI Allreduce Time: 4.108700e-05
0: MPIL CopyToCPU Recursive Doubling Time: 4.723206e-05
0: MPIL CopyToCPU Node-Aware Dissemination Time: 7.236030e-05
0: MPIL CopyToCPU NUMA-Aware Dissemination Time: 3.917439e-05
0: MPIL CopyToCPU RADIX-3 Dissemination Time: 4.119614e-05
0: MPIL CopyToCPU RADIX-4 Dissemination Time: 3.739516e-05
0: MPIL CopyToCPU RADIX-5 Dissemination Time: 4.310492e-05
0: MPIL CopyToCPU RADIX-6 Dissemination Time: 4.499711e-05
0: MPIL CopyToCPU RADIX-7 Dissemination Time: 4.401521e-05
0: MPIL CopyToCPU RADIX-8 Dissemination Time: 4.270052e-05
0: MPIL CopyToCPU RADIX-9 Dissemination Time: 4.477926e-05
0: MPIL CopyToCPU RADIX-10 Dissemination Time: 4.921484e-05
0: MPIL CopyToCPU RADIX-11 Dissemination Time: 4.891281e-05
0: MPIL CopyToCPU RADIX-12 Dissemination Time: 5.189846e-05
0: MPIL CopyToCPU RADIX-13 Dissemination Time: 5.564835e-05
0: MPIL CopyToCPU RADIX-14 Dissemination Time: 5.431178e-05
0: Testing Size 256
0: PMPI Allreduce Time: 4.585444e-05
0: MPIL GPU-Aware Recursive Doubling Time: 4.574922e-05
0: MPIL GPU-Aware Node-Aware Dissemination Time: 2.871243e-04
0: MPIL GPU-Aware NUMA-Aware Dissemination Time: 2.548394e-04
0: CopyToCPU PMPI Allreduce Time: 4.988373e-05
0: MPIL CopyToCPU Recursive Doubling Time: 6.291140e-05
0: MPIL CopyToCPU Node-Aware Dissemination Time: 9.897880e-05
0: MPIL CopyToCPU NUMA-Aware Dissemination Time: 4.688669e-05
0: MPIL CopyToCPU RADIX-3 Dissemination Time: 4.647769e-05
0: MPIL CopyToCPU RADIX-4 Dissemination Time: 4.208869e-05
0: MPIL CopyToCPU RADIX-5 Dissemination Time: 4.883876e-05
0: MPIL CopyToCPU RADIX-6 Dissemination Time: 4.808308e-05
0: MPIL CopyToCPU RADIX-7 Dissemination Time: 4.745050e-05
0: MPIL CopyToCPU RADIX-8 Dissemination Time: 4.520913e-05
0: MPIL CopyToCPU RADIX-9 Dissemination Time: 4.721328e-05
0: MPIL CopyToCPU RADIX-10 Dissemination Time: 5.109218e-05
0: MPIL CopyToCPU RADIX-11 Dissemination Time: 5.115518e-05
0: MPIL CopyToCPU RADIX-12 Dissemination Time: 5.394825e-05
0: MPIL CopyToCPU RADIX-13 Dissemination Time: 5.893131e-05
0: MPIL CopyToCPU RADIX-14 Dissemination Time: 6.514834e-05
0: Testing Size 512
0: PMPI Allreduce Time: 6.013817e-05
0: MPIL GPU-Aware Recursive Doubling Time: 6.010255e-05
0: MPIL GPU-Aware Node-Aware Dissemination Time: 3.186139e-04
0: MPIL GPU-Aware NUMA-Aware Dissemination Time: 2.660539e-04
0: CopyToCPU PMPI Allreduce Time: 6.257587e-05
0: MPIL CopyToCPU Recursive Doubling Time: 6.503332e-05
0: MPIL CopyToCPU Node-Aware Dissemination Time: 1.172966e-04
0: MPIL CopyToCPU NUMA-Aware Dissemination Time: 5.575774e-05
0: MPIL CopyToCPU RADIX-3 Dissemination Time: 5.603354e-05
0: MPIL CopyToCPU RADIX-4 Dissemination Time: 5.433998e-05
0: MPIL CopyToCPU RADIX-5 Dissemination Time: 5.502790e-05
0: MPIL CopyToCPU RADIX-6 Dissemination Time: 5.789058e-05
0: MPIL CopyToCPU RADIX-7 Dissemination Time: 5.596960e-05
0: MPIL CopyToCPU RADIX-8 Dissemination Time: 5.526890e-05
0: MPIL CopyToCPU RADIX-9 Dissemination Time: 5.749179e-05
0: MPIL CopyToCPU RADIX-10 Dissemination Time: 6.111459e-05
0: MPIL CopyToCPU RADIX-11 Dissemination Time: 6.246148e-05
0: MPIL CopyToCPU RADIX-12 Dissemination Time: 6.481687e-05
0: MPIL CopyToCPU RADIX-13 Dissemination Time: 6.982254e-05
0: MPIL CopyToCPU RADIX-14 Dissemination Time: 7.345403e-05
0: Testing Size 1024
0: PMPI Allreduce Time: 5.127850e-04
0: MPIL GPU-Aware Recursive Doubling Time: 5.130742e-04
0: MPIL GPU-Aware Node-Aware Dissemination Time: 1.385057e-03
0: MPIL GPU-Aware NUMA-Aware Dissemination Time: 1.366320e-03
0: CopyToCPU PMPI Allreduce Time: 9.354001e-05
0: MPIL CopyToCPU Recursive Doubling Time: 9.596358e-05
0: MPIL CopyToCPU Node-Aware Dissemination Time: 1.657489e-04
0: MPIL CopyToCPU NUMA-Aware Dissemination Time: 8.038757e-05
0: MPIL CopyToCPU RADIX-3 Dissemination Time: 8.109052e-05
0: MPIL CopyToCPU RADIX-4 Dissemination Time: 7.213478e-05
0: MPIL CopyToCPU RADIX-5 Dissemination Time: 7.700271e-05
0: MPIL CopyToCPU RADIX-6 Dissemination Time: 7.921053e-05
0: MPIL CopyToCPU RADIX-7 Dissemination Time: 7.576833e-05
0: MPIL CopyToCPU RADIX-8 Dissemination Time: 7.737912e-05
0: MPIL CopyToCPU RADIX-9 Dissemination Time: 8.062666e-05
0: MPIL CopyToCPU RADIX-10 Dissemination Time: 8.355326e-05
0: MPIL CopyToCPU RADIX-11 Dissemination Time: 8.677050e-05
0: MPIL CopyToCPU RADIX-12 Dissemination Time: 8.922068e-05
0: MPIL CopyToCPU RADIX-13 Dissemination Time: 9.560972e-05
0: MPIL CopyToCPU RADIX-14 Dissemination Time: 9.489455e-05
0: Testing Size 2048
0: PMPI Allreduce Time: 1.951342e-04
0: MPIL GPU-Aware Recursive Doubling Time: 1.937660e-04
0: MPIL GPU-Aware Node-Aware Dissemination Time: 1.126033e-03
0: MPIL GPU-Aware NUMA-Aware Dissemination Time: 9.929372e-04
0: CopyToCPU PMPI Allreduce Time: 1.193875e-04
0: MPIL CopyToCPU Recursive Doubling Time: 1.517216e-04
0: MPIL CopyToCPU Node-Aware Dissemination Time: 2.091816e-04
0: MPIL CopyToCPU NUMA-Aware Dissemination Time: 1.208807e-04
0: MPIL CopyToCPU RADIX-3 Dissemination Time: 1.245409e-04
0: MPIL CopyToCPU RADIX-4 Dissemination Time: 1.133583e-04
0: MPIL CopyToCPU RADIX-5 Dissemination Time: 1.222832e-04
0: MPIL CopyToCPU RADIX-6 Dissemination Time: 1.172305e-04
0: MPIL CopyToCPU RADIX-7 Dissemination Time: 1.159049e-04
0: MPIL CopyToCPU RADIX-8 Dissemination Time: 1.167332e-04
0: MPIL CopyToCPU RADIX-9 Dissemination Time: 1.191146e-04
0: MPIL CopyToCPU RADIX-10 Dissemination Time: 1.256280e-04
0: MPIL CopyToCPU RADIX-11 Dissemination Time: 1.286040e-04
0: MPIL CopyToCPU RADIX-12 Dissemination Time: 1.321623e-04
0: MPIL CopyToCPU RADIX-13 Dissemination Time: 1.397790e-04
0: MPIL CopyToCPU RADIX-14 Dissemination Time: 1.408156e-04
0: Testing Size 4096
0: PMPI Allreduce Time: 2.077279e-04
0: MPIL GPU-Aware Recursive Doubling Time: 2.059990e-04
0: MPIL GPU-Aware Node-Aware Dissemination Time: 9.963832e-04
0: MPIL GPU-Aware NUMA-Aware Dissemination Time: 1.085254e-03
0: CopyToCPU PMPI Allreduce Time: 1.885385e-04
0: MPIL CopyToCPU Recursive Doubling Time: 2.751833e-04
0: MPIL CopyToCPU Node-Aware Dissemination Time: 3.436136e-04
0: MPIL CopyToCPU NUMA-Aware Dissemination Time: 2.194025e-04
0: MPIL CopyToCPU RADIX-3 Dissemination Time: 2.305115e-04
0: MPIL CopyToCPU RADIX-4 Dissemination Time: 2.054733e-04
0: MPIL CopyToCPU RADIX-5 Dissemination Time: 2.015215e-04
0: MPIL CopyToCPU RADIX-6 Dissemination Time: 2.001393e-04
0: MPIL CopyToCPU RADIX-7 Dissemination Time: 2.007390e-04
0: MPIL CopyToCPU RADIX-8 Dissemination Time: 1.951822e-04
0: MPIL CopyToCPU RADIX-9 Dissemination Time: 2.055018e-04
0: MPIL CopyToCPU RADIX-10 Dissemination Time: 2.188541e-04
0: MPIL CopyToCPU RADIX-11 Dissemination Time: 2.201857e-04
0: MPIL CopyToCPU RADIX-12 Dissemination Time: 2.254033e-04
0: MPIL CopyToCPU RADIX-13 Dissemination Time: 2.427100e-04
0: MPIL CopyToCPU RADIX-14 Dissemination Time: 2.498714e-04
0: Testing Size 8192
0: PMPI Allreduce Time: 2.146147e-04
0: MPIL GPU-Aware Recursive Doubling Time: 2.162893e-04
0: MPIL GPU-Aware Node-Aware Dissemination Time: 1.181236e-03
0: MPIL GPU-Aware NUMA-Aware Dissemination Time: 1.354787e-03
0: CopyToCPU PMPI Allreduce Time: 3.057723e-04
0: MPIL CopyToCPU Recursive Doubling Time: 4.881747e-04
0: MPIL CopyToCPU Node-Aware Dissemination Time: 5.796628e-04
0: MPIL CopyToCPU NUMA-Aware Dissemination Time: 3.823988e-04
0: MPIL CopyToCPU RADIX-3 Dissemination Time: 4.124659e-04
0: MPIL CopyToCPU RADIX-4 Dissemination Time: 3.788442e-04
0: MPIL CopyToCPU RADIX-5 Dissemination Time: 3.501594e-04
0: MPIL CopyToCPU RADIX-6 Dissemination Time: 3.477481e-04
0: MPIL CopyToCPU RADIX-7 Dissemination Time: 3.521299e-04
0: MPIL CopyToCPU RADIX-8 Dissemination Time: 3.463086e-04
0: MPIL CopyToCPU RADIX-9 Dissemination Time: 3.728270e-04
0: MPIL CopyToCPU RADIX-10 Dissemination Time: 3.898214e-04
0: MPIL CopyToCPU RADIX-11 Dissemination Time: 3.995217e-04
0: MPIL CopyToCPU RADIX-12 Dissemination Time: 4.063625e-04
0: MPIL CopyToCPU RADIX-13 Dissemination Time: 4.258514e-04
0: MPIL CopyToCPU RADIX-14 Dissemination Time: 4.559724e-04
0: Testing Size 16384
0: PMPI Allreduce Time: 2.215040e-04
0: MPIL GPU-Aware Recursive Doubling Time: 2.215925e-04
0: MPIL GPU-Aware Node-Aware Dissemination Time: 1.313535e-03
0: MPIL GPU-Aware NUMA-Aware Dissemination Time: 1.410889e-03
0: CopyToCPU PMPI Allreduce Time: 4.904129e-04
0: MPIL CopyToCPU Recursive Doubling Time: 9.070430e-04
0: MPIL CopyToCPU Node-Aware Dissemination Time: 1.021708e-03
0: MPIL CopyToCPU NUMA-Aware Dissemination Time: 6.803298e-04
0: MPIL CopyToCPU RADIX-3 Dissemination Time: 7.621887e-04
0: MPIL CopyToCPU RADIX-4 Dissemination Time: 7.219413e-04
0: MPIL CopyToCPU RADIX-5 Dissemination Time: 6.378933e-04
0: MPIL CopyToCPU RADIX-6 Dissemination Time: 6.346609e-04
0: MPIL CopyToCPU RADIX-7 Dissemination Time: 6.471932e-04
0: MPIL CopyToCPU RADIX-8 Dissemination Time: 6.567625e-04
0: MPIL CopyToCPU RADIX-9 Dissemination Time: 7.026919e-04
0: MPIL CopyToCPU RADIX-10 Dissemination Time: 7.316439e-04
0: MPIL CopyToCPU RADIX-11 Dissemination Time: 7.502849e-04
0: MPIL CopyToCPU RADIX-12 Dissemination Time: 7.759250e-04
0: MPIL CopyToCPU RADIX-13 Dissemination Time: 8.111648e-04
0: MPIL CopyToCPU RADIX-14 Dissemination Time: 8.641834e-04
0: Testing Size 32768
0: PMPI Allreduce Time: 2.479256e-04
0: MPIL GPU-Aware Recursive Doubling Time: 2.483615e-04
0: MPIL GPU-Aware Node-Aware Dissemination Time: 1.269323e-02
0: MPIL GPU-Aware NUMA-Aware Dissemination Time: 1.703990e-03
0: CopyToCPU PMPI Allreduce Time: 9.720850e-04
0: MPIL CopyToCPU Recursive Doubling Time: 1.739245e-03
0: MPIL CopyToCPU Node-Aware Dissemination Time: 1.779117e-03
0: MPIL CopyToCPU NUMA-Aware Dissemination Time: 1.283216e-03
0: MPIL CopyToCPU RADIX-3 Dissemination Time: 1.479770e-03
0: MPIL CopyToCPU RADIX-4 Dissemination Time: 1.384588e-03
0: MPIL CopyToCPU RADIX-5 Dissemination Time: 1.198196e-03
0: MPIL CopyToCPU RADIX-6 Dissemination Time: 1.211128e-03
0: MPIL CopyToCPU RADIX-7 Dissemination Time: 1.244764e-03
0: MPIL CopyToCPU RADIX-8 Dissemination Time: 1.273987e-03
0: MPIL CopyToCPU RADIX-9 Dissemination Time: 1.352468e-03
0: MPIL CopyToCPU RADIX-10 Dissemination Time: 1.409401e-03
0: MPIL CopyToCPU RADIX-11 Dissemination Time: 1.441819e-03
0: MPIL CopyToCPU RADIX-12 Dissemination Time: 1.507504e-03
0: MPIL CopyToCPU RADIX-13 Dissemination Time: 1.549056e-03
0: MPIL CopyToCPU RADIX-14 Dissemination Time: 1.649675e-03
0: Testing Size 65536
0: PMPI Allreduce Time: 2.842060e-04
0: MPIL GPU-Aware Recursive Doubling Time: 2.834642e-04
0: MPIL GPU-Aware Node-Aware Dissemination Time: 1.413776e-02
0: MPIL GPU-Aware NUMA-Aware Dissemination Time: 2.333467e-03
0: CopyToCPU PMPI Allreduce Time: 1.836046e-03
0: MPIL CopyToCPU Recursive Doubling Time: 3.360914e-03
0: MPIL CopyToCPU Node-Aware Dissemination Time: 3.577215e-03
0: MPIL CopyToCPU NUMA-Aware Dissemination Time: 3.236180e-03
0: MPIL CopyToCPU RADIX-3 Dissemination Time: 2.885402e-03
0: MPIL CopyToCPU RADIX-4 Dissemination Time: 2.735300e-03
0: MPIL CopyToCPU RADIX-5 Dissemination Time: 2.326556e-03
0: MPIL CopyToCPU RADIX-6 Dissemination Time: 2.339387e-03
0: MPIL CopyToCPU RADIX-7 Dissemination Time: 2.464782e-03
0: MPIL CopyToCPU RADIX-8 Dissemination Time: 2.502558e-03
0: MPIL CopyToCPU RADIX-9 Dissemination Time: 2.577012e-03
0: MPIL CopyToCPU RADIX-10 Dissemination Time: 2.611959e-03
0: MPIL CopyToCPU RADIX-11 Dissemination Time: 2.710003e-03
0: MPIL CopyToCPU RADIX-12 Dissemination Time: 2.837767e-03
0: MPIL CopyToCPU RADIX-13 Dissemination Time: 2.871932e-03
0: MPIL CopyToCPU RADIX-14 Dissemination Time: 3.109014e-03
0: Testing Size 131072
0: PMPI Allreduce Time: 3.481583e-04
0: MPIL GPU-Aware Recursive Doubling Time: 3.476084e-04
0: MPIL GPU-Aware Node-Aware Dissemination Time: 1.732938e-02
0: MPIL GPU-Aware NUMA-Aware Dissemination Time: 4.803305e-03
0: CopyToCPU PMPI Allreduce Time: 3.583081e-03
0: MPIL CopyToCPU Recursive Doubling Time: 6.403752e-03
0: MPIL CopyToCPU Node-Aware Dissemination Time: 6.920800e-03
0: MPIL CopyToCPU NUMA-Aware Dissemination Time: 6.221038e-03
0: MPIL CopyToCPU RADIX-3 Dissemination Time: 5.731931e-03
0: MPIL CopyToCPU RADIX-4 Dissemination Time: 5.372163e-03
0: MPIL CopyToCPU RADIX-5 Dissemination Time: 4.552545e-03
0: MPIL CopyToCPU RADIX-6 Dissemination Time: 4.643345e-03
0: MPIL CopyToCPU RADIX-7 Dissemination Time: 4.852389e-03
0: MPIL CopyToCPU RADIX-8 Dissemination Time: 5.030348e-03
0: MPIL CopyToCPU RADIX-9 Dissemination Time: 5.033132e-03
0: MPIL CopyToCPU RADIX-10 Dissemination Time: 5.173407e-03
0: MPIL CopyToCPU RADIX-11 Dissemination Time: 5.356469e-03
0: MPIL CopyToCPU RADIX-12 Dissemination Time: 5.481554e-03
0: MPIL CopyToCPU RADIX-13 Dissemination Time: 5.640028e-03
0: MPIL CopyToCPU RADIX-14 Dissemination Time: 5.908205e-03
0: Testing Size 262144
0: PMPI Allreduce Time: 4.705994e-04
0: MPIL GPU-Aware Recursive Doubling Time: 4.692874e-04
0: MPIL GPU-Aware Node-Aware Dissemination Time: 2.371150e-02
0: MPIL GPU-Aware NUMA-Aware Dissemination Time: 8.921994e-03
0: CopyToCPU PMPI Allreduce Time: 7.181593e-03
0: MPIL CopyToCPU Recursive Doubling Time: 9.696488e-03
0: MPIL CopyToCPU Node-Aware Dissemination Time: 1.421408e-02
0: MPIL CopyToCPU NUMA-Aware Dissemination Time: 1.190862e-02
0: MPIL CopyToCPU RADIX-3 Dissemination Time: 1.107392e-02
0: MPIL CopyToCPU RADIX-4 Dissemination Time: 9.903639e-03
0: MPIL CopyToCPU RADIX-5 Dissemination Time: 9.233743e-03
0: MPIL CopyToCPU RADIX-6 Dissemination Time: 9.600882e-03
0: MPIL CopyToCPU RADIX-7 Dissemination Time: 9.930598e-03
0: MPIL CopyToCPU RADIX-8 Dissemination Time: 1.041959e-02
0: MPIL CopyToCPU RADIX-9 Dissemination Time: 1.089618e-02
0: MPIL CopyToCPU RADIX-10 Dissemination Time: 1.099441e-02
0: MPIL CopyToCPU RADIX-11 Dissemination Time: 1.163313e-02
0: MPIL CopyToCPU RADIX-12 Dissemination Time: 1.127111e-02
0: MPIL CopyToCPU RADIX-13 Dissemination Time: 1.149884e-02
0: MPIL CopyToCPU RADIX-14 Dissemination Time: 1.191652e-02
0: Testing Size 524288
0: PMPI Allreduce Time: 7.272407e-04
0: MPIL GPU-Aware Recursive Doubling Time: 7.271801e-04
0: MPIL GPU-Aware Node-Aware Dissemination Time: 3.399905e-02
0: MPIL GPU-Aware NUMA-Aware Dissemination Time: 1.403879e-02
0: CopyToCPU PMPI Allreduce Time: 1.452435e-02
0: MPIL CopyToCPU Recursive Doubling Time: 1.876440e-02
0: MPIL CopyToCPU Node-Aware Dissemination Time: 2.703997e-02
0: MPIL CopyToCPU NUMA-Aware Dissemination Time: 2.277693e-02
0: MPIL CopyToCPU RADIX-3 Dissemination Time: 1.770101e-02
0: MPIL CopyToCPU RADIX-4 Dissemination Time: 1.763115e-02
0: MPIL CopyToCPU RADIX-5 Dissemination Time: 1.947574e-02
0: MPIL CopyToCPU RADIX-6 Dissemination Time: 1.931774e-02
0: MPIL CopyToCPU RADIX-7 Dissemination Time: 2.010097e-02
0: MPIL CopyToCPU RADIX-8 Dissemination Time: 2.562851e-02
0: MPIL CopyToCPU RADIX-9 Dissemination Time: 2.655259e-02
0: MPIL CopyToCPU RADIX-10 Dissemination Time: 2.739546e-02
0: MPIL CopyToCPU RADIX-11 Dissemination Time: 2.879151e-02
0: MPIL CopyToCPU RADIX-12 Dissemination Time: 2.835093e-02
0: MPIL CopyToCPU RADIX-13 Dissemination Time: 2.986448e-02
0: MPIL CopyToCPU RADIX-14 Dissemination Time: 3.064085e-02
