0: Testing Size 1
0: PMPI Allreduce Time: 2.644182e-05
0: MPIL GPU-Aware Recursive Doubling Time: 2.648976e-05
0: MPIL GPU-Aware Node-Aware Dissemination Time: 2.942032e-04
0: MPIL GPU-Aware NUMA-Aware Dissemination Time: 6.330441e-04
0: CopyToCPU PMPI Allreduce Time: 2.668271e-05
0: MPIL CopyToCPU Recursive Doubling Time: 3.208845e-05
0: MPIL CopyToCPU Node-Aware Dissemination Time: 2.535039e-05
0: MPIL CopyToCPU NUMA-Aware Dissemination Time: 2.311140e-05
0: MPIL CopyToCPU RADIX-3 Dissemination Time: 2.979540e-05
0: MPIL CopyToCPU RADIX-4 Dissemination Time: 3.028069e-05
0: MPIL CopyToCPU RADIX-5 Dissemination Time: 3.050751e-05
0: MPIL CopyToCPU RADIX-6 Dissemination Time: 3.086424e-05
0: MPIL CopyToCPU RADIX-7 Dissemination Time: 3.236616e-05
0: MPIL CopyToCPU RADIX-8 Dissemination Time: 2.933024e-05
0: MPIL CopyToCPU RADIX-9 Dissemination Time: 3.452836e-05
0: MPIL CopyToCPU RADIX-10 Dissemination Time: 3.754646e-05
0: MPIL CopyToCPU RADIX-11 Dissemination Time: 3.921511e-05
0: MPIL CopyToCPU RADIX-12 Dissemination Time: 4.288247e-05
0: MPIL CopyToCPU RADIX-13 Dissemination Time: 4.495110e-05
0: MPIL CopyToCPU RADIX-14 Dissemination Time: 4.425408e-05
0: Testing Size 2
0: PMPI Allreduce Time: 2.621198e-05
0: MPIL GPU-Aware Recursive Doubling Time: 2.612407e-05
0: MPIL GPU-Aware Node-Aware Dissemination Time: 2.879709e-04
0: MPIL GPU-Aware NUMA-Aware Dissemination Time: 6.383951e-04
0: CopyToCPU PMPI Allreduce Time: 2.667446e-05
0: MPIL CopyToCPU Recursive Doubling Time: 3.064296e-05
0: MPIL CopyToCPU Node-Aware Dissemination Time: 2.503698e-05
0: MPIL CopyToCPU NUMA-Aware Dissemination Time: 2.346271e-05
0: MPIL CopyToCPU RADIX-3 Dissemination Time: 3.111555e-05
0: MPIL CopyToCPU RADIX-4 Dissemination Time: 3.200473e-05
0: MPIL CopyToCPU RADIX-5 Dissemination Time: 3.274167e-05
0: MPIL CopyToCPU RADIX-6 Dissemination Time: 3.186562e-05
0: MPIL CopyToCPU RADIX-7 Dissemination Time: 3.474116e-05
0: MPIL CopyToCPU RADIX-8 Dissemination Time: 3.150523e-05
0: MPIL CopyToCPU RADIX-9 Dissemination Time: 3.651643e-05
0: MPIL CopyToCPU RADIX-10 Dissemination Time: 3.789285e-05
0: MPIL CopyToCPU RADIX-11 Dissemination Time: 4.067083e-05
0: MPIL CopyToCPU RADIX-12 Dissemination Time: 4.110576e-05
0: MPIL CopyToCPU RADIX-13 Dissemination Time: 4.401076e-05
0: MPIL CopyToCPU RADIX-14 Dissemination Time: 4.255637e-05
0: Testing Size 4
0: PMPI Allreduce Time: 2.665891e-05
0: MPIL GPU-Aware Recursive Doubling Time: 2.637726e-05
0: MPIL GPU-Aware Node-Aware Dissemination Time: 2.892949e-04
0: MPIL GPU-Aware NUMA-Aware Dissemination Time: 6.387628e-04
0: CopyToCPU PMPI Allreduce Time: 2.670226e-05
0: MPIL CopyToCPU Recursive Doubling Time: 2.981080e-05
0: MPIL CopyToCPU Node-Aware Dissemination Time: 2.497181e-05
0: MPIL CopyToCPU NUMA-Aware Dissemination Time: 2.257054e-05
0: MPIL CopyToCPU RADIX-3 Dissemination Time: 2.977109e-05
0: MPIL CopyToCPU RADIX-4 Dissemination Time: 3.036574e-05
0: MPIL CopyToCPU RADIX-5 Dissemination Time: 3.207888e-05
0: MPIL CopyToCPU RADIX-6 Dissemination Time: 3.117296e-05
0: MPIL CopyToCPU RADIX-7 Dissemination Time: 3.294792e-05
0: MPIL CopyToCPU RADIX-8 Dissemination Time: 2.972448e-05
0: MPIL CopyToCPU RADIX-9 Dissemination Time: 3.476577e-05
0: MPIL CopyToCPU RADIX-10 Dissemination Time: 3.685290e-05
0: MPIL CopyToCPU RADIX-11 Dissemination Time: 3.783977e-05
0: MPIL CopyToCPU RADIX-12 Dissemination Time: 4.059777e-05
0: MPIL CopyToCPU RADIX-13 Dissemination Time: 4.257550e-05
0: MPIL CopyToCPU RADIX-14 Dissemination Time: 4.308406e-05
0: Testing Size 8
0: PMPI Allreduce Time: 2.645823e-05
0: MPIL GPU-Aware Recursive Doubling Time: 2.640509e-05
0: MPIL GPU-Aware Node-Aware Dissemination Time: 2.907159e-04
0: MPIL GPU-Aware NUMA-Aware Dissemination Time: 6.392084e-04
0: CopyToCPU PMPI Allreduce Time: 2.655333e-05
0: MPIL CopyToCPU Recursive Doubling Time: 3.202614e-05
0: MPIL CopyToCPU Node-Aware Dissemination Time: 2.507233e-05
0: MPIL CopyToCPU NUMA-Aware Dissemination Time: 2.256198e-05
0: MPIL CopyToCPU RADIX-3 Dissemination Time: 3.132092e-05
0: MPIL CopyToCPU RADIX-4 Dissemination Time: 3.240390e-05
0: MPIL CopyToCPU RADIX-5 Dissemination Time: 3.225328e-05
0: MPIL CopyToCPU RADIX-6 Dissemination Time: 3.302663e-05
0: MPIL CopyToCPU RADIX-7 Dissemination Time: 3.423900e-05
0: MPIL CopyToCPU RADIX-8 Dissemination Time: 3.151926e-05
0: MPIL CopyToCPU RADIX-9 Dissemination Time: 3.692203e-05
0: MPIL CopyToCPU RADIX-10 Dissemination Time: 3.986528e-05
0: MPIL CopyToCPU RADIX-11 Dissemination Time: 4.031935e-05
0: MPIL CopyToCPU RADIX-12 Dissemination Time: 4.432476e-05
0: MPIL CopyToCPU RADIX-13 Dissemination Time: 4.558175e-05
0: MPIL CopyToCPU RADIX-14 Dissemination Time: 4.658981e-05
0: Testing Size 16
0: PMPI Allreduce Time: 2.819398e-05
0: MPIL GPU-Aware Recursive Doubling Time: 2.820308e-05
0: MPIL GPU-Aware Node-Aware Dissemination Time: 2.884144e-04
0: MPIL GPU-Aware NUMA-Aware Dissemination Time: 6.377656e-04
0: CopyToCPU PMPI Allreduce Time: 2.825426e-05
0: MPIL CopyToCPU Recursive Doubling Time: 3.508265e-05
0: MPIL CopyToCPU Node-Aware Dissemination Time: 2.539514e-05
0: MPIL CopyToCPU NUMA-Aware Dissemination Time: 2.485092e-05
0: MPIL CopyToCPU RADIX-3 Dissemination Time: 3.321962e-05
0: MPIL CopyToCPU RADIX-4 Dissemination Time: 3.443806e-05
0: MPIL CopyToCPU RADIX-5 Dissemination Time: 3.344172e-05
0: MPIL CopyToCPU RADIX-6 Dissemination Time: 3.509785e-05
0: MPIL CopyToCPU RADIX-7 Dissemination Time: 3.648525e-05
0: MPIL CopyToCPU RADIX-8 Dissemination Time: 3.298551e-05
0: MPIL CopyToCPU RADIX-9 Dissemination Time: 4.002424e-05
0: MPIL CopyToCPU RADIX-10 Dissemination Time: 4.322513e-05
0: MPIL CopyToCPU RADIX-11 Dissemination Time: 4.354129e-05
0: MPIL CopyToCPU RADIX-12 Dissemination Time: 4.757558e-05
0: MPIL CopyToCPU RADIX-13 Dissemination Time: 4.872057e-05
0: MPIL CopyToCPU RADIX-14 Dissemination Time: 4.956065e-05
0: Testing Size 32
0: PMPI Allreduce Time: 4.709926e-05
0: MPIL GPU-Aware Recursive Doubling Time: 4.672850e-05
0: MPIL GPU-Aware Node-Aware Dissemination Time: 2.999550e-04
0: MPIL GPU-Aware NUMA-Aware Dissemination Time: 6.456486e-04
0: CopyToCPU PMPI Allreduce Time: 3.639326e-05
0: MPIL CopyToCPU Recursive Doubling Time: 4.958875e-05
0: MPIL CopyToCPU Node-Aware Dissemination Time: 2.794713e-05
0: MPIL CopyToCPU NUMA-Aware Dissemination Time: 2.988044e-05
0: MPIL CopyToCPU RADIX-3 Dissemination Time: 4.777234e-05
0: MPIL CopyToCPU RADIX-4 Dissemination Time: 4.396378e-05
0: MPIL CopyToCPU RADIX-5 Dissemination Time: 4.629766e-05
0: MPIL CopyToCPU RADIX-6 Dissemination Time: 4.228123e-05
0: MPIL CopyToCPU RADIX-7 Dissemination Time: 4.470145e-05
0: MPIL CopyToCPU RADIX-8 Dissemination Time: 3.825967e-05
0: MPIL CopyToCPU RADIX-9 Dissemination Time: 4.894875e-05
0: MPIL CopyToCPU RADIX-10 Dissemination Time: 5.026436e-05
0: MPIL CopyToCPU RADIX-11 Dissemination Time: 5.310708e-05
0: MPIL CopyToCPU RADIX-12 Dissemination Time: 5.467622e-05
0: MPIL CopyToCPU RADIX-13 Dissemination Time: 5.785329e-05
0: MPIL CopyToCPU RADIX-14 Dissemination Time: 5.429519e-05
0: Testing Size 64
0: PMPI Allreduce Time: 4.709895e-05
0: MPIL GPU-Aware Recursive Doubling Time: 4.712300e-05
0: MPIL GPU-Aware Node-Aware Dissemination Time: 3.010406e-04
0: MPIL GPU-Aware NUMA-Aware Dissemination Time: 6.437687e-04
0: CopyToCPU PMPI Allreduce Time: 4.617044e-05
0: MPIL CopyToCPU Recursive Doubling Time: 5.002080e-05
0: MPIL CopyToCPU Node-Aware Dissemination Time: 3.358638e-05
0: MPIL CopyToCPU NUMA-Aware Dissemination Time: 3.595875e-05
0: MPIL CopyToCPU RADIX-3 Dissemination Time: 4.890627e-05
0: MPIL CopyToCPU RADIX-4 Dissemination Time: 4.479926e-05
0: MPIL CopyToCPU RADIX-5 Dissemination Time: 4.731494e-05
0: MPIL CopyToCPU RADIX-6 Dissemination Time: 4.282857e-05
0: MPIL CopyToCPU RADIX-7 Dissemination Time: 4.529678e-05
0: MPIL CopyToCPU RADIX-8 Dissemination Time: 3.877467e-05
0: MPIL CopyToCPU RADIX-9 Dissemination Time: 4.946891e-05
0: MPIL CopyToCPU RADIX-10 Dissemination Time: 5.092650e-05
0: MPIL CopyToCPU RADIX-11 Dissemination Time: 5.387537e-05
0: MPIL CopyToCPU RADIX-12 Dissemination Time: 5.531477e-05
0: MPIL CopyToCPU RADIX-13 Dissemination Time: 5.902156e-05
0: MPIL CopyToCPU RADIX-14 Dissemination Time: 5.536507e-05
0: Testing Size 128
0: PMPI Allreduce Time: 6.049931e-05
0: MPIL GPU-Aware Recursive Doubling Time: 6.045057e-05
0: MPIL GPU-Aware Node-Aware Dissemination Time: 3.346513e-04
0: MPIL GPU-Aware NUMA-Aware Dissemination Time: 6.479968e-04
0: CopyToCPU PMPI Allreduce Time: 6.062336e-05
0: MPIL CopyToCPU Recursive Doubling Time: 6.550913e-05
0: MPIL CopyToCPU Node-Aware Dissemination Time: 7.856997e-05
0: MPIL CopyToCPU NUMA-Aware Dissemination Time: 5.598139e-05
0: MPIL CopyToCPU RADIX-3 Dissemination Time: 5.805389e-05
0: MPIL CopyToCPU RADIX-4 Dissemination Time: 5.652629e-05
0: MPIL CopyToCPU RADIX-5 Dissemination Time: 5.798966e-05
0: MPIL CopyToCPU RADIX-6 Dissemination Time: 5.659072e-05
0: MPIL CopyToCPU RADIX-7 Dissemination Time: 5.956524e-05
0: MPIL CopyToCPU RADIX-8 Dissemination Time: 5.481271e-05
0: MPIL CopyToCPU RADIX-9 Dissemination Time: 6.506404e-05
0: MPIL CopyToCPU RADIX-10 Dissemination Time: 6.847850e-05
0: MPIL CopyToCPU RADIX-11 Dissemination Time: 7.083908e-05
0: MPIL CopyToCPU RADIX-12 Dissemination Time: 7.254577e-05
0: MPIL CopyToCPU RADIX-13 Dissemination Time: 7.568816e-05
0: MPIL CopyToCPU RADIX-14 Dissemination Time: 7.393979e-05
0: Testing Size 256
0: PMPI Allreduce Time: 6.804122e-05
0: MPIL GPU-Aware Recursive Doubling Time: 6.799914e-05
0: MPIL GPU-Aware Node-Aware Dissemination Time: 3.460544e-04
0: MPIL GPU-Aware NUMA-Aware Dissemination Time: 6.519167e-04
0: CopyToCPU PMPI Allreduce Time: 7.274053e-05
0: MPIL CopyToCPU Recursive Doubling Time: 7.978780e-05
0: MPIL CopyToCPU Node-Aware Dissemination Time: 1.110597e-04
0: MPIL CopyToCPU NUMA-Aware Dissemination Time: 7.320580e-05
0: MPIL CopyToCPU RADIX-3 Dissemination Time: 6.536214e-05
0: MPIL CopyToCPU RADIX-4 Dissemination Time: 6.376432e-05
0: MPIL CopyToCPU RADIX-5 Dissemination Time: 6.333761e-05
0: MPIL CopyToCPU RADIX-6 Dissemination Time: 6.367365e-05
0: MPIL CopyToCPU RADIX-7 Dissemination Time: 6.580953e-05
0: MPIL CopyToCPU RADIX-8 Dissemination Time: 5.892913e-05
0: MPIL CopyToCPU RADIX-9 Dissemination Time: 7.324021e-05
0: MPIL CopyToCPU RADIX-10 Dissemination Time: 7.533059e-05
0: MPIL CopyToCPU RADIX-11 Dissemination Time: 8.090794e-05
0: MPIL CopyToCPU RADIX-12 Dissemination Time: 8.829460e-05
0: MPIL CopyToCPU RADIX-13 Dissemination Time: 9.226948e-05
0: MPIL CopyToCPU RADIX-14 Dissemination Time: 9.957507e-05
0: Testing Size 512
0: PMPI Allreduce Time: 8.301724e-05
0: MPIL GPU-Aware Recursive Doubling Time: 8.292461e-05
0: MPIL GPU-Aware Node-Aware Dissemination Time: 3.690901e-04
0: MPIL GPU-Aware NUMA-Aware Dissemination Time: 6.562737e-04
0: CopyToCPU PMPI Allreduce Time: 8.393855e-05
0: MPIL CopyToCPU Recursive Doubling Time: 8.856360e-05
0: MPIL CopyToCPU Node-Aware Dissemination Time: 1.247285e-04
0: MPIL CopyToCPU NUMA-Aware Dissemination Time: 7.961163e-05
0: MPIL CopyToCPU RADIX-3 Dissemination Time: 7.781262e-05
0: MPIL CopyToCPU RADIX-4 Dissemination Time: 7.540719e-05
0: MPIL CopyToCPU RADIX-5 Dissemination Time: 6.935427e-05
0: MPIL CopyToCPU RADIX-6 Dissemination Time: 6.951363e-05
0: MPIL CopyToCPU RADIX-7 Dissemination Time: 7.343742e-05
0: MPIL CopyToCPU RADIX-8 Dissemination Time: 6.914741e-05
0: MPIL CopyToCPU RADIX-9 Dissemination Time: 7.924819e-05
0: MPIL CopyToCPU RADIX-10 Dissemination Time: 8.446836e-05
0: MPIL CopyToCPU RADIX-11 Dissemination Time: 8.775315e-05
0: MPIL CopyToCPU RADIX-12 Dissemination Time: 9.052655e-05
0: MPIL CopyToCPU RADIX-13 Dissemination Time: 9.433268e-05
0: MPIL CopyToCPU RADIX-14 Dissemination Time: 1.031964e-04
0: Testing Size 1024
0: PMPI Allreduce Time: 5.978587e-04
0: MPIL GPU-Aware Recursive Doubling Time: 5.974850e-04
0: MPIL GPU-Aware Node-Aware Dissemination Time: 1.447309e-03
0: MPIL GPU-Aware NUMA-Aware Dissemination Time: 2.822192e-03
0: CopyToCPU PMPI Allreduce Time: 1.172898e-04
0: MPIL CopyToCPU Recursive Doubling Time: 1.230144e-04
0: MPIL CopyToCPU Node-Aware Dissemination Time: 1.987356e-04
0: MPIL CopyToCPU NUMA-Aware Dissemination Time: 1.222330e-04
0: MPIL CopyToCPU RADIX-3 Dissemination Time: 1.009501e-04
0: MPIL CopyToCPU RADIX-4 Dissemination Time: 9.629068e-05
0: MPIL CopyToCPU RADIX-5 Dissemination Time: 8.609673e-05
0: MPIL CopyToCPU RADIX-6 Dissemination Time: 9.015860e-05
0: MPIL CopyToCPU RADIX-7 Dissemination Time: 9.697304e-05
0: MPIL CopyToCPU RADIX-8 Dissemination Time: 9.300086e-05
0: MPIL CopyToCPU RADIX-9 Dissemination Time: 1.056380e-04
0: MPIL CopyToCPU RADIX-10 Dissemination Time: 1.112571e-04
0: MPIL CopyToCPU RADIX-11 Dissemination Time: 1.149924e-04
0: MPIL CopyToCPU RADIX-12 Dissemination Time: 1.208547e-04
0: MPIL CopyToCPU RADIX-13 Dissemination Time: 1.218510e-04
0: MPIL CopyToCPU RADIX-14 Dissemination Time: 1.303003e-04
0: Testing Size 2048
0: PMPI Allreduce Time: 2.663785e-04
0: MPIL GPU-Aware Recursive Doubling Time: 2.638623e-04
0: MPIL GPU-Aware Node-Aware Dissemination Time: 1.100604e-03
0: MPIL GPU-Aware NUMA-Aware Dissemination Time: 2.312973e-03
0: CopyToCPU PMPI Allreduce Time: 1.519016e-04
0: MPIL CopyToCPU Recursive Doubling Time: 1.815032e-04
0: MPIL CopyToCPU Node-Aware Dissemination Time: 2.237089e-04
0: MPIL CopyToCPU NUMA-Aware Dissemination Time: 1.653512e-04
0: MPIL CopyToCPU RADIX-3 Dissemination Time: 1.463759e-04
0: MPIL CopyToCPU RADIX-4 Dissemination Time: 1.469604e-04
0: MPIL CopyToCPU RADIX-5 Dissemination Time: 1.286770e-04
0: MPIL CopyToCPU RADIX-6 Dissemination Time: 1.349624e-04
0: MPIL CopyToCPU RADIX-7 Dissemination Time: 1.500390e-04
0: MPIL CopyToCPU RADIX-8 Dissemination Time: 1.487682e-04
0: MPIL CopyToCPU RADIX-9 Dissemination Time: 1.568351e-04
0: MPIL CopyToCPU RADIX-10 Dissemination Time: 1.661672e-04
0: MPIL CopyToCPU RADIX-11 Dissemination Time: 1.701944e-04
0: MPIL CopyToCPU RADIX-12 Dissemination Time: 1.768939e-04
0: MPIL CopyToCPU RADIX-13 Dissemination Time: 1.873168e-04
0: MPIL CopyToCPU RADIX-14 Dissemination Time: 2.002524e-04
0: Testing Size 4096
0: PMPI Allreduce Time: 2.805479e-04
0: MPIL GPU-Aware Recursive Doubling Time: 2.802111e-04
0: MPIL GPU-Aware Node-Aware Dissemination Time: 1.080888e-03
0: MPIL GPU-Aware NUMA-Aware Dissemination Time: 2.267564e-03
0: CopyToCPU PMPI Allreduce Time: 2.263927e-04
0: MPIL CopyToCPU Recursive Doubling Time: 3.289398e-04
0: MPIL CopyToCPU Node-Aware Dissemination Time: 3.871140e-04
0: MPIL CopyToCPU NUMA-Aware Dissemination Time: 3.125544e-04
0: MPIL CopyToCPU RADIX-3 Dissemination Time: 2.756033e-04
0: MPIL CopyToCPU RADIX-4 Dissemination Time: 2.787574e-04
0: MPIL CopyToCPU RADIX-5 Dissemination Time: 2.417759e-04
0: MPIL CopyToCPU RADIX-6 Dissemination Time: 2.608993e-04
0: MPIL CopyToCPU RADIX-7 Dissemination Time: 2.923290e-04
0: MPIL CopyToCPU RADIX-8 Dissemination Time: 2.845167e-04
0: MPIL CopyToCPU RADIX-9 Dissemination Time: 3.024034e-04
0: MPIL CopyToCPU RADIX-10 Dissemination Time: 3.158234e-04
0: MPIL CopyToCPU RADIX-11 Dissemination Time: 3.286373e-04
0: MPIL CopyToCPU RADIX-12 Dissemination Time: 3.478096e-04
0: MPIL CopyToCPU RADIX-13 Dissemination Time: 3.618904e-04
0: MPIL CopyToCPU RADIX-14 Dissemination Time: 3.949656e-04
0: Testing Size 8192
0: PMPI Allreduce Time: 2.924254e-04
0: MPIL GPU-Aware Recursive Doubling Time: 2.918144e-04
0: MPIL GPU-Aware Node-Aware Dissemination Time: 1.308918e-03
0: MPIL GPU-Aware NUMA-Aware Dissemination Time: 2.227304e-03
0: CopyToCPU PMPI Allreduce Time: 3.462922e-04
0: MPIL CopyToCPU Recursive Doubling Time: 5.477644e-04
0: MPIL CopyToCPU Node-Aware Dissemination Time: 6.067838e-04
0: MPIL CopyToCPU NUMA-Aware Dissemination Time: 5.045400e-04
0: MPIL CopyToCPU RADIX-3 Dissemination Time: 4.753302e-04
0: MPIL CopyToCPU RADIX-4 Dissemination Time: 4.908395e-04
0: MPIL CopyToCPU RADIX-5 Dissemination Time: 4.360604e-04
0: MPIL CopyToCPU RADIX-6 Dissemination Time: 4.558317e-04
0: MPIL CopyToCPU RADIX-7 Dissemination Time: 5.307133e-04
0: MPIL CopyToCPU RADIX-8 Dissemination Time: 5.267781e-04
0: MPIL CopyToCPU RADIX-9 Dissemination Time: 5.374771e-04
0: MPIL CopyToCPU RADIX-10 Dissemination Time: 5.661052e-04
0: MPIL CopyToCPU RADIX-11 Dissemination Time: 5.927853e-04
0: MPIL CopyToCPU RADIX-12 Dissemination Time: 6.538294e-04
0: MPIL CopyToCPU RADIX-13 Dissemination Time: 6.713957e-04
0: MPIL CopyToCPU RADIX-14 Dissemination Time: 7.406139e-04
0: Testing Size 16384
0: PMPI Allreduce Time: 2.994702e-04
0: MPIL GPU-Aware Recursive Doubling Time: 2.983689e-04
0: MPIL GPU-Aware Node-Aware Dissemination Time: 1.391138e-03
0: MPIL GPU-Aware NUMA-Aware Dissemination Time: 2.730269e-03
0: CopyToCPU PMPI Allreduce Time: 5.892733e-04
0: MPIL CopyToCPU Recursive Doubling Time: 1.003012e-03
0: MPIL CopyToCPU Node-Aware Dissemination Time: 1.105480e-03
0: MPIL CopyToCPU NUMA-Aware Dissemination Time: 8.972814e-04
0: MPIL CopyToCPU RADIX-3 Dissemination Time: 8.797686e-04
0: MPIL CopyToCPU RADIX-4 Dissemination Time: 9.205363e-04
0: MPIL CopyToCPU RADIX-5 Dissemination Time: 8.201226e-04
0: MPIL CopyToCPU RADIX-6 Dissemination Time: 8.568126e-04
0: MPIL CopyToCPU RADIX-7 Dissemination Time: 1.021098e-03
0: MPIL CopyToCPU RADIX-8 Dissemination Time: 1.004289e-03
0: MPIL CopyToCPU RADIX-9 Dissemination Time: 1.010103e-03
0: MPIL CopyToCPU RADIX-10 Dissemination Time: 1.073319e-03
0: MPIL CopyToCPU RADIX-11 Dissemination Time: 1.157072e-03
0: MPIL CopyToCPU RADIX-12 Dissemination Time: 1.310281e-03
0: MPIL CopyToCPU RADIX-13 Dissemination Time: 1.300971e-03
0: MPIL CopyToCPU RADIX-14 Dissemination Time: 1.455800e-03
0: Testing Size 32768
0: PMPI Allreduce Time: 3.157324e-04
0: MPIL GPU-Aware Recursive Doubling Time: 3.148959e-04
0: MPIL GPU-Aware Node-Aware Dissemination Time: 1.249299e-02
0: MPIL GPU-Aware NUMA-Aware Dissemination Time: 3.318985e-03
0: CopyToCPU PMPI Allreduce Time: 1.030478e-03
0: MPIL CopyToCPU Recursive Doubling Time: 1.923387e-03
0: MPIL CopyToCPU Node-Aware Dissemination Time: 1.951814e-03
0: MPIL CopyToCPU NUMA-Aware Dissemination Time: 1.655708e-03
0: MPIL CopyToCPU RADIX-3 Dissemination Time: 1.678585e-03
0: MPIL CopyToCPU RADIX-4 Dissemination Time: 1.750183e-03
0: MPIL CopyToCPU RADIX-5 Dissemination Time: 1.591775e-03
0: MPIL CopyToCPU RADIX-6 Dissemination Time: 1.647549e-03
0: MPIL CopyToCPU RADIX-7 Dissemination Time: 1.991695e-03
0: MPIL CopyToCPU RADIX-8 Dissemination Time: 1.950559e-03
0: MPIL CopyToCPU RADIX-9 Dissemination Time: 1.968123e-03
0: MPIL CopyToCPU RADIX-10 Dissemination Time: 2.099353e-03
0: MPIL CopyToCPU RADIX-11 Dissemination Time: 2.244930e-03
0: MPIL CopyToCPU RADIX-12 Dissemination Time: 2.496645e-03
0: MPIL CopyToCPU RADIX-13 Dissemination Time: 2.518787e-03
0: MPIL CopyToCPU RADIX-14 Dissemination Time: 2.864779e-03
0: Testing Size 65536
0: PMPI Allreduce Time: 3.535854e-04
0: MPIL GPU-Aware Recursive Doubling Time: 3.528216e-04
0: MPIL GPU-Aware Node-Aware Dissemination Time: 1.373784e-02
0: MPIL GPU-Aware NUMA-Aware Dissemination Time: 4.804969e-03
0: CopyToCPU PMPI Allreduce Time: 1.808616e-03
0: MPIL CopyToCPU Recursive Doubling Time: 3.706784e-03
0: MPIL CopyToCPU Node-Aware Dissemination Time: 3.666245e-03
0: MPIL CopyToCPU NUMA-Aware Dissemination Time: 3.026635e-03
0: MPIL CopyToCPU RADIX-3 Dissemination Time: 3.243577e-03
0: MPIL CopyToCPU RADIX-4 Dissemination Time: 3.399430e-03
0: MPIL CopyToCPU RADIX-5 Dissemination Time: 3.171473e-03
0: MPIL CopyToCPU RADIX-6 Dissemination Time: 3.221206e-03
0: MPIL CopyToCPU RADIX-7 Dissemination Time: 3.873304e-03
0: MPIL CopyToCPU RADIX-8 Dissemination Time: 3.789992e-03
0: MPIL CopyToCPU RADIX-9 Dissemination Time: 3.831788e-03
0: MPIL CopyToCPU RADIX-10 Dissemination Time: 4.102675e-03
0: MPIL CopyToCPU RADIX-11 Dissemination Time: 4.454402e-03
0: MPIL CopyToCPU RADIX-12 Dissemination Time: 4.804043e-03
0: MPIL CopyToCPU RADIX-13 Dissemination Time: 4.934802e-03
0: MPIL CopyToCPU RADIX-14 Dissemination Time: 5.545180e-03
0: Testing Size 131072
0: PMPI Allreduce Time: 4.222683e-04
0: MPIL GPU-Aware Recursive Doubling Time: 4.231311e-04
0: MPIL GPU-Aware Node-Aware Dissemination Time: 1.679135e-02
0: MPIL GPU-Aware NUMA-Aware Dissemination Time: 1.082975e-02
0: CopyToCPU PMPI Allreduce Time: 3.567405e-03
0: MPIL CopyToCPU Recursive Doubling Time: 7.010689e-03
0: MPIL CopyToCPU Node-Aware Dissemination Time: 6.760317e-03
0: MPIL CopyToCPU NUMA-Aware Dissemination Time: 5.993203e-03
0: MPIL CopyToCPU RADIX-3 Dissemination Time: 6.122512e-03
0: MPIL CopyToCPU RADIX-4 Dissemination Time: 6.602415e-03
0: MPIL CopyToCPU RADIX-5 Dissemination Time: 6.218141e-03
0: MPIL CopyToCPU RADIX-6 Dissemination Time: 6.372855e-03
0: MPIL CopyToCPU RADIX-7 Dissemination Time: 7.431966e-03
0: MPIL CopyToCPU RADIX-8 Dissemination Time: 7.300812e-03
0: MPIL CopyToCPU RADIX-9 Dissemination Time: 7.527360e-03
0: MPIL CopyToCPU RADIX-10 Dissemination Time: 7.960148e-03
0: MPIL CopyToCPU RADIX-11 Dissemination Time: 8.528143e-03
0: MPIL CopyToCPU RADIX-12 Dissemination Time: 9.038397e-03
0: MPIL CopyToCPU RADIX-13 Dissemination Time: 9.511694e-03
0: MPIL CopyToCPU RADIX-14 Dissemination Time: 1.039933e-02
0: Testing Size 262144
0: PMPI Allreduce Time: 5.555920e-04
0: MPIL GPU-Aware Recursive Doubling Time: 5.550190e-04
0: MPIL GPU-Aware Node-Aware Dissemination Time: 2.240853e-02
0: MPIL GPU-Aware NUMA-Aware Dissemination Time: 2.073688e-02
0: CopyToCPU PMPI Allreduce Time: 7.061443e-03
0: MPIL CopyToCPU Recursive Doubling Time: 1.375929e-02
0: MPIL CopyToCPU Node-Aware Dissemination Time: 1.323052e-02
0: MPIL CopyToCPU NUMA-Aware Dissemination Time: 1.143471e-02
0: MPIL CopyToCPU RADIX-3 Dissemination Time: 1.267719e-02
0: MPIL CopyToCPU RADIX-4 Dissemination Time: 1.291236e-02
0: MPIL CopyToCPU RADIX-5 Dissemination Time: 1.225041e-02
0: MPIL CopyToCPU RADIX-6 Dissemination Time: 1.212350e-02
0: MPIL CopyToCPU RADIX-7 Dissemination Time: 1.400722e-02
0: MPIL CopyToCPU RADIX-8 Dissemination Time: 1.414391e-02
0: MPIL CopyToCPU RADIX-9 Dissemination Time: 1.479519e-02
0: MPIL CopyToCPU RADIX-10 Dissemination Time: 1.598942e-02
0: MPIL CopyToCPU RADIX-11 Dissemination Time: 1.722061e-02
0: MPIL CopyToCPU RADIX-12 Dissemination Time: 1.884926e-02
0: MPIL CopyToCPU RADIX-13 Dissemination Time: 1.965226e-02
0: MPIL CopyToCPU RADIX-14 Dissemination Time: 2.160856e-02
0: Testing Size 524288
0: PMPI Allreduce Time: 8.341936e-04
0: MPIL GPU-Aware Recursive Doubling Time: 8.337170e-04
0: MPIL GPU-Aware Node-Aware Dissemination Time: 3.499229e-02
0: MPIL GPU-Aware NUMA-Aware Dissemination Time: 3.754738e-02
0: CopyToCPU PMPI Allreduce Time: 1.471179e-02
0: MPIL CopyToCPU Recursive Doubling Time: 2.555817e-02
0: MPIL CopyToCPU Node-Aware Dissemination Time: 2.791296e-02
0: MPIL CopyToCPU NUMA-Aware Dissemination Time: 2.237107e-02
0: MPIL CopyToCPU RADIX-3 Dissemination Time: 2.329733e-02
0: MPIL CopyToCPU RADIX-4 Dissemination Time: 2.200368e-02
0: MPIL CopyToCPU RADIX-5 Dissemination Time: 2.328919e-02
0: MPIL CopyToCPU RADIX-6 Dissemination Time: 2.455675e-02
0: MPIL CopyToCPU RADIX-7 Dissemination Time: 2.886882e-02
0: MPIL CopyToCPU RADIX-8 Dissemination Time: 3.233091e-02
0: MPIL CopyToCPU RADIX-9 Dissemination Time: 3.340954e-02
0: MPIL CopyToCPU RADIX-10 Dissemination Time: 3.533617e-02
0: MPIL CopyToCPU RADIX-11 Dissemination Time: 3.768413e-02
0: MPIL CopyToCPU RADIX-12 Dissemination Time: 3.946434e-02
0: MPIL CopyToCPU RADIX-13 Dissemination Time: 4.238029e-02
0: MPIL CopyToCPU RADIX-14 Dissemination Time: 4.673232e-02
