0: Testing Size 1
0: PMPI Allreduce Time: 2.705061e-05
0: MPIL GPU-Aware Recursive Doubling Time: 2.663670e-05
0: MPIL GPU-Aware Node-Aware Dissemination Time: 2.902494e-04
0: MPIL GPU-Aware NUMA-Aware Dissemination Time: 6.296524e-04
0: CopyToCPU PMPI Allreduce Time: 2.683622e-05
0: MPIL CopyToCPU Recursive Doubling Time: 3.160735e-05
0: MPIL CopyToCPU Node-Aware Dissemination Time: 2.485855e-05
0: MPIL CopyToCPU NUMA-Aware Dissemination Time: 2.287248e-05
0: MPIL CopyToCPU RADIX-3 Dissemination Time: 2.959021e-05
0: MPIL CopyToCPU RADIX-4 Dissemination Time: 3.013646e-05
0: MPIL CopyToCPU RADIX-5 Dissemination Time: 3.118073e-05
0: MPIL CopyToCPU RADIX-6 Dissemination Time: 3.047923e-05
0: MPIL CopyToCPU RADIX-7 Dissemination Time: 3.208940e-05
0: MPIL CopyToCPU RADIX-8 Dissemination Time: 2.933184e-05
0: MPIL CopyToCPU RADIX-9 Dissemination Time: 3.440583e-05
0: MPIL CopyToCPU RADIX-10 Dissemination Time: 3.715649e-05
0: MPIL CopyToCPU RADIX-11 Dissemination Time: 3.912461e-05
0: MPIL CopyToCPU RADIX-12 Dissemination Time: 4.215465e-05
0: MPIL CopyToCPU RADIX-13 Dissemination Time: 4.433639e-05
0: MPIL CopyToCPU RADIX-14 Dissemination Time: 4.389715e-05
0: Testing Size 2
0: PMPI Allreduce Time: 2.625381e-05
0: MPIL GPU-Aware Recursive Doubling Time: 2.618362e-05
0: MPIL GPU-Aware Node-Aware Dissemination Time: 2.802237e-04
0: MPIL GPU-Aware NUMA-Aware Dissemination Time: 6.326610e-04
0: CopyToCPU PMPI Allreduce Time: 2.685343e-05
0: MPIL CopyToCPU Recursive Doubling Time: 3.055823e-05
0: MPIL CopyToCPU Node-Aware Dissemination Time: 2.451269e-05
0: MPIL CopyToCPU NUMA-Aware Dissemination Time: 2.298746e-05
0: MPIL CopyToCPU RADIX-3 Dissemination Time: 3.067831e-05
0: MPIL CopyToCPU RADIX-4 Dissemination Time: 3.245746e-05
0: MPIL CopyToCPU RADIX-5 Dissemination Time: 3.373836e-05
0: MPIL CopyToCPU RADIX-6 Dissemination Time: 3.117874e-05
0: MPIL CopyToCPU RADIX-7 Dissemination Time: 3.411056e-05
0: MPIL CopyToCPU RADIX-8 Dissemination Time: 3.163451e-05
0: MPIL CopyToCPU RADIX-9 Dissemination Time: 3.614499e-05
0: MPIL CopyToCPU RADIX-10 Dissemination Time: 3.719542e-05
0: MPIL CopyToCPU RADIX-11 Dissemination Time: 4.078486e-05
0: MPIL CopyToCPU RADIX-12 Dissemination Time: 4.028249e-05
0: MPIL CopyToCPU RADIX-13 Dissemination Time: 4.450265e-05
0: MPIL CopyToCPU RADIX-14 Dissemination Time: 4.266154e-05
0: Testing Size 4
0: PMPI Allreduce Time: 2.666554e-05
0: MPIL GPU-Aware Recursive Doubling Time: 2.639502e-05
0: MPIL GPU-Aware Node-Aware Dissemination Time: 2.841519e-04
0: MPIL GPU-Aware NUMA-Aware Dissemination Time: 6.309054e-04
0: CopyToCPU PMPI Allreduce Time: 2.681794e-05
0: MPIL CopyToCPU Recursive Doubling Time: 2.959823e-05
0: MPIL CopyToCPU Node-Aware Dissemination Time: 2.432456e-05
0: MPIL CopyToCPU NUMA-Aware Dissemination Time: 2.220278e-05
0: MPIL CopyToCPU RADIX-3 Dissemination Time: 2.948370e-05
0: MPIL CopyToCPU RADIX-4 Dissemination Time: 3.013786e-05
0: MPIL CopyToCPU RADIX-5 Dissemination Time: 3.308419e-05
0: MPIL CopyToCPU RADIX-6 Dissemination Time: 3.073989e-05
0: MPIL CopyToCPU RADIX-7 Dissemination Time: 3.272102e-05
0: MPIL CopyToCPU RADIX-8 Dissemination Time: 2.973299e-05
0: MPIL CopyToCPU RADIX-9 Dissemination Time: 3.463428e-05
0: MPIL CopyToCPU RADIX-10 Dissemination Time: 3.635802e-05
0: MPIL CopyToCPU RADIX-11 Dissemination Time: 3.768321e-05
0: MPIL CopyToCPU RADIX-12 Dissemination Time: 4.018191e-05
0: MPIL CopyToCPU RADIX-13 Dissemination Time: 4.230630e-05
0: MPIL CopyToCPU RADIX-14 Dissemination Time: 4.262079e-05
0: Testing Size 8
0: PMPI Allreduce Time: 2.645115e-05
0: MPIL GPU-Aware Recursive Doubling Time: 2.641914e-05
0: MPIL GPU-Aware Node-Aware Dissemination Time: 2.858706e-04
0: MPIL GPU-Aware NUMA-Aware Dissemination Time: 6.319853e-04
0: CopyToCPU PMPI Allreduce Time: 2.666552e-05
0: MPIL CopyToCPU Recursive Doubling Time: 3.175265e-05
0: MPIL CopyToCPU Node-Aware Dissemination Time: 2.470559e-05
0: MPIL CopyToCPU NUMA-Aware Dissemination Time: 2.225668e-05
0: MPIL CopyToCPU RADIX-3 Dissemination Time: 3.101347e-05
0: MPIL CopyToCPU RADIX-4 Dissemination Time: 3.191731e-05
0: MPIL CopyToCPU RADIX-5 Dissemination Time: 3.269601e-05
0: MPIL CopyToCPU RADIX-6 Dissemination Time: 3.249105e-05
0: MPIL CopyToCPU RADIX-7 Dissemination Time: 3.405773e-05
0: MPIL CopyToCPU RADIX-8 Dissemination Time: 3.126503e-05
0: MPIL CopyToCPU RADIX-9 Dissemination Time: 3.655332e-05
0: MPIL CopyToCPU RADIX-10 Dissemination Time: 3.892017e-05
0: MPIL CopyToCPU RADIX-11 Dissemination Time: 4.017224e-05
0: MPIL CopyToCPU RADIX-12 Dissemination Time: 4.390494e-05
0: MPIL CopyToCPU RADIX-13 Dissemination Time: 4.548932e-05
0: MPIL CopyToCPU RADIX-14 Dissemination Time: 4.609519e-05
0: Testing Size 16
0: PMPI Allreduce Time: 2.832888e-05
0: MPIL GPU-Aware Recursive Doubling Time: 2.829507e-05
0: MPIL GPU-Aware Node-Aware Dissemination Time: 2.834452e-04
0: MPIL GPU-Aware NUMA-Aware Dissemination Time: 6.334680e-04
0: CopyToCPU PMPI Allreduce Time: 2.841263e-05
0: MPIL CopyToCPU Recursive Doubling Time: 3.447667e-05
0: MPIL CopyToCPU Node-Aware Dissemination Time: 2.499272e-05
0: MPIL CopyToCPU NUMA-Aware Dissemination Time: 2.448036e-05
0: MPIL CopyToCPU RADIX-3 Dissemination Time: 3.275338e-05
0: MPIL CopyToCPU RADIX-4 Dissemination Time: 3.411723e-05
0: MPIL CopyToCPU RADIX-5 Dissemination Time: 3.404344e-05
0: MPIL CopyToCPU RADIX-6 Dissemination Time: 3.471243e-05
0: MPIL CopyToCPU RADIX-7 Dissemination Time: 3.621605e-05
0: MPIL CopyToCPU RADIX-8 Dissemination Time: 3.283388e-05
0: MPIL CopyToCPU RADIX-9 Dissemination Time: 3.997913e-05
0: MPIL CopyToCPU RADIX-10 Dissemination Time: 4.288729e-05
0: MPIL CopyToCPU RADIX-11 Dissemination Time: 4.366071e-05
0: MPIL CopyToCPU RADIX-12 Dissemination Time: 4.728928e-05
0: MPIL CopyToCPU RADIX-13 Dissemination Time: 4.863272e-05
0: MPIL CopyToCPU RADIX-14 Dissemination Time: 4.941469e-05
0: Testing Size 32
0: PMPI Allreduce Time: 4.543483e-05
0: MPIL GPU-Aware Recursive Doubling Time: 4.486656e-05
0: MPIL GPU-Aware Node-Aware Dissemination Time: 2.958665e-04
0: MPIL GPU-Aware NUMA-Aware Dissemination Time: 6.367251e-04
0: CopyToCPU PMPI Allreduce Time: 3.637161e-05
0: MPIL CopyToCPU Recursive Doubling Time: 4.788661e-05
0: MPIL CopyToCPU Node-Aware Dissemination Time: 2.757153e-05
0: MPIL CopyToCPU NUMA-Aware Dissemination Time: 2.978383e-05
0: MPIL CopyToCPU RADIX-3 Dissemination Time: 4.755515e-05
0: MPIL CopyToCPU RADIX-4 Dissemination Time: 4.337953e-05
0: MPIL CopyToCPU RADIX-5 Dissemination Time: 4.633432e-05
0: MPIL CopyToCPU RADIX-6 Dissemination Time: 4.172040e-05
0: MPIL CopyToCPU RADIX-7 Dissemination Time: 4.462625e-05
0: MPIL CopyToCPU RADIX-8 Dissemination Time: 3.830670e-05
0: MPIL CopyToCPU RADIX-9 Dissemination Time: 4.821826e-05
0: MPIL CopyToCPU RADIX-10 Dissemination Time: 5.031577e-05
0: MPIL CopyToCPU RADIX-11 Dissemination Time: 5.311880e-05
0: MPIL CopyToCPU RADIX-12 Dissemination Time: 5.421460e-05
0: MPIL CopyToCPU RADIX-13 Dissemination Time: 5.794805e-05
0: MPIL CopyToCPU RADIX-14 Dissemination Time: 5.396787e-05
0: Testing Size 64
0: PMPI Allreduce Time: 4.518058e-05
0: MPIL GPU-Aware Recursive Doubling Time: 4.509992e-05
0: MPIL GPU-Aware Node-Aware Dissemination Time: 3.005251e-04
0: MPIL GPU-Aware NUMA-Aware Dissemination Time: 6.331903e-04
0: CopyToCPU PMPI Allreduce Time: 4.403800e-05
0: MPIL CopyToCPU Recursive Doubling Time: 4.823158e-05
0: MPIL CopyToCPU Node-Aware Dissemination Time: 3.349027e-05
0: MPIL CopyToCPU NUMA-Aware Dissemination Time: 3.578003e-05
0: MPIL CopyToCPU RADIX-3 Dissemination Time: 4.813456e-05
0: MPIL CopyToCPU RADIX-4 Dissemination Time: 4.412942e-05
0: MPIL CopyToCPU RADIX-5 Dissemination Time: 4.718566e-05
0: MPIL CopyToCPU RADIX-6 Dissemination Time: 4.214623e-05
0: MPIL CopyToCPU RADIX-7 Dissemination Time: 4.528616e-05
0: MPIL CopyToCPU RADIX-8 Dissemination Time: 3.876473e-05
0: MPIL CopyToCPU RADIX-9 Dissemination Time: 4.922386e-05
0: MPIL CopyToCPU RADIX-10 Dissemination Time: 5.111754e-05
0: MPIL CopyToCPU RADIX-11 Dissemination Time: 5.392123e-05
0: MPIL CopyToCPU RADIX-12 Dissemination Time: 5.535199e-05
0: MPIL CopyToCPU RADIX-13 Dissemination Time: 5.858630e-05
0: MPIL CopyToCPU RADIX-14 Dissemination Time: 5.489246e-05
0: Testing Size 128
0: PMPI Allreduce Time: 6.085920e-05
0: MPIL GPU-Aware Recursive Doubling Time: 6.074461e-05
0: MPIL GPU-Aware Node-Aware Dissemination Time: 3.359617e-04
0: MPIL GPU-Aware NUMA-Aware Dissemination Time: 6.388839e-04
0: CopyToCPU PMPI Allreduce Time: 6.042204e-05
0: MPIL CopyToCPU Recursive Doubling Time: 6.561877e-05
0: MPIL CopyToCPU Node-Aware Dissemination Time: 7.816894e-05
0: MPIL CopyToCPU NUMA-Aware Dissemination Time: 5.500886e-05
0: MPIL CopyToCPU RADIX-3 Dissemination Time: 5.796305e-05
0: MPIL CopyToCPU RADIX-4 Dissemination Time: 5.675236e-05
0: MPIL CopyToCPU RADIX-5 Dissemination Time: 5.841327e-05
0: MPIL CopyToCPU RADIX-6 Dissemination Time: 5.623031e-05
0: MPIL CopyToCPU RADIX-7 Dissemination Time: 5.985115e-05
0: MPIL CopyToCPU RADIX-8 Dissemination Time: 5.509329e-05
0: MPIL CopyToCPU RADIX-9 Dissemination Time: 6.545380e-05
0: MPIL CopyToCPU RADIX-10 Dissemination Time: 6.820842e-05
0: MPIL CopyToCPU RADIX-11 Dissemination Time: 7.061800e-05
0: MPIL CopyToCPU RADIX-12 Dissemination Time: 7.320962e-05
0: MPIL CopyToCPU RADIX-13 Dissemination Time: 7.656687e-05
0: MPIL CopyToCPU RADIX-14 Dissemination Time: 7.419996e-05
0: Testing Size 256
0: PMPI Allreduce Time: 6.801213e-05
0: MPIL GPU-Aware Recursive Doubling Time: 6.795773e-05
0: MPIL GPU-Aware Node-Aware Dissemination Time: 3.472996e-04
0: MPIL GPU-Aware NUMA-Aware Dissemination Time: 6.517753e-04
0: CopyToCPU PMPI Allreduce Time: 7.139580e-05
0: MPIL CopyToCPU Recursive Doubling Time: 7.612162e-05
0: MPIL CopyToCPU Node-Aware Dissemination Time: 1.075933e-04
0: MPIL CopyToCPU NUMA-Aware Dissemination Time: 7.488385e-05
0: MPIL CopyToCPU RADIX-3 Dissemination Time: 6.560386e-05
0: MPIL CopyToCPU RADIX-4 Dissemination Time: 6.309278e-05
0: MPIL CopyToCPU RADIX-5 Dissemination Time: 6.349031e-05
0: MPIL CopyToCPU RADIX-6 Dissemination Time: 6.221119e-05
0: MPIL CopyToCPU RADIX-7 Dissemination Time: 6.667589e-05
0: MPIL CopyToCPU RADIX-8 Dissemination Time: 5.904225e-05
0: MPIL CopyToCPU RADIX-9 Dissemination Time: 7.494196e-05
0: MPIL CopyToCPU RADIX-10 Dissemination Time: 7.769739e-05
0: MPIL CopyToCPU RADIX-11 Dissemination Time: 7.851809e-05
0: MPIL CopyToCPU RADIX-12 Dissemination Time: 9.017141e-05
0: MPIL CopyToCPU RADIX-13 Dissemination Time: 9.597167e-05
0: MPIL CopyToCPU RADIX-14 Dissemination Time: 9.958753e-05
0: Testing Size 512
0: PMPI Allreduce Time: 8.291480e-05
0: MPIL GPU-Aware Recursive Doubling Time: 8.279880e-05
0: MPIL GPU-Aware Node-Aware Dissemination Time: 3.718056e-04
0: MPIL GPU-Aware NUMA-Aware Dissemination Time: 6.461018e-04
0: CopyToCPU PMPI Allreduce Time: 8.466667e-05
0: MPIL CopyToCPU Recursive Doubling Time: 8.929670e-05
0: MPIL CopyToCPU Node-Aware Dissemination Time: 1.246260e-04
0: MPIL CopyToCPU NUMA-Aware Dissemination Time: 8.534149e-05
0: MPIL CopyToCPU RADIX-3 Dissemination Time: 7.772770e-05
0: MPIL CopyToCPU RADIX-4 Dissemination Time: 7.480585e-05
0: MPIL CopyToCPU RADIX-5 Dissemination Time: 7.032368e-05
0: MPIL CopyToCPU RADIX-6 Dissemination Time: 6.964260e-05
0: MPIL CopyToCPU RADIX-7 Dissemination Time: 7.329435e-05
0: MPIL CopyToCPU RADIX-8 Dissemination Time: 6.904227e-05
0: MPIL CopyToCPU RADIX-9 Dissemination Time: 7.986592e-05
0: MPIL CopyToCPU RADIX-10 Dissemination Time: 8.419592e-05
0: MPIL CopyToCPU RADIX-11 Dissemination Time: 8.895603e-05
0: MPIL CopyToCPU RADIX-12 Dissemination Time: 9.199430e-05
0: MPIL CopyToCPU RADIX-13 Dissemination Time: 9.614745e-05
0: MPIL CopyToCPU RADIX-14 Dissemination Time: 9.930825e-05
0: Testing Size 1024
0: PMPI Allreduce Time: 6.010384e-04
0: MPIL GPU-Aware Recursive Doubling Time: 5.981412e-04
0: MPIL GPU-Aware Node-Aware Dissemination Time: 1.448668e-03
0: MPIL GPU-Aware NUMA-Aware Dissemination Time: 2.820012e-03
0: CopyToCPU PMPI Allreduce Time: 1.176342e-04
0: MPIL CopyToCPU Recursive Doubling Time: 1.236873e-04
0: MPIL CopyToCPU Node-Aware Dissemination Time: 1.935176e-04
0: MPIL CopyToCPU NUMA-Aware Dissemination Time: 1.189227e-04
0: MPIL CopyToCPU RADIX-3 Dissemination Time: 1.004661e-04
0: MPIL CopyToCPU RADIX-4 Dissemination Time: 9.591949e-05
0: MPIL CopyToCPU RADIX-5 Dissemination Time: 8.629806e-05
0: MPIL CopyToCPU RADIX-6 Dissemination Time: 8.973619e-05
0: MPIL CopyToCPU RADIX-7 Dissemination Time: 9.712374e-05
0: MPIL CopyToCPU RADIX-8 Dissemination Time: 9.300607e-05
0: MPIL CopyToCPU RADIX-9 Dissemination Time: 1.054088e-04
0: MPIL CopyToCPU RADIX-10 Dissemination Time: 1.118251e-04
0: MPIL CopyToCPU RADIX-11 Dissemination Time: 1.142670e-04
0: MPIL CopyToCPU RADIX-12 Dissemination Time: 1.200412e-04
0: MPIL CopyToCPU RADIX-13 Dissemination Time: 1.234049e-04
0: MPIL CopyToCPU RADIX-14 Dissemination Time: 1.243754e-04
0: Testing Size 2048
0: PMPI Allreduce Time: 2.687451e-04
0: MPIL GPU-Aware Recursive Doubling Time: 2.663596e-04
0: MPIL GPU-Aware Node-Aware Dissemination Time: 1.106220e-03
0: MPIL GPU-Aware NUMA-Aware Dissemination Time: 2.290270e-03
0: CopyToCPU PMPI Allreduce Time: 1.560412e-04
0: MPIL CopyToCPU Recursive Doubling Time: 1.707845e-04
0: MPIL CopyToCPU Node-Aware Dissemination Time: 2.218767e-04
0: MPIL CopyToCPU NUMA-Aware Dissemination Time: 1.657986e-04
0: MPIL CopyToCPU RADIX-3 Dissemination Time: 1.479071e-04
0: MPIL CopyToCPU RADIX-4 Dissemination Time: 1.476220e-04
0: MPIL CopyToCPU RADIX-5 Dissemination Time: 1.287978e-04
0: MPIL CopyToCPU RADIX-6 Dissemination Time: 1.356939e-04
0: MPIL CopyToCPU RADIX-7 Dissemination Time: 1.501807e-04
0: MPIL CopyToCPU RADIX-8 Dissemination Time: 1.494908e-04
0: MPIL CopyToCPU RADIX-9 Dissemination Time: 1.569591e-04
0: MPIL CopyToCPU RADIX-10 Dissemination Time: 1.667833e-04
0: MPIL CopyToCPU RADIX-11 Dissemination Time: 1.707041e-04
0: MPIL CopyToCPU RADIX-12 Dissemination Time: 1.772575e-04
0: MPIL CopyToCPU RADIX-13 Dissemination Time: 1.876798e-04
0: MPIL CopyToCPU RADIX-14 Dissemination Time: 2.007782e-04
0: Testing Size 4096
0: PMPI Allreduce Time: 2.861052e-04
0: MPIL GPU-Aware Recursive Doubling Time: 2.853701e-04
0: MPIL GPU-Aware Node-Aware Dissemination Time: 1.083165e-03
0: MPIL GPU-Aware NUMA-Aware Dissemination Time: 2.238318e-03
0: CopyToCPU PMPI Allreduce Time: 2.300230e-04
0: MPIL CopyToCPU Recursive Doubling Time: 3.382991e-04
0: MPIL CopyToCPU Node-Aware Dissemination Time: 3.605356e-04
0: MPIL CopyToCPU NUMA-Aware Dissemination Time: 2.982029e-04
0: MPIL CopyToCPU RADIX-3 Dissemination Time: 2.750408e-04
0: MPIL CopyToCPU RADIX-4 Dissemination Time: 2.757809e-04
0: MPIL CopyToCPU RADIX-5 Dissemination Time: 2.418669e-04
0: MPIL CopyToCPU RADIX-6 Dissemination Time: 2.578005e-04
0: MPIL CopyToCPU RADIX-7 Dissemination Time: 2.933324e-04
0: MPIL CopyToCPU RADIX-8 Dissemination Time: 2.836441e-04
0: MPIL CopyToCPU RADIX-9 Dissemination Time: 3.025199e-04
0: MPIL CopyToCPU RADIX-10 Dissemination Time: 3.145615e-04
0: MPIL CopyToCPU RADIX-11 Dissemination Time: 3.290031e-04
0: MPIL CopyToCPU RADIX-12 Dissemination Time: 3.432540e-04
0: MPIL CopyToCPU RADIX-13 Dissemination Time: 3.632789e-04
0: MPIL CopyToCPU RADIX-14 Dissemination Time: 3.923941e-04
0: Testing Size 8192
0: PMPI Allreduce Time: 2.992187e-04
0: MPIL GPU-Aware Recursive Doubling Time: 2.987287e-04
0: MPIL GPU-Aware Node-Aware Dissemination Time: 1.219701e-03
0: MPIL GPU-Aware NUMA-Aware Dissemination Time: 2.225859e-03
0: CopyToCPU PMPI Allreduce Time: 3.446374e-04
0: MPIL CopyToCPU Recursive Doubling Time: 5.433391e-04
0: MPIL CopyToCPU Node-Aware Dissemination Time: 5.985067e-04
0: MPIL CopyToCPU NUMA-Aware Dissemination Time: 5.014221e-04
0: MPIL CopyToCPU RADIX-3 Dissemination Time: 4.754722e-04
0: MPIL CopyToCPU RADIX-4 Dissemination Time: 4.914071e-04
0: MPIL CopyToCPU RADIX-5 Dissemination Time: 4.350729e-04
0: MPIL CopyToCPU RADIX-6 Dissemination Time: 4.558308e-04
0: MPIL CopyToCPU RADIX-7 Dissemination Time: 5.323282e-04
0: MPIL CopyToCPU RADIX-8 Dissemination Time: 5.241098e-04
0: MPIL CopyToCPU RADIX-9 Dissemination Time: 5.394622e-04
0: MPIL CopyToCPU RADIX-10 Dissemination Time: 5.682651e-04
0: MPIL CopyToCPU RADIX-11 Dissemination Time: 5.920867e-04
0: MPIL CopyToCPU RADIX-12 Dissemination Time: 6.391592e-04
0: MPIL CopyToCPU RADIX-13 Dissemination Time: 6.722624e-04
0: MPIL CopyToCPU RADIX-14 Dissemination Time: 7.358066e-04
0: Testing Size 16384
0: PMPI Allreduce Time: 3.054250e-04
0: MPIL GPU-Aware Recursive Doubling Time: 3.049620e-04
0: MPIL GPU-Aware Node-Aware Dissemination Time: 1.468950e-03
0: MPIL GPU-Aware NUMA-Aware Dissemination Time: 2.556782e-03
0: CopyToCPU PMPI Allreduce Time: 5.855588e-04
0: MPIL CopyToCPU Recursive Doubling Time: 1.006858e-03
0: MPIL CopyToCPU Node-Aware Dissemination Time: 1.058022e-03
0: MPIL CopyToCPU NUMA-Aware Dissemination Time: 8.936019e-04
0: MPIL CopyToCPU RADIX-3 Dissemination Time: 8.773756e-04
0: MPIL CopyToCPU RADIX-4 Dissemination Time: 9.187610e-04
0: MPIL CopyToCPU RADIX-5 Dissemination Time: 8.174445e-04
0: MPIL CopyToCPU RADIX-6 Dissemination Time: 8.628670e-04
0: MPIL CopyToCPU RADIX-7 Dissemination Time: 1.039305e-03
0: MPIL CopyToCPU RADIX-8 Dissemination Time: 1.002131e-03
0: MPIL CopyToCPU RADIX-9 Dissemination Time: 1.023190e-03
0: MPIL CopyToCPU RADIX-10 Dissemination Time: 1.081420e-03
0: MPIL CopyToCPU RADIX-11 Dissemination Time: 1.152881e-03
0: MPIL CopyToCPU RADIX-12 Dissemination Time: 1.283961e-03
0: MPIL CopyToCPU RADIX-13 Dissemination Time: 1.305702e-03
0: MPIL CopyToCPU RADIX-14 Dissemination Time: 1.455879e-03
0: Testing Size 32768
0: PMPI Allreduce Time: 3.218803e-04
0: MPIL GPU-Aware Recursive Doubling Time: 3.209415e-04
0: MPIL GPU-Aware Node-Aware Dissemination Time: 1.263879e-02
0: MPIL GPU-Aware NUMA-Aware Dissemination Time: 3.314475e-03
0: CopyToCPU PMPI Allreduce Time: 1.033078e-03
0: MPIL CopyToCPU Recursive Doubling Time: 1.911618e-03
0: MPIL CopyToCPU Node-Aware Dissemination Time: 1.956991e-03
0: MPIL CopyToCPU NUMA-Aware Dissemination Time: 1.657839e-03
0: MPIL CopyToCPU RADIX-3 Dissemination Time: 1.689549e-03
0: MPIL CopyToCPU RADIX-4 Dissemination Time: 1.732216e-03
0: MPIL CopyToCPU RADIX-5 Dissemination Time: 1.587064e-03
0: MPIL CopyToCPU RADIX-6 Dissemination Time: 1.705464e-03
0: MPIL CopyToCPU RADIX-7 Dissemination Time: 2.040692e-03
0: MPIL CopyToCPU RADIX-8 Dissemination Time: 1.964936e-03
0: MPIL CopyToCPU RADIX-9 Dissemination Time: 2.003514e-03
0: MPIL CopyToCPU RADIX-10 Dissemination Time: 2.139051e-03
0: MPIL CopyToCPU RADIX-11 Dissemination Time: 2.262021e-03
0: MPIL CopyToCPU RADIX-12 Dissemination Time: 2.492082e-03
0: MPIL CopyToCPU RADIX-13 Dissemination Time: 2.623723e-03
0: MPIL CopyToCPU RADIX-14 Dissemination Time: 2.901050e-03
0: Testing Size 65536
0: PMPI Allreduce Time: 3.549997e-04
0: MPIL GPU-Aware Recursive Doubling Time: 3.537665e-04
0: MPIL GPU-Aware Node-Aware Dissemination Time: 1.384534e-02
0: MPIL GPU-Aware NUMA-Aware Dissemination Time: 4.907005e-03
0: CopyToCPU PMPI Allreduce Time: 1.848058e-03
0: MPIL CopyToCPU Recursive Doubling Time: 3.678640e-03
0: MPIL CopyToCPU Node-Aware Dissemination Time: 3.613458e-03
0: MPIL CopyToCPU NUMA-Aware Dissemination Time: 3.021929e-03
0: MPIL CopyToCPU RADIX-3 Dissemination Time: 3.216752e-03
0: MPIL CopyToCPU RADIX-4 Dissemination Time: 3.395911e-03
0: MPIL CopyToCPU RADIX-5 Dissemination Time: 3.140205e-03
0: MPIL CopyToCPU RADIX-6 Dissemination Time: 3.327376e-03
0: MPIL CopyToCPU RADIX-7 Dissemination Time: 3.952407e-03
0: MPIL CopyToCPU RADIX-8 Dissemination Time: 3.813757e-03
0: MPIL CopyToCPU RADIX-9 Dissemination Time: 3.908798e-03
0: MPIL CopyToCPU RADIX-10 Dissemination Time: 4.205678e-03
0: MPIL CopyToCPU RADIX-11 Dissemination Time: 4.507476e-03
0: MPIL CopyToCPU RADIX-12 Dissemination Time: 4.913812e-03
0: MPIL CopyToCPU RADIX-13 Dissemination Time: 5.154514e-03
0: MPIL CopyToCPU RADIX-14 Dissemination Time: 5.693425e-03
0: Testing Size 131072
0: PMPI Allreduce Time: 4.200914e-04
0: MPIL GPU-Aware Recursive Doubling Time: 4.185548e-04
0: MPIL GPU-Aware Node-Aware Dissemination Time: 1.686957e-02
0: MPIL GPU-Aware NUMA-Aware Dissemination Time: 1.191688e-02
0: CopyToCPU PMPI Allreduce Time: 3.567712e-03
0: MPIL CopyToCPU Recursive Doubling Time: 7.032700e-03
0: MPIL CopyToCPU Node-Aware Dissemination Time: 6.774722e-03
0: MPIL CopyToCPU NUMA-Aware Dissemination Time: 5.951390e-03
0: MPIL CopyToCPU RADIX-3 Dissemination Time: 6.075164e-03
0: MPIL CopyToCPU RADIX-4 Dissemination Time: 6.623294e-03
0: MPIL CopyToCPU RADIX-5 Dissemination Time: 6.197155e-03
0: MPIL CopyToCPU RADIX-6 Dissemination Time: 6.522057e-03
0: MPIL CopyToCPU RADIX-7 Dissemination Time: 7.671669e-03
0: MPIL CopyToCPU RADIX-8 Dissemination Time: 7.380715e-03
0: MPIL CopyToCPU RADIX-9 Dissemination Time: 7.697383e-03
0: MPIL CopyToCPU RADIX-10 Dissemination Time: 8.207175e-03
0: MPIL CopyToCPU RADIX-11 Dissemination Time: 8.714953e-03
0: MPIL CopyToCPU RADIX-12 Dissemination Time: 9.160804e-03
0: MPIL CopyToCPU RADIX-13 Dissemination Time: 9.921693e-03
0: MPIL CopyToCPU RADIX-14 Dissemination Time: 1.082216e-02
0: Testing Size 262144
0: PMPI Allreduce Time: 5.494981e-04
0: MPIL GPU-Aware Recursive Doubling Time: 5.489611e-04
0: MPIL GPU-Aware Node-Aware Dissemination Time: 2.283355e-02
0: MPIL GPU-Aware NUMA-Aware Dissemination Time: 2.163697e-02
0: CopyToCPU PMPI Allreduce Time: 7.020650e-03
0: MPIL CopyToCPU Recursive Doubling Time: 1.395952e-02
0: MPIL CopyToCPU Node-Aware Dissemination Time: 1.352061e-02
0: MPIL CopyToCPU NUMA-Aware Dissemination Time: 1.132969e-02
0: MPIL CopyToCPU RADIX-3 Dissemination Time: 1.260468e-02
0: MPIL CopyToCPU RADIX-4 Dissemination Time: 1.306535e-02
0: MPIL CopyToCPU RADIX-5 Dissemination Time: 1.212032e-02
0: MPIL CopyToCPU RADIX-6 Dissemination Time: 1.258884e-02
0: MPIL CopyToCPU RADIX-7 Dissemination Time: 1.444685e-02
0: MPIL CopyToCPU RADIX-8 Dissemination Time: 1.448971e-02
0: MPIL CopyToCPU RADIX-9 Dissemination Time: 1.529815e-02
0: MPIL CopyToCPU RADIX-10 Dissemination Time: 1.635368e-02
0: MPIL CopyToCPU RADIX-11 Dissemination Time: 1.778670e-02
0: MPIL CopyToCPU RADIX-12 Dissemination Time: 1.946326e-02
0: MPIL CopyToCPU RADIX-13 Dissemination Time: 2.089788e-02
0: MPIL CopyToCPU RADIX-14 Dissemination Time: 2.251923e-02
0: Testing Size 524288
0: PMPI Allreduce Time: 8.383696e-04
0: MPIL GPU-Aware Recursive Doubling Time: 8.375213e-04
0: MPIL GPU-Aware Node-Aware Dissemination Time: 3.636016e-02
0: MPIL GPU-Aware NUMA-Aware Dissemination Time: 3.302266e-02
0: CopyToCPU PMPI Allreduce Time: 1.449938e-02
0: MPIL CopyToCPU Recursive Doubling Time: 2.589653e-02
0: MPIL CopyToCPU Node-Aware Dissemination Time: 2.761921e-02
0: MPIL CopyToCPU NUMA-Aware Dissemination Time: 2.204128e-02
0: MPIL CopyToCPU RADIX-3 Dissemination Time: 2.281825e-02
0: MPIL CopyToCPU RADIX-4 Dissemination Time: 2.203680e-02
0: MPIL CopyToCPU RADIX-5 Dissemination Time: 2.353413e-02
0: MPIL CopyToCPU RADIX-6 Dissemination Time: 2.518678e-02
0: MPIL CopyToCPU RADIX-7 Dissemination Time: 2.968278e-02
0: MPIL CopyToCPU RADIX-8 Dissemination Time: 3.296461e-02
0: MPIL CopyToCPU RADIX-9 Dissemination Time: 3.443651e-02
0: MPIL CopyToCPU RADIX-10 Dissemination Time: 3.625473e-02
0: MPIL CopyToCPU RADIX-11 Dissemination Time: 3.874116e-02
0: MPIL CopyToCPU RADIX-12 Dissemination Time: 4.005453e-02
0: MPIL CopyToCPU RADIX-13 Dissemination Time: 4.436970e-02
0: MPIL CopyToCPU RADIX-14 Dissemination Time: 4.868476e-02
