0: Testing Size 1
0: PMPI Allreduce Time: 1.301584e-05
0: MPIL GPU-Aware Recursive Doubling Time: 1.294806e-05
0: MPIL GPU-Aware Node-Aware Dissemination Time: 2.313702e-04
0: MPIL GPU-Aware NUMA-Aware Dissemination Time: 2.379000e-04
0: CopyToCPU PMPI Allreduce Time: 1.307571e-05
0: MPIL CopyToCPU Recursive Doubling Time: 1.472126e-05
0: MPIL CopyToCPU Node-Aware Dissemination Time: 2.155638e-05
0: MPIL CopyToCPU NUMA-Aware Dissemination Time: 1.197817e-05
0: MPIL CopyToCPU RADIX-3 Dissemination Time: 1.626065e-05
0: MPIL CopyToCPU RADIX-4 Dissemination Time: 1.518085e-05
0: MPIL CopyToCPU RADIX-5 Dissemination Time: 1.787487e-05
0: MPIL CopyToCPU RADIX-6 Dissemination Time: 1.972889e-05
0: MPIL CopyToCPU RADIX-7 Dissemination Time: 1.982019e-05
0: MPIL CopyToCPU RADIX-8 Dissemination Time: 1.876851e-05
0: MPIL CopyToCPU RADIX-9 Dissemination Time: 1.912225e-05
0: MPIL CopyToCPU RADIX-10 Dissemination Time: 2.079823e-05
0: MPIL CopyToCPU RADIX-11 Dissemination Time: 2.125020e-05
0: MPIL CopyToCPU RADIX-12 Dissemination Time: 2.310622e-05
0: MPIL CopyToCPU RADIX-13 Dissemination Time: 2.395640e-05
0: MPIL CopyToCPU RADIX-14 Dissemination Time: 2.526392e-05
0: Testing Size 2
0: PMPI Allreduce Time: 1.289834e-05
0: MPIL GPU-Aware Recursive Doubling Time: 1.291246e-05
0: MPIL GPU-Aware Node-Aware Dissemination Time: 2.322075e-04
0: MPIL GPU-Aware NUMA-Aware Dissemination Time: 2.374308e-04
0: CopyToCPU PMPI Allreduce Time: 1.326383e-05
0: MPIL CopyToCPU Recursive Doubling Time: 1.424203e-05
0: MPIL CopyToCPU Node-Aware Dissemination Time: 2.074854e-05
0: MPIL CopyToCPU NUMA-Aware Dissemination Time: 1.179291e-05
0: MPIL CopyToCPU RADIX-3 Dissemination Time: 1.636281e-05
0: MPIL CopyToCPU RADIX-4 Dissemination Time: 1.505433e-05
0: MPIL CopyToCPU RADIX-5 Dissemination Time: 1.797616e-05
0: MPIL CopyToCPU RADIX-6 Dissemination Time: 1.997326e-05
0: MPIL CopyToCPU RADIX-7 Dissemination Time: 2.013330e-05
0: MPIL CopyToCPU RADIX-8 Dissemination Time: 1.876028e-05
0: MPIL CopyToCPU RADIX-9 Dissemination Time: 1.961472e-05
0: MPIL CopyToCPU RADIX-10 Dissemination Time: 2.103095e-05
0: MPIL CopyToCPU RADIX-11 Dissemination Time: 2.139268e-05
0: MPIL CopyToCPU RADIX-12 Dissemination Time: 2.334591e-05
0: MPIL CopyToCPU RADIX-13 Dissemination Time: 2.420187e-05
0: MPIL CopyToCPU RADIX-14 Dissemination Time: 2.509992e-05
0: Testing Size 4
0: PMPI Allreduce Time: 1.350294e-05
0: MPIL GPU-Aware Recursive Doubling Time: 1.334523e-05
0: MPIL GPU-Aware Node-Aware Dissemination Time: 2.334839e-04
0: MPIL GPU-Aware NUMA-Aware Dissemination Time: 2.382225e-04
0: CopyToCPU PMPI Allreduce Time: 1.350956e-05
0: MPIL CopyToCPU Recursive Doubling Time: 1.452226e-05
0: MPIL CopyToCPU Node-Aware Dissemination Time: 2.050779e-05
0: MPIL CopyToCPU NUMA-Aware Dissemination Time: 1.176235e-05
0: MPIL CopyToCPU RADIX-3 Dissemination Time: 1.653297e-05
0: MPIL CopyToCPU RADIX-4 Dissemination Time: 1.520384e-05
0: MPIL CopyToCPU RADIX-5 Dissemination Time: 1.815327e-05
0: MPIL CopyToCPU RADIX-6 Dissemination Time: 2.011555e-05
0: MPIL CopyToCPU RADIX-7 Dissemination Time: 2.004847e-05
0: MPIL CopyToCPU RADIX-8 Dissemination Time: 1.869813e-05
0: MPIL CopyToCPU RADIX-9 Dissemination Time: 1.952932e-05
0: MPIL CopyToCPU RADIX-10 Dissemination Time: 2.114860e-05
0: MPIL CopyToCPU RADIX-11 Dissemination Time: 2.140456e-05
0: MPIL CopyToCPU RADIX-12 Dissemination Time: 2.335249e-05
0: MPIL CopyToCPU RADIX-13 Dissemination Time: 2.403242e-05
0: MPIL CopyToCPU RADIX-14 Dissemination Time: 2.507846e-05
0: Testing Size 8
0: PMPI Allreduce Time: 1.296764e-05
0: MPIL GPU-Aware Recursive Doubling Time: 1.287474e-05
0: MPIL GPU-Aware Node-Aware Dissemination Time: 2.337512e-04
0: MPIL GPU-Aware NUMA-Aware Dissemination Time: 2.372796e-04
0: CopyToCPU PMPI Allreduce Time: 1.311934e-05
0: MPIL CopyToCPU Recursive Doubling Time: 1.711949e-05
0: MPIL CopyToCPU Node-Aware Dissemination Time: 2.050651e-05
0: MPIL CopyToCPU NUMA-Aware Dissemination Time: 1.199936e-05
0: MPIL CopyToCPU RADIX-3 Dissemination Time: 1.826640e-05
0: MPIL CopyToCPU RADIX-4 Dissemination Time: 1.734270e-05
0: MPIL CopyToCPU RADIX-5 Dissemination Time: 2.022337e-05
0: MPIL CopyToCPU RADIX-6 Dissemination Time: 2.190542e-05
0: MPIL CopyToCPU RADIX-7 Dissemination Time: 2.156040e-05
0: MPIL CopyToCPU RADIX-8 Dissemination Time: 2.064956e-05
0: MPIL CopyToCPU RADIX-9 Dissemination Time: 2.209015e-05
0: MPIL CopyToCPU RADIX-10 Dissemination Time: 2.335643e-05
0: MPIL CopyToCPU RADIX-11 Dissemination Time: 2.395750e-05
0: MPIL CopyToCPU RADIX-12 Dissemination Time: 2.507190e-05
0: MPIL CopyToCPU RADIX-13 Dissemination Time: 2.813706e-05
0: MPIL CopyToCPU RADIX-14 Dissemination Time: 2.762731e-05
0: Testing Size 16
0: PMPI Allreduce Time: 1.449473e-05
0: MPIL GPU-Aware Recursive Doubling Time: 1.450917e-05
0: MPIL GPU-Aware Node-Aware Dissemination Time: 2.320608e-04
0: MPIL GPU-Aware NUMA-Aware Dissemination Time: 2.396947e-04
0: CopyToCPU PMPI Allreduce Time: 1.438467e-05
0: MPIL CopyToCPU Recursive Doubling Time: 1.831830e-05
0: MPIL CopyToCPU Node-Aware Dissemination Time: 2.067140e-05
0: MPIL CopyToCPU NUMA-Aware Dissemination Time: 1.317243e-05
0: MPIL CopyToCPU RADIX-3 Dissemination Time: 1.956724e-05
0: MPIL CopyToCPU RADIX-4 Dissemination Time: 1.855728e-05
0: MPIL CopyToCPU RADIX-5 Dissemination Time: 2.212465e-05
0: MPIL CopyToCPU RADIX-6 Dissemination Time: 2.416801e-05
0: MPIL CopyToCPU RADIX-7 Dissemination Time: 2.332471e-05
0: MPIL CopyToCPU RADIX-8 Dissemination Time: 2.255223e-05
0: MPIL CopyToCPU RADIX-9 Dissemination Time: 2.355364e-05
0: MPIL CopyToCPU RADIX-10 Dissemination Time: 2.530838e-05
0: MPIL CopyToCPU RADIX-11 Dissemination Time: 2.592551e-05
0: MPIL CopyToCPU RADIX-12 Dissemination Time: 2.773528e-05
0: MPIL CopyToCPU RADIX-13 Dissemination Time: 2.872630e-05
0: MPIL CopyToCPU RADIX-14 Dissemination Time: 2.988772e-05
0: Testing Size 32
0: PMPI Allreduce Time: 1.969695e-05
0: MPIL GPU-Aware Recursive Doubling Time: 1.945236e-05
0: MPIL GPU-Aware Node-Aware Dissemination Time: 2.431972e-04
0: MPIL GPU-Aware NUMA-Aware Dissemination Time: 2.306509e-04
0: CopyToCPU PMPI Allreduce Time: 1.527541e-05
0: MPIL CopyToCPU Recursive Doubling Time: 2.068691e-05
0: MPIL CopyToCPU Node-Aware Dissemination Time: 2.182023e-05
0: MPIL CopyToCPU NUMA-Aware Dissemination Time: 1.547987e-05
0: MPIL CopyToCPU RADIX-3 Dissemination Time: 2.122955e-05
0: MPIL CopyToCPU RADIX-4 Dissemination Time: 2.032075e-05
0: MPIL CopyToCPU RADIX-5 Dissemination Time: 2.380713e-05
0: MPIL CopyToCPU RADIX-6 Dissemination Time: 2.621553e-05
0: MPIL CopyToCPU RADIX-7 Dissemination Time: 2.637211e-05
0: MPIL CopyToCPU RADIX-8 Dissemination Time: 2.440619e-05
0: MPIL CopyToCPU RADIX-9 Dissemination Time: 2.573877e-05
0: MPIL CopyToCPU RADIX-10 Dissemination Time: 2.925371e-05
0: MPIL CopyToCPU RADIX-11 Dissemination Time: 2.884540e-05
0: MPIL CopyToCPU RADIX-12 Dissemination Time: 3.019790e-05
0: MPIL CopyToCPU RADIX-13 Dissemination Time: 3.379911e-05
0: MPIL CopyToCPU RADIX-14 Dissemination Time: 3.274730e-05
0: Testing Size 64
0: PMPI Allreduce Time: 1.971942e-05
0: MPIL GPU-Aware Recursive Doubling Time: 1.985983e-05
0: MPIL GPU-Aware Node-Aware Dissemination Time: 2.557720e-04
0: MPIL GPU-Aware NUMA-Aware Dissemination Time: 2.273907e-04
0: CopyToCPU PMPI Allreduce Time: 1.889893e-05
0: MPIL CopyToCPU Recursive Doubling Time: 2.069060e-05
0: MPIL CopyToCPU Node-Aware Dissemination Time: 2.804142e-05
0: MPIL CopyToCPU NUMA-Aware Dissemination Time: 2.044307e-05
0: MPIL CopyToCPU RADIX-3 Dissemination Time: 2.157437e-05
0: MPIL CopyToCPU RADIX-4 Dissemination Time: 2.071013e-05
0: MPIL CopyToCPU RADIX-5 Dissemination Time: 2.391503e-05
0: MPIL CopyToCPU RADIX-6 Dissemination Time: 2.652661e-05
0: MPIL CopyToCPU RADIX-7 Dissemination Time: 2.689851e-05
0: MPIL CopyToCPU RADIX-8 Dissemination Time: 2.491906e-05
0: MPIL CopyToCPU RADIX-9 Dissemination Time: 2.617406e-05
0: MPIL CopyToCPU RADIX-10 Dissemination Time: 2.974700e-05
0: MPIL CopyToCPU RADIX-11 Dissemination Time: 2.940167e-05
0: MPIL CopyToCPU RADIX-12 Dissemination Time: 3.074564e-05
0: MPIL CopyToCPU RADIX-13 Dissemination Time: 3.441412e-05
0: MPIL CopyToCPU RADIX-14 Dissemination Time: 3.359197e-05
0: Testing Size 128
0: PMPI Allreduce Time: 3.783172e-05
0: MPIL GPU-Aware Recursive Doubling Time: 3.792148e-05
0: MPIL GPU-Aware Node-Aware Dissemination Time: 2.883520e-04
0: MPIL GPU-Aware NUMA-Aware Dissemination Time: 2.465644e-04
0: CopyToCPU PMPI Allreduce Time: 4.049840e-05
0: MPIL CopyToCPU Recursive Doubling Time: 4.563178e-05
0: MPIL CopyToCPU Node-Aware Dissemination Time: 7.004258e-05
0: MPIL CopyToCPU NUMA-Aware Dissemination Time: 3.353156e-05
0: MPIL CopyToCPU RADIX-3 Dissemination Time: 3.858707e-05
0: MPIL CopyToCPU RADIX-4 Dissemination Time: 3.555637e-05
0: MPIL CopyToCPU RADIX-5 Dissemination Time: 4.125930e-05
0: MPIL CopyToCPU RADIX-6 Dissemination Time: 4.430656e-05
0: MPIL CopyToCPU RADIX-7 Dissemination Time: 4.216388e-05
0: MPIL CopyToCPU RADIX-8 Dissemination Time: 4.040767e-05
0: MPIL CopyToCPU RADIX-9 Dissemination Time: 4.531888e-05
0: MPIL CopyToCPU RADIX-10 Dissemination Time: 4.741114e-05
0: MPIL CopyToCPU RADIX-11 Dissemination Time: 5.003299e-05
0: MPIL CopyToCPU RADIX-12 Dissemination Time: 5.172686e-05
0: MPIL CopyToCPU RADIX-13 Dissemination Time: 5.383927e-05
0: MPIL CopyToCPU RADIX-14 Dissemination Time: 5.254147e-05
0: Testing Size 256
0: PMPI Allreduce Time: 4.484502e-05
0: MPIL GPU-Aware Recursive Doubling Time: 4.501365e-05
0: MPIL GPU-Aware Node-Aware Dissemination Time: 2.994338e-04
0: MPIL GPU-Aware NUMA-Aware Dissemination Time: 2.495395e-04
0: CopyToCPU PMPI Allreduce Time: 4.601073e-05
0: MPIL CopyToCPU Recursive Doubling Time: 5.393245e-05
0: MPIL CopyToCPU Node-Aware Dissemination Time: 9.414792e-05
0: MPIL CopyToCPU NUMA-Aware Dissemination Time: 4.233402e-05
0: MPIL CopyToCPU RADIX-3 Dissemination Time: 4.434106e-05
0: MPIL CopyToCPU RADIX-4 Dissemination Time: 4.321242e-05
0: MPIL CopyToCPU RADIX-5 Dissemination Time: 4.574303e-05
0: MPIL CopyToCPU RADIX-6 Dissemination Time: 4.693009e-05
0: MPIL CopyToCPU RADIX-7 Dissemination Time: 4.480291e-05
0: MPIL CopyToCPU RADIX-8 Dissemination Time: 4.741304e-05
0: MPIL CopyToCPU RADIX-9 Dissemination Time: 4.920303e-05
0: MPIL CopyToCPU RADIX-10 Dissemination Time: 5.072636e-05
0: MPIL CopyToCPU RADIX-11 Dissemination Time: 5.299162e-05
0: MPIL CopyToCPU RADIX-12 Dissemination Time: 5.461775e-05
0: MPIL CopyToCPU RADIX-13 Dissemination Time: 5.823412e-05
0: MPIL CopyToCPU RADIX-14 Dissemination Time: 6.541026e-05
0: Testing Size 512
0: PMPI Allreduce Time: 5.962630e-05
0: MPIL GPU-Aware Recursive Doubling Time: 5.968191e-05
0: MPIL GPU-Aware Node-Aware Dissemination Time: 3.234202e-04
0: MPIL GPU-Aware NUMA-Aware Dissemination Time: 2.526060e-04
0: CopyToCPU PMPI Allreduce Time: 5.945930e-05
0: MPIL CopyToCPU Recursive Doubling Time: 6.620124e-05
0: MPIL CopyToCPU Node-Aware Dissemination Time: 1.143251e-04
0: MPIL CopyToCPU NUMA-Aware Dissemination Time: 5.287001e-05
0: MPIL CopyToCPU RADIX-3 Dissemination Time: 5.472014e-05
0: MPIL CopyToCPU RADIX-4 Dissemination Time: 4.944983e-05
0: MPIL CopyToCPU RADIX-5 Dissemination Time: 5.476511e-05
0: MPIL CopyToCPU RADIX-6 Dissemination Time: 5.746265e-05
0: MPIL CopyToCPU RADIX-7 Dissemination Time: 5.600472e-05
0: MPIL CopyToCPU RADIX-8 Dissemination Time: 5.605810e-05
0: MPIL CopyToCPU RADIX-9 Dissemination Time: 5.844872e-05
0: MPIL CopyToCPU RADIX-10 Dissemination Time: 6.256512e-05
0: MPIL CopyToCPU RADIX-11 Dissemination Time: 6.435785e-05
0: MPIL CopyToCPU RADIX-12 Dissemination Time: 6.570971e-05
0: MPIL CopyToCPU RADIX-13 Dissemination Time: 6.672871e-05
0: MPIL CopyToCPU RADIX-14 Dissemination Time: 6.775834e-05
0: Testing Size 1024
0: PMPI Allreduce Time: 5.225271e-04
0: MPIL GPU-Aware Recursive Doubling Time: 5.227044e-04
0: MPIL GPU-Aware Node-Aware Dissemination Time: 1.396607e-03
0: MPIL GPU-Aware NUMA-Aware Dissemination Time: 1.432941e-03
0: CopyToCPU PMPI Allreduce Time: 8.962072e-05
0: MPIL CopyToCPU Recursive Doubling Time: 9.042108e-05
0: MPIL CopyToCPU Node-Aware Dissemination Time: 1.620236e-04
0: MPIL CopyToCPU NUMA-Aware Dissemination Time: 7.796174e-05
0: MPIL CopyToCPU RADIX-3 Dissemination Time: 7.838573e-05
0: MPIL CopyToCPU RADIX-4 Dissemination Time: 7.579118e-05
0: MPIL CopyToCPU RADIX-5 Dissemination Time: 7.441770e-05
0: MPIL CopyToCPU RADIX-6 Dissemination Time: 7.635106e-05
0: MPIL CopyToCPU RADIX-7 Dissemination Time: 7.664702e-05
0: MPIL CopyToCPU RADIX-8 Dissemination Time: 7.748374e-05
0: MPIL CopyToCPU RADIX-9 Dissemination Time: 8.195672e-05
0: MPIL CopyToCPU RADIX-10 Dissemination Time: 8.474814e-05
0: MPIL CopyToCPU RADIX-11 Dissemination Time: 8.700845e-05
0: MPIL CopyToCPU RADIX-12 Dissemination Time: 8.940910e-05
0: MPIL CopyToCPU RADIX-13 Dissemination Time: 9.255014e-05
0: MPIL CopyToCPU RADIX-14 Dissemination Time: 9.063090e-05
0: Testing Size 2048
0: PMPI Allreduce Time: 1.906567e-04
0: MPIL GPU-Aware Recursive Doubling Time: 1.889434e-04
0: MPIL GPU-Aware Node-Aware Dissemination Time: 1.121394e-03
0: MPIL GPU-Aware NUMA-Aware Dissemination Time: 1.015474e-03
0: CopyToCPU PMPI Allreduce Time: 1.105011e-04
0: MPIL CopyToCPU Recursive Doubling Time: 1.417158e-04
0: MPIL CopyToCPU Node-Aware Dissemination Time: 2.093373e-04
0: MPIL CopyToCPU NUMA-Aware Dissemination Time: 1.209423e-04
0: MPIL CopyToCPU RADIX-3 Dissemination Time: 1.219239e-04
0: MPIL CopyToCPU RADIX-4 Dissemination Time: 1.118319e-04
0: MPIL CopyToCPU RADIX-5 Dissemination Time: 1.121588e-04
0: MPIL CopyToCPU RADIX-6 Dissemination Time: 1.144651e-04
0: MPIL CopyToCPU RADIX-7 Dissemination Time: 1.145217e-04
0: MPIL CopyToCPU RADIX-8 Dissemination Time: 1.165760e-04
0: MPIL CopyToCPU RADIX-9 Dissemination Time: 1.194893e-04
0: MPIL CopyToCPU RADIX-10 Dissemination Time: 1.231718e-04
0: MPIL CopyToCPU RADIX-11 Dissemination Time: 1.290181e-04
0: MPIL CopyToCPU RADIX-12 Dissemination Time: 1.318320e-04
0: MPIL CopyToCPU RADIX-13 Dissemination Time: 1.363794e-04
0: MPIL CopyToCPU RADIX-14 Dissemination Time: 1.364068e-04
0: Testing Size 4096
0: PMPI Allreduce Time: 1.968404e-04
0: MPIL GPU-Aware Recursive Doubling Time: 1.965439e-04
0: MPIL GPU-Aware Node-Aware Dissemination Time: 9.979539e-04
0: MPIL GPU-Aware NUMA-Aware Dissemination Time: 1.017763e-03
0: CopyToCPU PMPI Allreduce Time: 1.872238e-04
0: MPIL CopyToCPU Recursive Doubling Time: 2.654054e-04
0: MPIL CopyToCPU Node-Aware Dissemination Time: 3.378982e-04
0: MPIL CopyToCPU NUMA-Aware Dissemination Time: 2.179794e-04
0: MPIL CopyToCPU RADIX-3 Dissemination Time: 2.219143e-04
0: MPIL CopyToCPU RADIX-4 Dissemination Time: 2.041240e-04
0: MPIL CopyToCPU RADIX-5 Dissemination Time: 1.922945e-04
0: MPIL CopyToCPU RADIX-6 Dissemination Time: 1.931714e-04
0: MPIL CopyToCPU RADIX-7 Dissemination Time: 1.932031e-04
0: MPIL CopyToCPU RADIX-8 Dissemination Time: 1.944133e-04
0: MPIL CopyToCPU RADIX-9 Dissemination Time: 2.010257e-04
0: MPIL CopyToCPU RADIX-10 Dissemination Time: 2.102217e-04
0: MPIL CopyToCPU RADIX-11 Dissemination Time: 2.155999e-04
0: MPIL CopyToCPU RADIX-12 Dissemination Time: 2.228508e-04
0: MPIL CopyToCPU RADIX-13 Dissemination Time: 2.362203e-04
0: MPIL CopyToCPU RADIX-14 Dissemination Time: 2.455342e-04
0: Testing Size 8192
0: PMPI Allreduce Time: 2.061900e-04
0: MPIL GPU-Aware Recursive Doubling Time: 2.051705e-04
0: MPIL GPU-Aware Node-Aware Dissemination Time: 1.223249e-03
0: MPIL GPU-Aware NUMA-Aware Dissemination Time: 1.326741e-03
0: CopyToCPU PMPI Allreduce Time: 2.995480e-04
0: MPIL CopyToCPU Recursive Doubling Time: 4.729222e-04
0: MPIL CopyToCPU Node-Aware Dissemination Time: 5.702461e-04
0: MPIL CopyToCPU NUMA-Aware Dissemination Time: 3.730659e-04
0: MPIL CopyToCPU RADIX-3 Dissemination Time: 4.036698e-04
0: MPIL CopyToCPU RADIX-4 Dissemination Time: 3.766714e-04
0: MPIL CopyToCPU RADIX-5 Dissemination Time: 3.430817e-04
0: MPIL CopyToCPU RADIX-6 Dissemination Time: 3.386513e-04
0: MPIL CopyToCPU RADIX-7 Dissemination Time: 3.452925e-04
0: MPIL CopyToCPU RADIX-8 Dissemination Time: 3.444545e-04
0: MPIL CopyToCPU RADIX-9 Dissemination Time: 3.669254e-04
0: MPIL CopyToCPU RADIX-10 Dissemination Time: 3.822691e-04
0: MPIL CopyToCPU RADIX-11 Dissemination Time: 3.907031e-04
0: MPIL CopyToCPU RADIX-12 Dissemination Time: 4.051589e-04
0: MPIL CopyToCPU RADIX-13 Dissemination Time: 4.216002e-04
0: MPIL CopyToCPU RADIX-14 Dissemination Time: 4.505624e-04
0: Testing Size 16384
0: PMPI Allreduce Time: 2.148489e-04
0: MPIL GPU-Aware Recursive Doubling Time: 2.133778e-04
0: MPIL GPU-Aware Node-Aware Dissemination Time: 1.288963e-03
0: MPIL GPU-Aware NUMA-Aware Dissemination Time: 1.387266e-03
0: CopyToCPU PMPI Allreduce Time: 4.983179e-04
0: MPIL CopyToCPU Recursive Doubling Time: 8.948794e-04
0: MPIL CopyToCPU Node-Aware Dissemination Time: 1.021375e-03
0: MPIL CopyToCPU NUMA-Aware Dissemination Time: 6.630384e-04
0: MPIL CopyToCPU RADIX-3 Dissemination Time: 7.802959e-04
0: MPIL CopyToCPU RADIX-4 Dissemination Time: 7.155461e-04
0: MPIL CopyToCPU RADIX-5 Dissemination Time: 6.367170e-04
0: MPIL CopyToCPU RADIX-6 Dissemination Time: 6.284094e-04
0: MPIL CopyToCPU RADIX-7 Dissemination Time: 6.475563e-04
0: MPIL CopyToCPU RADIX-8 Dissemination Time: 6.503240e-04
0: MPIL CopyToCPU RADIX-9 Dissemination Time: 6.980053e-04
0: MPIL CopyToCPU RADIX-10 Dissemination Time: 7.264648e-04
0: MPIL CopyToCPU RADIX-11 Dissemination Time: 7.394253e-04
0: MPIL CopyToCPU RADIX-12 Dissemination Time: 7.553849e-04
0: MPIL CopyToCPU RADIX-13 Dissemination Time: 7.999487e-04
0: MPIL CopyToCPU RADIX-14 Dissemination Time: 8.565033e-04
0: Testing Size 32768
0: PMPI Allreduce Time: 2.408072e-04
0: MPIL GPU-Aware Recursive Doubling Time: 2.401998e-04
0: MPIL GPU-Aware Node-Aware Dissemination Time: 1.272421e-02
0: MPIL GPU-Aware NUMA-Aware Dissemination Time: 1.672849e-03
0: CopyToCPU PMPI Allreduce Time: 9.870305e-04
0: MPIL CopyToCPU Recursive Doubling Time: 1.726318e-03
0: MPIL CopyToCPU Node-Aware Dissemination Time: 1.774211e-03
0: MPIL CopyToCPU NUMA-Aware Dissemination Time: 1.238944e-03
0: MPIL CopyToCPU RADIX-3 Dissemination Time: 1.505416e-03
0: MPIL CopyToCPU RADIX-4 Dissemination Time: 1.404337e-03
0: MPIL CopyToCPU RADIX-5 Dissemination Time: 1.195050e-03
0: MPIL CopyToCPU RADIX-6 Dissemination Time: 1.206319e-03
0: MPIL CopyToCPU RADIX-7 Dissemination Time: 1.245242e-03
0: MPIL CopyToCPU RADIX-8 Dissemination Time: 1.267241e-03
0: MPIL CopyToCPU RADIX-9 Dissemination Time: 1.347218e-03
0: MPIL CopyToCPU RADIX-10 Dissemination Time: 1.403388e-03
0: MPIL CopyToCPU RADIX-11 Dissemination Time: 1.426454e-03
0: MPIL CopyToCPU RADIX-12 Dissemination Time: 1.479608e-03
0: MPIL CopyToCPU RADIX-13 Dissemination Time: 1.535703e-03
0: MPIL CopyToCPU RADIX-14 Dissemination Time: 1.649649e-03
0: Testing Size 65536
0: PMPI Allreduce Time: 2.737236e-04
0: MPIL GPU-Aware Recursive Doubling Time: 2.738967e-04
0: MPIL GPU-Aware Node-Aware Dissemination Time: 1.415740e-02
0: MPIL GPU-Aware NUMA-Aware Dissemination Time: 2.591288e-03
0: CopyToCPU PMPI Allreduce Time: 1.733752e-03
0: MPIL CopyToCPU Recursive Doubling Time: 3.458820e-03
0: MPIL CopyToCPU Node-Aware Dissemination Time: 3.385015e-03
0: MPIL CopyToCPU NUMA-Aware Dissemination Time: 2.240973e-03
0: MPIL CopyToCPU RADIX-3 Dissemination Time: 2.896154e-03
0: MPIL CopyToCPU RADIX-4 Dissemination Time: 2.721994e-03
0: MPIL CopyToCPU RADIX-5 Dissemination Time: 2.343174e-03
0: MPIL CopyToCPU RADIX-6 Dissemination Time: 2.337425e-03
0: MPIL CopyToCPU RADIX-7 Dissemination Time: 2.457185e-03
0: MPIL CopyToCPU RADIX-8 Dissemination Time: 2.523405e-03
0: MPIL CopyToCPU RADIX-9 Dissemination Time: 2.556167e-03
0: MPIL CopyToCPU RADIX-10 Dissemination Time: 2.637124e-03
0: MPIL CopyToCPU RADIX-11 Dissemination Time: 2.725491e-03
0: MPIL CopyToCPU RADIX-12 Dissemination Time: 2.843670e-03
0: MPIL CopyToCPU RADIX-13 Dissemination Time: 2.879146e-03
0: MPIL CopyToCPU RADIX-14 Dissemination Time: 3.101125e-03
0: Testing Size 131072
0: PMPI Allreduce Time: 3.239762e-04
0: MPIL GPU-Aware Recursive Doubling Time: 3.242457e-04
0: MPIL GPU-Aware Node-Aware Dissemination Time: 1.747844e-02
0: MPIL GPU-Aware NUMA-Aware Dissemination Time: 4.697684e-03
0: CopyToCPU PMPI Allreduce Time: 3.410121e-03
0: MPIL CopyToCPU Recursive Doubling Time: 5.057449e-03
0: MPIL CopyToCPU Node-Aware Dissemination Time: 7.046200e-03
0: MPIL CopyToCPU NUMA-Aware Dissemination Time: 4.614892e-03
0: MPIL CopyToCPU RADIX-3 Dissemination Time: 4.578781e-03
0: MPIL CopyToCPU RADIX-4 Dissemination Time: 5.351723e-03
0: MPIL CopyToCPU RADIX-5 Dissemination Time: 4.628253e-03
0: MPIL CopyToCPU RADIX-6 Dissemination Time: 4.615778e-03
0: MPIL CopyToCPU RADIX-7 Dissemination Time: 4.819388e-03
0: MPIL CopyToCPU RADIX-8 Dissemination Time: 5.033942e-03
0: MPIL CopyToCPU RADIX-9 Dissemination Time: 5.019355e-03
0: MPIL CopyToCPU RADIX-10 Dissemination Time: 5.209219e-03
0: MPIL CopyToCPU RADIX-11 Dissemination Time: 5.376949e-03
0: MPIL CopyToCPU RADIX-12 Dissemination Time: 5.442062e-03
0: MPIL CopyToCPU RADIX-13 Dissemination Time: 5.515576e-03
0: MPIL CopyToCPU RADIX-14 Dissemination Time: 5.734424e-03
0: Testing Size 262144
0: PMPI Allreduce Time: 4.499235e-04
0: MPIL GPU-Aware Recursive Doubling Time: 4.495703e-04
0: MPIL GPU-Aware Node-Aware Dissemination Time: 2.271365e-02
0: MPIL GPU-Aware NUMA-Aware Dissemination Time: 7.566060e-03
0: CopyToCPU PMPI Allreduce Time: 6.804290e-03
0: MPIL CopyToCPU Recursive Doubling Time: 8.532301e-03
0: MPIL CopyToCPU Node-Aware Dissemination Time: 1.386260e-02
0: MPIL CopyToCPU NUMA-Aware Dissemination Time: 8.501894e-03
0: MPIL CopyToCPU RADIX-3 Dissemination Time: 9.306044e-03
0: MPIL CopyToCPU RADIX-4 Dissemination Time: 9.169509e-03
0: MPIL CopyToCPU RADIX-5 Dissemination Time: 8.697299e-03
0: MPIL CopyToCPU RADIX-6 Dissemination Time: 8.870548e-03
0: MPIL CopyToCPU RADIX-7 Dissemination Time: 9.371391e-03
0: MPIL CopyToCPU RADIX-8 Dissemination Time: 9.797502e-03
0: MPIL CopyToCPU RADIX-9 Dissemination Time: 9.940099e-03
0: MPIL CopyToCPU RADIX-10 Dissemination Time: 1.017094e-02
0: MPIL CopyToCPU RADIX-11 Dissemination Time: 1.082304e-02
0: MPIL CopyToCPU RADIX-12 Dissemination Time: 1.099510e-02
0: MPIL CopyToCPU RADIX-13 Dissemination Time: 1.108707e-02
0: MPIL CopyToCPU RADIX-14 Dissemination Time: 1.157156e-02
0: Testing Size 524288
0: PMPI Allreduce Time: 7.041776e-04
0: MPIL GPU-Aware Recursive Doubling Time: 7.035455e-04
0: MPIL GPU-Aware Node-Aware Dissemination Time: 3.119807e-02
0: MPIL GPU-Aware NUMA-Aware Dissemination Time: 1.168993e-02
0: CopyToCPU PMPI Allreduce Time: 1.381562e-02
0: MPIL CopyToCPU Recursive Doubling Time: 1.639354e-02
0: MPIL CopyToCPU Node-Aware Dissemination Time: 2.844037e-02
0: MPIL CopyToCPU NUMA-Aware Dissemination Time: 1.653340e-02
0: MPIL CopyToCPU RADIX-3 Dissemination Time: 1.649520e-02
0: MPIL CopyToCPU RADIX-4 Dissemination Time: 1.625287e-02
0: MPIL CopyToCPU RADIX-5 Dissemination Time: 1.836048e-02
0: MPIL CopyToCPU RADIX-6 Dissemination Time: 1.822398e-02
0: MPIL CopyToCPU RADIX-7 Dissemination Time: 1.880115e-02
0: MPIL CopyToCPU RADIX-8 Dissemination Time: 2.481542e-02
0: MPIL CopyToCPU RADIX-9 Dissemination Time: 2.518096e-02
0: MPIL CopyToCPU RADIX-10 Dissemination Time: 2.563720e-02
0: MPIL CopyToCPU RADIX-11 Dissemination Time: 2.848871e-02
0: MPIL CopyToCPU RADIX-12 Dissemination Time: 2.774629e-02
0: MPIL CopyToCPU RADIX-13 Dissemination Time: 2.803539e-02
0: MPIL CopyToCPU RADIX-14 Dissemination Time: 2.950377e-02
