0: Testing Size 1
0: PMPI Allreduce Time: 3.075357e-05
0: MPIL GPU-Aware Recursive Doubling Time: 3.047531e-05
0: MPIL GPU-Aware Node-Aware Dissemination Time: 5.114279e-04
0: MPIL GPU-Aware NUMA-Aware Dissemination Time: 8.496303e-04
0: CopyToCPU PMPI Allreduce Time: 3.081015e-05
0: MPIL CopyToCPU Recursive Doubling Time: 3.696177e-05
0: MPIL CopyToCPU Node-Aware Dissemination Time: 3.338291e-05
0: MPIL CopyToCPU NUMA-Aware Dissemination Time: 2.753140e-05
0: MPIL CopyToCPU RADIX-3 Dissemination Time: 3.326604e-05
0: MPIL CopyToCPU RADIX-4 Dissemination Time: 2.876062e-05
0: MPIL CopyToCPU RADIX-5 Dissemination Time: 3.332313e-05
0: MPIL CopyToCPU RADIX-6 Dissemination Time: 3.495291e-05
0: MPIL CopyToCPU RADIX-7 Dissemination Time: 3.653490e-05
0: MPIL CopyToCPU RADIX-8 Dissemination Time: 3.720870e-05
0: MPIL CopyToCPU RADIX-9 Dissemination Time: 4.123954e-05
0: MPIL CopyToCPU RADIX-10 Dissemination Time: 4.533009e-05
0: MPIL CopyToCPU RADIX-11 Dissemination Time: 4.902797e-05
0: MPIL CopyToCPU RADIX-12 Dissemination Time: 5.055488e-05
0: MPIL CopyToCPU RADIX-13 Dissemination Time: 5.373252e-05
0: MPIL CopyToCPU RADIX-14 Dissemination Time: 5.460178e-05
0: Testing Size 2
0: PMPI Allreduce Time: 3.015486e-05
0: MPIL GPU-Aware Recursive Doubling Time: 3.012799e-05
0: MPIL GPU-Aware Node-Aware Dissemination Time: 5.044964e-04
0: MPIL GPU-Aware NUMA-Aware Dissemination Time: 8.527017e-04
0: CopyToCPU PMPI Allreduce Time: 3.086495e-05
0: MPIL CopyToCPU Recursive Doubling Time: 3.594327e-05
0: MPIL CopyToCPU Node-Aware Dissemination Time: 3.278107e-05
0: MPIL CopyToCPU NUMA-Aware Dissemination Time: 2.871190e-05
0: MPIL CopyToCPU RADIX-3 Dissemination Time: 3.696357e-05
0: MPIL CopyToCPU RADIX-4 Dissemination Time: 3.286205e-05
0: MPIL CopyToCPU RADIX-5 Dissemination Time: 3.694716e-05
0: MPIL CopyToCPU RADIX-6 Dissemination Time: 3.969225e-05
0: MPIL CopyToCPU RADIX-7 Dissemination Time: 4.652067e-05
0: MPIL CopyToCPU RADIX-8 Dissemination Time: 3.962609e-05
0: MPIL CopyToCPU RADIX-9 Dissemination Time: 4.516321e-05
0: MPIL CopyToCPU RADIX-10 Dissemination Time: 4.284317e-05
0: MPIL CopyToCPU RADIX-11 Dissemination Time: 4.357702e-05
0: MPIL CopyToCPU RADIX-12 Dissemination Time: 4.510947e-05
0: MPIL CopyToCPU RADIX-13 Dissemination Time: 4.679189e-05
0: MPIL CopyToCPU RADIX-14 Dissemination Time: 4.860809e-05
0: Testing Size 4
0: PMPI Allreduce Time: 3.057305e-05
0: MPIL GPU-Aware Recursive Doubling Time: 3.057031e-05
0: MPIL GPU-Aware Node-Aware Dissemination Time: 5.049021e-04
0: MPIL GPU-Aware NUMA-Aware Dissemination Time: 8.539440e-04
0: CopyToCPU PMPI Allreduce Time: 3.079980e-05
0: MPIL CopyToCPU Recursive Doubling Time: 3.456951e-05
0: MPIL CopyToCPU Node-Aware Dissemination Time: 3.220901e-05
0: MPIL CopyToCPU NUMA-Aware Dissemination Time: 2.730426e-05
0: MPIL CopyToCPU RADIX-3 Dissemination Time: 3.320228e-05
0: MPIL CopyToCPU RADIX-4 Dissemination Time: 2.913587e-05
0: MPIL CopyToCPU RADIX-5 Dissemination Time: 3.382230e-05
0: MPIL CopyToCPU RADIX-6 Dissemination Time: 3.522244e-05
0: MPIL CopyToCPU RADIX-7 Dissemination Time: 3.705103e-05
0: MPIL CopyToCPU RADIX-8 Dissemination Time: 3.672958e-05
0: MPIL CopyToCPU RADIX-9 Dissemination Time: 3.859954e-05
0: MPIL CopyToCPU RADIX-10 Dissemination Time: 4.045675e-05
0: MPIL CopyToCPU RADIX-11 Dissemination Time: 4.174969e-05
0: MPIL CopyToCPU RADIX-12 Dissemination Time: 4.386993e-05
0: MPIL CopyToCPU RADIX-13 Dissemination Time: 4.643948e-05
0: MPIL CopyToCPU RADIX-14 Dissemination Time: 4.894991e-05
0: Testing Size 8
0: PMPI Allreduce Time: 3.048290e-05
0: MPIL GPU-Aware Recursive Doubling Time: 3.057198e-05
0: MPIL GPU-Aware Node-Aware Dissemination Time: 5.045670e-04
0: MPIL GPU-Aware NUMA-Aware Dissemination Time: 8.543797e-04
0: CopyToCPU PMPI Allreduce Time: 3.075719e-05
0: MPIL CopyToCPU Recursive Doubling Time: 3.914002e-05
0: MPIL CopyToCPU Node-Aware Dissemination Time: 3.208203e-05
0: MPIL CopyToCPU NUMA-Aware Dissemination Time: 2.755890e-05
0: MPIL CopyToCPU RADIX-3 Dissemination Time: 3.476307e-05
0: MPIL CopyToCPU RADIX-4 Dissemination Time: 3.251518e-05
0: MPIL CopyToCPU RADIX-5 Dissemination Time: 3.636953e-05
0: MPIL CopyToCPU RADIX-6 Dissemination Time: 3.930778e-05
0: MPIL CopyToCPU RADIX-7 Dissemination Time: 4.114039e-05
0: MPIL CopyToCPU RADIX-8 Dissemination Time: 4.129147e-05
0: MPIL CopyToCPU RADIX-9 Dissemination Time: 4.187012e-05
0: MPIL CopyToCPU RADIX-10 Dissemination Time: 4.370561e-05
0: MPIL CopyToCPU RADIX-11 Dissemination Time: 4.516981e-05
0: MPIL CopyToCPU RADIX-12 Dissemination Time: 4.714697e-05
0: MPIL CopyToCPU RADIX-13 Dissemination Time: 4.953068e-05
0: MPIL CopyToCPU RADIX-14 Dissemination Time: 5.211219e-05
0: Testing Size 16
0: PMPI Allreduce Time: 3.259205e-05
0: MPIL GPU-Aware Recursive Doubling Time: 3.253902e-05
0: MPIL GPU-Aware Node-Aware Dissemination Time: 5.070874e-04
0: MPIL GPU-Aware NUMA-Aware Dissemination Time: 8.554109e-04
0: CopyToCPU PMPI Allreduce Time: 3.256961e-05
0: MPIL CopyToCPU Recursive Doubling Time: 4.275631e-05
0: MPIL CopyToCPU Node-Aware Dissemination Time: 3.364542e-05
0: MPIL CopyToCPU NUMA-Aware Dissemination Time: 3.035028e-05
0: MPIL CopyToCPU RADIX-3 Dissemination Time: 3.737919e-05
0: MPIL CopyToCPU RADIX-4 Dissemination Time: 3.298788e-05
0: MPIL CopyToCPU RADIX-5 Dissemination Time: 4.003568e-05
0: MPIL CopyToCPU RADIX-6 Dissemination Time: 4.247235e-05
0: MPIL CopyToCPU RADIX-7 Dissemination Time: 4.446272e-05
0: MPIL CopyToCPU RADIX-8 Dissemination Time: 4.413628e-05
0: MPIL CopyToCPU RADIX-9 Dissemination Time: 4.498994e-05
0: MPIL CopyToCPU RADIX-10 Dissemination Time: 4.705457e-05
0: MPIL CopyToCPU RADIX-11 Dissemination Time: 4.774332e-05
0: MPIL CopyToCPU RADIX-12 Dissemination Time: 4.947728e-05
0: MPIL CopyToCPU RADIX-13 Dissemination Time: 5.269744e-05
0: MPIL CopyToCPU RADIX-14 Dissemination Time: 5.496401e-05
0: Testing Size 32
0: PMPI Allreduce Time: 5.491511e-05
0: MPIL GPU-Aware Recursive Doubling Time: 5.324073e-05
0: MPIL GPU-Aware Node-Aware Dissemination Time: 5.034440e-04
0: MPIL GPU-Aware NUMA-Aware Dissemination Time: 8.610175e-04
0: CopyToCPU PMPI Allreduce Time: 4.349257e-05
0: MPIL CopyToCPU Recursive Doubling Time: 5.610536e-05
0: MPIL CopyToCPU Node-Aware Dissemination Time: 3.945822e-05
0: MPIL CopyToCPU NUMA-Aware Dissemination Time: 3.801397e-05
0: MPIL CopyToCPU RADIX-3 Dissemination Time: 5.402641e-05
0: MPIL CopyToCPU RADIX-4 Dissemination Time: 4.383452e-05
0: MPIL CopyToCPU RADIX-5 Dissemination Time: 4.852025e-05
0: MPIL CopyToCPU RADIX-6 Dissemination Time: 4.990615e-05
0: MPIL CopyToCPU RADIX-7 Dissemination Time: 5.194277e-05
0: MPIL CopyToCPU RADIX-8 Dissemination Time: 4.952085e-05
0: MPIL CopyToCPU RADIX-9 Dissemination Time: 5.188956e-05
0: MPIL CopyToCPU RADIX-10 Dissemination Time: 5.340015e-05
0: MPIL CopyToCPU RADIX-11 Dissemination Time: 5.571142e-05
0: MPIL CopyToCPU RADIX-12 Dissemination Time: 5.703702e-05
0: MPIL CopyToCPU RADIX-13 Dissemination Time: 6.050575e-05
0: MPIL CopyToCPU RADIX-14 Dissemination Time: 6.209826e-05
0: Testing Size 64
0: PMPI Allreduce Time: 5.340957e-05
0: MPIL GPU-Aware Recursive Doubling Time: 5.336341e-05
0: MPIL GPU-Aware Node-Aware Dissemination Time: 5.112648e-04
0: MPIL GPU-Aware NUMA-Aware Dissemination Time: 8.624785e-04
0: CopyToCPU PMPI Allreduce Time: 5.286774e-05
0: MPIL CopyToCPU Recursive Doubling Time: 5.660716e-05
0: MPIL CopyToCPU Node-Aware Dissemination Time: 4.263040e-05
0: MPIL CopyToCPU NUMA-Aware Dissemination Time: 4.781073e-05
0: MPIL CopyToCPU RADIX-3 Dissemination Time: 5.509957e-05
0: MPIL CopyToCPU RADIX-4 Dissemination Time: 4.388181e-05
0: MPIL CopyToCPU RADIX-5 Dissemination Time: 4.910573e-05
0: MPIL CopyToCPU RADIX-6 Dissemination Time: 5.050682e-05
0: MPIL CopyToCPU RADIX-7 Dissemination Time: 5.264868e-05
0: MPIL CopyToCPU RADIX-8 Dissemination Time: 5.020834e-05
0: MPIL CopyToCPU RADIX-9 Dissemination Time: 5.379792e-05
0: MPIL CopyToCPU RADIX-10 Dissemination Time: 5.460279e-05
0: MPIL CopyToCPU RADIX-11 Dissemination Time: 5.668598e-05
0: MPIL CopyToCPU RADIX-12 Dissemination Time: 5.827930e-05
0: MPIL CopyToCPU RADIX-13 Dissemination Time: 6.159508e-05
0: MPIL CopyToCPU RADIX-14 Dissemination Time: 6.283326e-05
0: Testing Size 128
0: PMPI Allreduce Time: 6.731239e-05
0: MPIL GPU-Aware Recursive Doubling Time: 6.753137e-05
0: MPIL GPU-Aware Node-Aware Dissemination Time: 5.294475e-04
0: MPIL GPU-Aware NUMA-Aware Dissemination Time: 8.664971e-04
0: CopyToCPU PMPI Allreduce Time: 6.698772e-05
0: MPIL CopyToCPU Recursive Doubling Time: 7.154090e-05
0: MPIL CopyToCPU Node-Aware Dissemination Time: 8.668370e-05
0: MPIL CopyToCPU NUMA-Aware Dissemination Time: 7.237004e-05
0: MPIL CopyToCPU RADIX-3 Dissemination Time: 6.567769e-05
0: MPIL CopyToCPU RADIX-4 Dissemination Time: 5.612014e-05
0: MPIL CopyToCPU RADIX-5 Dissemination Time: 6.215546e-05
0: MPIL CopyToCPU RADIX-6 Dissemination Time: 6.390405e-05
0: MPIL CopyToCPU RADIX-7 Dissemination Time: 6.689858e-05
0: MPIL CopyToCPU RADIX-8 Dissemination Time: 6.567552e-05
0: MPIL CopyToCPU RADIX-9 Dissemination Time: 6.921861e-05
0: MPIL CopyToCPU RADIX-10 Dissemination Time: 7.166033e-05
0: MPIL CopyToCPU RADIX-11 Dissemination Time: 7.436938e-05
0: MPIL CopyToCPU RADIX-12 Dissemination Time: 7.559893e-05
0: MPIL CopyToCPU RADIX-13 Dissemination Time: 7.878667e-05
0: MPIL CopyToCPU RADIX-14 Dissemination Time: 8.000250e-05
0: Testing Size 256
0: PMPI Allreduce Time: 7.448222e-05
0: MPIL GPU-Aware Recursive Doubling Time: 7.443209e-05
0: MPIL GPU-Aware Node-Aware Dissemination Time: 5.430836e-04
0: MPIL GPU-Aware NUMA-Aware Dissemination Time: 8.881385e-04
0: CopyToCPU PMPI Allreduce Time: 8.056330e-05
0: MPIL CopyToCPU Recursive Doubling Time: 8.414252e-05
0: MPIL CopyToCPU Node-Aware Dissemination Time: 1.258896e-04
0: MPIL CopyToCPU NUMA-Aware Dissemination Time: 9.432137e-05
0: MPIL CopyToCPU RADIX-3 Dissemination Time: 7.210250e-05
0: MPIL CopyToCPU RADIX-4 Dissemination Time: 6.374180e-05
0: MPIL CopyToCPU RADIX-5 Dissemination Time: 6.794285e-05
0: MPIL CopyToCPU RADIX-6 Dissemination Time: 6.993115e-05
0: MPIL CopyToCPU RADIX-7 Dissemination Time: 7.294371e-05
0: MPIL CopyToCPU RADIX-8 Dissemination Time: 7.208844e-05
0: MPIL CopyToCPU RADIX-9 Dissemination Time: 7.629651e-05
0: MPIL CopyToCPU RADIX-10 Dissemination Time: 7.961782e-05
0: MPIL CopyToCPU RADIX-11 Dissemination Time: 8.241781e-05
0: MPIL CopyToCPU RADIX-12 Dissemination Time: 8.726973e-05
0: MPIL CopyToCPU RADIX-13 Dissemination Time: 9.461709e-05
0: MPIL CopyToCPU RADIX-14 Dissemination Time: 1.031536e-04
0: Testing Size 512
0: PMPI Allreduce Time: 8.968340e-05
0: MPIL GPU-Aware Recursive Doubling Time: 8.966064e-05
0: MPIL GPU-Aware Node-Aware Dissemination Time: 5.587447e-04
0: MPIL GPU-Aware NUMA-Aware Dissemination Time: 8.841994e-04
0: CopyToCPU PMPI Allreduce Time: 9.253038e-05
0: MPIL CopyToCPU Recursive Doubling Time: 9.665558e-05
0: MPIL CopyToCPU Node-Aware Dissemination Time: 1.441414e-04
0: MPIL CopyToCPU NUMA-Aware Dissemination Time: 1.055253e-04
0: MPIL CopyToCPU RADIX-3 Dissemination Time: 8.369118e-05
0: MPIL CopyToCPU RADIX-4 Dissemination Time: 7.531479e-05
0: MPIL CopyToCPU RADIX-5 Dissemination Time: 7.711547e-05
0: MPIL CopyToCPU RADIX-6 Dissemination Time: 7.712344e-05
0: MPIL CopyToCPU RADIX-7 Dissemination Time: 8.042306e-05
0: MPIL CopyToCPU RADIX-8 Dissemination Time: 7.981825e-05
0: MPIL CopyToCPU RADIX-9 Dissemination Time: 8.512573e-05
0: MPIL CopyToCPU RADIX-10 Dissemination Time: 8.947493e-05
0: MPIL CopyToCPU RADIX-11 Dissemination Time: 9.069981e-05
0: MPIL CopyToCPU RADIX-12 Dissemination Time: 9.433841e-05
0: MPIL CopyToCPU RADIX-13 Dissemination Time: 9.770449e-05
0: MPIL CopyToCPU RADIX-14 Dissemination Time: 1.165599e-04
0: Testing Size 1024
0: PMPI Allreduce Time: 6.251632e-04
0: MPIL GPU-Aware Recursive Doubling Time: 6.247076e-04
0: MPIL GPU-Aware Node-Aware Dissemination Time: 2.193442e-03
0: MPIL GPU-Aware NUMA-Aware Dissemination Time: 3.549723e-03
0: CopyToCPU PMPI Allreduce Time: 1.236544e-04
0: MPIL CopyToCPU Recursive Doubling Time: 1.300835e-04
0: MPIL CopyToCPU Node-Aware Dissemination Time: 1.971746e-04
0: MPIL CopyToCPU NUMA-Aware Dissemination Time: 1.501890e-04
0: MPIL CopyToCPU RADIX-3 Dissemination Time: 1.076077e-04
0: MPIL CopyToCPU RADIX-4 Dissemination Time: 9.785753e-05
0: MPIL CopyToCPU RADIX-5 Dissemination Time: 9.591422e-05
0: MPIL CopyToCPU RADIX-6 Dissemination Time: 9.822955e-05
0: MPIL CopyToCPU RADIX-7 Dissemination Time: 1.045204e-04
0: MPIL CopyToCPU RADIX-8 Dissemination Time: 1.073092e-04
0: MPIL CopyToCPU RADIX-9 Dissemination Time: 1.122848e-04
0: MPIL CopyToCPU RADIX-10 Dissemination Time: 1.170424e-04
0: MPIL CopyToCPU RADIX-11 Dissemination Time: 1.198335e-04
0: MPIL CopyToCPU RADIX-12 Dissemination Time: 1.244889e-04
0: MPIL CopyToCPU RADIX-13 Dissemination Time: 1.273449e-04
0: MPIL CopyToCPU RADIX-14 Dissemination Time: 1.346884e-04
0: Testing Size 2048
0: PMPI Allreduce Time: 2.914935e-04
0: MPIL GPU-Aware Recursive Doubling Time: 2.876303e-04
0: MPIL GPU-Aware Node-Aware Dissemination Time: 1.787231e-03
0: MPIL GPU-Aware NUMA-Aware Dissemination Time: 3.094980e-03
0: CopyToCPU PMPI Allreduce Time: 1.646013e-04
0: MPIL CopyToCPU Recursive Doubling Time: 1.908263e-04
0: MPIL CopyToCPU Node-Aware Dissemination Time: 2.281285e-04
0: MPIL CopyToCPU NUMA-Aware Dissemination Time: 2.228627e-04
0: MPIL CopyToCPU RADIX-3 Dissemination Time: 1.570989e-04
0: MPIL CopyToCPU RADIX-4 Dissemination Time: 1.506454e-04
0: MPIL CopyToCPU RADIX-5 Dissemination Time: 1.496852e-04
0: MPIL CopyToCPU RADIX-6 Dissemination Time: 1.483267e-04
0: MPIL CopyToCPU RADIX-7 Dissemination Time: 1.610416e-04
0: MPIL CopyToCPU RADIX-8 Dissemination Time: 1.706414e-04
0: MPIL CopyToCPU RADIX-9 Dissemination Time: 1.793552e-04
0: MPIL CopyToCPU RADIX-10 Dissemination Time: 1.811146e-04
0: MPIL CopyToCPU RADIX-11 Dissemination Time: 1.862146e-04
0: MPIL CopyToCPU RADIX-12 Dissemination Time: 1.861252e-04
0: MPIL CopyToCPU RADIX-13 Dissemination Time: 1.990074e-04
0: MPIL CopyToCPU RADIX-14 Dissemination Time: 2.094602e-04
0: Testing Size 4096
0: PMPI Allreduce Time: 3.054056e-04
0: MPIL GPU-Aware Recursive Doubling Time: 3.054302e-04
0: MPIL GPU-Aware Node-Aware Dissemination Time: 1.816720e-03
0: MPIL GPU-Aware NUMA-Aware Dissemination Time: 3.067235e-03
0: CopyToCPU PMPI Allreduce Time: 2.386785e-04
0: MPIL CopyToCPU Recursive Doubling Time: 3.373825e-04
0: MPIL CopyToCPU Node-Aware Dissemination Time: 3.778287e-04
0: MPIL CopyToCPU NUMA-Aware Dissemination Time: 3.731233e-04
0: MPIL CopyToCPU RADIX-3 Dissemination Time: 2.962322e-04
0: MPIL CopyToCPU RADIX-4 Dissemination Time: 2.781038e-04
0: MPIL CopyToCPU RADIX-5 Dissemination Time: 2.875784e-04
0: MPIL CopyToCPU RADIX-6 Dissemination Time: 2.808017e-04
0: MPIL CopyToCPU RADIX-7 Dissemination Time: 3.107553e-04
0: MPIL CopyToCPU RADIX-8 Dissemination Time: 3.310729e-04
0: MPIL CopyToCPU RADIX-9 Dissemination Time: 3.542286e-04
0: MPIL CopyToCPU RADIX-10 Dissemination Time: 3.551068e-04
0: MPIL CopyToCPU RADIX-11 Dissemination Time: 3.628566e-04
0: MPIL CopyToCPU RADIX-12 Dissemination Time: 3.637659e-04
0: MPIL CopyToCPU RADIX-13 Dissemination Time: 3.838175e-04
0: MPIL CopyToCPU RADIX-14 Dissemination Time: 4.192625e-04
0: Testing Size 8192
0: PMPI Allreduce Time: 3.196467e-04
0: MPIL GPU-Aware Recursive Doubling Time: 3.189428e-04
0: MPIL GPU-Aware Node-Aware Dissemination Time: 1.881492e-03
0: MPIL GPU-Aware NUMA-Aware Dissemination Time: 3.043183e-03
0: CopyToCPU PMPI Allreduce Time: 3.539842e-04
0: MPIL CopyToCPU Recursive Doubling Time: 5.704982e-04
0: MPIL CopyToCPU Node-Aware Dissemination Time: 6.228484e-04
0: MPIL CopyToCPU NUMA-Aware Dissemination Time: 6.321581e-04
0: MPIL CopyToCPU RADIX-3 Dissemination Time: 5.085404e-04
0: MPIL CopyToCPU RADIX-4 Dissemination Time: 5.010813e-04
0: MPIL CopyToCPU RADIX-5 Dissemination Time: 5.013938e-04
0: MPIL CopyToCPU RADIX-6 Dissemination Time: 4.913648e-04
0: MPIL CopyToCPU RADIX-7 Dissemination Time: 5.549899e-04
0: MPIL CopyToCPU RADIX-8 Dissemination Time: 5.979267e-04
0: MPIL CopyToCPU RADIX-9 Dissemination Time: 6.508254e-04
0: MPIL CopyToCPU RADIX-10 Dissemination Time: 6.451910e-04
0: MPIL CopyToCPU RADIX-11 Dissemination Time: 6.696271e-04
0: MPIL CopyToCPU RADIX-12 Dissemination Time: 6.732635e-04
0: MPIL CopyToCPU RADIX-13 Dissemination Time: 7.074508e-04
0: MPIL CopyToCPU RADIX-14 Dissemination Time: 7.727748e-04
0: Testing Size 16384
0: PMPI Allreduce Time: 3.303478e-04
0: MPIL GPU-Aware Recursive Doubling Time: 3.291830e-04
0: MPIL GPU-Aware Node-Aware Dissemination Time: 2.011573e-03
0: MPIL GPU-Aware NUMA-Aware Dissemination Time: 3.404843e-03
0: CopyToCPU PMPI Allreduce Time: 6.095535e-04
0: MPIL CopyToCPU Recursive Doubling Time: 1.044506e-03
0: MPIL CopyToCPU Node-Aware Dissemination Time: 1.102360e-03
0: MPIL CopyToCPU NUMA-Aware Dissemination Time: 1.292555e-03
0: MPIL CopyToCPU RADIX-3 Dissemination Time: 9.430782e-04
0: MPIL CopyToCPU RADIX-4 Dissemination Time: 9.482243e-04
0: MPIL CopyToCPU RADIX-5 Dissemination Time: 9.493063e-04
0: MPIL CopyToCPU RADIX-6 Dissemination Time: 9.089758e-04
0: MPIL CopyToCPU RADIX-7 Dissemination Time: 1.045593e-03
0: MPIL CopyToCPU RADIX-8 Dissemination Time: 1.136356e-03
0: MPIL CopyToCPU RADIX-9 Dissemination Time: 1.246569e-03
0: MPIL CopyToCPU RADIX-10 Dissemination Time: 1.214371e-03
0: MPIL CopyToCPU RADIX-11 Dissemination Time: 1.262786e-03
0: MPIL CopyToCPU RADIX-12 Dissemination Time: 1.325778e-03
0: MPIL CopyToCPU RADIX-13 Dissemination Time: 1.403642e-03
0: MPIL CopyToCPU RADIX-14 Dissemination Time: 1.537892e-03
0: Testing Size 32768
0: PMPI Allreduce Time: 3.431047e-04
0: MPIL GPU-Aware Recursive Doubling Time: 3.421795e-04
0: MPIL GPU-Aware Node-Aware Dissemination Time: 1.446732e-02
0: MPIL GPU-Aware NUMA-Aware Dissemination Time: 4.533691e-03
0: CopyToCPU PMPI Allreduce Time: 1.090494e-03
0: MPIL CopyToCPU Recursive Doubling Time: 2.005758e-03
0: MPIL CopyToCPU Node-Aware Dissemination Time: 2.029697e-03
0: MPIL CopyToCPU NUMA-Aware Dissemination Time: 2.420601e-03
0: MPIL CopyToCPU RADIX-3 Dissemination Time: 1.788235e-03
0: MPIL CopyToCPU RADIX-4 Dissemination Time: 1.805839e-03
0: MPIL CopyToCPU RADIX-5 Dissemination Time: 1.837062e-03
0: MPIL CopyToCPU RADIX-6 Dissemination Time: 1.804730e-03
0: MPIL CopyToCPU RADIX-7 Dissemination Time: 2.054504e-03
0: MPIL CopyToCPU RADIX-8 Dissemination Time: 2.234497e-03
0: MPIL CopyToCPU RADIX-9 Dissemination Time: 2.463874e-03
0: MPIL CopyToCPU RADIX-10 Dissemination Time: 2.391205e-03
0: MPIL CopyToCPU RADIX-11 Dissemination Time: 2.492170e-03
0: MPIL CopyToCPU RADIX-12 Dissemination Time: 2.641962e-03
0: MPIL CopyToCPU RADIX-13 Dissemination Time: 2.780011e-03
0: MPIL CopyToCPU RADIX-14 Dissemination Time: 2.988603e-03
0: Testing Size 65536
0: PMPI Allreduce Time: 3.758276e-04
0: MPIL GPU-Aware Recursive Doubling Time: 3.751742e-04
0: MPIL GPU-Aware Node-Aware Dissemination Time: 1.681789e-02
0: MPIL GPU-Aware NUMA-Aware Dissemination Time: 6.744310e-03
0: CopyToCPU PMPI Allreduce Time: 2.035833e-03
0: MPIL CopyToCPU Recursive Doubling Time: 3.871240e-03
0: MPIL CopyToCPU Node-Aware Dissemination Time: 3.728156e-03
0: MPIL CopyToCPU NUMA-Aware Dissemination Time: 4.585008e-03
0: MPIL CopyToCPU RADIX-3 Dissemination Time: 3.460518e-03
0: MPIL CopyToCPU RADIX-4 Dissemination Time: 3.573486e-03
0: MPIL CopyToCPU RADIX-5 Dissemination Time: 3.629295e-03
0: MPIL CopyToCPU RADIX-6 Dissemination Time: 3.479232e-03
0: MPIL CopyToCPU RADIX-7 Dissemination Time: 4.059375e-03
0: MPIL CopyToCPU RADIX-8 Dissemination Time: 4.343908e-03
0: MPIL CopyToCPU RADIX-9 Dissemination Time: 4.823738e-03
0: MPIL CopyToCPU RADIX-10 Dissemination Time: 4.658789e-03
0: MPIL CopyToCPU RADIX-11 Dissemination Time: 4.958196e-03
0: MPIL CopyToCPU RADIX-12 Dissemination Time: 5.249310e-03
0: MPIL CopyToCPU RADIX-13 Dissemination Time: 5.510212e-03
0: MPIL CopyToCPU RADIX-14 Dissemination Time: 5.855776e-03
0: Testing Size 131072
0: PMPI Allreduce Time: 4.511755e-04
0: MPIL GPU-Aware Recursive Doubling Time: 4.468125e-04
0: MPIL GPU-Aware Node-Aware Dissemination Time: 2.174990e-02
0: MPIL GPU-Aware NUMA-Aware Dissemination Time: 1.497764e-02
0: CopyToCPU PMPI Allreduce Time: 4.074672e-03
0: MPIL CopyToCPU Recursive Doubling Time: 7.363986e-03
0: MPIL CopyToCPU Node-Aware Dissemination Time: 7.193684e-03
0: MPIL CopyToCPU NUMA-Aware Dissemination Time: 9.304991e-03
0: MPIL CopyToCPU RADIX-3 Dissemination Time: 6.670301e-03
0: MPIL CopyToCPU RADIX-4 Dissemination Time: 7.022904e-03
0: MPIL CopyToCPU RADIX-5 Dissemination Time: 7.160241e-03
0: MPIL CopyToCPU RADIX-6 Dissemination Time: 6.842874e-03
0: MPIL CopyToCPU RADIX-7 Dissemination Time: 7.983280e-03
0: MPIL CopyToCPU RADIX-8 Dissemination Time: 8.299369e-03
0: MPIL CopyToCPU RADIX-9 Dissemination Time: 9.367812e-03
0: MPIL CopyToCPU RADIX-10 Dissemination Time: 9.142079e-03
0: MPIL CopyToCPU RADIX-11 Dissemination Time: 9.520249e-03
0: MPIL CopyToCPU RADIX-12 Dissemination Time: 1.008350e-02
0: MPIL CopyToCPU RADIX-13 Dissemination Time: 1.054226e-02
0: MPIL CopyToCPU RADIX-14 Dissemination Time: 1.126462e-02
0: Testing Size 262144
0: PMPI Allreduce Time: 5.754349e-04
0: MPIL GPU-Aware Recursive Doubling Time: 5.762398e-04
0: MPIL GPU-Aware Node-Aware Dissemination Time: 3.215705e-02
0: MPIL GPU-Aware NUMA-Aware Dissemination Time: 2.710158e-02
0: CopyToCPU PMPI Allreduce Time: 7.698474e-03
0: MPIL CopyToCPU Recursive Doubling Time: 1.450542e-02
0: MPIL CopyToCPU Node-Aware Dissemination Time: 1.370397e-02
0: MPIL CopyToCPU NUMA-Aware Dissemination Time: 1.817225e-02
0: MPIL CopyToCPU RADIX-3 Dissemination Time: 1.344011e-02
0: MPIL CopyToCPU RADIX-4 Dissemination Time: 1.391823e-02
0: MPIL CopyToCPU RADIX-5 Dissemination Time: 1.414366e-02
0: MPIL CopyToCPU RADIX-6 Dissemination Time: 1.334934e-02
0: MPIL CopyToCPU RADIX-7 Dissemination Time: 1.511013e-02
0: MPIL CopyToCPU RADIX-8 Dissemination Time: 1.659568e-02
0: MPIL CopyToCPU RADIX-9 Dissemination Time: 1.894430e-02
0: MPIL CopyToCPU RADIX-10 Dissemination Time: 1.875869e-02
0: MPIL CopyToCPU RADIX-11 Dissemination Time: 1.965862e-02
0: MPIL CopyToCPU RADIX-12 Dissemination Time: 2.112650e-02
0: MPIL CopyToCPU RADIX-13 Dissemination Time: 2.203919e-02
0: MPIL CopyToCPU RADIX-14 Dissemination Time: 2.331608e-02
0: Testing Size 524288
0: PMPI Allreduce Time: 8.621239e-04
0: MPIL GPU-Aware Recursive Doubling Time: 8.612724e-04
0: MPIL GPU-Aware Node-Aware Dissemination Time: 5.087068e-02
0: MPIL GPU-Aware NUMA-Aware Dissemination Time: 4.672552e-02
0: CopyToCPU PMPI Allreduce Time: 1.621954e-02
0: MPIL CopyToCPU Recursive Doubling Time: 2.706204e-02
0: MPIL CopyToCPU Node-Aware Dissemination Time: 2.802911e-02
0: MPIL CopyToCPU NUMA-Aware Dissemination Time: 3.842589e-02
0: MPIL CopyToCPU RADIX-3 Dissemination Time: 2.502171e-02
0: MPIL CopyToCPU RADIX-4 Dissemination Time: 2.436792e-02
0: MPIL CopyToCPU RADIX-5 Dissemination Time: 2.807973e-02
0: MPIL CopyToCPU RADIX-6 Dissemination Time: 2.690066e-02
0: MPIL CopyToCPU RADIX-7 Dissemination Time: 3.121810e-02
0: MPIL CopyToCPU RADIX-8 Dissemination Time: 3.718895e-02
0: MPIL CopyToCPU RADIX-9 Dissemination Time: 4.187550e-02
0: MPIL CopyToCPU RADIX-10 Dissemination Time: 4.121992e-02
0: MPIL CopyToCPU RADIX-11 Dissemination Time: 4.339096e-02
0: MPIL CopyToCPU RADIX-12 Dissemination Time: 4.507751e-02
0: MPIL CopyToCPU RADIX-13 Dissemination Time: 4.707016e-02
0: MPIL CopyToCPU RADIX-14 Dissemination Time: 4.970182e-02
