0: Testing Size 1
0: PMPI Allreduce Time: 3.494884e-05
0: MPIL GPU-Aware Recursive Doubling Time: 3.426461e-05
0: MPIL GPU-Aware Node-Aware Dissemination Time: 7.473656e-04
0: MPIL GPU-Aware NUMA-Aware Dissemination Time: 8.476670e-04
0: CopyToCPU PMPI Allreduce Time: 3.431555e-05
0: MPIL CopyToCPU Recursive Doubling Time: 4.191115e-05
0: MPIL CopyToCPU Node-Aware Dissemination Time: 4.716987e-05
0: MPIL CopyToCPU NUMA-Aware Dissemination Time: 2.801800e-05
0: MPIL CopyToCPU RADIX-3 Dissemination Time: 3.719832e-05
0: MPIL CopyToCPU RADIX-4 Dissemination Time: 3.576468e-05
0: MPIL CopyToCPU RADIX-5 Dissemination Time: 3.814806e-05
0: MPIL CopyToCPU RADIX-6 Dissemination Time: 3.856516e-05
0: MPIL CopyToCPU RADIX-7 Dissemination Time: 4.127095e-05
0: MPIL CopyToCPU RADIX-8 Dissemination Time: 3.581976e-05
0: MPIL CopyToCPU RADIX-9 Dissemination Time: 4.744709e-05
0: MPIL CopyToCPU RADIX-10 Dissemination Time: 5.363586e-05
0: MPIL CopyToCPU RADIX-11 Dissemination Time: 6.366370e-05
0: MPIL CopyToCPU RADIX-12 Dissemination Time: 6.711188e-05
0: MPIL CopyToCPU RADIX-13 Dissemination Time: 6.751102e-05
0: MPIL CopyToCPU RADIX-14 Dissemination Time: 7.469533e-05
0: Testing Size 2
0: PMPI Allreduce Time: 3.427676e-05
0: MPIL GPU-Aware Recursive Doubling Time: 3.431624e-05
0: MPIL GPU-Aware Node-Aware Dissemination Time: 7.222507e-04
0: MPIL GPU-Aware NUMA-Aware Dissemination Time: 8.572569e-04
0: CopyToCPU PMPI Allreduce Time: 3.429790e-05
0: MPIL CopyToCPU Recursive Doubling Time: 4.626445e-05
0: MPIL CopyToCPU Node-Aware Dissemination Time: 4.515263e-05
0: MPIL CopyToCPU NUMA-Aware Dissemination Time: 2.955810e-05
0: MPIL CopyToCPU RADIX-3 Dissemination Time: 5.115082e-05
0: MPIL CopyToCPU RADIX-4 Dissemination Time: 4.913542e-05
0: MPIL CopyToCPU RADIX-5 Dissemination Time: 5.506129e-05
0: MPIL CopyToCPU RADIX-6 Dissemination Time: 5.515726e-05
0: MPIL CopyToCPU RADIX-7 Dissemination Time: 5.932000e-05
0: MPIL CopyToCPU RADIX-8 Dissemination Time: 4.460143e-05
0: MPIL CopyToCPU RADIX-9 Dissemination Time: 5.432755e-05
0: MPIL CopyToCPU RADIX-10 Dissemination Time: 4.670395e-05
0: MPIL CopyToCPU RADIX-11 Dissemination Time: 5.176159e-05
0: MPIL CopyToCPU RADIX-12 Dissemination Time: 5.389114e-05
0: MPIL CopyToCPU RADIX-13 Dissemination Time: 4.962019e-05
0: MPIL CopyToCPU RADIX-14 Dissemination Time: 5.216319e-05
0: Testing Size 4
0: PMPI Allreduce Time: 3.419847e-05
0: MPIL GPU-Aware Recursive Doubling Time: 3.448246e-05
0: MPIL GPU-Aware Node-Aware Dissemination Time: 7.215722e-04
0: MPIL GPU-Aware NUMA-Aware Dissemination Time: 8.531139e-04
0: CopyToCPU PMPI Allreduce Time: 3.467814e-05
0: MPIL CopyToCPU Recursive Doubling Time: 3.981744e-05
0: MPIL CopyToCPU Node-Aware Dissemination Time: 4.437661e-05
0: MPIL CopyToCPU NUMA-Aware Dissemination Time: 2.866313e-05
0: MPIL CopyToCPU RADIX-3 Dissemination Time: 3.800403e-05
0: MPIL CopyToCPU RADIX-4 Dissemination Time: 3.638460e-05
0: MPIL CopyToCPU RADIX-5 Dissemination Time: 4.194386e-05
0: MPIL CopyToCPU RADIX-6 Dissemination Time: 4.214511e-05
0: MPIL CopyToCPU RADIX-7 Dissemination Time: 4.279276e-05
0: MPIL CopyToCPU RADIX-8 Dissemination Time: 3.828669e-05
0: MPIL CopyToCPU RADIX-9 Dissemination Time: 4.622340e-05
0: MPIL CopyToCPU RADIX-10 Dissemination Time: 4.660095e-05
0: MPIL CopyToCPU RADIX-11 Dissemination Time: 4.939351e-05
0: MPIL CopyToCPU RADIX-12 Dissemination Time: 4.961124e-05
0: MPIL CopyToCPU RADIX-13 Dissemination Time: 5.124538e-05
0: MPIL CopyToCPU RADIX-14 Dissemination Time: 5.244341e-05
0: Testing Size 8
0: PMPI Allreduce Time: 3.425537e-05
0: MPIL GPU-Aware Recursive Doubling Time: 3.430213e-05
0: MPIL GPU-Aware Node-Aware Dissemination Time: 7.238696e-04
0: MPIL GPU-Aware NUMA-Aware Dissemination Time: 8.527905e-04
0: CopyToCPU PMPI Allreduce Time: 3.430509e-05
0: MPIL CopyToCPU Recursive Doubling Time: 4.273003e-05
0: MPIL CopyToCPU Node-Aware Dissemination Time: 4.413150e-05
0: MPIL CopyToCPU NUMA-Aware Dissemination Time: 2.801491e-05
0: MPIL CopyToCPU RADIX-3 Dissemination Time: 4.224066e-05
0: MPIL CopyToCPU RADIX-4 Dissemination Time: 4.142497e-05
0: MPIL CopyToCPU RADIX-5 Dissemination Time: 4.470354e-05
0: MPIL CopyToCPU RADIX-6 Dissemination Time: 4.463077e-05
0: MPIL CopyToCPU RADIX-7 Dissemination Time: 4.529184e-05
0: MPIL CopyToCPU RADIX-8 Dissemination Time: 4.384996e-05
0: MPIL CopyToCPU RADIX-9 Dissemination Time: 4.844739e-05
0: MPIL CopyToCPU RADIX-10 Dissemination Time: 4.927190e-05
0: MPIL CopyToCPU RADIX-11 Dissemination Time: 5.224652e-05
0: MPIL CopyToCPU RADIX-12 Dissemination Time: 5.236282e-05
0: MPIL CopyToCPU RADIX-13 Dissemination Time: 5.071487e-05
0: MPIL CopyToCPU RADIX-14 Dissemination Time: 5.540397e-05
0: Testing Size 16
0: PMPI Allreduce Time: 3.824775e-05
0: MPIL GPU-Aware Recursive Doubling Time: 3.828583e-05
0: MPIL GPU-Aware Node-Aware Dissemination Time: 7.187662e-04
0: MPIL GPU-Aware NUMA-Aware Dissemination Time: 8.532901e-04
0: CopyToCPU PMPI Allreduce Time: 3.782083e-05
0: MPIL CopyToCPU Recursive Doubling Time: 4.603531e-05
0: MPIL CopyToCPU Node-Aware Dissemination Time: 4.668242e-05
0: MPIL CopyToCPU NUMA-Aware Dissemination Time: 3.060353e-05
0: MPIL CopyToCPU RADIX-3 Dissemination Time: 4.523919e-05
0: MPIL CopyToCPU RADIX-4 Dissemination Time: 4.379489e-05
0: MPIL CopyToCPU RADIX-5 Dissemination Time: 4.691944e-05
0: MPIL CopyToCPU RADIX-6 Dissemination Time: 4.636797e-05
0: MPIL CopyToCPU RADIX-7 Dissemination Time: 4.751652e-05
0: MPIL CopyToCPU RADIX-8 Dissemination Time: 4.307988e-05
0: MPIL CopyToCPU RADIX-9 Dissemination Time: 5.113213e-05
0: MPIL CopyToCPU RADIX-10 Dissemination Time: 5.171747e-05
0: MPIL CopyToCPU RADIX-11 Dissemination Time: 5.480297e-05
0: MPIL CopyToCPU RADIX-12 Dissemination Time: 5.507796e-05
0: MPIL CopyToCPU RADIX-13 Dissemination Time: 5.332374e-05
0: MPIL CopyToCPU RADIX-14 Dissemination Time: 5.843320e-05
0: Testing Size 32
0: PMPI Allreduce Time: 6.005342e-05
0: MPIL GPU-Aware Recursive Doubling Time: 5.952830e-05
0: MPIL GPU-Aware Node-Aware Dissemination Time: 7.395389e-04
0: MPIL GPU-Aware NUMA-Aware Dissemination Time: 8.554512e-04
0: CopyToCPU PMPI Allreduce Time: 4.996167e-05
0: MPIL CopyToCPU Recursive Doubling Time: 6.265022e-05
0: MPIL CopyToCPU Node-Aware Dissemination Time: 5.106910e-05
0: MPIL CopyToCPU NUMA-Aware Dissemination Time: 3.918768e-05
0: MPIL CopyToCPU RADIX-3 Dissemination Time: 6.097745e-05
0: MPIL CopyToCPU RADIX-4 Dissemination Time: 5.259814e-05
0: MPIL CopyToCPU RADIX-5 Dissemination Time: 5.488128e-05
0: MPIL CopyToCPU RADIX-6 Dissemination Time: 5.267916e-05
0: MPIL CopyToCPU RADIX-7 Dissemination Time: 5.456498e-05
0: MPIL CopyToCPU RADIX-8 Dissemination Time: 4.899640e-05
0: MPIL CopyToCPU RADIX-9 Dissemination Time: 5.963425e-05
0: MPIL CopyToCPU RADIX-10 Dissemination Time: 5.708927e-05
0: MPIL CopyToCPU RADIX-11 Dissemination Time: 6.133452e-05
0: MPIL CopyToCPU RADIX-12 Dissemination Time: 6.244850e-05
0: MPIL CopyToCPU RADIX-13 Dissemination Time: 6.318449e-05
0: MPIL CopyToCPU RADIX-14 Dissemination Time: 6.571474e-05
0: Testing Size 64
0: PMPI Allreduce Time: 6.015558e-05
0: MPIL GPU-Aware Recursive Doubling Time: 6.006523e-05
0: MPIL GPU-Aware Node-Aware Dissemination Time: 7.781648e-04
0: MPIL GPU-Aware NUMA-Aware Dissemination Time: 8.498399e-04
0: CopyToCPU PMPI Allreduce Time: 5.953403e-05
0: MPIL CopyToCPU Recursive Doubling Time: 6.363905e-05
0: MPIL CopyToCPU Node-Aware Dissemination Time: 6.042522e-05
0: MPIL CopyToCPU NUMA-Aware Dissemination Time: 4.879169e-05
0: MPIL CopyToCPU RADIX-3 Dissemination Time: 6.194590e-05
0: MPIL CopyToCPU RADIX-4 Dissemination Time: 5.356766e-05
0: MPIL CopyToCPU RADIX-5 Dissemination Time: 5.614486e-05
0: MPIL CopyToCPU RADIX-6 Dissemination Time: 5.435667e-05
0: MPIL CopyToCPU RADIX-7 Dissemination Time: 5.566928e-05
0: MPIL CopyToCPU RADIX-8 Dissemination Time: 5.033060e-05
0: MPIL CopyToCPU RADIX-9 Dissemination Time: 6.055664e-05
0: MPIL CopyToCPU RADIX-10 Dissemination Time: 5.820034e-05
0: MPIL CopyToCPU RADIX-11 Dissemination Time: 6.254563e-05
0: MPIL CopyToCPU RADIX-12 Dissemination Time: 6.392197e-05
0: MPIL CopyToCPU RADIX-13 Dissemination Time: 6.413445e-05
0: MPIL CopyToCPU RADIX-14 Dissemination Time: 6.709086e-05
0: Testing Size 128
0: PMPI Allreduce Time: 7.372127e-05
0: MPIL GPU-Aware Recursive Doubling Time: 7.372735e-05
0: MPIL GPU-Aware Node-Aware Dissemination Time: 8.120474e-04
0: MPIL GPU-Aware NUMA-Aware Dissemination Time: 8.562270e-04
0: CopyToCPU PMPI Allreduce Time: 7.393777e-05
0: MPIL CopyToCPU Recursive Doubling Time: 7.798693e-05
0: MPIL CopyToCPU Node-Aware Dissemination Time: 1.260847e-04
0: MPIL CopyToCPU NUMA-Aware Dissemination Time: 7.320116e-05
0: MPIL CopyToCPU RADIX-3 Dissemination Time: 7.387117e-05
0: MPIL CopyToCPU RADIX-4 Dissemination Time: 6.717352e-05
0: MPIL CopyToCPU RADIX-5 Dissemination Time: 7.012591e-05
0: MPIL CopyToCPU RADIX-6 Dissemination Time: 6.911001e-05
0: MPIL CopyToCPU RADIX-7 Dissemination Time: 7.160633e-05
0: MPIL CopyToCPU RADIX-8 Dissemination Time: 6.669902e-05
0: MPIL CopyToCPU RADIX-9 Dissemination Time: 7.765187e-05
0: MPIL CopyToCPU RADIX-10 Dissemination Time: 7.875688e-05
0: MPIL CopyToCPU RADIX-11 Dissemination Time: 8.163443e-05
0: MPIL CopyToCPU RADIX-12 Dissemination Time: 8.394413e-05
0: MPIL CopyToCPU RADIX-13 Dissemination Time: 8.624299e-05
0: MPIL CopyToCPU RADIX-14 Dissemination Time: 9.109806e-05
0: Testing Size 256
0: PMPI Allreduce Time: 8.090892e-05
0: MPIL GPU-Aware Recursive Doubling Time: 8.086983e-05
0: MPIL GPU-Aware Node-Aware Dissemination Time: 8.206305e-04
0: MPIL GPU-Aware NUMA-Aware Dissemination Time: 8.761244e-04
0: CopyToCPU PMPI Allreduce Time: 9.127461e-05
0: MPIL CopyToCPU Recursive Doubling Time: 9.562914e-05
0: MPIL CopyToCPU Node-Aware Dissemination Time: 1.780339e-04
0: MPIL CopyToCPU NUMA-Aware Dissemination Time: 9.415972e-05
0: MPIL CopyToCPU RADIX-3 Dissemination Time: 8.013461e-05
0: MPIL CopyToCPU RADIX-4 Dissemination Time: 7.498162e-05
0: MPIL CopyToCPU RADIX-5 Dissemination Time: 7.542177e-05
0: MPIL CopyToCPU RADIX-6 Dissemination Time: 7.567442e-05
0: MPIL CopyToCPU RADIX-7 Dissemination Time: 7.771571e-05
0: MPIL CopyToCPU RADIX-8 Dissemination Time: 7.640730e-05
0: MPIL CopyToCPU RADIX-9 Dissemination Time: 9.118293e-05
0: MPIL CopyToCPU RADIX-10 Dissemination Time: 8.833555e-05
0: MPIL CopyToCPU RADIX-11 Dissemination Time: 9.343817e-05
0: MPIL CopyToCPU RADIX-12 Dissemination Time: 9.902271e-05
0: MPIL CopyToCPU RADIX-13 Dissemination Time: 1.017399e-04
0: MPIL CopyToCPU RADIX-14 Dissemination Time: 1.083150e-04
0: Testing Size 512
0: PMPI Allreduce Time: 9.716721e-05
0: MPIL GPU-Aware Recursive Doubling Time: 9.717163e-05
0: MPIL GPU-Aware Node-Aware Dissemination Time: 8.485457e-04
0: MPIL GPU-Aware NUMA-Aware Dissemination Time: 8.715483e-04
0: CopyToCPU PMPI Allreduce Time: 1.104161e-04
0: MPIL CopyToCPU Recursive Doubling Time: 1.088118e-04
0: MPIL CopyToCPU Node-Aware Dissemination Time: 2.275639e-04
0: MPIL CopyToCPU NUMA-Aware Dissemination Time: 1.120410e-04
0: MPIL CopyToCPU RADIX-3 Dissemination Time: 9.262569e-05
0: MPIL CopyToCPU RADIX-4 Dissemination Time: 8.525368e-05
0: MPIL CopyToCPU RADIX-5 Dissemination Time: 8.405716e-05
0: MPIL CopyToCPU RADIX-6 Dissemination Time: 8.145558e-05
0: MPIL CopyToCPU RADIX-7 Dissemination Time: 8.403675e-05
0: MPIL CopyToCPU RADIX-8 Dissemination Time: 8.136380e-05
0: MPIL CopyToCPU RADIX-9 Dissemination Time: 9.305462e-05
0: MPIL CopyToCPU RADIX-10 Dissemination Time: 9.343394e-05
0: MPIL CopyToCPU RADIX-11 Dissemination Time: 9.874860e-05
0: MPIL CopyToCPU RADIX-12 Dissemination Time: 1.012003e-04
0: MPIL CopyToCPU RADIX-13 Dissemination Time: 9.983665e-05
0: MPIL CopyToCPU RADIX-14 Dissemination Time: 1.096484e-04
0: Testing Size 1024
0: PMPI Allreduce Time: 6.475263e-04
0: MPIL GPU-Aware Recursive Doubling Time: 6.480326e-04
0: MPIL GPU-Aware Node-Aware Dissemination Time: 3.075112e-03
0: MPIL GPU-Aware NUMA-Aware Dissemination Time: 3.545252e-03
0: CopyToCPU PMPI Allreduce Time: 1.346909e-04
0: MPIL CopyToCPU Recursive Doubling Time: 1.392594e-04
0: MPIL CopyToCPU Node-Aware Dissemination Time: 2.903360e-04
0: MPIL CopyToCPU NUMA-Aware Dissemination Time: 1.443424e-04
0: MPIL CopyToCPU RADIX-3 Dissemination Time: 1.170685e-04
0: MPIL CopyToCPU RADIX-4 Dissemination Time: 1.088711e-04
0: MPIL CopyToCPU RADIX-5 Dissemination Time: 1.053083e-04
0: MPIL CopyToCPU RADIX-6 Dissemination Time: 1.064657e-04
0: MPIL CopyToCPU RADIX-7 Dissemination Time: 1.105672e-04
0: MPIL CopyToCPU RADIX-8 Dissemination Time: 1.091649e-04
0: MPIL CopyToCPU RADIX-9 Dissemination Time: 1.215742e-04
0: MPIL CopyToCPU RADIX-10 Dissemination Time: 1.271393e-04
0: MPIL CopyToCPU RADIX-11 Dissemination Time: 1.349228e-04
0: MPIL CopyToCPU RADIX-12 Dissemination Time: 1.358032e-04
0: MPIL CopyToCPU RADIX-13 Dissemination Time: 1.336677e-04
0: MPIL CopyToCPU RADIX-14 Dissemination Time: 1.504776e-04
0: Testing Size 2048
0: PMPI Allreduce Time: 3.118900e-04
0: MPIL GPU-Aware Recursive Doubling Time: 3.081575e-04
0: MPIL GPU-Aware Node-Aware Dissemination Time: 2.642685e-03
0: MPIL GPU-Aware NUMA-Aware Dissemination Time: 3.058173e-03
0: CopyToCPU PMPI Allreduce Time: 1.715508e-04
0: MPIL CopyToCPU Recursive Doubling Time: 2.049710e-04
0: MPIL CopyToCPU Node-Aware Dissemination Time: 3.472364e-04
0: MPIL CopyToCPU NUMA-Aware Dissemination Time: 2.166506e-04
0: MPIL CopyToCPU RADIX-3 Dissemination Time: 1.665859e-04
0: MPIL CopyToCPU RADIX-4 Dissemination Time: 1.663283e-04
0: MPIL CopyToCPU RADIX-5 Dissemination Time: 1.601407e-04
0: MPIL CopyToCPU RADIX-6 Dissemination Time: 1.642528e-04
0: MPIL CopyToCPU RADIX-7 Dissemination Time: 1.708800e-04
0: MPIL CopyToCPU RADIX-8 Dissemination Time: 1.758245e-04
0: MPIL CopyToCPU RADIX-9 Dissemination Time: 1.919974e-04
0: MPIL CopyToCPU RADIX-10 Dissemination Time: 2.058098e-04
0: MPIL CopyToCPU RADIX-11 Dissemination Time: 2.187806e-04
0: MPIL CopyToCPU RADIX-12 Dissemination Time: 2.171561e-04
0: MPIL CopyToCPU RADIX-13 Dissemination Time: 2.191887e-04
0: MPIL CopyToCPU RADIX-14 Dissemination Time: 2.278312e-04
0: Testing Size 4096
0: PMPI Allreduce Time: 3.265072e-04
0: MPIL GPU-Aware Recursive Doubling Time: 3.254447e-04
0: MPIL GPU-Aware Node-Aware Dissemination Time: 2.711088e-03
0: MPIL GPU-Aware NUMA-Aware Dissemination Time: 2.974596e-03
0: CopyToCPU PMPI Allreduce Time: 2.454631e-04
0: MPIL CopyToCPU Recursive Doubling Time: 3.632079e-04
0: MPIL CopyToCPU Node-Aware Dissemination Time: 5.562903e-04
0: MPIL CopyToCPU NUMA-Aware Dissemination Time: 3.674522e-04
0: MPIL CopyToCPU RADIX-3 Dissemination Time: 3.136678e-04
0: MPIL CopyToCPU RADIX-4 Dissemination Time: 3.110698e-04
0: MPIL CopyToCPU RADIX-5 Dissemination Time: 3.056607e-04
0: MPIL CopyToCPU RADIX-6 Dissemination Time: 3.085778e-04
0: MPIL CopyToCPU RADIX-7 Dissemination Time: 3.353948e-04
0: MPIL CopyToCPU RADIX-8 Dissemination Time: 3.387972e-04
0: MPIL CopyToCPU RADIX-9 Dissemination Time: 3.804254e-04
0: MPIL CopyToCPU RADIX-10 Dissemination Time: 4.075817e-04
0: MPIL CopyToCPU RADIX-11 Dissemination Time: 4.427161e-04
0: MPIL CopyToCPU RADIX-12 Dissemination Time: 4.269730e-04
0: MPIL CopyToCPU RADIX-13 Dissemination Time: 4.372064e-04
0: MPIL CopyToCPU RADIX-14 Dissemination Time: 4.546232e-04
0: Testing Size 8192
0: PMPI Allreduce Time: 3.412937e-04
0: MPIL GPU-Aware Recursive Doubling Time: 3.413218e-04
0: MPIL GPU-Aware Node-Aware Dissemination Time: 2.870793e-03
0: MPIL GPU-Aware NUMA-Aware Dissemination Time: 2.892555e-03
0: CopyToCPU PMPI Allreduce Time: 3.699402e-04
0: MPIL CopyToCPU Recursive Doubling Time: 5.954039e-04
0: MPIL CopyToCPU Node-Aware Dissemination Time: 9.277529e-04
0: MPIL CopyToCPU NUMA-Aware Dissemination Time: 6.091012e-04
0: MPIL CopyToCPU RADIX-3 Dissemination Time: 5.300061e-04
0: MPIL CopyToCPU RADIX-4 Dissemination Time: 5.505013e-04
0: MPIL CopyToCPU RADIX-5 Dissemination Time: 5.314096e-04
0: MPIL CopyToCPU RADIX-6 Dissemination Time: 5.564162e-04
0: MPIL CopyToCPU RADIX-7 Dissemination Time: 5.976980e-04
0: MPIL CopyToCPU RADIX-8 Dissemination Time: 6.239384e-04
0: MPIL CopyToCPU RADIX-9 Dissemination Time: 6.797527e-04
0: MPIL CopyToCPU RADIX-10 Dissemination Time: 7.389857e-04
0: MPIL CopyToCPU RADIX-11 Dissemination Time: 8.133034e-04
0: MPIL CopyToCPU RADIX-12 Dissemination Time: 8.102227e-04
0: MPIL CopyToCPU RADIX-13 Dissemination Time: 8.248807e-04
0: MPIL CopyToCPU RADIX-14 Dissemination Time: 8.413709e-04
0: Testing Size 16384
0: PMPI Allreduce Time: 3.532369e-04
0: MPIL GPU-Aware Recursive Doubling Time: 3.523244e-04
0: MPIL GPU-Aware Node-Aware Dissemination Time: 3.207114e-03
0: MPIL GPU-Aware NUMA-Aware Dissemination Time: 3.385087e-03
0: CopyToCPU PMPI Allreduce Time: 6.203782e-04
0: MPIL CopyToCPU Recursive Doubling Time: 1.087407e-03
0: MPIL CopyToCPU Node-Aware Dissemination Time: 1.624637e-03
0: MPIL CopyToCPU NUMA-Aware Dissemination Time: 1.089803e-03
0: MPIL CopyToCPU RADIX-3 Dissemination Time: 9.743877e-04
0: MPIL CopyToCPU RADIX-4 Dissemination Time: 1.033232e-03
0: MPIL CopyToCPU RADIX-5 Dissemination Time: 9.829820e-04
0: MPIL CopyToCPU RADIX-6 Dissemination Time: 1.045826e-03
0: MPIL CopyToCPU RADIX-7 Dissemination Time: 1.136112e-03
0: MPIL CopyToCPU RADIX-8 Dissemination Time: 1.189254e-03
0: MPIL CopyToCPU RADIX-9 Dissemination Time: 1.289512e-03
0: MPIL CopyToCPU RADIX-10 Dissemination Time: 1.414720e-03
0: MPIL CopyToCPU RADIX-11 Dissemination Time: 1.589812e-03
0: MPIL CopyToCPU RADIX-12 Dissemination Time: 1.571576e-03
0: MPIL CopyToCPU RADIX-13 Dissemination Time: 1.611195e-03
0: MPIL CopyToCPU RADIX-14 Dissemination Time: 1.600479e-03
0: Testing Size 32768
0: PMPI Allreduce Time: 3.722683e-04
0: MPIL GPU-Aware Recursive Doubling Time: 3.723494e-04
0: MPIL GPU-Aware Node-Aware Dissemination Time: 1.774901e-02
0: MPIL GPU-Aware NUMA-Aware Dissemination Time: 4.257425e-03
0: CopyToCPU PMPI Allreduce Time: 1.072239e-03
0: MPIL CopyToCPU Recursive Doubling Time: 2.081876e-03
0: MPIL CopyToCPU Node-Aware Dissemination Time: 3.032005e-03
0: MPIL CopyToCPU NUMA-Aware Dissemination Time: 1.980276e-03
0: MPIL CopyToCPU RADIX-3 Dissemination Time: 1.881655e-03
0: MPIL CopyToCPU RADIX-4 Dissemination Time: 1.971763e-03
0: MPIL CopyToCPU RADIX-5 Dissemination Time: 1.912376e-03
0: MPIL CopyToCPU RADIX-6 Dissemination Time: 2.064356e-03
0: MPIL CopyToCPU RADIX-7 Dissemination Time: 2.231503e-03
0: MPIL CopyToCPU RADIX-8 Dissemination Time: 2.309950e-03
0: MPIL CopyToCPU RADIX-9 Dissemination Time: 2.511944e-03
0: MPIL CopyToCPU RADIX-10 Dissemination Time: 2.726998e-03
0: MPIL CopyToCPU RADIX-11 Dissemination Time: 3.027539e-03
0: MPIL CopyToCPU RADIX-12 Dissemination Time: 2.964802e-03
0: MPIL CopyToCPU RADIX-13 Dissemination Time: 3.069674e-03
0: MPIL CopyToCPU RADIX-14 Dissemination Time: 3.137622e-03
0: Testing Size 65536
0: PMPI Allreduce Time: 4.030572e-04
0: MPIL GPU-Aware Recursive Doubling Time: 4.149209e-04
0: MPIL GPU-Aware Node-Aware Dissemination Time: 2.153339e-02
0: MPIL GPU-Aware NUMA-Aware Dissemination Time: 5.916031e-03
0: CopyToCPU PMPI Allreduce Time: 2.066849e-03
0: MPIL CopyToCPU Recursive Doubling Time: 4.042983e-03
0: MPIL CopyToCPU Node-Aware Dissemination Time: 5.308087e-03
0: MPIL CopyToCPU NUMA-Aware Dissemination Time: 3.670710e-03
0: MPIL CopyToCPU RADIX-3 Dissemination Time: 3.624020e-03
0: MPIL CopyToCPU RADIX-4 Dissemination Time: 3.824971e-03
0: MPIL CopyToCPU RADIX-5 Dissemination Time: 3.778359e-03
0: MPIL CopyToCPU RADIX-6 Dissemination Time: 4.089028e-03
0: MPIL CopyToCPU RADIX-7 Dissemination Time: 4.392818e-03
0: MPIL CopyToCPU RADIX-8 Dissemination Time: 4.500513e-03
0: MPIL CopyToCPU RADIX-9 Dissemination Time: 4.922707e-03
0: MPIL CopyToCPU RADIX-10 Dissemination Time: 5.329088e-03
0: MPIL CopyToCPU RADIX-11 Dissemination Time: 5.895988e-03
0: MPIL CopyToCPU RADIX-12 Dissemination Time: 5.917932e-03
0: MPIL CopyToCPU RADIX-13 Dissemination Time: 6.028436e-03
0: MPIL CopyToCPU RADIX-14 Dissemination Time: 6.158418e-03
0: Testing Size 131072
0: PMPI Allreduce Time: 5.085465e-04
0: MPIL GPU-Aware Recursive Doubling Time: 4.767670e-04
0: MPIL GPU-Aware Node-Aware Dissemination Time: 3.036355e-02
0: MPIL GPU-Aware NUMA-Aware Dissemination Time: 1.386291e-02
0: CopyToCPU PMPI Allreduce Time: 4.045924e-03
0: MPIL CopyToCPU Recursive Doubling Time: 7.709971e-03
0: MPIL CopyToCPU Node-Aware Dissemination Time: 1.052733e-02
0: MPIL CopyToCPU NUMA-Aware Dissemination Time: 7.101196e-03
0: MPIL CopyToCPU RADIX-3 Dissemination Time: 7.054908e-03
0: MPIL CopyToCPU RADIX-4 Dissemination Time: 7.411628e-03
0: MPIL CopyToCPU RADIX-5 Dissemination Time: 7.443357e-03
0: MPIL CopyToCPU RADIX-6 Dissemination Time: 7.927187e-03
0: MPIL CopyToCPU RADIX-7 Dissemination Time: 8.478300e-03
0: MPIL CopyToCPU RADIX-8 Dissemination Time: 8.654713e-03
0: MPIL CopyToCPU RADIX-9 Dissemination Time: 9.475514e-03
0: MPIL CopyToCPU RADIX-10 Dissemination Time: 1.022423e-02
0: MPIL CopyToCPU RADIX-11 Dissemination Time: 1.132832e-02
0: MPIL CopyToCPU RADIX-12 Dissemination Time: 1.153029e-02
0: MPIL CopyToCPU RADIX-13 Dissemination Time: 1.186141e-02
0: MPIL CopyToCPU RADIX-14 Dissemination Time: 1.187573e-02
0: Testing Size 262144
0: PMPI Allreduce Time: 5.959845e-04
0: MPIL GPU-Aware Recursive Doubling Time: 5.956319e-04
0: MPIL GPU-Aware Node-Aware Dissemination Time: 4.891198e-02
0: MPIL GPU-Aware NUMA-Aware Dissemination Time: 2.400746e-02
0: CopyToCPU PMPI Allreduce Time: 7.165291e-03
0: MPIL CopyToCPU Recursive Doubling Time: 1.512970e-02
0: MPIL CopyToCPU Node-Aware Dissemination Time: 2.073026e-02
0: MPIL CopyToCPU NUMA-Aware Dissemination Time: 1.365688e-02
0: MPIL CopyToCPU RADIX-3 Dissemination Time: 1.405745e-02
0: MPIL CopyToCPU RADIX-4 Dissemination Time: 1.445617e-02
0: MPIL CopyToCPU RADIX-5 Dissemination Time: 1.451788e-02
0: MPIL CopyToCPU RADIX-6 Dissemination Time: 1.553219e-02
0: MPIL CopyToCPU RADIX-7 Dissemination Time: 1.609005e-02
0: MPIL CopyToCPU RADIX-8 Dissemination Time: 1.700827e-02
0: MPIL CopyToCPU RADIX-9 Dissemination Time: 1.900951e-02
0: MPIL CopyToCPU RADIX-10 Dissemination Time: 2.111535e-02
0: MPIL CopyToCPU RADIX-11 Dissemination Time: 2.335845e-02
0: MPIL CopyToCPU RADIX-12 Dissemination Time: 2.381625e-02
0: MPIL CopyToCPU RADIX-13 Dissemination Time: 2.433686e-02
0: MPIL CopyToCPU RADIX-14 Dissemination Time: 2.431579e-02
0: Testing Size 524288
0: PMPI Allreduce Time: 8.804199e-04
0: MPIL GPU-Aware Recursive Doubling Time: 8.791537e-04
0: MPIL GPU-Aware Node-Aware Dissemination Time: 7.752119e-02
0: MPIL GPU-Aware NUMA-Aware Dissemination Time: 4.064430e-02
0: CopyToCPU PMPI Allreduce Time: 1.477310e-02
0: MPIL CopyToCPU Recursive Doubling Time: 2.809036e-02
0: MPIL CopyToCPU Node-Aware Dissemination Time: 4.194639e-02
0: MPIL CopyToCPU NUMA-Aware Dissemination Time: 2.820691e-02
0: MPIL CopyToCPU RADIX-3 Dissemination Time: 2.619290e-02
0: MPIL CopyToCPU RADIX-4 Dissemination Time: 2.694793e-02
0: MPIL CopyToCPU RADIX-5 Dissemination Time: 2.855292e-02
0: MPIL CopyToCPU RADIX-6 Dissemination Time: 3.131027e-02
0: MPIL CopyToCPU RADIX-7 Dissemination Time: 3.294745e-02
0: MPIL CopyToCPU RADIX-8 Dissemination Time: 3.789883e-02
0: MPIL CopyToCPU RADIX-9 Dissemination Time: 4.233500e-02
0: MPIL CopyToCPU RADIX-10 Dissemination Time: 4.652695e-02
0: MPIL CopyToCPU RADIX-11 Dissemination Time: 5.122536e-02
0: MPIL CopyToCPU RADIX-12 Dissemination Time: 5.150070e-02
0: MPIL CopyToCPU RADIX-13 Dissemination Time: 5.331279e-02
0: MPIL CopyToCPU RADIX-14 Dissemination Time: 5.281543e-02
