0: Testing Size 1
0: PMPI Allreduce Time: 3.505139e-05
0: MPIL GPU-Aware Recursive Doubling Time: 3.419712e-05
0: MPIL GPU-Aware Node-Aware Dissemination Time: 7.353103e-04
0: MPIL GPU-Aware NUMA-Aware Dissemination Time: 8.357511e-04
0: CopyToCPU PMPI Allreduce Time: 3.471238e-05
0: MPIL CopyToCPU Recursive Doubling Time: 4.079522e-05
0: MPIL CopyToCPU Node-Aware Dissemination Time: 4.692051e-05
0: MPIL CopyToCPU NUMA-Aware Dissemination Time: 2.799218e-05
0: MPIL CopyToCPU RADIX-3 Dissemination Time: 3.692628e-05
0: MPIL CopyToCPU RADIX-4 Dissemination Time: 3.557915e-05
0: MPIL CopyToCPU RADIX-5 Dissemination Time: 3.726376e-05
0: MPIL CopyToCPU RADIX-6 Dissemination Time: 3.752681e-05
0: MPIL CopyToCPU RADIX-7 Dissemination Time: 3.990671e-05
0: MPIL CopyToCPU RADIX-8 Dissemination Time: 3.589649e-05
0: MPIL CopyToCPU RADIX-9 Dissemination Time: 4.813538e-05
0: MPIL CopyToCPU RADIX-10 Dissemination Time: 5.331414e-05
0: MPIL CopyToCPU RADIX-11 Dissemination Time: 6.326384e-05
0: MPIL CopyToCPU RADIX-12 Dissemination Time: 6.496457e-05
0: MPIL CopyToCPU RADIX-13 Dissemination Time: 7.026361e-05
0: MPIL CopyToCPU RADIX-14 Dissemination Time: 7.128181e-05
0: Testing Size 2
0: PMPI Allreduce Time: 3.430823e-05
0: MPIL GPU-Aware Recursive Doubling Time: 3.422475e-05
0: MPIL GPU-Aware Node-Aware Dissemination Time: 7.229445e-04
0: MPIL GPU-Aware NUMA-Aware Dissemination Time: 8.389167e-04
0: CopyToCPU PMPI Allreduce Time: 3.498044e-05
0: MPIL CopyToCPU Recursive Doubling Time: 4.301562e-05
0: MPIL CopyToCPU Node-Aware Dissemination Time: 4.522687e-05
0: MPIL CopyToCPU NUMA-Aware Dissemination Time: 3.003340e-05
0: MPIL CopyToCPU RADIX-3 Dissemination Time: 4.974282e-05
0: MPIL CopyToCPU RADIX-4 Dissemination Time: 4.780803e-05
0: MPIL CopyToCPU RADIX-5 Dissemination Time: 5.130929e-05
0: MPIL CopyToCPU RADIX-6 Dissemination Time: 5.424101e-05
0: MPIL CopyToCPU RADIX-7 Dissemination Time: 5.752303e-05
0: MPIL CopyToCPU RADIX-8 Dissemination Time: 4.612535e-05
0: MPIL CopyToCPU RADIX-9 Dissemination Time: 6.078130e-05
0: MPIL CopyToCPU RADIX-10 Dissemination Time: 4.739613e-05
0: MPIL CopyToCPU RADIX-11 Dissemination Time: 5.394431e-05
0: MPIL CopyToCPU RADIX-12 Dissemination Time: 5.600852e-05
0: MPIL CopyToCPU RADIX-13 Dissemination Time: 5.192667e-05
0: MPIL CopyToCPU RADIX-14 Dissemination Time: 5.244966e-05
0: Testing Size 4
0: PMPI Allreduce Time: 3.448247e-05
0: MPIL GPU-Aware Recursive Doubling Time: 3.471798e-05
0: MPIL GPU-Aware Node-Aware Dissemination Time: 7.222808e-04
0: MPIL GPU-Aware NUMA-Aware Dissemination Time: 8.383127e-04
0: CopyToCPU PMPI Allreduce Time: 3.520617e-05
0: MPIL CopyToCPU Recursive Doubling Time: 3.804928e-05
0: MPIL CopyToCPU Node-Aware Dissemination Time: 4.456033e-05
0: MPIL CopyToCPU NUMA-Aware Dissemination Time: 2.864623e-05
0: MPIL CopyToCPU RADIX-3 Dissemination Time: 3.831481e-05
0: MPIL CopyToCPU RADIX-4 Dissemination Time: 3.594606e-05
0: MPIL CopyToCPU RADIX-5 Dissemination Time: 4.058737e-05
0: MPIL CopyToCPU RADIX-6 Dissemination Time: 4.098592e-05
0: MPIL CopyToCPU RADIX-7 Dissemination Time: 4.233034e-05
0: MPIL CopyToCPU RADIX-8 Dissemination Time: 3.795530e-05
0: MPIL CopyToCPU RADIX-9 Dissemination Time: 4.556116e-05
0: MPIL CopyToCPU RADIX-10 Dissemination Time: 4.594438e-05
0: MPIL CopyToCPU RADIX-11 Dissemination Time: 4.905776e-05
0: MPIL CopyToCPU RADIX-12 Dissemination Time: 4.923452e-05
0: MPIL CopyToCPU RADIX-13 Dissemination Time: 5.055399e-05
0: MPIL CopyToCPU RADIX-14 Dissemination Time: 5.235568e-05
0: Testing Size 8
0: PMPI Allreduce Time: 3.462138e-05
0: MPIL GPU-Aware Recursive Doubling Time: 3.456885e-05
0: MPIL GPU-Aware Node-Aware Dissemination Time: 7.212782e-04
0: MPIL GPU-Aware NUMA-Aware Dissemination Time: 8.334860e-04
0: CopyToCPU PMPI Allreduce Time: 3.455914e-05
0: MPIL CopyToCPU Recursive Doubling Time: 4.164603e-05
0: MPIL CopyToCPU Node-Aware Dissemination Time: 4.437383e-05
0: MPIL CopyToCPU NUMA-Aware Dissemination Time: 2.794306e-05
0: MPIL CopyToCPU RADIX-3 Dissemination Time: 4.192653e-05
0: MPIL CopyToCPU RADIX-4 Dissemination Time: 4.054308e-05
0: MPIL CopyToCPU RADIX-5 Dissemination Time: 4.371717e-05
0: MPIL CopyToCPU RADIX-6 Dissemination Time: 4.356749e-05
0: MPIL CopyToCPU RADIX-7 Dissemination Time: 4.452716e-05
0: MPIL CopyToCPU RADIX-8 Dissemination Time: 4.403431e-05
0: MPIL CopyToCPU RADIX-9 Dissemination Time: 4.784519e-05
0: MPIL CopyToCPU RADIX-10 Dissemination Time: 4.843565e-05
0: MPIL CopyToCPU RADIX-11 Dissemination Time: 5.177119e-05
0: MPIL CopyToCPU RADIX-12 Dissemination Time: 5.227208e-05
0: MPIL CopyToCPU RADIX-13 Dissemination Time: 5.018029e-05
0: MPIL CopyToCPU RADIX-14 Dissemination Time: 5.521512e-05
0: Testing Size 16
0: PMPI Allreduce Time: 3.833446e-05
0: MPIL GPU-Aware Recursive Doubling Time: 3.827038e-05
0: MPIL GPU-Aware Node-Aware Dissemination Time: 7.200548e-04
0: MPIL GPU-Aware NUMA-Aware Dissemination Time: 8.363687e-04
0: CopyToCPU PMPI Allreduce Time: 3.798771e-05
0: MPIL CopyToCPU Recursive Doubling Time: 4.554599e-05
0: MPIL CopyToCPU Node-Aware Dissemination Time: 4.655444e-05
0: MPIL CopyToCPU NUMA-Aware Dissemination Time: 3.063062e-05
0: MPIL CopyToCPU RADIX-3 Dissemination Time: 4.485458e-05
0: MPIL CopyToCPU RADIX-4 Dissemination Time: 4.315264e-05
0: MPIL CopyToCPU RADIX-5 Dissemination Time: 4.606181e-05
0: MPIL CopyToCPU RADIX-6 Dissemination Time: 4.565320e-05
0: MPIL CopyToCPU RADIX-7 Dissemination Time: 4.676454e-05
0: MPIL CopyToCPU RADIX-8 Dissemination Time: 4.271114e-05
0: MPIL CopyToCPU RADIX-9 Dissemination Time: 5.093967e-05
0: MPIL CopyToCPU RADIX-10 Dissemination Time: 5.113497e-05
0: MPIL CopyToCPU RADIX-11 Dissemination Time: 5.419922e-05
0: MPIL CopyToCPU RADIX-12 Dissemination Time: 5.483955e-05
0: MPIL CopyToCPU RADIX-13 Dissemination Time: 5.280780e-05
0: MPIL CopyToCPU RADIX-14 Dissemination Time: 5.804924e-05
0: Testing Size 32
0: PMPI Allreduce Time: 5.865674e-05
0: MPIL GPU-Aware Recursive Doubling Time: 5.800746e-05
0: MPIL GPU-Aware Node-Aware Dissemination Time: 7.337687e-04
0: MPIL GPU-Aware NUMA-Aware Dissemination Time: 8.433335e-04
0: CopyToCPU PMPI Allreduce Time: 4.946237e-05
0: MPIL CopyToCPU Recursive Doubling Time: 5.848432e-05
0: MPIL CopyToCPU Node-Aware Dissemination Time: 5.196867e-05
0: MPIL CopyToCPU NUMA-Aware Dissemination Time: 3.887380e-05
0: MPIL CopyToCPU RADIX-3 Dissemination Time: 6.053026e-05
0: MPIL CopyToCPU RADIX-4 Dissemination Time: 5.189211e-05
0: MPIL CopyToCPU RADIX-5 Dissemination Time: 5.460233e-05
0: MPIL CopyToCPU RADIX-6 Dissemination Time: 5.197050e-05
0: MPIL CopyToCPU RADIX-7 Dissemination Time: 5.382986e-05
0: MPIL CopyToCPU RADIX-8 Dissemination Time: 4.875529e-05
0: MPIL CopyToCPU RADIX-9 Dissemination Time: 5.874214e-05
0: MPIL CopyToCPU RADIX-10 Dissemination Time: 5.611198e-05
0: MPIL CopyToCPU RADIX-11 Dissemination Time: 6.048767e-05
0: MPIL CopyToCPU RADIX-12 Dissemination Time: 6.166516e-05
0: MPIL CopyToCPU RADIX-13 Dissemination Time: 6.240896e-05
0: MPIL CopyToCPU RADIX-14 Dissemination Time: 6.580685e-05
0: Testing Size 64
0: PMPI Allreduce Time: 5.863207e-05
0: MPIL GPU-Aware Recursive Doubling Time: 5.860088e-05
0: MPIL GPU-Aware Node-Aware Dissemination Time: 7.742875e-04
0: MPIL GPU-Aware NUMA-Aware Dissemination Time: 8.386757e-04
0: CopyToCPU PMPI Allreduce Time: 5.781642e-05
0: MPIL CopyToCPU Recursive Doubling Time: 5.944472e-05
0: MPIL CopyToCPU Node-Aware Dissemination Time: 6.039114e-05
0: MPIL CopyToCPU NUMA-Aware Dissemination Time: 4.892771e-05
0: MPIL CopyToCPU RADIX-3 Dissemination Time: 6.147622e-05
0: MPIL CopyToCPU RADIX-4 Dissemination Time: 5.275416e-05
0: MPIL CopyToCPU RADIX-5 Dissemination Time: 5.541540e-05
0: MPIL CopyToCPU RADIX-6 Dissemination Time: 5.326663e-05
0: MPIL CopyToCPU RADIX-7 Dissemination Time: 5.512001e-05
0: MPIL CopyToCPU RADIX-8 Dissemination Time: 5.006536e-05
0: MPIL CopyToCPU RADIX-9 Dissemination Time: 6.004274e-05
0: MPIL CopyToCPU RADIX-10 Dissemination Time: 5.805663e-05
0: MPIL CopyToCPU RADIX-11 Dissemination Time: 6.233220e-05
0: MPIL CopyToCPU RADIX-12 Dissemination Time: 6.414527e-05
0: MPIL CopyToCPU RADIX-13 Dissemination Time: 6.366364e-05
0: MPIL CopyToCPU RADIX-14 Dissemination Time: 6.720581e-05
0: Testing Size 128
0: PMPI Allreduce Time: 7.356146e-05
0: MPIL GPU-Aware Recursive Doubling Time: 7.360858e-05
0: MPIL GPU-Aware Node-Aware Dissemination Time: 8.167654e-04
0: MPIL GPU-Aware NUMA-Aware Dissemination Time: 8.445737e-04
0: CopyToCPU PMPI Allreduce Time: 7.393523e-05
0: MPIL CopyToCPU Recursive Doubling Time: 7.606439e-05
0: MPIL CopyToCPU Node-Aware Dissemination Time: 1.268944e-04
0: MPIL CopyToCPU NUMA-Aware Dissemination Time: 7.200496e-05
0: MPIL CopyToCPU RADIX-3 Dissemination Time: 7.254754e-05
0: MPIL CopyToCPU RADIX-4 Dissemination Time: 6.563101e-05
0: MPIL CopyToCPU RADIX-5 Dissemination Time: 6.896043e-05
0: MPIL CopyToCPU RADIX-6 Dissemination Time: 6.806862e-05
0: MPIL CopyToCPU RADIX-7 Dissemination Time: 6.990459e-05
0: MPIL CopyToCPU RADIX-8 Dissemination Time: 6.581775e-05
0: MPIL CopyToCPU RADIX-9 Dissemination Time: 7.623951e-05
0: MPIL CopyToCPU RADIX-10 Dissemination Time: 7.622036e-05
0: MPIL CopyToCPU RADIX-11 Dissemination Time: 8.077940e-05
0: MPIL CopyToCPU RADIX-12 Dissemination Time: 8.159268e-05
0: MPIL CopyToCPU RADIX-13 Dissemination Time: 8.173741e-05
0: MPIL CopyToCPU RADIX-14 Dissemination Time: 8.950710e-05
0: Testing Size 256
0: PMPI Allreduce Time: 8.079232e-05
0: MPIL GPU-Aware Recursive Doubling Time: 8.050890e-05
0: MPIL GPU-Aware Node-Aware Dissemination Time: 8.286245e-04
0: MPIL GPU-Aware NUMA-Aware Dissemination Time: 8.647213e-04
0: CopyToCPU PMPI Allreduce Time: 9.060463e-05
0: MPIL CopyToCPU Recursive Doubling Time: 8.934916e-05
0: MPIL CopyToCPU Node-Aware Dissemination Time: 1.776429e-04
0: MPIL CopyToCPU NUMA-Aware Dissemination Time: 9.090522e-05
0: MPIL CopyToCPU RADIX-3 Dissemination Time: 7.830886e-05
0: MPIL CopyToCPU RADIX-4 Dissemination Time: 7.293392e-05
0: MPIL CopyToCPU RADIX-5 Dissemination Time: 7.529849e-05
0: MPIL CopyToCPU RADIX-6 Dissemination Time: 7.433793e-05
0: MPIL CopyToCPU RADIX-7 Dissemination Time: 7.624080e-05
0: MPIL CopyToCPU RADIX-8 Dissemination Time: 7.835662e-05
0: MPIL CopyToCPU RADIX-9 Dissemination Time: 9.225014e-05
0: MPIL CopyToCPU RADIX-10 Dissemination Time: 9.173485e-05
0: MPIL CopyToCPU RADIX-11 Dissemination Time: 9.398387e-05
0: MPIL CopyToCPU RADIX-12 Dissemination Time: 1.010224e-04
0: MPIL CopyToCPU RADIX-13 Dissemination Time: 1.033914e-04
0: MPIL CopyToCPU RADIX-14 Dissemination Time: 1.117809e-04
0: Testing Size 512
0: PMPI Allreduce Time: 9.590809e-05
0: MPIL GPU-Aware Recursive Doubling Time: 9.585042e-05
0: MPIL GPU-Aware Node-Aware Dissemination Time: 8.470611e-04
0: MPIL GPU-Aware NUMA-Aware Dissemination Time: 8.712165e-04
0: CopyToCPU PMPI Allreduce Time: 1.079986e-04
0: MPIL CopyToCPU Recursive Doubling Time: 1.074030e-04
0: MPIL CopyToCPU Node-Aware Dissemination Time: 2.264949e-04
0: MPIL CopyToCPU NUMA-Aware Dissemination Time: 1.098338e-04
0: MPIL CopyToCPU RADIX-3 Dissemination Time: 9.116026e-05
0: MPIL CopyToCPU RADIX-4 Dissemination Time: 8.447054e-05
0: MPIL CopyToCPU RADIX-5 Dissemination Time: 8.631937e-05
0: MPIL CopyToCPU RADIX-6 Dissemination Time: 8.202677e-05
0: MPIL CopyToCPU RADIX-7 Dissemination Time: 8.565397e-05
0: MPIL CopyToCPU RADIX-8 Dissemination Time: 8.030726e-05
0: MPIL CopyToCPU RADIX-9 Dissemination Time: 9.369776e-05
0: MPIL CopyToCPU RADIX-10 Dissemination Time: 9.417811e-05
0: MPIL CopyToCPU RADIX-11 Dissemination Time: 1.001285e-04
0: MPIL CopyToCPU RADIX-12 Dissemination Time: 1.015001e-04
0: MPIL CopyToCPU RADIX-13 Dissemination Time: 1.013511e-04
0: MPIL CopyToCPU RADIX-14 Dissemination Time: 1.088399e-04
0: Testing Size 1024
0: PMPI Allreduce Time: 6.464433e-04
0: MPIL GPU-Aware Recursive Doubling Time: 6.467687e-04
0: MPIL GPU-Aware Node-Aware Dissemination Time: 3.050675e-03
0: MPIL GPU-Aware NUMA-Aware Dissemination Time: 3.528365e-03
0: CopyToCPU PMPI Allreduce Time: 1.336744e-04
0: MPIL CopyToCPU Recursive Doubling Time: 1.386533e-04
0: MPIL CopyToCPU Node-Aware Dissemination Time: 2.881907e-04
0: MPIL CopyToCPU NUMA-Aware Dissemination Time: 1.471665e-04
0: MPIL CopyToCPU RADIX-3 Dissemination Time: 1.149734e-04
0: MPIL CopyToCPU RADIX-4 Dissemination Time: 1.089342e-04
0: MPIL CopyToCPU RADIX-5 Dissemination Time: 1.050324e-04
0: MPIL CopyToCPU RADIX-6 Dissemination Time: 1.052375e-04
0: MPIL CopyToCPU RADIX-7 Dissemination Time: 1.098021e-04
0: MPIL CopyToCPU RADIX-8 Dissemination Time: 1.090926e-04
0: MPIL CopyToCPU RADIX-9 Dissemination Time: 1.212697e-04
0: MPIL CopyToCPU RADIX-10 Dissemination Time: 1.269615e-04
0: MPIL CopyToCPU RADIX-11 Dissemination Time: 1.348119e-04
0: MPIL CopyToCPU RADIX-12 Dissemination Time: 1.348560e-04
0: MPIL CopyToCPU RADIX-13 Dissemination Time: 1.333512e-04
0: MPIL CopyToCPU RADIX-14 Dissemination Time: 1.480846e-04
0: Testing Size 2048
0: PMPI Allreduce Time: 3.090848e-04
0: MPIL GPU-Aware Recursive Doubling Time: 3.051122e-04
0: MPIL GPU-Aware Node-Aware Dissemination Time: 2.634563e-03
0: MPIL GPU-Aware NUMA-Aware Dissemination Time: 3.019677e-03
0: CopyToCPU PMPI Allreduce Time: 1.686169e-04
0: MPIL CopyToCPU Recursive Doubling Time: 2.008562e-04
0: MPIL CopyToCPU Node-Aware Dissemination Time: 3.551429e-04
0: MPIL CopyToCPU NUMA-Aware Dissemination Time: 2.115917e-04
0: MPIL CopyToCPU RADIX-3 Dissemination Time: 1.670081e-04
0: MPIL CopyToCPU RADIX-4 Dissemination Time: 1.659138e-04
0: MPIL CopyToCPU RADIX-5 Dissemination Time: 1.598891e-04
0: MPIL CopyToCPU RADIX-6 Dissemination Time: 1.641231e-04
0: MPIL CopyToCPU RADIX-7 Dissemination Time: 1.705878e-04
0: MPIL CopyToCPU RADIX-8 Dissemination Time: 1.764153e-04
0: MPIL CopyToCPU RADIX-9 Dissemination Time: 1.920145e-04
0: MPIL CopyToCPU RADIX-10 Dissemination Time: 2.055389e-04
0: MPIL CopyToCPU RADIX-11 Dissemination Time: 2.185638e-04
0: MPIL CopyToCPU RADIX-12 Dissemination Time: 2.173820e-04
0: MPIL CopyToCPU RADIX-13 Dissemination Time: 2.196262e-04
0: MPIL CopyToCPU RADIX-14 Dissemination Time: 2.283760e-04
0: Testing Size 4096
0: PMPI Allreduce Time: 3.239057e-04
0: MPIL GPU-Aware Recursive Doubling Time: 3.222239e-04
0: MPIL GPU-Aware Node-Aware Dissemination Time: 2.685774e-03
0: MPIL GPU-Aware NUMA-Aware Dissemination Time: 3.034906e-03
0: CopyToCPU PMPI Allreduce Time: 2.426438e-04
0: MPIL CopyToCPU Recursive Doubling Time: 3.633930e-04
0: MPIL CopyToCPU Node-Aware Dissemination Time: 5.554551e-04
0: MPIL CopyToCPU NUMA-Aware Dissemination Time: 3.626066e-04
0: MPIL CopyToCPU RADIX-3 Dissemination Time: 3.108993e-04
0: MPIL CopyToCPU RADIX-4 Dissemination Time: 3.095121e-04
0: MPIL CopyToCPU RADIX-5 Dissemination Time: 3.043310e-04
0: MPIL CopyToCPU RADIX-6 Dissemination Time: 3.124688e-04
0: MPIL CopyToCPU RADIX-7 Dissemination Time: 3.330893e-04
0: MPIL CopyToCPU RADIX-8 Dissemination Time: 3.379710e-04
0: MPIL CopyToCPU RADIX-9 Dissemination Time: 3.830545e-04
0: MPIL CopyToCPU RADIX-10 Dissemination Time: 4.067839e-04
0: MPIL CopyToCPU RADIX-11 Dissemination Time: 4.381682e-04
0: MPIL CopyToCPU RADIX-12 Dissemination Time: 4.298449e-04
0: MPIL CopyToCPU RADIX-13 Dissemination Time: 4.394577e-04
0: MPIL CopyToCPU RADIX-14 Dissemination Time: 4.604434e-04
0: Testing Size 8192
0: PMPI Allreduce Time: 3.375994e-04
0: MPIL GPU-Aware Recursive Doubling Time: 3.374192e-04
0: MPIL GPU-Aware Node-Aware Dissemination Time: 2.899100e-03
0: MPIL GPU-Aware NUMA-Aware Dissemination Time: 3.051800e-03
0: CopyToCPU PMPI Allreduce Time: 3.646530e-04
0: MPIL CopyToCPU Recursive Doubling Time: 6.029686e-04
0: MPIL CopyToCPU Node-Aware Dissemination Time: 9.312171e-04
0: MPIL CopyToCPU NUMA-Aware Dissemination Time: 6.986933e-04
0: MPIL CopyToCPU RADIX-3 Dissemination Time: 5.318799e-04
0: MPIL CopyToCPU RADIX-4 Dissemination Time: 5.498989e-04
0: MPIL CopyToCPU RADIX-5 Dissemination Time: 5.303669e-04
0: MPIL CopyToCPU RADIX-6 Dissemination Time: 5.572017e-04
0: MPIL CopyToCPU RADIX-7 Dissemination Time: 6.014824e-04
0: MPIL CopyToCPU RADIX-8 Dissemination Time: 6.188065e-04
0: MPIL CopyToCPU RADIX-9 Dissemination Time: 6.803197e-04
0: MPIL CopyToCPU RADIX-10 Dissemination Time: 7.402827e-04
0: MPIL CopyToCPU RADIX-11 Dissemination Time: 8.079492e-04
0: MPIL CopyToCPU RADIX-12 Dissemination Time: 8.087641e-04
0: MPIL CopyToCPU RADIX-13 Dissemination Time: 8.229624e-04
0: MPIL CopyToCPU RADIX-14 Dissemination Time: 8.449653e-04
0: Testing Size 16384
0: PMPI Allreduce Time: 3.498081e-04
0: MPIL GPU-Aware Recursive Doubling Time: 3.486346e-04
0: MPIL GPU-Aware Node-Aware Dissemination Time: 3.220411e-03
0: MPIL GPU-Aware NUMA-Aware Dissemination Time: 3.412147e-03
0: CopyToCPU PMPI Allreduce Time: 6.072708e-04
0: MPIL CopyToCPU Recursive Doubling Time: 1.090603e-03
0: MPIL CopyToCPU Node-Aware Dissemination Time: 1.684709e-03
0: MPIL CopyToCPU NUMA-Aware Dissemination Time: 1.293482e-03
0: MPIL CopyToCPU RADIX-3 Dissemination Time: 9.718994e-04
0: MPIL CopyToCPU RADIX-4 Dissemination Time: 1.028264e-03
0: MPIL CopyToCPU RADIX-5 Dissemination Time: 9.827778e-04
0: MPIL CopyToCPU RADIX-6 Dissemination Time: 1.037729e-03
0: MPIL CopyToCPU RADIX-7 Dissemination Time: 1.138154e-03
0: MPIL CopyToCPU RADIX-8 Dissemination Time: 1.187850e-03
0: MPIL CopyToCPU RADIX-9 Dissemination Time: 1.287434e-03
0: MPIL CopyToCPU RADIX-10 Dissemination Time: 1.407530e-03
0: MPIL CopyToCPU RADIX-11 Dissemination Time: 1.566044e-03
0: MPIL CopyToCPU RADIX-12 Dissemination Time: 1.561794e-03
0: MPIL CopyToCPU RADIX-13 Dissemination Time: 1.573596e-03
0: MPIL CopyToCPU RADIX-14 Dissemination Time: 1.636941e-03
0: Testing Size 32768
0: PMPI Allreduce Time: 3.708604e-04
0: MPIL GPU-Aware Recursive Doubling Time: 3.693034e-04
0: MPIL GPU-Aware Node-Aware Dissemination Time: 1.807010e-02
0: MPIL GPU-Aware NUMA-Aware Dissemination Time: 4.439306e-03
0: CopyToCPU PMPI Allreduce Time: 1.086585e-03
0: MPIL CopyToCPU Recursive Doubling Time: 2.083663e-03
0: MPIL CopyToCPU Node-Aware Dissemination Time: 3.017962e-03
0: MPIL CopyToCPU NUMA-Aware Dissemination Time: 2.435798e-03
0: MPIL CopyToCPU RADIX-3 Dissemination Time: 1.885223e-03
0: MPIL CopyToCPU RADIX-4 Dissemination Time: 1.961897e-03
0: MPIL CopyToCPU RADIX-5 Dissemination Time: 1.914922e-03
0: MPIL CopyToCPU RADIX-6 Dissemination Time: 2.044244e-03
0: MPIL CopyToCPU RADIX-7 Dissemination Time: 2.243721e-03
0: MPIL CopyToCPU RADIX-8 Dissemination Time: 2.334963e-03
0: MPIL CopyToCPU RADIX-9 Dissemination Time: 2.547255e-03
0: MPIL CopyToCPU RADIX-10 Dissemination Time: 2.745077e-03
0: MPIL CopyToCPU RADIX-11 Dissemination Time: 2.999278e-03
0: MPIL CopyToCPU RADIX-12 Dissemination Time: 3.055461e-03
0: MPIL CopyToCPU RADIX-13 Dissemination Time: 3.112738e-03
0: MPIL CopyToCPU RADIX-14 Dissemination Time: 3.174419e-03
0: Testing Size 65536
0: PMPI Allreduce Time: 4.043317e-04
0: MPIL GPU-Aware Recursive Doubling Time: 4.031675e-04
0: MPIL GPU-Aware Node-Aware Dissemination Time: 2.320040e-02
0: MPIL GPU-Aware NUMA-Aware Dissemination Time: 6.594407e-03
0: CopyToCPU PMPI Allreduce Time: 2.045286e-03
0: MPIL CopyToCPU Recursive Doubling Time: 4.087870e-03
0: MPIL CopyToCPU Node-Aware Dissemination Time: 5.580721e-03
0: MPIL CopyToCPU NUMA-Aware Dissemination Time: 4.325051e-03
0: MPIL CopyToCPU RADIX-3 Dissemination Time: 3.631474e-03
0: MPIL CopyToCPU RADIX-4 Dissemination Time: 3.818786e-03
0: MPIL CopyToCPU RADIX-5 Dissemination Time: 3.772978e-03
0: MPIL CopyToCPU RADIX-6 Dissemination Time: 3.997601e-03
0: MPIL CopyToCPU RADIX-7 Dissemination Time: 4.455579e-03
0: MPIL CopyToCPU RADIX-8 Dissemination Time: 4.555953e-03
0: MPIL CopyToCPU RADIX-9 Dissemination Time: 4.977469e-03
0: MPIL CopyToCPU RADIX-10 Dissemination Time: 5.386722e-03
0: MPIL CopyToCPU RADIX-11 Dissemination Time: 5.943556e-03
0: MPIL CopyToCPU RADIX-12 Dissemination Time: 6.091112e-03
0: MPIL CopyToCPU RADIX-13 Dissemination Time: 6.186456e-03
0: MPIL CopyToCPU RADIX-14 Dissemination Time: 6.273581e-03
0: Testing Size 131072
0: PMPI Allreduce Time: 4.802962e-04
0: MPIL GPU-Aware Recursive Doubling Time: 5.147220e-04
0: MPIL GPU-Aware Node-Aware Dissemination Time: 3.416644e-02
0: MPIL GPU-Aware NUMA-Aware Dissemination Time: 1.439462e-02
0: CopyToCPU PMPI Allreduce Time: 4.014294e-03
0: MPIL CopyToCPU Recursive Doubling Time: 7.603048e-03
0: MPIL CopyToCPU Node-Aware Dissemination Time: 1.087427e-02
0: MPIL CopyToCPU NUMA-Aware Dissemination Time: 8.904401e-03
0: MPIL CopyToCPU RADIX-3 Dissemination Time: 7.051396e-03
0: MPIL CopyToCPU RADIX-4 Dissemination Time: 7.400088e-03
0: MPIL CopyToCPU RADIX-5 Dissemination Time: 7.472121e-03
0: MPIL CopyToCPU RADIX-6 Dissemination Time: 7.869076e-03
0: MPIL CopyToCPU RADIX-7 Dissemination Time: 8.756609e-03
0: MPIL CopyToCPU RADIX-8 Dissemination Time: 8.853133e-03
0: MPIL CopyToCPU RADIX-9 Dissemination Time: 9.723415e-03
0: MPIL CopyToCPU RADIX-10 Dissemination Time: 1.061315e-02
0: MPIL CopyToCPU RADIX-11 Dissemination Time: 1.175748e-02
0: MPIL CopyToCPU RADIX-12 Dissemination Time: 1.221709e-02
0: MPIL CopyToCPU RADIX-13 Dissemination Time: 1.234644e-02
0: MPIL CopyToCPU RADIX-14 Dissemination Time: 1.232489e-02
0: Testing Size 262144
0: PMPI Allreduce Time: 5.964235e-04
0: MPIL GPU-Aware Recursive Doubling Time: 5.955796e-04
0: MPIL GPU-Aware Node-Aware Dissemination Time: 5.550926e-02
0: MPIL GPU-Aware NUMA-Aware Dissemination Time: 2.460844e-02
0: CopyToCPU PMPI Allreduce Time: 7.430718e-03
0: MPIL CopyToCPU Recursive Doubling Time: 1.530117e-02
0: MPIL CopyToCPU Node-Aware Dissemination Time: 2.088603e-02
0: MPIL CopyToCPU NUMA-Aware Dissemination Time: 1.606889e-02
0: MPIL CopyToCPU RADIX-3 Dissemination Time: 1.405315e-02
0: MPIL CopyToCPU RADIX-4 Dissemination Time: 1.452713e-02
0: MPIL CopyToCPU RADIX-5 Dissemination Time: 1.466301e-02
0: MPIL CopyToCPU RADIX-6 Dissemination Time: 1.576223e-02
0: MPIL CopyToCPU RADIX-7 Dissemination Time: 1.666112e-02
0: MPIL CopyToCPU RADIX-8 Dissemination Time: 1.763950e-02
0: MPIL CopyToCPU RADIX-9 Dissemination Time: 1.944150e-02
0: MPIL CopyToCPU RADIX-10 Dissemination Time: 2.198171e-02
0: MPIL CopyToCPU RADIX-11 Dissemination Time: 2.450796e-02
0: MPIL CopyToCPU RADIX-12 Dissemination Time: 2.538949e-02
0: MPIL CopyToCPU RADIX-13 Dissemination Time: 2.568324e-02
0: MPIL CopyToCPU RADIX-14 Dissemination Time: 2.557272e-02
0: Testing Size 524288
0: PMPI Allreduce Time: 8.853355e-04
0: MPIL GPU-Aware Recursive Doubling Time: 8.848262e-04
0: MPIL GPU-Aware Node-Aware Dissemination Time: 9.078123e-02
0: MPIL GPU-Aware NUMA-Aware Dissemination Time: 4.376058e-02
0: CopyToCPU PMPI Allreduce Time: 1.528868e-02
0: MPIL CopyToCPU Recursive Doubling Time: 2.834530e-02
0: MPIL CopyToCPU Node-Aware Dissemination Time: 4.206319e-02
0: MPIL CopyToCPU NUMA-Aware Dissemination Time: 3.342467e-02
0: MPIL CopyToCPU RADIX-3 Dissemination Time: 2.621214e-02
0: MPIL CopyToCPU RADIX-4 Dissemination Time: 2.685626e-02
0: MPIL CopyToCPU RADIX-5 Dissemination Time: 2.895520e-02
0: MPIL CopyToCPU RADIX-6 Dissemination Time: 3.236371e-02
0: MPIL CopyToCPU RADIX-7 Dissemination Time: 3.441793e-02
0: MPIL CopyToCPU RADIX-8 Dissemination Time: 3.935282e-02
0: MPIL CopyToCPU RADIX-9 Dissemination Time: 4.320812e-02
0: MPIL CopyToCPU RADIX-10 Dissemination Time: 4.819777e-02
0: MPIL CopyToCPU RADIX-11 Dissemination Time: 5.343415e-02
0: MPIL CopyToCPU RADIX-12 Dissemination Time: 5.604048e-02
0: MPIL CopyToCPU RADIX-13 Dissemination Time: 5.628429e-02
0: MPIL CopyToCPU RADIX-14 Dissemination Time: 5.552161e-02
