0: Testing Size 1
0: PMPI_Allreduce Time 1.702252e-05
0: MPIL Recursive Doubling Allreduce Time 2.886160e-05
0: MPIL Node-Aware Dissemination Allreduce Time 2.140493e-05
0: MPIL NUMA-Aware Dissemination Allreduce Time 9.136902e-06
0: Testing Size 2
0: PMPI_Allreduce Time 1.600558e-05
0: MPIL Recursive Doubling Allreduce Time 2.121415e-05
0: MPIL Node-Aware Dissemination Allreduce Time 2.132817e-05
0: MPIL NUMA-Aware Dissemination Allreduce Time 9.296484e-06
0: Testing Size 4
0: PMPI_Allreduce Time 1.633538e-05
0: MPIL Recursive Doubling Allreduce Time 2.308114e-05
0: MPIL Node-Aware Dissemination Allreduce Time 2.150424e-05
0: MPIL NUMA-Aware Dissemination Allreduce Time 9.121319e-06
0: Testing Size 8
0: PMPI_Allreduce Time 1.652406e-05
0: MPIL Recursive Doubling Allreduce Time 2.662021e-05
0: MPIL Node-Aware Dissemination Allreduce Time 2.383156e-05
0: MPIL NUMA-Aware Dissemination Allreduce Time 9.377614e-06
0: Testing Size 16
0: PMPI_Allreduce Time 1.803970e-05
0: MPIL Recursive Doubling Allreduce Time 2.626107e-05
0: MPIL Node-Aware Dissemination Allreduce Time 2.433432e-05
0: MPIL NUMA-Aware Dissemination Allreduce Time 1.053848e-05
0: Testing Size 32
0: PMPI_Allreduce Time 2.129540e-05
0: MPIL Recursive Doubling Allreduce Time 3.393370e-05
0: MPIL Node-Aware Dissemination Allreduce Time 2.741401e-05
0: MPIL NUMA-Aware Dissemination Allreduce Time 1.251636e-05
0: Testing Size 64
0: PMPI_Allreduce Time 3.129713e-05
0: MPIL Recursive Doubling Allreduce Time 3.476740e-05
0: MPIL Node-Aware Dissemination Allreduce Time 3.980195e-05
0: MPIL NUMA-Aware Dissemination Allreduce Time 2.128151e-05
0: Testing Size 128
0: PMPI_Allreduce Time 9.821742e-05
0: MPIL Recursive Doubling Allreduce Time 1.075079e-04
0: MPIL Node-Aware Dissemination Allreduce Time 8.794896e-05
0: MPIL NUMA-Aware Dissemination Allreduce Time 5.141227e-05
0: Testing Size 256
0: PMPI_Allreduce Time 1.484416e-04
0: MPIL Recursive Doubling Allreduce Time 1.550579e-04
0: MPIL Node-Aware Dissemination Allreduce Time 1.210956e-04
0: MPIL NUMA-Aware Dissemination Allreduce Time 5.889689e-05
0: Testing Size 512
0: PMPI_Allreduce Time 1.798400e-04
0: MPIL Recursive Doubling Allreduce Time 1.442913e-04
0: MPIL Node-Aware Dissemination Allreduce Time 1.524817e-04
0: MPIL NUMA-Aware Dissemination Allreduce Time 9.071382e-05
0: Testing Size 1024
0: PMPI_Allreduce Time 2.017206e-04
0: MPIL Recursive Doubling Allreduce Time 1.691299e-04
0: MPIL Node-Aware Dissemination Allreduce Time 2.356360e-04
0: MPIL NUMA-Aware Dissemination Allreduce Time 1.376886e-04
0: Testing Size 2048
0: PMPI_Allreduce Time 1.635221e-04
0: MPIL Recursive Doubling Allreduce Time 2.353831e-04
0: MPIL Node-Aware Dissemination Allreduce Time 2.300452e-04
0: MPIL NUMA-Aware Dissemination Allreduce Time 1.950792e-04
0: Testing Size 4096
0: PMPI_Allreduce Time 2.765600e-04
0: MPIL Recursive Doubling Allreduce Time 4.062595e-04
0: MPIL Node-Aware Dissemination Allreduce Time 3.669721e-04
0: MPIL NUMA-Aware Dissemination Allreduce Time 2.397040e-04
0: Testing Size 8192
0: PMPI_Allreduce Time 4.421020e-04
0: MPIL Recursive Doubling Allreduce Time 7.596170e-04
0: MPIL Node-Aware Dissemination Allreduce Time 7.113246e-04
0: MPIL NUMA-Aware Dissemination Allreduce Time 4.249357e-04
0: Testing Size 16384
0: PMPI_Allreduce Time 7.260657e-04
0: MPIL Recursive Doubling Allreduce Time 1.472192e-03
0: MPIL Node-Aware Dissemination Allreduce Time 1.301980e-03
0: MPIL NUMA-Aware Dissemination Allreduce Time 7.920288e-04
0: Testing Size 32768
0: PMPI_Allreduce Time 1.368048e-03
0: MPIL Recursive Doubling Allreduce Time 2.869795e-03
0: MPIL Node-Aware Dissemination Allreduce Time 2.195044e-03
0: MPIL NUMA-Aware Dissemination Allreduce Time 1.462651e-03
0: Testing Size 65536
0: PMPI_Allreduce Time 1.965649e-03
0: MPIL Recursive Doubling Allreduce Time 5.252484e-03
0: MPIL Node-Aware Dissemination Allreduce Time 1.317315e-02
0: MPIL NUMA-Aware Dissemination Allreduce Time 8.679534e-03
0: Testing Size 131072
0: PMPI_Allreduce Time 4.097949e-03
0: MPIL Recursive Doubling Allreduce Time 6.886809e-03
0: MPIL Node-Aware Dissemination Allreduce Time 2.684713e-02
0: MPIL NUMA-Aware Dissemination Allreduce Time 1.072778e-02
0: Testing Size 262144
0: PMPI_Allreduce Time 8.103211e-03
0: MPIL Recursive Doubling Allreduce Time 1.187153e-02
0: MPIL Node-Aware Dissemination Allreduce Time 4.213105e-02
0: MPIL NUMA-Aware Dissemination Allreduce Time 1.738603e-02
0: Testing Size 524288
0: PMPI_Allreduce Time 1.284887e-02
0: MPIL Recursive Doubling Allreduce Time 2.457730e-02
0: MPIL Node-Aware Dissemination Allreduce Time 7.295115e-02
0: MPIL NUMA-Aware Dissemination Allreduce Time 3.278581e-02
