0: Testing Size 1
0: PMPI_Allreduce Time 1.386745e-05
0: MPIL Recursive Doubling Allreduce Time 2.287424e-05
0: MPIL Node-Aware Dissemination Allreduce Time 2.063215e-05
0: MPIL NUMA-Aware Dissemination Allreduce Time 7.628874e-06
0: Testing Size 2
0: PMPI_Allreduce Time 1.334911e-05
0: MPIL Recursive Doubling Allreduce Time 1.744496e-05
0: MPIL Node-Aware Dissemination Allreduce Time 1.980079e-05
0: MPIL NUMA-Aware Dissemination Allreduce Time 7.707045e-06
0: Testing Size 4
0: PMPI_Allreduce Time 1.345240e-05
0: MPIL Recursive Doubling Allreduce Time 1.762393e-05
0: MPIL Node-Aware Dissemination Allreduce Time 1.991882e-05
0: MPIL NUMA-Aware Dissemination Allreduce Time 7.957436e-06
0: Testing Size 8
0: PMPI_Allreduce Time 1.322695e-05
0: MPIL Recursive Doubling Allreduce Time 2.106033e-05
0: MPIL Node-Aware Dissemination Allreduce Time 2.129811e-05
0: MPIL NUMA-Aware Dissemination Allreduce Time 7.846399e-06
0: Testing Size 16
0: PMPI_Allreduce Time 1.486969e-05
0: MPIL Recursive Doubling Allreduce Time 2.265857e-05
0: MPIL Node-Aware Dissemination Allreduce Time 2.305017e-05
0: MPIL NUMA-Aware Dissemination Allreduce Time 8.723353e-06
0: Testing Size 32
0: PMPI_Allreduce Time 1.762212e-05
0: MPIL Recursive Doubling Allreduce Time 2.587520e-05
0: MPIL Node-Aware Dissemination Allreduce Time 2.617578e-05
0: MPIL NUMA-Aware Dissemination Allreduce Time 1.055167e-05
0: Testing Size 64
0: PMPI_Allreduce Time 2.450013e-05
0: MPIL Recursive Doubling Allreduce Time 2.478349e-05
0: MPIL Node-Aware Dissemination Allreduce Time 3.665783e-05
0: MPIL NUMA-Aware Dissemination Allreduce Time 2.294123e-05
0: Testing Size 128
0: PMPI_Allreduce Time 5.349660e-05
0: MPIL Recursive Doubling Allreduce Time 5.979966e-05
0: MPIL Node-Aware Dissemination Allreduce Time 8.358940e-05
0: MPIL NUMA-Aware Dissemination Allreduce Time 4.054863e-05
0: Testing Size 256
0: PMPI_Allreduce Time 8.946212e-05
0: MPIL Recursive Doubling Allreduce Time 7.176861e-05
0: MPIL Node-Aware Dissemination Allreduce Time 1.129810e-04
0: MPIL NUMA-Aware Dissemination Allreduce Time 5.605007e-05
0: Testing Size 512
0: PMPI_Allreduce Time 1.039317e-04
0: MPIL Recursive Doubling Allreduce Time 1.126113e-04
0: MPIL Node-Aware Dissemination Allreduce Time 1.564584e-04
0: MPIL NUMA-Aware Dissemination Allreduce Time 7.963905e-05
0: Testing Size 1024
0: PMPI_Allreduce Time 1.299548e-04
0: MPIL Recursive Doubling Allreduce Time 1.875034e-04
0: MPIL Node-Aware Dissemination Allreduce Time 2.365345e-04
0: MPIL NUMA-Aware Dissemination Allreduce Time 1.160506e-04
0: Testing Size 2048
0: PMPI_Allreduce Time 1.501083e-04
0: MPIL Recursive Doubling Allreduce Time 2.305911e-04
0: MPIL Node-Aware Dissemination Allreduce Time 2.252244e-04
0: MPIL NUMA-Aware Dissemination Allreduce Time 1.574987e-04
0: Testing Size 4096
0: PMPI_Allreduce Time 2.355515e-04
0: MPIL Recursive Doubling Allreduce Time 3.554650e-04
0: MPIL Node-Aware Dissemination Allreduce Time 3.670700e-04
0: MPIL NUMA-Aware Dissemination Allreduce Time 2.609538e-04
0: Testing Size 8192
0: PMPI_Allreduce Time 3.972835e-04
0: MPIL Recursive Doubling Allreduce Time 6.639435e-04
0: MPIL Node-Aware Dissemination Allreduce Time 6.254730e-04
0: MPIL NUMA-Aware Dissemination Allreduce Time 4.574958e-04
0: Testing Size 16384
0: PMPI_Allreduce Time 7.044668e-04
0: MPIL Recursive Doubling Allreduce Time 1.286921e-03
0: MPIL Node-Aware Dissemination Allreduce Time 1.127593e-03
0: MPIL NUMA-Aware Dissemination Allreduce Time 8.739612e-04
0: Testing Size 32768
0: PMPI_Allreduce Time 1.353170e-03
0: MPIL Recursive Doubling Allreduce Time 2.514035e-03
0: MPIL Node-Aware Dissemination Allreduce Time 1.971433e-03
0: MPIL NUMA-Aware Dissemination Allreduce Time 1.637778e-03
0: Testing Size 65536
0: PMPI_Allreduce Time 1.951520e-03
0: MPIL Recursive Doubling Allreduce Time 4.700329e-03
0: MPIL Node-Aware Dissemination Allreduce Time 1.304886e-02
0: MPIL NUMA-Aware Dissemination Allreduce Time 1.114236e-02
0: Testing Size 131072
0: PMPI_Allreduce Time 4.139360e-03
0: MPIL Recursive Doubling Allreduce Time 6.190000e-03
0: MPIL Node-Aware Dissemination Allreduce Time 2.640161e-02
0: MPIL NUMA-Aware Dissemination Allreduce Time 2.103584e-02
0: Testing Size 262144
0: PMPI_Allreduce Time 7.083498e-03
0: MPIL Recursive Doubling Allreduce Time 9.393443e-03
0: MPIL Node-Aware Dissemination Allreduce Time 4.192693e-02
0: MPIL NUMA-Aware Dissemination Allreduce Time 3.187785e-02
0: Testing Size 524288
0: PMPI_Allreduce Time 1.296927e-02
0: MPIL Recursive Doubling Allreduce Time 1.848047e-02
0: MPIL Node-Aware Dissemination Allreduce Time 6.962911e-02
0: MPIL NUMA-Aware Dissemination Allreduce Time 5.890055e-02
