0: Testing Size 1
0: PMPI_Allreduce Time 1.314439e-05
0: MPIL Recursive Doubling Allreduce Time 2.254729e-05
0: MPIL Node-Aware Dissemination Allreduce Time 2.167646e-05
0: MPIL NUMA-Aware Dissemination Allreduce Time 7.677287e-06
0: Testing Size 2
0: PMPI_Allreduce Time 1.335710e-05
0: MPIL Recursive Doubling Allreduce Time 1.751333e-05
0: MPIL Node-Aware Dissemination Allreduce Time 2.030860e-05
0: MPIL NUMA-Aware Dissemination Allreduce Time 7.787821e-06
0: Testing Size 4
0: PMPI_Allreduce Time 1.307598e-05
0: MPIL Recursive Doubling Allreduce Time 1.773755e-05
0: MPIL Node-Aware Dissemination Allreduce Time 2.105082e-05
0: MPIL NUMA-Aware Dissemination Allreduce Time 8.032170e-06
0: Testing Size 8
0: PMPI_Allreduce Time 1.301449e-05
0: MPIL Recursive Doubling Allreduce Time 2.113312e-05
0: MPIL Node-Aware Dissemination Allreduce Time 2.043764e-05
0: MPIL NUMA-Aware Dissemination Allreduce Time 7.907368e-06
0: Testing Size 16
0: PMPI_Allreduce Time 1.436475e-05
0: MPIL Recursive Doubling Allreduce Time 2.281658e-05
0: MPIL Node-Aware Dissemination Allreduce Time 2.350489e-05
0: MPIL NUMA-Aware Dissemination Allreduce Time 8.738217e-06
0: Testing Size 32
0: PMPI_Allreduce Time 1.677554e-05
0: MPIL Recursive Doubling Allreduce Time 2.635073e-05
0: MPIL Node-Aware Dissemination Allreduce Time 2.861821e-05
0: MPIL NUMA-Aware Dissemination Allreduce Time 1.053115e-05
0: Testing Size 64
0: PMPI_Allreduce Time 2.447972e-05
0: MPIL Recursive Doubling Allreduce Time 2.494086e-05
0: MPIL Node-Aware Dissemination Allreduce Time 3.571231e-05
0: MPIL NUMA-Aware Dissemination Allreduce Time 1.936876e-05
0: Testing Size 128
0: PMPI_Allreduce Time 5.169245e-05
0: MPIL Recursive Doubling Allreduce Time 6.128805e-05
0: MPIL Node-Aware Dissemination Allreduce Time 8.409271e-05
0: MPIL NUMA-Aware Dissemination Allreduce Time 4.078756e-05
0: Testing Size 256
0: PMPI_Allreduce Time 9.149969e-05
0: MPIL Recursive Doubling Allreduce Time 7.579764e-05
0: MPIL Node-Aware Dissemination Allreduce Time 1.145994e-04
0: MPIL NUMA-Aware Dissemination Allreduce Time 5.750212e-05
0: Testing Size 512
0: PMPI_Allreduce Time 9.349827e-05
0: MPIL Recursive Doubling Allreduce Time 1.301431e-04
0: MPIL Node-Aware Dissemination Allreduce Time 1.582349e-04
0: MPIL NUMA-Aware Dissemination Allreduce Time 7.649086e-05
0: Testing Size 1024
0: PMPI_Allreduce Time 1.343375e-04
0: MPIL Recursive Doubling Allreduce Time 3.044078e-04
0: MPIL Node-Aware Dissemination Allreduce Time 2.359050e-04
0: MPIL NUMA-Aware Dissemination Allreduce Time 1.169015e-04
0: Testing Size 2048
0: PMPI_Allreduce Time 1.528298e-04
0: MPIL Recursive Doubling Allreduce Time 2.555694e-04
0: MPIL Node-Aware Dissemination Allreduce Time 2.233658e-04
0: MPIL NUMA-Aware Dissemination Allreduce Time 1.626460e-04
0: Testing Size 4096
0: PMPI_Allreduce Time 2.446140e-04
0: MPIL Recursive Doubling Allreduce Time 3.559890e-04
0: MPIL Node-Aware Dissemination Allreduce Time 3.674911e-04
0: MPIL NUMA-Aware Dissemination Allreduce Time 2.639721e-04
0: Testing Size 8192
0: PMPI_Allreduce Time 3.940636e-04
0: MPIL Recursive Doubling Allreduce Time 6.658382e-04
0: MPIL Node-Aware Dissemination Allreduce Time 6.241711e-04
0: MPIL NUMA-Aware Dissemination Allreduce Time 4.702100e-04
0: Testing Size 16384
0: PMPI_Allreduce Time 6.975897e-04
0: MPIL Recursive Doubling Allreduce Time 1.287673e-03
0: MPIL Node-Aware Dissemination Allreduce Time 1.137360e-03
0: MPIL NUMA-Aware Dissemination Allreduce Time 8.675587e-04
0: Testing Size 32768
0: PMPI_Allreduce Time 1.284336e-03
0: MPIL Recursive Doubling Allreduce Time 2.540056e-03
0: MPIL Node-Aware Dissemination Allreduce Time 1.948814e-03
0: MPIL NUMA-Aware Dissemination Allreduce Time 1.647486e-03
0: Testing Size 65536
0: PMPI_Allreduce Time 2.020809e-03
0: MPIL Recursive Doubling Allreduce Time 4.591762e-03
0: MPIL Node-Aware Dissemination Allreduce Time 1.305205e-02
0: MPIL NUMA-Aware Dissemination Allreduce Time 1.141251e-02
0: Testing Size 131072
0: PMPI_Allreduce Time 3.849486e-03
0: MPIL Recursive Doubling Allreduce Time 6.272059e-03
0: MPIL Node-Aware Dissemination Allreduce Time 2.670855e-02
0: MPIL NUMA-Aware Dissemination Allreduce Time 2.098173e-02
0: Testing Size 262144
0: PMPI_Allreduce Time 7.012170e-03
0: MPIL Recursive Doubling Allreduce Time 9.577886e-03
0: MPIL Node-Aware Dissemination Allreduce Time 4.192514e-02
0: MPIL NUMA-Aware Dissemination Allreduce Time 3.296171e-02
0: Testing Size 524288
0: PMPI_Allreduce Time 1.287839e-02
0: MPIL Recursive Doubling Allreduce Time 1.907048e-02
0: MPIL Node-Aware Dissemination Allreduce Time 7.237183e-02
0: MPIL NUMA-Aware Dissemination Allreduce Time 5.982702e-02
