0: Testing Size 1
0: PMPI_Allreduce Time 3.211303e-05
0: MPIL Recursive Doubling Allreduce Time 2.653635e-04
0: MPIL Node-Aware Dissemination Allreduce Time 2.342891e-05
0: MPIL NUMA-Aware Dissemination Allreduce Time 2.368445e-05
0: Testing Size 2
0: PMPI_Allreduce Time 3.030233e-05
0: MPIL Recursive Doubling Allreduce Time 4.043465e-05
0: MPIL Node-Aware Dissemination Allreduce Time 2.361638e-05
0: MPIL NUMA-Aware Dissemination Allreduce Time 2.377654e-05
0: Testing Size 4
0: PMPI_Allreduce Time 3.163036e-05
0: MPIL Recursive Doubling Allreduce Time 5.251822e-05
0: MPIL Node-Aware Dissemination Allreduce Time 2.574186e-05
0: MPIL NUMA-Aware Dissemination Allreduce Time 2.519477e-05
0: Testing Size 8
0: PMPI_Allreduce Time 3.107866e-05
0: MPIL Recursive Doubling Allreduce Time 4.756247e-05
0: MPIL Node-Aware Dissemination Allreduce Time 2.400245e-05
0: MPIL NUMA-Aware Dissemination Allreduce Time 2.346103e-05
0: Testing Size 16
0: PMPI_Allreduce Time 3.360015e-05
0: MPIL Recursive Doubling Allreduce Time 4.536503e-05
0: MPIL Node-Aware Dissemination Allreduce Time 2.830371e-05
0: MPIL NUMA-Aware Dissemination Allreduce Time 2.891086e-05
0: Testing Size 32
0: PMPI_Allreduce Time 4.643102e-05
0: MPIL Recursive Doubling Allreduce Time 6.253113e-05
0: MPIL Node-Aware Dissemination Allreduce Time 3.193511e-05
0: MPIL NUMA-Aware Dissemination Allreduce Time 3.206206e-05
0: Testing Size 64
0: PMPI_Allreduce Time 6.474156e-05
0: MPIL Recursive Doubling Allreduce Time 8.167410e-05
0: MPIL Node-Aware Dissemination Allreduce Time 8.300669e-05
0: MPIL NUMA-Aware Dissemination Allreduce Time 5.039536e-05
0: Testing Size 128
0: PMPI_Allreduce Time 3.892719e-04
0: MPIL Recursive Doubling Allreduce Time 6.187821e-04
0: MPIL Node-Aware Dissemination Allreduce Time 1.385999e-04
0: MPIL NUMA-Aware Dissemination Allreduce Time 2.125896e-04
0: Testing Size 256
0: PMPI_Allreduce Time 1.079273e-03
0: MPIL Recursive Doubling Allreduce Time 1.230149e-03
0: MPIL Node-Aware Dissemination Allreduce Time 1.783747e-04
0: MPIL NUMA-Aware Dissemination Allreduce Time 4.238701e-04
0: Testing Size 512
0: PMPI_Allreduce Time 1.480774e-03
0: MPIL Recursive Doubling Allreduce Time 1.615320e-03
0: MPIL Node-Aware Dissemination Allreduce Time 4.237641e-04
0: MPIL NUMA-Aware Dissemination Allreduce Time 7.829891e-04
0: Testing Size 1024
0: PMPI_Allreduce Time 2.463243e-03
0: MPIL Recursive Doubling Allreduce Time 3.336557e-03
0: MPIL Node-Aware Dissemination Allreduce Time 7.963714e-04
0: MPIL NUMA-Aware Dissemination Allreduce Time 1.447957e-03
0: Testing Size 2048
0: PMPI_Allreduce Time 2.482158e-04
0: MPIL Recursive Doubling Allreduce Time 3.000501e-03
0: MPIL Node-Aware Dissemination Allreduce Time 6.847410e-04
0: MPIL NUMA-Aware Dissemination Allreduce Time 1.597814e-03
0: Testing Size 4096
0: PMPI_Allreduce Time 3.453451e-04
0: MPIL Recursive Doubling Allreduce Time 1.505109e-03
0: MPIL Node-Aware Dissemination Allreduce Time 4.499005e-04
0: MPIL NUMA-Aware Dissemination Allreduce Time 6.283965e-04
0: Testing Size 8192
0: PMPI_Allreduce Time 6.641406e-04
0: MPIL Recursive Doubling Allreduce Time 1.945925e-03
0: MPIL Node-Aware Dissemination Allreduce Time 7.345140e-04
0: MPIL NUMA-Aware Dissemination Allreduce Time 1.180383e-03
0: Testing Size 16384
0: PMPI_Allreduce Time 1.264712e-03
0: MPIL Recursive Doubling Allreduce Time 2.424944e-03
0: MPIL Node-Aware Dissemination Allreduce Time 1.250046e-03
0: MPIL NUMA-Aware Dissemination Allreduce Time 1.696967e-03
0: Testing Size 32768
0: PMPI_Allreduce Time 2.100170e-03
0: MPIL Recursive Doubling Allreduce Time 3.897965e-03
0: MPIL Node-Aware Dissemination Allreduce Time 2.253450e-03
0: MPIL NUMA-Aware Dissemination Allreduce Time 2.476980e-03
0: Testing Size 65536
0: PMPI_Allreduce Time 3.005763e-03
0: MPIL Recursive Doubling Allreduce Time 6.973978e-03
0: MPIL Node-Aware Dissemination Allreduce Time 1.184709e-02
0: MPIL NUMA-Aware Dissemination Allreduce Time 9.993211e-03
0: Testing Size 131072
0: PMPI_Allreduce Time 5.991462e-03
0: MPIL Recursive Doubling Allreduce Time 1.133666e-02
0: MPIL Node-Aware Dissemination Allreduce Time 2.177474e-02
0: MPIL NUMA-Aware Dissemination Allreduce Time 2.165980e-02
0: Testing Size 262144
0: PMPI_Allreduce Time 9.965310e-03
0: MPIL Recursive Doubling Allreduce Time 2.137625e-02
0: MPIL Node-Aware Dissemination Allreduce Time 3.524164e-02
0: MPIL NUMA-Aware Dissemination Allreduce Time 4.144896e-02
0: Testing Size 524288
0: PMPI_Allreduce Time 1.877094e-02
0: MPIL Recursive Doubling Allreduce Time 4.378841e-02
0: MPIL Node-Aware Dissemination Allreduce Time 6.255802e-02
0: MPIL NUMA-Aware Dissemination Allreduce Time 8.018467e-02
