0: Testing Size 1
0: PMPI_Allreduce Time 2.131810e-05
0: MPIL Recursive Doubling Allreduce Time 4.087256e-05
0: MPIL Node-Aware Dissemination Allreduce Time 2.144995e-05
0: MPIL NUMA-Aware Dissemination Allreduce Time 1.423581e-05
0: Testing Size 2
0: PMPI_Allreduce Time 2.019917e-05
0: MPIL Recursive Doubling Allreduce Time 2.771630e-05
0: MPIL Node-Aware Dissemination Allreduce Time 2.200536e-05
0: MPIL NUMA-Aware Dissemination Allreduce Time 1.576101e-05
0: Testing Size 4
0: PMPI_Allreduce Time 2.105876e-05
0: MPIL Recursive Doubling Allreduce Time 2.884591e-05
0: MPIL Node-Aware Dissemination Allreduce Time 2.228451e-05
0: MPIL NUMA-Aware Dissemination Allreduce Time 1.513502e-05
0: Testing Size 8
0: PMPI_Allreduce Time 2.084529e-05
0: MPIL Recursive Doubling Allreduce Time 3.016577e-05
0: MPIL Node-Aware Dissemination Allreduce Time 2.211307e-05
0: MPIL NUMA-Aware Dissemination Allreduce Time 1.528105e-05
0: Testing Size 16
0: PMPI_Allreduce Time 2.280318e-05
0: MPIL Recursive Doubling Allreduce Time 3.201385e-05
0: MPIL Node-Aware Dissemination Allreduce Time 2.597062e-05
0: MPIL NUMA-Aware Dissemination Allreduce Time 1.865136e-05
0: Testing Size 32
0: PMPI_Allreduce Time 2.720430e-05
0: MPIL Recursive Doubling Allreduce Time 3.893998e-05
0: MPIL Node-Aware Dissemination Allreduce Time 2.922818e-05
0: MPIL NUMA-Aware Dissemination Allreduce Time 1.928842e-05
0: Testing Size 64
0: PMPI_Allreduce Time 3.713994e-05
0: MPIL Recursive Doubling Allreduce Time 6.595817e-05
0: MPIL Node-Aware Dissemination Allreduce Time 4.964957e-05
0: MPIL NUMA-Aware Dissemination Allreduce Time 6.397245e-05
0: Testing Size 128
0: PMPI_Allreduce Time 1.869463e-04
0: MPIL Recursive Doubling Allreduce Time 2.724724e-04
0: MPIL Node-Aware Dissemination Allreduce Time 8.981955e-05
0: MPIL NUMA-Aware Dissemination Allreduce Time 1.101479e-04
0: Testing Size 256
0: PMPI_Allreduce Time 1.760829e-04
0: MPIL Recursive Doubling Allreduce Time 2.699284e-04
0: MPIL Node-Aware Dissemination Allreduce Time 1.306770e-04
0: MPIL NUMA-Aware Dissemination Allreduce Time 1.224472e-04
0: Testing Size 512
0: PMPI_Allreduce Time 3.858130e-04
0: MPIL Recursive Doubling Allreduce Time 3.237397e-04
0: MPIL Node-Aware Dissemination Allreduce Time 1.678929e-04
0: MPIL NUMA-Aware Dissemination Allreduce Time 1.637459e-04
0: Testing Size 1024
0: PMPI_Allreduce Time 8.189845e-04
0: MPIL Recursive Doubling Allreduce Time 3.868433e-04
0: MPIL Node-Aware Dissemination Allreduce Time 2.390768e-04
0: MPIL NUMA-Aware Dissemination Allreduce Time 1.400385e-04
0: Testing Size 2048
0: PMPI_Allreduce Time 1.720293e-04
0: MPIL Recursive Doubling Allreduce Time 3.798738e-04
0: MPIL Node-Aware Dissemination Allreduce Time 2.256326e-04
0: MPIL NUMA-Aware Dissemination Allreduce Time 1.520679e-04
0: Testing Size 4096
0: PMPI_Allreduce Time 2.957536e-04
0: MPIL Recursive Doubling Allreduce Time 4.275747e-04
0: MPIL Node-Aware Dissemination Allreduce Time 3.687054e-04
0: MPIL NUMA-Aware Dissemination Allreduce Time 2.574740e-04
0: Testing Size 8192
0: PMPI_Allreduce Time 4.730806e-04
0: MPIL Recursive Doubling Allreduce Time 8.147919e-04
0: MPIL Node-Aware Dissemination Allreduce Time 6.308271e-04
0: MPIL NUMA-Aware Dissemination Allreduce Time 5.021841e-04
0: Testing Size 16384
0: PMPI_Allreduce Time 8.327106e-04
0: MPIL Recursive Doubling Allreduce Time 1.611722e-03
0: MPIL Node-Aware Dissemination Allreduce Time 1.138302e-03
0: MPIL NUMA-Aware Dissemination Allreduce Time 8.466219e-04
0: Testing Size 32768
0: PMPI_Allreduce Time 1.548781e-03
0: MPIL Recursive Doubling Allreduce Time 3.016950e-03
0: MPIL Node-Aware Dissemination Allreduce Time 2.067435e-03
0: MPIL NUMA-Aware Dissemination Allreduce Time 1.475133e-03
0: Testing Size 65536
0: PMPI_Allreduce Time 2.152766e-03
0: MPIL Recursive Doubling Allreduce Time 5.633954e-03
0: MPIL Node-Aware Dissemination Allreduce Time 1.269913e-02
0: MPIL NUMA-Aware Dissemination Allreduce Time 8.503447e-03
0: Testing Size 131072
0: PMPI_Allreduce Time 4.526291e-03
0: MPIL Recursive Doubling Allreduce Time 8.089903e-03
0: MPIL Node-Aware Dissemination Allreduce Time 2.613694e-02
0: MPIL NUMA-Aware Dissemination Allreduce Time 6.513598e-03
0: Testing Size 262144
0: PMPI_Allreduce Time 7.303039e-03
0: MPIL Recursive Doubling Allreduce Time 1.410723e-02
0: MPIL Node-Aware Dissemination Allreduce Time 4.245122e-02
0: MPIL NUMA-Aware Dissemination Allreduce Time 1.239662e-02
0: Testing Size 524288
0: PMPI_Allreduce Time 1.451757e-02
0: MPIL Recursive Doubling Allreduce Time 2.898734e-02
0: MPIL Node-Aware Dissemination Allreduce Time 7.072994e-02
0: MPIL NUMA-Aware Dissemination Allreduce Time 2.504166e-02
