0: Testing Size 1
0: PMPI_Allreduce Time 1.339126e-05
0: MPIL Recursive Doubling Allreduce Time 2.349918e-05
0: MPIL Node-Aware Dissemination Allreduce Time 2.116905e-05
0: MPIL NUMA-Aware Dissemination Allreduce Time 7.612914e-06
0: Testing Size 2
0: PMPI_Allreduce Time 1.303909e-05
0: MPIL Recursive Doubling Allreduce Time 1.737799e-05
0: MPIL Node-Aware Dissemination Allreduce Time 2.016290e-05
0: MPIL NUMA-Aware Dissemination Allreduce Time 7.720015e-06
0: Testing Size 4
0: PMPI_Allreduce Time 1.283897e-05
0: MPIL Recursive Doubling Allreduce Time 1.754409e-05
0: MPIL Node-Aware Dissemination Allreduce Time 2.139607e-05
0: MPIL NUMA-Aware Dissemination Allreduce Time 7.966455e-06
0: Testing Size 8
0: PMPI_Allreduce Time 1.325220e-05
0: MPIL Recursive Doubling Allreduce Time 2.093907e-05
0: MPIL Node-Aware Dissemination Allreduce Time 2.128643e-05
0: MPIL NUMA-Aware Dissemination Allreduce Time 7.894661e-06
0: Testing Size 16
0: PMPI_Allreduce Time 1.431610e-05
0: MPIL Recursive Doubling Allreduce Time 2.251614e-05
0: MPIL Node-Aware Dissemination Allreduce Time 2.434108e-05
0: MPIL NUMA-Aware Dissemination Allreduce Time 8.847284e-06
0: Testing Size 32
0: PMPI_Allreduce Time 1.736846e-05
0: MPIL Recursive Doubling Allreduce Time 2.607393e-05
0: MPIL Node-Aware Dissemination Allreduce Time 2.812080e-05
0: MPIL NUMA-Aware Dissemination Allreduce Time 1.055148e-05
0: Testing Size 64
0: PMPI_Allreduce Time 2.477552e-05
0: MPIL Recursive Doubling Allreduce Time 2.481279e-05
0: MPIL Node-Aware Dissemination Allreduce Time 3.605087e-05
0: MPIL NUMA-Aware Dissemination Allreduce Time 1.986747e-05
0: Testing Size 128
0: PMPI_Allreduce Time 5.147885e-05
0: MPIL Recursive Doubling Allreduce Time 6.217934e-05
0: MPIL Node-Aware Dissemination Allreduce Time 8.349809e-05
0: MPIL NUMA-Aware Dissemination Allreduce Time 4.073168e-05
0: Testing Size 256
0: PMPI_Allreduce Time 9.236311e-05
0: MPIL Recursive Doubling Allreduce Time 7.104930e-05
0: MPIL Node-Aware Dissemination Allreduce Time 1.155131e-04
0: MPIL NUMA-Aware Dissemination Allreduce Time 5.617886e-05
0: Testing Size 512
0: PMPI_Allreduce Time 9.951657e-05
0: MPIL Recursive Doubling Allreduce Time 1.212731e-04
0: MPIL Node-Aware Dissemination Allreduce Time 1.537676e-04
0: MPIL NUMA-Aware Dissemination Allreduce Time 7.362246e-05
0: Testing Size 1024
0: PMPI_Allreduce Time 1.460509e-04
0: MPIL Recursive Doubling Allreduce Time 1.987308e-04
0: MPIL Node-Aware Dissemination Allreduce Time 2.334556e-04
0: MPIL NUMA-Aware Dissemination Allreduce Time 1.146283e-04
0: Testing Size 2048
0: PMPI_Allreduce Time 1.509120e-04
0: MPIL Recursive Doubling Allreduce Time 2.206697e-04
0: MPIL Node-Aware Dissemination Allreduce Time 2.224543e-04
0: MPIL NUMA-Aware Dissemination Allreduce Time 1.826221e-04
0: Testing Size 4096
0: PMPI_Allreduce Time 2.302767e-04
0: MPIL Recursive Doubling Allreduce Time 3.534403e-04
0: MPIL Node-Aware Dissemination Allreduce Time 3.612820e-04
0: MPIL NUMA-Aware Dissemination Allreduce Time 2.569930e-04
0: Testing Size 8192
0: PMPI_Allreduce Time 3.932060e-04
0: MPIL Recursive Doubling Allreduce Time 6.608432e-04
0: MPIL Node-Aware Dissemination Allreduce Time 6.237388e-04
0: MPIL NUMA-Aware Dissemination Allreduce Time 4.638634e-04
0: Testing Size 16384
0: PMPI_Allreduce Time 6.937762e-04
0: MPIL Recursive Doubling Allreduce Time 1.284435e-03
0: MPIL Node-Aware Dissemination Allreduce Time 1.116424e-03
0: MPIL NUMA-Aware Dissemination Allreduce Time 8.723082e-04
0: Testing Size 32768
0: PMPI_Allreduce Time 1.351816e-03
0: MPIL Recursive Doubling Allreduce Time 2.516748e-03
0: MPIL Node-Aware Dissemination Allreduce Time 1.937805e-03
0: MPIL NUMA-Aware Dissemination Allreduce Time 1.643017e-03
0: Testing Size 65536
0: PMPI_Allreduce Time 2.005876e-03
0: MPIL Recursive Doubling Allreduce Time 4.638159e-03
0: MPIL Node-Aware Dissemination Allreduce Time 1.320139e-02
0: MPIL NUMA-Aware Dissemination Allreduce Time 1.118764e-02
0: Testing Size 131072
0: PMPI_Allreduce Time 3.812006e-03
0: MPIL Recursive Doubling Allreduce Time 7.285800e-03
0: MPIL Node-Aware Dissemination Allreduce Time 2.682007e-02
0: MPIL NUMA-Aware Dissemination Allreduce Time 2.012317e-02
0: Testing Size 262144
0: PMPI_Allreduce Time 7.257495e-03
0: MPIL Recursive Doubling Allreduce Time 9.695010e-03
0: MPIL Node-Aware Dissemination Allreduce Time 4.316039e-02
0: MPIL NUMA-Aware Dissemination Allreduce Time 3.314550e-02
0: Testing Size 524288
0: PMPI_Allreduce Time 1.205561e-02
0: MPIL Recursive Doubling Allreduce Time 1.926816e-02
0: MPIL Node-Aware Dissemination Allreduce Time 7.310458e-02
0: MPIL NUMA-Aware Dissemination Allreduce Time 6.080983e-02
