0: Testing Size 1
0: PMPI_Allreduce Time 1.734742e-05
0: MPIL Recursive Doubling Allreduce Time 2.978120e-05
0: MPIL Node-Aware Dissemination Allreduce Time 2.079954e-05
0: MPIL NUMA-Aware Dissemination Allreduce Time 9.028065e-06
0: Testing Size 2
0: PMPI_Allreduce Time 1.618785e-05
0: MPIL Recursive Doubling Allreduce Time 2.109383e-05
0: MPIL Node-Aware Dissemination Allreduce Time 2.095283e-05
0: MPIL NUMA-Aware Dissemination Allreduce Time 9.183267e-06
0: Testing Size 4
0: PMPI_Allreduce Time 1.706307e-05
0: MPIL Recursive Doubling Allreduce Time 2.243212e-05
0: MPIL Node-Aware Dissemination Allreduce Time 2.002466e-05
0: MPIL NUMA-Aware Dissemination Allreduce Time 9.298946e-06
0: Testing Size 8
0: PMPI_Allreduce Time 1.622148e-05
0: MPIL Recursive Doubling Allreduce Time 2.649387e-05
0: MPIL Node-Aware Dissemination Allreduce Time 2.200380e-05
0: MPIL NUMA-Aware Dissemination Allreduce Time 9.234526e-06
0: Testing Size 16
0: PMPI_Allreduce Time 1.861969e-05
0: MPIL Recursive Doubling Allreduce Time 2.574555e-05
0: MPIL Node-Aware Dissemination Allreduce Time 2.460007e-05
0: MPIL NUMA-Aware Dissemination Allreduce Time 1.039980e-05
0: Testing Size 32
0: PMPI_Allreduce Time 2.196448e-05
0: MPIL Recursive Doubling Allreduce Time 3.403965e-05
0: MPIL Node-Aware Dissemination Allreduce Time 2.725873e-05
0: MPIL NUMA-Aware Dissemination Allreduce Time 1.233655e-05
0: Testing Size 64
0: PMPI_Allreduce Time 3.098692e-05
0: MPIL Recursive Doubling Allreduce Time 3.256368e-05
0: MPIL Node-Aware Dissemination Allreduce Time 4.262214e-05
0: MPIL NUMA-Aware Dissemination Allreduce Time 2.159680e-05
0: Testing Size 128
0: PMPI_Allreduce Time 1.072210e-04
0: MPIL Recursive Doubling Allreduce Time 9.969981e-05
0: MPIL Node-Aware Dissemination Allreduce Time 8.966019e-05
0: MPIL NUMA-Aware Dissemination Allreduce Time 4.630355e-05
0: Testing Size 256
0: PMPI_Allreduce Time 1.400269e-04
0: MPIL Recursive Doubling Allreduce Time 2.181027e-04
0: MPIL Node-Aware Dissemination Allreduce Time 1.252151e-04
0: MPIL NUMA-Aware Dissemination Allreduce Time 7.087634e-05
0: Testing Size 512
0: PMPI_Allreduce Time 1.900776e-04
0: MPIL Recursive Doubling Allreduce Time 2.502399e-04
0: MPIL Node-Aware Dissemination Allreduce Time 1.597521e-04
0: MPIL NUMA-Aware Dissemination Allreduce Time 1.025701e-04
0: Testing Size 1024
0: PMPI_Allreduce Time 3.353722e-04
0: MPIL Recursive Doubling Allreduce Time 2.275180e-04
0: MPIL Node-Aware Dissemination Allreduce Time 2.405885e-04
0: MPIL NUMA-Aware Dissemination Allreduce Time 1.142580e-04
0: Testing Size 2048
0: PMPI_Allreduce Time 1.570883e-04
0: MPIL Recursive Doubling Allreduce Time 3.643018e-04
0: MPIL Node-Aware Dissemination Allreduce Time 2.256067e-04
0: MPIL NUMA-Aware Dissemination Allreduce Time 1.832275e-04
0: Testing Size 4096
0: PMPI_Allreduce Time 2.602591e-04
0: MPIL Recursive Doubling Allreduce Time 4.085335e-04
0: MPIL Node-Aware Dissemination Allreduce Time 3.686200e-04
0: MPIL NUMA-Aware Dissemination Allreduce Time 2.402079e-04
0: Testing Size 8192
0: PMPI_Allreduce Time 4.110318e-04
0: MPIL Recursive Doubling Allreduce Time 7.604551e-04
0: MPIL Node-Aware Dissemination Allreduce Time 6.306661e-04
0: MPIL NUMA-Aware Dissemination Allreduce Time 4.154902e-04
0: Testing Size 16384
0: PMPI_Allreduce Time 7.319403e-04
0: MPIL Recursive Doubling Allreduce Time 1.498983e-03
0: MPIL Node-Aware Dissemination Allreduce Time 1.131426e-03
0: MPIL NUMA-Aware Dissemination Allreduce Time 7.695550e-04
0: Testing Size 32768
0: PMPI_Allreduce Time 1.356681e-03
0: MPIL Recursive Doubling Allreduce Time 2.862096e-03
0: MPIL Node-Aware Dissemination Allreduce Time 2.003611e-03
0: MPIL NUMA-Aware Dissemination Allreduce Time 1.422887e-03
0: Testing Size 65536
0: PMPI_Allreduce Time 2.031299e-03
0: MPIL Recursive Doubling Allreduce Time 5.187446e-03
0: MPIL Node-Aware Dissemination Allreduce Time 1.327456e-02
0: MPIL NUMA-Aware Dissemination Allreduce Time 8.595019e-03
0: Testing Size 131072
0: PMPI_Allreduce Time 3.914915e-03
0: MPIL Recursive Doubling Allreduce Time 6.929447e-03
0: MPIL Node-Aware Dissemination Allreduce Time 2.646789e-02
0: MPIL NUMA-Aware Dissemination Allreduce Time 1.084128e-02
0: Testing Size 262144
0: PMPI_Allreduce Time 7.819843e-03
0: MPIL Recursive Doubling Allreduce Time 1.173184e-02
0: MPIL Node-Aware Dissemination Allreduce Time 4.162460e-02
0: MPIL NUMA-Aware Dissemination Allreduce Time 1.719795e-02
0: Testing Size 524288
0: PMPI_Allreduce Time 1.153525e-02
0: MPIL Recursive Doubling Allreduce Time 2.434439e-02
0: MPIL Node-Aware Dissemination Allreduce Time 6.920689e-02
0: MPIL NUMA-Aware Dissemination Allreduce Time 3.221538e-02
