0: Testing Size 1
0: PMPI_Allreduce Time 5.165595e-05
0: MPIL Recursive Doubling Allreduce Time 2.735259e-04
0: MPIL Node-Aware Dissemination Allreduce Time 2.655470e-05
0: MPIL NUMA-Aware Dissemination Allreduce Time 2.298893e-05
0: Testing Size 2
0: PMPI_Allreduce Time 3.434457e-05
0: MPIL Recursive Doubling Allreduce Time 4.800975e-05
0: MPIL Node-Aware Dissemination Allreduce Time 2.729601e-05
0: MPIL NUMA-Aware Dissemination Allreduce Time 2.635977e-05
0: Testing Size 4
0: PMPI_Allreduce Time 3.521077e-05
0: MPIL Recursive Doubling Allreduce Time 6.923141e-05
0: MPIL Node-Aware Dissemination Allreduce Time 3.038797e-05
0: MPIL NUMA-Aware Dissemination Allreduce Time 2.523792e-05
0: Testing Size 8
0: PMPI_Allreduce Time 3.514664e-05
0: MPIL Recursive Doubling Allreduce Time 5.238933e-05
0: MPIL Node-Aware Dissemination Allreduce Time 2.701173e-05
0: MPIL NUMA-Aware Dissemination Allreduce Time 2.649083e-05
0: Testing Size 16
0: PMPI_Allreduce Time 3.868354e-05
0: MPIL Recursive Doubling Allreduce Time 5.040117e-05
0: MPIL Node-Aware Dissemination Allreduce Time 3.092243e-05
0: MPIL NUMA-Aware Dissemination Allreduce Time 2.678197e-05
0: Testing Size 32
0: PMPI_Allreduce Time 5.258688e-05
0: MPIL Recursive Doubling Allreduce Time 8.005508e-05
0: MPIL Node-Aware Dissemination Allreduce Time 3.569616e-05
0: MPIL NUMA-Aware Dissemination Allreduce Time 3.276703e-05
0: Testing Size 64
0: PMPI_Allreduce Time 7.746818e-05
0: MPIL Recursive Doubling Allreduce Time 1.256603e-04
0: MPIL Node-Aware Dissemination Allreduce Time 9.922863e-05
0: MPIL NUMA-Aware Dissemination Allreduce Time 8.012813e-05
0: Testing Size 128
0: PMPI_Allreduce Time 8.442163e-04
0: MPIL Recursive Doubling Allreduce Time 1.216746e-03
0: MPIL Node-Aware Dissemination Allreduce Time 2.652114e-04
0: MPIL NUMA-Aware Dissemination Allreduce Time 4.135871e-04
0: Testing Size 256
0: PMPI_Allreduce Time 2.036196e-03
0: MPIL Recursive Doubling Allreduce Time 1.935488e-03
0: MPIL Node-Aware Dissemination Allreduce Time 4.977999e-04
0: MPIL NUMA-Aware Dissemination Allreduce Time 7.726329e-04
0: Testing Size 512
0: PMPI_Allreduce Time 2.709384e-03
0: MPIL Recursive Doubling Allreduce Time 2.557383e-03
0: MPIL Node-Aware Dissemination Allreduce Time 8.416118e-04
0: MPIL NUMA-Aware Dissemination Allreduce Time 1.266055e-03
0: Testing Size 1024
0: PMPI_Allreduce Time 3.236159e-03
0: MPIL Recursive Doubling Allreduce Time 3.199802e-03
0: MPIL Node-Aware Dissemination Allreduce Time 1.312803e-03
0: MPIL NUMA-Aware Dissemination Allreduce Time 1.830334e-03
0: Testing Size 2048
0: PMPI_Allreduce Time 3.317920e-03
0: MPIL Recursive Doubling Allreduce Time 3.797441e-03
0: MPIL Node-Aware Dissemination Allreduce Time 1.752191e-03
0: MPIL NUMA-Aware Dissemination Allreduce Time 2.397328e-03
0: Testing Size 4096
0: PMPI_Allreduce Time 7.632138e-04
0: MPIL Recursive Doubling Allreduce Time 2.098619e-03
0: MPIL Node-Aware Dissemination Allreduce Time 8.297172e-04
0: MPIL NUMA-Aware Dissemination Allreduce Time 1.046598e-03
0: Testing Size 8192
0: PMPI_Allreduce Time 1.090515e-03
0: MPIL Recursive Doubling Allreduce Time 2.257282e-03
0: MPIL Node-Aware Dissemination Allreduce Time 1.175926e-03
0: MPIL NUMA-Aware Dissemination Allreduce Time 1.458521e-03
0: Testing Size 16384
0: PMPI_Allreduce Time 1.942458e-03
0: MPIL Recursive Doubling Allreduce Time 2.590682e-03
0: MPIL Node-Aware Dissemination Allreduce Time 1.686198e-03
0: MPIL NUMA-Aware Dissemination Allreduce Time 1.818153e-03
0: Testing Size 32768
0: PMPI_Allreduce Time 2.865265e-03
0: MPIL Recursive Doubling Allreduce Time 4.303863e-03
0: MPIL Node-Aware Dissemination Allreduce Time 2.419327e-03
0: MPIL NUMA-Aware Dissemination Allreduce Time 3.005154e-03
0: Testing Size 65536
0: PMPI_Allreduce Time 4.058829e-03
0: MPIL Recursive Doubling Allreduce Time 7.464971e-03
0: MPIL Node-Aware Dissemination Allreduce Time 9.611902e-03
0: MPIL NUMA-Aware Dissemination Allreduce Time 9.882058e-03
0: Testing Size 131072
0: PMPI_Allreduce Time 7.823033e-03
0: MPIL Recursive Doubling Allreduce Time 1.258212e-02
0: MPIL Node-Aware Dissemination Allreduce Time 1.364368e-02
0: MPIL NUMA-Aware Dissemination Allreduce Time 1.518343e-02
0: Testing Size 262144
0: PMPI_Allreduce Time 1.233859e-02
0: MPIL Recursive Doubling Allreduce Time 2.249844e-02
0: MPIL Node-Aware Dissemination Allreduce Time 2.214436e-02
0: MPIL NUMA-Aware Dissemination Allreduce Time 2.862656e-02
0: Testing Size 524288
0: PMPI_Allreduce Time 2.504531e-02
0: MPIL Recursive Doubling Allreduce Time 4.854488e-02
0: MPIL Node-Aware Dissemination Allreduce Time 3.984960e-02
0: MPIL NUMA-Aware Dissemination Allreduce Time 5.769435e-02
