0: Testing Size 1
0: PMPI_Allreduce Time 2.238166e-05
0: MPIL Recursive Doubling Allreduce Time 4.273358e-05
0: MPIL Node-Aware Dissemination Allreduce Time 2.110189e-05
0: MPIL NUMA-Aware Dissemination Allreduce Time 1.645255e-05
0: Testing Size 2
0: PMPI_Allreduce Time 2.183983e-05
0: MPIL Recursive Doubling Allreduce Time 2.938125e-05
0: MPIL Node-Aware Dissemination Allreduce Time 2.179032e-05
0: MPIL NUMA-Aware Dissemination Allreduce Time 1.796291e-05
0: Testing Size 4
0: PMPI_Allreduce Time 2.257014e-05
0: MPIL Recursive Doubling Allreduce Time 3.156523e-05
0: MPIL Node-Aware Dissemination Allreduce Time 2.186478e-05
0: MPIL NUMA-Aware Dissemination Allreduce Time 1.745253e-05
0: Testing Size 8
0: PMPI_Allreduce Time 2.196265e-05
0: MPIL Recursive Doubling Allreduce Time 3.139463e-05
0: MPIL Node-Aware Dissemination Allreduce Time 2.181860e-05
0: MPIL NUMA-Aware Dissemination Allreduce Time 1.734162e-05
0: Testing Size 16
0: PMPI_Allreduce Time 2.391128e-05
0: MPIL Recursive Doubling Allreduce Time 3.450671e-05
0: MPIL Node-Aware Dissemination Allreduce Time 2.467714e-05
0: MPIL NUMA-Aware Dissemination Allreduce Time 1.908496e-05
0: Testing Size 32
0: PMPI_Allreduce Time 3.045120e-05
0: MPIL Recursive Doubling Allreduce Time 5.041827e-05
0: MPIL Node-Aware Dissemination Allreduce Time 2.851253e-05
0: MPIL NUMA-Aware Dissemination Allreduce Time 2.356726e-05
0: Testing Size 64
0: PMPI_Allreduce Time 5.320735e-05
0: MPIL Recursive Doubling Allreduce Time 6.952706e-05
0: MPIL Node-Aware Dissemination Allreduce Time 4.503969e-05
0: MPIL NUMA-Aware Dissemination Allreduce Time 5.463855e-05
0: Testing Size 128
0: PMPI_Allreduce Time 1.940016e-04
0: MPIL Recursive Doubling Allreduce Time 1.566814e-04
0: MPIL Node-Aware Dissemination Allreduce Time 8.552628e-05
0: MPIL NUMA-Aware Dissemination Allreduce Time 8.692333e-05
0: Testing Size 256
0: PMPI_Allreduce Time 2.423407e-04
0: MPIL Recursive Doubling Allreduce Time 2.659909e-04
0: MPIL Node-Aware Dissemination Allreduce Time 1.241826e-04
0: MPIL NUMA-Aware Dissemination Allreduce Time 8.570832e-05
0: Testing Size 512
0: PMPI_Allreduce Time 3.162083e-04
0: MPIL Recursive Doubling Allreduce Time 2.129452e-04
0: MPIL Node-Aware Dissemination Allreduce Time 1.602987e-04
0: MPIL NUMA-Aware Dissemination Allreduce Time 9.071335e-05
0: Testing Size 1024
0: PMPI_Allreduce Time 5.331428e-04
0: MPIL Recursive Doubling Allreduce Time 3.023284e-04
0: MPIL Node-Aware Dissemination Allreduce Time 2.481122e-04
0: MPIL NUMA-Aware Dissemination Allreduce Time 1.341930e-04
0: Testing Size 2048
0: PMPI_Allreduce Time 1.822137e-04
0: MPIL Recursive Doubling Allreduce Time 4.540764e-04
0: MPIL Node-Aware Dissemination Allreduce Time 2.238938e-04
0: MPIL NUMA-Aware Dissemination Allreduce Time 1.568609e-04
0: Testing Size 4096
0: PMPI_Allreduce Time 2.928447e-04
0: MPIL Recursive Doubling Allreduce Time 4.378455e-04
0: MPIL Node-Aware Dissemination Allreduce Time 3.688458e-04
0: MPIL NUMA-Aware Dissemination Allreduce Time 2.712708e-04
0: Testing Size 8192
0: PMPI_Allreduce Time 4.628615e-04
0: MPIL Recursive Doubling Allreduce Time 8.185575e-04
0: MPIL Node-Aware Dissemination Allreduce Time 6.338731e-04
0: MPIL NUMA-Aware Dissemination Allreduce Time 4.551994e-04
0: Testing Size 16384
0: PMPI_Allreduce Time 7.931736e-04
0: MPIL Recursive Doubling Allreduce Time 1.537066e-03
0: MPIL Node-Aware Dissemination Allreduce Time 1.132722e-03
0: MPIL NUMA-Aware Dissemination Allreduce Time 8.097986e-04
0: Testing Size 32768
0: PMPI_Allreduce Time 1.491432e-03
0: MPIL Recursive Doubling Allreduce Time 3.005027e-03
0: MPIL Node-Aware Dissemination Allreduce Time 1.973666e-03
0: MPIL NUMA-Aware Dissemination Allreduce Time 1.497938e-03
0: Testing Size 65536
0: PMPI_Allreduce Time 2.179917e-03
0: MPIL Recursive Doubling Allreduce Time 5.691008e-03
0: MPIL Node-Aware Dissemination Allreduce Time 1.328923e-02
0: MPIL NUMA-Aware Dissemination Allreduce Time 8.482912e-03
0: Testing Size 131072
0: PMPI_Allreduce Time 4.441273e-03
0: MPIL Recursive Doubling Allreduce Time 8.126526e-03
0: MPIL Node-Aware Dissemination Allreduce Time 2.627873e-02
0: MPIL NUMA-Aware Dissemination Allreduce Time 6.441519e-03
0: Testing Size 262144
0: PMPI_Allreduce Time 7.776970e-03
0: MPIL Recursive Doubling Allreduce Time 1.446777e-02
0: MPIL Node-Aware Dissemination Allreduce Time 4.212812e-02
0: MPIL NUMA-Aware Dissemination Allreduce Time 1.256238e-02
0: Testing Size 524288
0: PMPI_Allreduce Time 1.317118e-02
0: MPIL Recursive Doubling Allreduce Time 2.923172e-02
0: MPIL Node-Aware Dissemination Allreduce Time 7.140863e-02
0: MPIL NUMA-Aware Dissemination Allreduce Time 2.570361e-02
