0: Testing Size 1
0: PMPI_Allreduce Time 1.923759e-05
0: MPIL Recursive Doubling Allreduce Time 3.620901e-05
0: MPIL Node-Aware Dissemination Allreduce Time 2.078102e-05
0: MPIL NUMA-Aware Dissemination Allreduce Time 9.803723e-06
0: Testing Size 2
0: PMPI_Allreduce Time 1.751911e-05
0: MPIL Recursive Doubling Allreduce Time 2.369408e-05
0: MPIL Node-Aware Dissemination Allreduce Time 2.064490e-05
0: MPIL NUMA-Aware Dissemination Allreduce Time 1.009966e-05
0: Testing Size 4
0: PMPI_Allreduce Time 1.805710e-05
0: MPIL Recursive Doubling Allreduce Time 2.597618e-05
0: MPIL Node-Aware Dissemination Allreduce Time 2.139032e-05
0: MPIL NUMA-Aware Dissemination Allreduce Time 1.041981e-05
0: Testing Size 8
0: PMPI_Allreduce Time 1.810081e-05
0: MPIL Recursive Doubling Allreduce Time 2.795407e-05
0: MPIL Node-Aware Dissemination Allreduce Time 2.113525e-05
0: MPIL NUMA-Aware Dissemination Allreduce Time 1.021852e-05
0: Testing Size 16
0: PMPI_Allreduce Time 2.005814e-05
0: MPIL Recursive Doubling Allreduce Time 2.981195e-05
0: MPIL Node-Aware Dissemination Allreduce Time 2.571343e-05
0: MPIL NUMA-Aware Dissemination Allreduce Time 1.114505e-05
0: Testing Size 32
0: PMPI_Allreduce Time 2.553009e-05
0: MPIL Recursive Doubling Allreduce Time 4.265622e-05
0: MPIL Node-Aware Dissemination Allreduce Time 2.897608e-05
0: MPIL NUMA-Aware Dissemination Allreduce Time 1.423917e-05
0: Testing Size 64
0: PMPI_Allreduce Time 3.478970e-05
0: MPIL Recursive Doubling Allreduce Time 4.567088e-05
0: MPIL Node-Aware Dissemination Allreduce Time 3.802898e-05
0: MPIL NUMA-Aware Dissemination Allreduce Time 2.271883e-05
0: Testing Size 128
0: PMPI_Allreduce Time 7.677270e-05
0: MPIL Recursive Doubling Allreduce Time 1.486686e-04
0: MPIL Node-Aware Dissemination Allreduce Time 8.407230e-05
0: MPIL NUMA-Aware Dissemination Allreduce Time 5.424807e-05
0: Testing Size 256
0: PMPI_Allreduce Time 1.872045e-04
0: MPIL Recursive Doubling Allreduce Time 2.222474e-04
0: MPIL Node-Aware Dissemination Allreduce Time 1.184788e-04
0: MPIL NUMA-Aware Dissemination Allreduce Time 9.184104e-05
0: Testing Size 512
0: PMPI_Allreduce Time 2.138272e-04
0: MPIL Recursive Doubling Allreduce Time 3.450826e-04
0: MPIL Node-Aware Dissemination Allreduce Time 1.534367e-04
0: MPIL NUMA-Aware Dissemination Allreduce Time 9.330540e-05
0: Testing Size 1024
0: PMPI_Allreduce Time 4.240820e-04
0: MPIL Recursive Doubling Allreduce Time 2.560151e-04
0: MPIL Node-Aware Dissemination Allreduce Time 2.345746e-04
0: MPIL NUMA-Aware Dissemination Allreduce Time 1.451423e-04
0: Testing Size 2048
0: PMPI_Allreduce Time 1.651716e-04
0: MPIL Recursive Doubling Allreduce Time 2.789951e-04
0: MPIL Node-Aware Dissemination Allreduce Time 2.243051e-04
0: MPIL NUMA-Aware Dissemination Allreduce Time 2.436165e-04
0: Testing Size 4096
0: PMPI_Allreduce Time 2.630061e-04
0: MPIL Recursive Doubling Allreduce Time 4.102398e-04
0: MPIL Node-Aware Dissemination Allreduce Time 3.658349e-04
0: MPIL NUMA-Aware Dissemination Allreduce Time 2.528238e-04
0: Testing Size 8192
0: PMPI_Allreduce Time 4.250326e-04
0: MPIL Recursive Doubling Allreduce Time 7.805115e-04
0: MPIL Node-Aware Dissemination Allreduce Time 6.291772e-04
0: MPIL NUMA-Aware Dissemination Allreduce Time 4.301998e-04
0: Testing Size 16384
0: PMPI_Allreduce Time 7.243410e-04
0: MPIL Recursive Doubling Allreduce Time 1.474993e-03
0: MPIL Node-Aware Dissemination Allreduce Time 1.133684e-03
0: MPIL NUMA-Aware Dissemination Allreduce Time 7.805251e-04
0: Testing Size 32768
0: PMPI_Allreduce Time 1.389297e-03
0: MPIL Recursive Doubling Allreduce Time 2.875947e-03
0: MPIL Node-Aware Dissemination Allreduce Time 1.940005e-03
0: MPIL NUMA-Aware Dissemination Allreduce Time 1.436776e-03
0: Testing Size 65536
0: PMPI_Allreduce Time 2.027271e-03
0: MPIL Recursive Doubling Allreduce Time 5.233736e-03
0: MPIL Node-Aware Dissemination Allreduce Time 1.276753e-02
0: MPIL NUMA-Aware Dissemination Allreduce Time 8.593908e-03
0: Testing Size 131072
0: PMPI_Allreduce Time 4.158633e-03
0: MPIL Recursive Doubling Allreduce Time 7.150483e-03
0: MPIL Node-Aware Dissemination Allreduce Time 2.627548e-02
0: MPIL NUMA-Aware Dissemination Allreduce Time 1.076890e-02
0: Testing Size 262144
0: PMPI_Allreduce Time 7.139868e-03
0: MPIL Recursive Doubling Allreduce Time 1.127950e-02
0: MPIL Node-Aware Dissemination Allreduce Time 4.206430e-02
0: MPIL NUMA-Aware Dissemination Allreduce Time 1.743313e-02
0: Testing Size 524288
0: PMPI_Allreduce Time 1.161492e-02
0: MPIL Recursive Doubling Allreduce Time 2.318840e-02
0: MPIL Node-Aware Dissemination Allreduce Time 6.955581e-02
0: MPIL NUMA-Aware Dissemination Allreduce Time 3.298145e-02
