0: Testing Size 1
0: PMPI_Allreduce Time 2.733870e-05
0: MPIL Recursive Doubling Allreduce Time 6.568591e-05
0: MPIL Node-Aware Dissemination Allreduce Time 2.164483e-05
0: MPIL NUMA-Aware Dissemination Allreduce Time 2.254984e-05
0: Testing Size 2
0: PMPI_Allreduce Time 2.735534e-05
0: MPIL Recursive Doubling Allreduce Time 3.700561e-05
0: MPIL Node-Aware Dissemination Allreduce Time 2.209045e-05
0: MPIL NUMA-Aware Dissemination Allreduce Time 2.498829e-05
0: Testing Size 4
0: PMPI_Allreduce Time 2.733123e-05
0: MPIL Recursive Doubling Allreduce Time 4.343118e-05
0: MPIL Node-Aware Dissemination Allreduce Time 2.338509e-05
0: MPIL NUMA-Aware Dissemination Allreduce Time 2.528186e-05
0: Testing Size 8
0: PMPI_Allreduce Time 2.720421e-05
0: MPIL Recursive Doubling Allreduce Time 4.083012e-05
0: MPIL Node-Aware Dissemination Allreduce Time 2.275112e-05
0: MPIL NUMA-Aware Dissemination Allreduce Time 2.316517e-05
0: Testing Size 16
0: PMPI_Allreduce Time 2.958235e-05
0: MPIL Recursive Doubling Allreduce Time 4.170418e-05
0: MPIL Node-Aware Dissemination Allreduce Time 2.844256e-05
0: MPIL NUMA-Aware Dissemination Allreduce Time 2.628404e-05
0: Testing Size 32
0: PMPI_Allreduce Time 3.923368e-05
0: MPIL Recursive Doubling Allreduce Time 5.619967e-05
0: MPIL Node-Aware Dissemination Allreduce Time 2.981459e-05
0: MPIL NUMA-Aware Dissemination Allreduce Time 3.240730e-05
0: Testing Size 64
0: PMPI_Allreduce Time 5.605005e-05
0: MPIL Recursive Doubling Allreduce Time 6.610151e-05
0: MPIL Node-Aware Dissemination Allreduce Time 6.763031e-05
0: MPIL NUMA-Aware Dissemination Allreduce Time 5.443441e-05
0: Testing Size 128
0: PMPI_Allreduce Time 3.189624e-04
0: MPIL Recursive Doubling Allreduce Time 3.914335e-04
0: MPIL Node-Aware Dissemination Allreduce Time 9.932639e-05
0: MPIL NUMA-Aware Dissemination Allreduce Time 1.403569e-04
0: Testing Size 256
0: PMPI_Allreduce Time 3.757999e-04
0: MPIL Recursive Doubling Allreduce Time 5.083449e-04
0: MPIL Node-Aware Dissemination Allreduce Time 1.381912e-04
0: MPIL NUMA-Aware Dissemination Allreduce Time 3.390850e-04
0: Testing Size 512
0: PMPI_Allreduce Time 7.570062e-04
0: MPIL Recursive Doubling Allreduce Time 8.654217e-04
0: MPIL Node-Aware Dissemination Allreduce Time 2.096591e-04
0: MPIL NUMA-Aware Dissemination Allreduce Time 3.554576e-04
0: Testing Size 1024
0: PMPI_Allreduce Time 1.117520e-03
0: MPIL Recursive Doubling Allreduce Time 1.167941e-03
0: MPIL Node-Aware Dissemination Allreduce Time 3.033166e-04
0: MPIL NUMA-Aware Dissemination Allreduce Time 3.614773e-04
0: Testing Size 2048
0: PMPI_Allreduce Time 2.290227e-04
0: MPIL Recursive Doubling Allreduce Time 2.032182e-03
0: MPIL Node-Aware Dissemination Allreduce Time 3.574308e-04
0: MPIL NUMA-Aware Dissemination Allreduce Time 3.920573e-04
0: Testing Size 4096
0: PMPI_Allreduce Time 3.713626e-04
0: MPIL Recursive Doubling Allreduce Time 7.617936e-04
0: MPIL Node-Aware Dissemination Allreduce Time 3.883448e-04
0: MPIL NUMA-Aware Dissemination Allreduce Time 4.133371e-04
0: Testing Size 8192
0: PMPI_Allreduce Time 6.495857e-04
0: MPIL Recursive Doubling Allreduce Time 1.134804e-03
0: MPIL Node-Aware Dissemination Allreduce Time 6.393817e-04
0: MPIL NUMA-Aware Dissemination Allreduce Time 7.385629e-04
0: Testing Size 16384
0: PMPI_Allreduce Time 1.065012e-03
0: MPIL Recursive Doubling Allreduce Time 1.757082e-03
0: MPIL Node-Aware Dissemination Allreduce Time 1.145109e-03
0: MPIL NUMA-Aware Dissemination Allreduce Time 1.276344e-03
0: Testing Size 32768
0: PMPI_Allreduce Time 1.682890e-03
0: MPIL Recursive Doubling Allreduce Time 3.326263e-03
0: MPIL Node-Aware Dissemination Allreduce Time 2.089573e-03
0: MPIL NUMA-Aware Dissemination Allreduce Time 2.383860e-03
0: Testing Size 65536
0: PMPI_Allreduce Time 2.379414e-03
0: MPIL Recursive Doubling Allreduce Time 6.321901e-03
0: MPIL Node-Aware Dissemination Allreduce Time 1.263216e-02
0: MPIL NUMA-Aware Dissemination Allreduce Time 9.887956e-03
0: Testing Size 131072
0: PMPI_Allreduce Time 4.935044e-03
0: MPIL Recursive Doubling Allreduce Time 1.049864e-02
0: MPIL Node-Aware Dissemination Allreduce Time 2.476444e-02
0: MPIL NUMA-Aware Dissemination Allreduce Time 2.364450e-02
0: Testing Size 262144
0: PMPI_Allreduce Time 8.289447e-03
0: MPIL Recursive Doubling Allreduce Time 1.745985e-02
0: MPIL Node-Aware Dissemination Allreduce Time 3.999850e-02
0: MPIL NUMA-Aware Dissemination Allreduce Time 4.631699e-02
0: Testing Size 524288
0: PMPI_Allreduce Time 1.732101e-02
0: MPIL Recursive Doubling Allreduce Time 3.514072e-02
0: MPIL Node-Aware Dissemination Allreduce Time 6.718458e-02
0: MPIL NUMA-Aware Dissemination Allreduce Time 8.869395e-02
