0: Testing Size 1
0: PMPI_Allreduce Time 2.400218e-05
0: MPIL Recursive Doubling Allreduce Time 4.672991e-05
0: MPIL Node-Aware Dissemination Allreduce Time 2.260550e-05
0: MPIL NUMA-Aware Dissemination Allreduce Time 1.705856e-05
0: Testing Size 2
0: PMPI_Allreduce Time 2.299264e-05
0: MPIL Recursive Doubling Allreduce Time 3.312650e-05
0: MPIL Node-Aware Dissemination Allreduce Time 2.252097e-05
0: MPIL NUMA-Aware Dissemination Allreduce Time 1.802797e-05
0: Testing Size 4
0: PMPI_Allreduce Time 2.343174e-05
0: MPIL Recursive Doubling Allreduce Time 3.777491e-05
0: MPIL Node-Aware Dissemination Allreduce Time 2.235136e-05
0: MPIL NUMA-Aware Dissemination Allreduce Time 1.737643e-05
0: Testing Size 8
0: PMPI_Allreduce Time 2.396278e-05
0: MPIL Recursive Doubling Allreduce Time 3.618158e-05
0: MPIL Node-Aware Dissemination Allreduce Time 2.363551e-05
0: MPIL NUMA-Aware Dissemination Allreduce Time 1.794517e-05
0: Testing Size 16
0: PMPI_Allreduce Time 2.583899e-05
0: MPIL Recursive Doubling Allreduce Time 3.725074e-05
0: MPIL Node-Aware Dissemination Allreduce Time 2.660238e-05
0: MPIL NUMA-Aware Dissemination Allreduce Time 1.989350e-05
0: Testing Size 32
0: PMPI_Allreduce Time 3.345375e-05
0: MPIL Recursive Doubling Allreduce Time 5.030382e-05
0: MPIL Node-Aware Dissemination Allreduce Time 3.001263e-05
0: MPIL NUMA-Aware Dissemination Allreduce Time 2.504068e-05
0: Testing Size 64
0: PMPI_Allreduce Time 5.276810e-05
0: MPIL Recursive Doubling Allreduce Time 5.671716e-05
0: MPIL Node-Aware Dissemination Allreduce Time 4.649801e-05
0: MPIL NUMA-Aware Dissemination Allreduce Time 3.780660e-05
0: Testing Size 128
0: PMPI_Allreduce Time 1.605474e-04
0: MPIL Recursive Doubling Allreduce Time 2.283554e-04
0: MPIL Node-Aware Dissemination Allreduce Time 9.044421e-05
0: MPIL NUMA-Aware Dissemination Allreduce Time 1.052443e-04
0: Testing Size 256
0: PMPI_Allreduce Time 1.238449e-04
0: MPIL Recursive Doubling Allreduce Time 3.140041e-04
0: MPIL Node-Aware Dissemination Allreduce Time 1.260939e-04
0: MPIL NUMA-Aware Dissemination Allreduce Time 1.149205e-04
0: Testing Size 512
0: PMPI_Allreduce Time 4.074516e-04
0: MPIL Recursive Doubling Allreduce Time 3.990627e-04
0: MPIL Node-Aware Dissemination Allreduce Time 1.643247e-04
0: MPIL NUMA-Aware Dissemination Allreduce Time 1.821392e-04
0: Testing Size 1024
0: PMPI_Allreduce Time 6.949092e-04
0: MPIL Recursive Doubling Allreduce Time 5.519818e-04
0: MPIL Node-Aware Dissemination Allreduce Time 2.454751e-04
0: MPIL NUMA-Aware Dissemination Allreduce Time 1.826975e-04
0: Testing Size 2048
0: PMPI_Allreduce Time 1.918308e-04
0: MPIL Recursive Doubling Allreduce Time 6.388001e-04
0: MPIL Node-Aware Dissemination Allreduce Time 2.533076e-04
0: MPIL NUMA-Aware Dissemination Allreduce Time 1.931677e-04
0: Testing Size 4096
0: PMPI_Allreduce Time 2.912412e-04
0: MPIL Recursive Doubling Allreduce Time 4.714722e-04
0: MPIL Node-Aware Dissemination Allreduce Time 3.703664e-04
0: MPIL NUMA-Aware Dissemination Allreduce Time 2.704776e-04
0: Testing Size 8192
0: PMPI_Allreduce Time 5.292816e-04
0: MPIL Recursive Doubling Allreduce Time 8.757154e-04
0: MPIL Node-Aware Dissemination Allreduce Time 6.279842e-04
0: MPIL NUMA-Aware Dissemination Allreduce Time 4.976874e-04
0: Testing Size 16384
0: PMPI_Allreduce Time 8.021099e-04
0: MPIL Recursive Doubling Allreduce Time 1.612623e-03
0: MPIL Node-Aware Dissemination Allreduce Time 1.130901e-03
0: MPIL NUMA-Aware Dissemination Allreduce Time 8.788089e-04
0: Testing Size 32768
0: PMPI_Allreduce Time 1.533097e-03
0: MPIL Recursive Doubling Allreduce Time 3.016663e-03
0: MPIL Node-Aware Dissemination Allreduce Time 1.997170e-03
0: MPIL NUMA-Aware Dissemination Allreduce Time 1.527451e-03
0: Testing Size 65536
0: PMPI_Allreduce Time 2.311981e-03
0: MPIL Recursive Doubling Allreduce Time 5.681038e-03
0: MPIL Node-Aware Dissemination Allreduce Time 1.326850e-02
0: MPIL NUMA-Aware Dissemination Allreduce Time 8.475234e-03
0: Testing Size 131072
0: PMPI_Allreduce Time 4.546936e-03
0: MPIL Recursive Doubling Allreduce Time 8.236825e-03
0: MPIL Node-Aware Dissemination Allreduce Time 2.574035e-02
0: MPIL NUMA-Aware Dissemination Allreduce Time 6.575374e-03
0: Testing Size 262144
0: PMPI_Allreduce Time 7.506635e-03
0: MPIL Recursive Doubling Allreduce Time 1.471929e-02
0: MPIL Node-Aware Dissemination Allreduce Time 4.125407e-02
0: MPIL NUMA-Aware Dissemination Allreduce Time 1.251949e-02
0: Testing Size 524288
0: PMPI_Allreduce Time 1.379805e-02
0: MPIL Recursive Doubling Allreduce Time 2.960369e-02
0: MPIL Node-Aware Dissemination Allreduce Time 6.953588e-02
0: MPIL NUMA-Aware Dissemination Allreduce Time 2.531133e-02
