0: Testing Size 1
0: PMPI_Allreduce Time 4.584306e-05
0: MPIL Recursive Doubling Allreduce Time 2.747560e-04
0: MPIL Node-Aware Dissemination Allreduce Time 2.630543e-05
0: MPIL NUMA-Aware Dissemination Allreduce Time 2.322584e-05
0: Testing Size 2
0: PMPI_Allreduce Time 3.435458e-05
0: MPIL Recursive Doubling Allreduce Time 4.692927e-05
0: MPIL Node-Aware Dissemination Allreduce Time 2.696226e-05
0: MPIL NUMA-Aware Dissemination Allreduce Time 2.602974e-05
0: Testing Size 4
0: PMPI_Allreduce Time 3.550773e-05
0: MPIL Recursive Doubling Allreduce Time 6.677764e-05
0: MPIL Node-Aware Dissemination Allreduce Time 2.991807e-05
0: MPIL NUMA-Aware Dissemination Allreduce Time 3.664455e-05
0: Testing Size 8
0: PMPI_Allreduce Time 3.515788e-05
0: MPIL Recursive Doubling Allreduce Time 5.435848e-05
0: MPIL Node-Aware Dissemination Allreduce Time 2.736542e-05
0: MPIL NUMA-Aware Dissemination Allreduce Time 2.552309e-05
0: Testing Size 16
0: PMPI_Allreduce Time 3.882290e-05
0: MPIL Recursive Doubling Allreduce Time 5.225442e-05
0: MPIL Node-Aware Dissemination Allreduce Time 3.077156e-05
0: MPIL NUMA-Aware Dissemination Allreduce Time 2.705642e-05
0: Testing Size 32
0: PMPI_Allreduce Time 5.164323e-05
0: MPIL Recursive Doubling Allreduce Time 8.151634e-05
0: MPIL Node-Aware Dissemination Allreduce Time 3.566401e-05
0: MPIL NUMA-Aware Dissemination Allreduce Time 3.458356e-05
0: Testing Size 64
0: PMPI_Allreduce Time 8.032938e-05
0: MPIL Recursive Doubling Allreduce Time 1.731214e-04
0: MPIL Node-Aware Dissemination Allreduce Time 7.708203e-05
0: MPIL NUMA-Aware Dissemination Allreduce Time 8.339068e-05
0: Testing Size 128
0: PMPI_Allreduce Time 3.557269e-04
0: MPIL Recursive Doubling Allreduce Time 5.987002e-04
0: MPIL Node-Aware Dissemination Allreduce Time 1.432598e-04
0: MPIL NUMA-Aware Dissemination Allreduce Time 1.891679e-04
0: Testing Size 256
0: PMPI_Allreduce Time 1.134481e-03
0: MPIL Recursive Doubling Allreduce Time 1.227020e-03
0: MPIL Node-Aware Dissemination Allreduce Time 3.974392e-04
0: MPIL NUMA-Aware Dissemination Allreduce Time 5.487946e-04
0: Testing Size 512
0: PMPI_Allreduce Time 2.386048e-03
0: MPIL Recursive Doubling Allreduce Time 2.490089e-03
0: MPIL Node-Aware Dissemination Allreduce Time 1.013402e-03
0: MPIL NUMA-Aware Dissemination Allreduce Time 1.389461e-03
0: Testing Size 1024
0: PMPI_Allreduce Time 5.180354e-03
0: MPIL Recursive Doubling Allreduce Time 2.944722e-03
0: MPIL Node-Aware Dissemination Allreduce Time 1.295628e-03
0: MPIL NUMA-Aware Dissemination Allreduce Time 1.903380e-03
0: Testing Size 2048
0: PMPI_Allreduce Time 4.475114e-03
0: MPIL Recursive Doubling Allreduce Time 4.034535e-03
0: MPIL Node-Aware Dissemination Allreduce Time 1.622149e-03
0: MPIL NUMA-Aware Dissemination Allreduce Time 2.341024e-03
0: Testing Size 4096
0: PMPI_Allreduce Time 6.513436e-04
0: MPIL Recursive Doubling Allreduce Time 2.291390e-03
0: MPIL Node-Aware Dissemination Allreduce Time 9.355840e-04
0: MPIL NUMA-Aware Dissemination Allreduce Time 1.278374e-03
0: Testing Size 8192
0: PMPI_Allreduce Time 1.123299e-03
0: MPIL Recursive Doubling Allreduce Time 2.670385e-03
0: MPIL Node-Aware Dissemination Allreduce Time 1.087788e-03
0: MPIL NUMA-Aware Dissemination Allreduce Time 1.270757e-03
0: Testing Size 16384
0: PMPI_Allreduce Time 1.826996e-03
0: MPIL Recursive Doubling Allreduce Time 3.177845e-03
0: MPIL Node-Aware Dissemination Allreduce Time 1.550661e-03
0: MPIL NUMA-Aware Dissemination Allreduce Time 1.623867e-03
0: Testing Size 32768
0: PMPI_Allreduce Time 2.238055e-03
0: MPIL Recursive Doubling Allreduce Time 4.375281e-03
0: MPIL Node-Aware Dissemination Allreduce Time 2.364599e-03
0: MPIL NUMA-Aware Dissemination Allreduce Time 2.722879e-03
0: Testing Size 65536
0: PMPI_Allreduce Time 3.373154e-03
0: MPIL Recursive Doubling Allreduce Time 7.462790e-03
0: MPIL Node-Aware Dissemination Allreduce Time 9.668865e-03
0: MPIL NUMA-Aware Dissemination Allreduce Time 9.815118e-03
0: Testing Size 131072
0: PMPI_Allreduce Time 6.670649e-03
0: MPIL Recursive Doubling Allreduce Time 1.220014e-02
0: MPIL Node-Aware Dissemination Allreduce Time 1.391473e-02
0: MPIL NUMA-Aware Dissemination Allreduce Time 1.530046e-02
0: Testing Size 262144
0: PMPI_Allreduce Time 1.366561e-02
0: MPIL Recursive Doubling Allreduce Time 2.346017e-02
0: MPIL Node-Aware Dissemination Allreduce Time 2.209129e-02
0: MPIL NUMA-Aware Dissemination Allreduce Time 2.875368e-02
0: Testing Size 524288
0: PMPI_Allreduce Time 2.866419e-02
0: MPIL Recursive Doubling Allreduce Time 4.964029e-02
0: MPIL Node-Aware Dissemination Allreduce Time 4.005461e-02
0: MPIL NUMA-Aware Dissemination Allreduce Time 5.750037e-02
