0: Testing Size 1
0: PMPI_Allreduce Time 3.357580e-05
0: MPIL Recursive Doubling Allreduce Time 2.743521e-04
0: MPIL Node-Aware Dissemination Allreduce Time 2.332271e-05
0: MPIL NUMA-Aware Dissemination Allreduce Time 2.400350e-05
0: Testing Size 2
0: PMPI_Allreduce Time 3.104450e-05
0: MPIL Recursive Doubling Allreduce Time 3.994937e-05
0: MPIL Node-Aware Dissemination Allreduce Time 2.419639e-05
0: MPIL NUMA-Aware Dissemination Allreduce Time 2.419247e-05
0: Testing Size 4
0: PMPI_Allreduce Time 3.215154e-05
0: MPIL Recursive Doubling Allreduce Time 5.109190e-05
0: MPIL Node-Aware Dissemination Allreduce Time 2.632140e-05
0: MPIL NUMA-Aware Dissemination Allreduce Time 2.602175e-05
0: Testing Size 8
0: PMPI_Allreduce Time 3.151214e-05
0: MPIL Recursive Doubling Allreduce Time 4.729325e-05
0: MPIL Node-Aware Dissemination Allreduce Time 2.421663e-05
0: MPIL NUMA-Aware Dissemination Allreduce Time 2.316734e-05
0: Testing Size 16
0: PMPI_Allreduce Time 3.367934e-05
0: MPIL Recursive Doubling Allreduce Time 4.558811e-05
0: MPIL Node-Aware Dissemination Allreduce Time 2.799744e-05
0: MPIL NUMA-Aware Dissemination Allreduce Time 2.976237e-05
0: Testing Size 32
0: PMPI_Allreduce Time 4.551443e-05
0: MPIL Recursive Doubling Allreduce Time 6.739996e-05
0: MPIL Node-Aware Dissemination Allreduce Time 3.193733e-05
0: MPIL NUMA-Aware Dissemination Allreduce Time 3.215956e-05
0: Testing Size 64
0: PMPI_Allreduce Time 7.073853e-05
0: MPIL Recursive Doubling Allreduce Time 1.314572e-04
0: MPIL Node-Aware Dissemination Allreduce Time 1.085717e-04
0: MPIL NUMA-Aware Dissemination Allreduce Time 7.456708e-05
0: Testing Size 128
0: PMPI_Allreduce Time 3.587441e-04
0: MPIL Recursive Doubling Allreduce Time 4.563400e-04
0: MPIL Node-Aware Dissemination Allreduce Time 1.258456e-04
0: MPIL NUMA-Aware Dissemination Allreduce Time 2.771781e-04
0: Testing Size 256
0: PMPI_Allreduce Time 1.120709e-03
0: MPIL Recursive Doubling Allreduce Time 1.084209e-03
0: MPIL Node-Aware Dissemination Allreduce Time 1.988455e-04
0: MPIL NUMA-Aware Dissemination Allreduce Time 3.765650e-04
0: Testing Size 512
0: PMPI_Allreduce Time 1.269533e-03
0: MPIL Recursive Doubling Allreduce Time 1.736861e-03
0: MPIL Node-Aware Dissemination Allreduce Time 4.351205e-04
0: MPIL NUMA-Aware Dissemination Allreduce Time 8.951451e-04
0: Testing Size 1024
0: PMPI_Allreduce Time 2.249827e-03
0: MPIL Recursive Doubling Allreduce Time 2.485273e-03
0: MPIL Node-Aware Dissemination Allreduce Time 6.840365e-04
0: MPIL NUMA-Aware Dissemination Allreduce Time 1.333813e-03
0: Testing Size 2048
0: PMPI_Allreduce Time 3.745697e-04
0: MPIL Recursive Doubling Allreduce Time 3.110086e-03
0: MPIL Node-Aware Dissemination Allreduce Time 6.879994e-04
0: MPIL NUMA-Aware Dissemination Allreduce Time 1.788913e-03
0: Testing Size 4096
0: PMPI_Allreduce Time 4.841433e-04
0: MPIL Recursive Doubling Allreduce Time 1.810276e-03
0: MPIL Node-Aware Dissemination Allreduce Time 3.934367e-04
0: MPIL NUMA-Aware Dissemination Allreduce Time 7.562722e-04
0: Testing Size 8192
0: PMPI_Allreduce Time 6.817380e-04
0: MPIL Recursive Doubling Allreduce Time 2.038125e-03
0: MPIL Node-Aware Dissemination Allreduce Time 6.826864e-04
0: MPIL NUMA-Aware Dissemination Allreduce Time 9.241163e-04
0: Testing Size 16384
0: PMPI_Allreduce Time 1.286163e-03
0: MPIL Recursive Doubling Allreduce Time 2.397089e-03
0: MPIL Node-Aware Dissemination Allreduce Time 1.351545e-03
0: MPIL NUMA-Aware Dissemination Allreduce Time 1.508602e-03
0: Testing Size 32768
0: PMPI_Allreduce Time 2.043233e-03
0: MPIL Recursive Doubling Allreduce Time 3.991671e-03
0: MPIL Node-Aware Dissemination Allreduce Time 2.187461e-03
0: MPIL NUMA-Aware Dissemination Allreduce Time 2.460012e-03
0: Testing Size 65536
0: PMPI_Allreduce Time 3.255471e-03
0: MPIL Recursive Doubling Allreduce Time 6.904524e-03
0: MPIL Node-Aware Dissemination Allreduce Time 1.182111e-02
0: MPIL NUMA-Aware Dissemination Allreduce Time 1.001694e-02
0: Testing Size 131072
0: PMPI_Allreduce Time 6.093738e-03
0: MPIL Recursive Doubling Allreduce Time 1.111174e-02
0: MPIL Node-Aware Dissemination Allreduce Time 2.194830e-02
0: MPIL NUMA-Aware Dissemination Allreduce Time 2.177281e-02
0: Testing Size 262144
0: PMPI_Allreduce Time 1.097713e-02
0: MPIL Recursive Doubling Allreduce Time 2.005645e-02
0: MPIL Node-Aware Dissemination Allreduce Time 3.566953e-02
0: MPIL NUMA-Aware Dissemination Allreduce Time 4.244784e-02
0: Testing Size 524288
0: PMPI_Allreduce Time 1.840050e-02
0: MPIL Recursive Doubling Allreduce Time 4.059428e-02
0: MPIL Node-Aware Dissemination Allreduce Time 6.140646e-02
0: MPIL NUMA-Aware Dissemination Allreduce Time 8.078295e-02
