0: Testing Size 1
0: PMPI_Allreduce Time 2.646980e-05
0: MPIL Recursive Doubling Allreduce Time 1.047412e-04
0: MPIL Node-Aware Dissemination Allreduce Time 2.354630e-05
0: MPIL NUMA-Aware Dissemination Allreduce Time 2.157629e-05
0: Testing Size 2
0: PMPI_Allreduce Time 2.610515e-05
0: MPIL Recursive Doubling Allreduce Time 3.645247e-05
0: MPIL Node-Aware Dissemination Allreduce Time 2.240892e-05
0: MPIL NUMA-Aware Dissemination Allreduce Time 2.378506e-05
0: Testing Size 4
0: PMPI_Allreduce Time 2.619255e-05
0: MPIL Recursive Doubling Allreduce Time 5.061533e-05
0: MPIL Node-Aware Dissemination Allreduce Time 2.258998e-05
0: MPIL NUMA-Aware Dissemination Allreduce Time 2.273271e-05
0: Testing Size 8
0: PMPI_Allreduce Time 2.595928e-05
0: MPIL Recursive Doubling Allreduce Time 4.412566e-05
0: MPIL Node-Aware Dissemination Allreduce Time 2.244342e-05
0: MPIL NUMA-Aware Dissemination Allreduce Time 2.228405e-05
0: Testing Size 16
0: PMPI_Allreduce Time 2.825064e-05
0: MPIL Recursive Doubling Allreduce Time 4.158586e-05
0: MPIL Node-Aware Dissemination Allreduce Time 2.799887e-05
0: MPIL NUMA-Aware Dissemination Allreduce Time 2.522040e-05
0: Testing Size 32
0: PMPI_Allreduce Time 3.835411e-05
0: MPIL Recursive Doubling Allreduce Time 5.552187e-05
0: MPIL Node-Aware Dissemination Allreduce Time 2.996904e-05
0: MPIL NUMA-Aware Dissemination Allreduce Time 3.183675e-05
0: Testing Size 64
0: PMPI_Allreduce Time 5.954172e-05
0: MPIL Recursive Doubling Allreduce Time 7.146964e-05
0: MPIL Node-Aware Dissemination Allreduce Time 6.514204e-05
0: MPIL NUMA-Aware Dissemination Allreduce Time 5.762317e-05
0: Testing Size 128
0: PMPI_Allreduce Time 3.099598e-04
0: MPIL Recursive Doubling Allreduce Time 5.123151e-04
0: MPIL Node-Aware Dissemination Allreduce Time 8.877830e-05
0: MPIL NUMA-Aware Dissemination Allreduce Time 1.982812e-04
0: Testing Size 256
0: PMPI_Allreduce Time 5.150089e-04
0: MPIL Recursive Doubling Allreduce Time 6.461387e-04
0: MPIL Node-Aware Dissemination Allreduce Time 1.299989e-04
0: MPIL NUMA-Aware Dissemination Allreduce Time 3.679099e-04
0: Testing Size 512
0: PMPI_Allreduce Time 9.939699e-04
0: MPIL Recursive Doubling Allreduce Time 6.773406e-04
0: MPIL Node-Aware Dissemination Allreduce Time 1.921591e-04
0: MPIL NUMA-Aware Dissemination Allreduce Time 2.000731e-04
0: Testing Size 1024
0: PMPI_Allreduce Time 1.224466e-03
0: MPIL Recursive Doubling Allreduce Time 7.701778e-04
0: MPIL Node-Aware Dissemination Allreduce Time 3.242472e-04
0: MPIL NUMA-Aware Dissemination Allreduce Time 2.038434e-04
0: Testing Size 2048
0: PMPI_Allreduce Time 2.019232e-04
0: MPIL Recursive Doubling Allreduce Time 6.721988e-04
0: MPIL Node-Aware Dissemination Allreduce Time 2.796747e-04
0: MPIL NUMA-Aware Dissemination Allreduce Time 2.501556e-04
0: Testing Size 4096
0: PMPI_Allreduce Time 3.511510e-04
0: MPIL Recursive Doubling Allreduce Time 5.308541e-04
0: MPIL Node-Aware Dissemination Allreduce Time 3.724765e-04
0: MPIL NUMA-Aware Dissemination Allreduce Time 3.856904e-04
0: Testing Size 8192
0: PMPI_Allreduce Time 6.106660e-04
0: MPIL Recursive Doubling Allreduce Time 9.204964e-04
0: MPIL Node-Aware Dissemination Allreduce Time 6.365599e-04
0: MPIL NUMA-Aware Dissemination Allreduce Time 7.022626e-04
0: Testing Size 16384
0: PMPI_Allreduce Time 9.361259e-04
0: MPIL Recursive Doubling Allreduce Time 1.688600e-03
0: MPIL Node-Aware Dissemination Allreduce Time 1.172363e-03
0: MPIL NUMA-Aware Dissemination Allreduce Time 1.274700e-03
0: Testing Size 32768
0: PMPI_Allreduce Time 1.507335e-03
0: MPIL Recursive Doubling Allreduce Time 3.391523e-03
0: MPIL Node-Aware Dissemination Allreduce Time 2.036436e-03
0: MPIL NUMA-Aware Dissemination Allreduce Time 2.243427e-03
0: Testing Size 65536
0: PMPI_Allreduce Time 2.794970e-03
0: MPIL Recursive Doubling Allreduce Time 6.359538e-03
0: MPIL Node-Aware Dissemination Allreduce Time 1.252888e-02
0: MPIL NUMA-Aware Dissemination Allreduce Time 9.863337e-03
0: Testing Size 131072
0: PMPI_Allreduce Time 4.701503e-03
0: MPIL Recursive Doubling Allreduce Time 1.038713e-02
0: MPIL Node-Aware Dissemination Allreduce Time 2.440029e-02
0: MPIL NUMA-Aware Dissemination Allreduce Time 2.367518e-02
0: Testing Size 262144
0: PMPI_Allreduce Time 8.822463e-03
0: MPIL Recursive Doubling Allreduce Time 1.855643e-02
0: MPIL Node-Aware Dissemination Allreduce Time 3.956915e-02
0: MPIL NUMA-Aware Dissemination Allreduce Time 4.667784e-02
0: Testing Size 524288
0: PMPI_Allreduce Time 1.563785e-02
0: MPIL Recursive Doubling Allreduce Time 3.750399e-02
0: MPIL Node-Aware Dissemination Allreduce Time 6.655322e-02
0: MPIL NUMA-Aware Dissemination Allreduce Time 8.970246e-02
