0: Testing Size 1
0: PMPI_Allreduce Time 2.506602e-05
0: MPIL Recursive Doubling Allreduce Time 6.957271e-05
0: MPIL Node-Aware Dissemination Allreduce Time 2.197850e-05
0: MPIL NUMA-Aware Dissemination Allreduce Time 2.209044e-05
0: Testing Size 2
0: PMPI_Allreduce Time 2.515147e-05
0: MPIL Recursive Doubling Allreduce Time 3.245575e-05
0: MPIL Node-Aware Dissemination Allreduce Time 2.178469e-05
0: MPIL NUMA-Aware Dissemination Allreduce Time 2.442843e-05
0: Testing Size 4
0: PMPI_Allreduce Time 2.526936e-05
0: MPIL Recursive Doubling Allreduce Time 4.336389e-05
0: MPIL Node-Aware Dissemination Allreduce Time 2.232641e-05
0: MPIL NUMA-Aware Dissemination Allreduce Time 2.269120e-05
0: Testing Size 8
0: PMPI_Allreduce Time 2.501428e-05
0: MPIL Recursive Doubling Allreduce Time 3.921916e-05
0: MPIL Node-Aware Dissemination Allreduce Time 2.234801e-05
0: MPIL NUMA-Aware Dissemination Allreduce Time 2.301035e-05
0: Testing Size 16
0: PMPI_Allreduce Time 2.718524e-05
0: MPIL Recursive Doubling Allreduce Time 3.981082e-05
0: MPIL Node-Aware Dissemination Allreduce Time 2.684176e-05
0: MPIL NUMA-Aware Dissemination Allreduce Time 2.574224e-05
0: Testing Size 32
0: PMPI_Allreduce Time 3.479659e-05
0: MPIL Recursive Doubling Allreduce Time 5.247797e-05
0: MPIL Node-Aware Dissemination Allreduce Time 2.953328e-05
0: MPIL NUMA-Aware Dissemination Allreduce Time 3.192349e-05
0: Testing Size 64
0: PMPI_Allreduce Time 5.579397e-05
0: MPIL Recursive Doubling Allreduce Time 6.536643e-05
0: MPIL Node-Aware Dissemination Allreduce Time 6.920594e-05
0: MPIL NUMA-Aware Dissemination Allreduce Time 9.309450e-05
0: Testing Size 128
0: PMPI_Allreduce Time 3.047877e-04
0: MPIL Recursive Doubling Allreduce Time 2.343484e-04
0: MPIL Node-Aware Dissemination Allreduce Time 9.768281e-05
0: MPIL NUMA-Aware Dissemination Allreduce Time 2.290582e-04
0: Testing Size 256
0: PMPI_Allreduce Time 5.608653e-04
0: MPIL Recursive Doubling Allreduce Time 4.844949e-04
0: MPIL Node-Aware Dissemination Allreduce Time 1.711812e-04
0: MPIL NUMA-Aware Dissemination Allreduce Time 2.785935e-04
0: Testing Size 512
0: PMPI_Allreduce Time 7.115676e-04
0: MPIL Recursive Doubling Allreduce Time 1.331614e-03
0: MPIL Node-Aware Dissemination Allreduce Time 1.907797e-04
0: MPIL NUMA-Aware Dissemination Allreduce Time 4.933124e-04
0: Testing Size 1024
0: PMPI_Allreduce Time 1.456824e-03
0: MPIL Recursive Doubling Allreduce Time 1.854164e-03
0: MPIL Node-Aware Dissemination Allreduce Time 3.689524e-04
0: MPIL NUMA-Aware Dissemination Allreduce Time 5.116286e-04
0: Testing Size 2048
0: PMPI_Allreduce Time 2.399445e-04
0: MPIL Recursive Doubling Allreduce Time 3.100377e-03
0: MPIL Node-Aware Dissemination Allreduce Time 3.338994e-04
0: MPIL NUMA-Aware Dissemination Allreduce Time 4.071235e-04
0: Testing Size 4096
0: PMPI_Allreduce Time 3.727088e-04
0: MPIL Recursive Doubling Allreduce Time 7.668715e-04
0: MPIL Node-Aware Dissemination Allreduce Time 3.657112e-04
0: MPIL NUMA-Aware Dissemination Allreduce Time 4.213056e-04
0: Testing Size 8192
0: PMPI_Allreduce Time 5.336576e-04
0: MPIL Recursive Doubling Allreduce Time 1.082589e-03
0: MPIL Node-Aware Dissemination Allreduce Time 6.304901e-04
0: MPIL NUMA-Aware Dissemination Allreduce Time 7.481672e-04
0: Testing Size 16384
0: PMPI_Allreduce Time 1.116244e-03
0: MPIL Recursive Doubling Allreduce Time 1.854459e-03
0: MPIL Node-Aware Dissemination Allreduce Time 1.199225e-03
0: MPIL NUMA-Aware Dissemination Allreduce Time 1.391822e-03
0: Testing Size 32768
0: PMPI_Allreduce Time 1.780512e-03
0: MPIL Recursive Doubling Allreduce Time 3.464804e-03
0: MPIL Node-Aware Dissemination Allreduce Time 2.043560e-03
0: MPIL NUMA-Aware Dissemination Allreduce Time 2.260333e-03
0: Testing Size 65536
0: PMPI_Allreduce Time 2.566974e-03
0: MPIL Recursive Doubling Allreduce Time 6.236137e-03
0: MPIL Node-Aware Dissemination Allreduce Time 1.275290e-02
0: MPIL NUMA-Aware Dissemination Allreduce Time 9.933037e-03
0: Testing Size 131072
0: PMPI_Allreduce Time 4.505194e-03
0: MPIL Recursive Doubling Allreduce Time 9.622837e-03
0: MPIL Node-Aware Dissemination Allreduce Time 2.497216e-02
0: MPIL NUMA-Aware Dissemination Allreduce Time 2.394654e-02
0: Testing Size 262144
0: PMPI_Allreduce Time 8.996985e-03
0: MPIL Recursive Doubling Allreduce Time 1.719240e-02
0: MPIL Node-Aware Dissemination Allreduce Time 4.012350e-02
0: MPIL NUMA-Aware Dissemination Allreduce Time 4.685454e-02
0: Testing Size 524288
0: PMPI_Allreduce Time 1.566857e-02
0: MPIL Recursive Doubling Allreduce Time 3.585476e-02
0: MPIL Node-Aware Dissemination Allreduce Time 6.782790e-02
0: MPIL NUMA-Aware Dissemination Allreduce Time 8.953276e-02
