0: Testing Size 1
0: PMPI_Allreduce Time 4.513251e-05
0: MPIL Recursive Doubling Allreduce Time 2.259557e-04
0: MPIL Node-Aware Dissemination Allreduce Time 2.655507e-05
0: MPIL NUMA-Aware Dissemination Allreduce Time 2.331531e-05
0: Testing Size 2
0: PMPI_Allreduce Time 3.449180e-05
0: MPIL Recursive Doubling Allreduce Time 4.635419e-05
0: MPIL Node-Aware Dissemination Allreduce Time 2.726040e-05
0: MPIL NUMA-Aware Dissemination Allreduce Time 2.634799e-05
0: Testing Size 4
0: PMPI_Allreduce Time 3.561258e-05
0: MPIL Recursive Doubling Allreduce Time 6.055498e-05
0: MPIL Node-Aware Dissemination Allreduce Time 2.999565e-05
0: MPIL NUMA-Aware Dissemination Allreduce Time 2.743491e-05
0: Testing Size 8
0: PMPI_Allreduce Time 3.516467e-05
0: MPIL Recursive Doubling Allreduce Time 4.957310e-05
0: MPIL Node-Aware Dissemination Allreduce Time 2.756218e-05
0: MPIL NUMA-Aware Dissemination Allreduce Time 2.652944e-05
0: Testing Size 16
0: PMPI_Allreduce Time 3.905516e-05
0: MPIL Recursive Doubling Allreduce Time 5.085756e-05
0: MPIL Node-Aware Dissemination Allreduce Time 3.094800e-05
0: MPIL NUMA-Aware Dissemination Allreduce Time 2.703578e-05
0: Testing Size 32
0: PMPI_Allreduce Time 5.177947e-05
0: MPIL Recursive Doubling Allreduce Time 7.813638e-05
0: MPIL Node-Aware Dissemination Allreduce Time 3.517217e-05
0: MPIL NUMA-Aware Dissemination Allreduce Time 3.274813e-05
0: Testing Size 64
0: PMPI_Allreduce Time 7.163827e-05
0: MPIL Recursive Doubling Allreduce Time 1.031492e-04
0: MPIL Node-Aware Dissemination Allreduce Time 9.701768e-05
0: MPIL NUMA-Aware Dissemination Allreduce Time 6.855998e-05
0: Testing Size 128
0: PMPI_Allreduce Time 5.063358e-04
0: MPIL Recursive Doubling Allreduce Time 9.031255e-04
0: MPIL Node-Aware Dissemination Allreduce Time 1.793526e-04
0: MPIL NUMA-Aware Dissemination Allreduce Time 2.241295e-04
0: Testing Size 256
0: PMPI_Allreduce Time 1.621009e-03
0: MPIL Recursive Doubling Allreduce Time 1.954759e-03
0: MPIL Node-Aware Dissemination Allreduce Time 4.499424e-04
0: MPIL NUMA-Aware Dissemination Allreduce Time 5.247135e-04
0: Testing Size 512
0: PMPI_Allreduce Time 2.255372e-03
0: MPIL Recursive Doubling Allreduce Time 2.470466e-03
0: MPIL Node-Aware Dissemination Allreduce Time 6.075249e-04
0: MPIL NUMA-Aware Dissemination Allreduce Time 1.258130e-03
0: Testing Size 1024
0: PMPI_Allreduce Time 2.770401e-03
0: MPIL Recursive Doubling Allreduce Time 3.058141e-03
0: MPIL Node-Aware Dissemination Allreduce Time 1.368835e-03
0: MPIL NUMA-Aware Dissemination Allreduce Time 1.691505e-03
0: Testing Size 2048
0: PMPI_Allreduce Time 3.531801e-03
0: MPIL Recursive Doubling Allreduce Time 3.472152e-03
0: MPIL Node-Aware Dissemination Allreduce Time 1.128017e-03
0: MPIL NUMA-Aware Dissemination Allreduce Time 2.037674e-03
0: Testing Size 4096
0: PMPI_Allreduce Time 6.633476e-04
0: MPIL Recursive Doubling Allreduce Time 1.972730e-03
0: MPIL Node-Aware Dissemination Allreduce Time 7.105954e-04
0: MPIL NUMA-Aware Dissemination Allreduce Time 9.853266e-04
0: Testing Size 8192
0: PMPI_Allreduce Time 1.032623e-03
0: MPIL Recursive Doubling Allreduce Time 2.263443e-03
0: MPIL Node-Aware Dissemination Allreduce Time 1.235267e-03
0: MPIL NUMA-Aware Dissemination Allreduce Time 1.260738e-03
0: Testing Size 16384
0: PMPI_Allreduce Time 1.675899e-03
0: MPIL Recursive Doubling Allreduce Time 2.859803e-03
0: MPIL Node-Aware Dissemination Allreduce Time 1.445368e-03
0: MPIL NUMA-Aware Dissemination Allreduce Time 1.878628e-03
0: Testing Size 32768
0: PMPI_Allreduce Time 2.675596e-03
0: MPIL Recursive Doubling Allreduce Time 4.198116e-03
0: MPIL Node-Aware Dissemination Allreduce Time 2.572792e-03
0: MPIL NUMA-Aware Dissemination Allreduce Time 2.835476e-03
0: Testing Size 65536
0: PMPI_Allreduce Time 3.593943e-03
0: MPIL Recursive Doubling Allreduce Time 7.547033e-03
0: MPIL Node-Aware Dissemination Allreduce Time 9.522985e-03
0: MPIL NUMA-Aware Dissemination Allreduce Time 9.939269e-03
0: Testing Size 131072
0: PMPI_Allreduce Time 7.408786e-03
0: MPIL Recursive Doubling Allreduce Time 1.258203e-02
0: MPIL Node-Aware Dissemination Allreduce Time 1.384855e-02
0: MPIL NUMA-Aware Dissemination Allreduce Time 1.542413e-02
0: Testing Size 262144
0: PMPI_Allreduce Time 1.208330e-02
0: MPIL Recursive Doubling Allreduce Time 2.320738e-02
0: MPIL Node-Aware Dissemination Allreduce Time 2.180669e-02
0: MPIL NUMA-Aware Dissemination Allreduce Time 2.875500e-02
0: Testing Size 524288
0: PMPI_Allreduce Time 2.930768e-02
0: MPIL Recursive Doubling Allreduce Time 4.645381e-02
0: MPIL Node-Aware Dissemination Allreduce Time 3.941845e-02
0: MPIL NUMA-Aware Dissemination Allreduce Time 5.955329e-02
