0: Testing Size 1
0: PMPI_Allreduce Time 3.139622e-05
0: MPIL Recursive Doubling Allreduce Time 2.205394e-04
0: MPIL Node-Aware Dissemination Allreduce Time 2.313596e-05
0: MPIL NUMA-Aware Dissemination Allreduce Time 2.374059e-05
0: Testing Size 2
0: PMPI_Allreduce Time 3.024794e-05
0: MPIL Recursive Doubling Allreduce Time 3.978616e-05
0: MPIL Node-Aware Dissemination Allreduce Time 2.348216e-05
0: MPIL NUMA-Aware Dissemination Allreduce Time 2.405561e-05
0: Testing Size 4
0: PMPI_Allreduce Time 3.140593e-05
0: MPIL Recursive Doubling Allreduce Time 5.175754e-05
0: MPIL Node-Aware Dissemination Allreduce Time 2.554940e-05
0: MPIL NUMA-Aware Dissemination Allreduce Time 2.408967e-05
0: Testing Size 8
0: PMPI_Allreduce Time 3.077856e-05
0: MPIL Recursive Doubling Allreduce Time 4.641195e-05
0: MPIL Node-Aware Dissemination Allreduce Time 2.482197e-05
0: MPIL NUMA-Aware Dissemination Allreduce Time 2.499899e-05
0: Testing Size 16
0: PMPI_Allreduce Time 3.333452e-05
0: MPIL Recursive Doubling Allreduce Time 4.492247e-05
0: MPIL Node-Aware Dissemination Allreduce Time 2.827759e-05
0: MPIL NUMA-Aware Dissemination Allreduce Time 2.940053e-05
0: Testing Size 32
0: PMPI_Allreduce Time 4.411049e-05
0: MPIL Recursive Doubling Allreduce Time 6.239006e-05
0: MPIL Node-Aware Dissemination Allreduce Time 3.173650e-05
0: MPIL NUMA-Aware Dissemination Allreduce Time 3.230378e-05
0: Testing Size 64
0: PMPI_Allreduce Time 6.518977e-05
0: MPIL Recursive Doubling Allreduce Time 6.921895e-05
0: MPIL Node-Aware Dissemination Allreduce Time 1.050755e-04
0: MPIL NUMA-Aware Dissemination Allreduce Time 5.687128e-05
0: Testing Size 128
0: PMPI_Allreduce Time 1.182563e-04
0: MPIL Recursive Doubling Allreduce Time 3.590818e-04
0: MPIL Node-Aware Dissemination Allreduce Time 1.409365e-04
0: MPIL NUMA-Aware Dissemination Allreduce Time 2.322996e-04
0: Testing Size 256
0: PMPI_Allreduce Time 9.204485e-04
0: MPIL Recursive Doubling Allreduce Time 1.205180e-03
0: MPIL Node-Aware Dissemination Allreduce Time 2.201713e-04
0: MPIL NUMA-Aware Dissemination Allreduce Time 4.793591e-04
0: Testing Size 512
0: PMPI_Allreduce Time 1.543203e-03
0: MPIL Recursive Doubling Allreduce Time 1.736478e-03
0: MPIL Node-Aware Dissemination Allreduce Time 4.228360e-04
0: MPIL NUMA-Aware Dissemination Allreduce Time 6.418518e-04
0: Testing Size 1024
0: PMPI_Allreduce Time 1.886389e-03
0: MPIL Recursive Doubling Allreduce Time 2.491883e-03
0: MPIL Node-Aware Dissemination Allreduce Time 7.007603e-04
0: MPIL NUMA-Aware Dissemination Allreduce Time 1.217699e-03
0: Testing Size 2048
0: PMPI_Allreduce Time 3.268143e-04
0: MPIL Recursive Doubling Allreduce Time 3.040365e-03
0: MPIL Node-Aware Dissemination Allreduce Time 9.281017e-04
0: MPIL NUMA-Aware Dissemination Allreduce Time 1.905526e-03
0: Testing Size 4096
0: PMPI_Allreduce Time 5.003039e-04
0: MPIL Recursive Doubling Allreduce Time 1.816578e-03
0: MPIL Node-Aware Dissemination Allreduce Time 4.305100e-04
0: MPIL NUMA-Aware Dissemination Allreduce Time 6.437135e-04
0: Testing Size 8192
0: PMPI_Allreduce Time 7.024399e-04
0: MPIL Recursive Doubling Allreduce Time 1.881295e-03
0: MPIL Node-Aware Dissemination Allreduce Time 7.124342e-04
0: MPIL NUMA-Aware Dissemination Allreduce Time 9.158752e-04
0: Testing Size 16384
0: PMPI_Allreduce Time 1.132278e-03
0: MPIL Recursive Doubling Allreduce Time 2.441915e-03
0: MPIL Node-Aware Dissemination Allreduce Time 1.217760e-03
0: MPIL NUMA-Aware Dissemination Allreduce Time 1.477132e-03
0: Testing Size 32768
0: PMPI_Allreduce Time 2.037954e-03
0: MPIL Recursive Doubling Allreduce Time 3.804194e-03
0: MPIL Node-Aware Dissemination Allreduce Time 2.204516e-03
0: MPIL NUMA-Aware Dissemination Allreduce Time 2.350454e-03
0: Testing Size 65536
0: PMPI_Allreduce Time 3.039967e-03
0: MPIL Recursive Doubling Allreduce Time 6.855473e-03
0: MPIL Node-Aware Dissemination Allreduce Time 1.198350e-02
0: MPIL NUMA-Aware Dissemination Allreduce Time 1.005276e-02
0: Testing Size 131072
0: PMPI_Allreduce Time 5.578357e-03
0: MPIL Recursive Doubling Allreduce Time 1.071006e-02
0: MPIL Node-Aware Dissemination Allreduce Time 2.197193e-02
0: MPIL NUMA-Aware Dissemination Allreduce Time 2.161126e-02
0: Testing Size 262144
0: PMPI_Allreduce Time 1.061748e-02
0: MPIL Recursive Doubling Allreduce Time 1.943109e-02
0: MPIL Node-Aware Dissemination Allreduce Time 3.483864e-02
0: MPIL NUMA-Aware Dissemination Allreduce Time 4.207219e-02
0: Testing Size 524288
0: PMPI_Allreduce Time 2.044506e-02
0: MPIL Recursive Doubling Allreduce Time 4.271896e-02
0: MPIL Node-Aware Dissemination Allreduce Time 5.905615e-02
0: MPIL NUMA-Aware Dissemination Allreduce Time 7.986148e-02
